====================================================================================================
Arguments =
	batch_size_train: 64
	batch_size_test: 64
	l_epochs: 5
	g_epochs: 20
	seed: 2023
	pc_valid: 0.05
	device: 2
	lr: 0.01
	momentum: 0.9
	lr_min: 1e-05
	lr_patience: 6
	lr_factor: 2
	scale_coff: 10
	gpm_eps: 0.97
	gpm_eps_inc: 0.003
	param_alpha: 3
	zeta: 0.08
	beta: 0.92
	task_num: 10
	clients_num: 10
	selected_clients: 2
	local_epochs: 50
	global_rounds: 5
	increment_mode: SL
====================================================================================================
Task order =
[[0 0 0 0 0 0 0 0 0 0]
 [1 1 1 1 1 1 1 1 1 1]
 [2 2 2 2 2 2 2 2 2 2]
 [3 3 3 3 3 3 3 3 3 3]
 [4 4 4 4 4 4 4 4 4 4]
 [5 5 5 5 5 5 5 5 5 5]
 [6 6 6 6 6 6 6 6 6 6]
 [7 7 7 7 7 7 7 7 7 7]
 [8 8 8 8 8 8 8 8 8 8]
 [9 9 9 9 9 9 9 9 9 9]]
Model parameters ---
0 conv1.weight torch.Size([64, 3, 4, 4])
1 bn1.weight torch.Size([64])
2 bn1.bias torch.Size([64])
3 conv2.weight torch.Size([128, 64, 3, 3])
4 bn2.weight torch.Size([128])
5 bn2.bias torch.Size([128])
6 conv3.weight torch.Size([256, 128, 2, 2])
7 bn3.weight torch.Size([256])
8 bn3.bias torch.Size([256])
9 fc1.weight torch.Size([2048, 1024])
10 bn4.weight torch.Size([2048])
11 bn4.bias torch.Size([2048])
12 fc2.weight torch.Size([2048, 2048])
13 bn5.weight torch.Size([2048])
14 bn5.bias torch.Size([2048])
15 fc3.0.weight torch.Size([10, 2048])
16 fc3.1.weight torch.Size([10, 2048])
17 fc3.2.weight torch.Size([10, 2048])
18 fc3.3.weight torch.Size([10, 2048])
19 fc3.4.weight torch.Size([10, 2048])
20 fc3.5.weight torch.Size([10, 2048])
21 fc3.6.weight torch.Size([10, 2048])
22 fc3.7.weight torch.Size([10, 2048])
23 fc3.8.weight torch.Size([10, 2048])
24 fc3.9.weight torch.Size([10, 2048])
----------------------------------------
----------------------------------------------------------------------------------------------------
Task ID :0 | Learning Rate : 0.01
----------------------------------------------------------------------------------------------------
Epoch   1 | Client   0 | Train: loss=1.946, acc= 33.9% | time=2350.3ms | Valid: loss=2.239, acc=  8.0% |
Epoch   2 | Client   0 | Train: loss=1.717, acc= 42.5% | time= 41.9ms | Valid: loss=2.117, acc= 24.0% |
Epoch   3 | Client   0 | Train: loss=1.605, acc= 44.0% | time= 40.0ms | Valid: loss=2.092, acc= 20.0% |
Epoch   4 | Client   0 | Train: loss=1.476, acc= 49.9% | time= 39.5ms | Valid: loss=2.046, acc= 24.0% |
Epoch   5 | Client   0 | Train: loss=1.372, acc= 53.7% | time= 38.2ms | Valid: loss=1.969, acc= 32.0% |
Epoch   1 | Client   1 | Train: loss=2.007, acc= 28.2% | time= 41.9ms | Valid: loss=2.178, acc= 12.0% |
Epoch   2 | Client   1 | Train: loss=1.790, acc= 38.5% | time= 37.6ms | Valid: loss=2.052, acc= 20.0% |
Epoch   3 | Client   1 | Train: loss=1.624, acc= 46.9% | time= 37.9ms | Valid: loss=1.874, acc= 28.0% |
Epoch   4 | Client   1 | Train: loss=1.541, acc= 43.8% | time= 38.0ms | Valid: loss=1.946, acc= 28.0% |
Epoch   5 | Client   1 | Train: loss=1.451, acc= 47.6% | time= 38.1ms | Valid: loss=1.913, acc= 28.0% |
Epoch   1 | Client   2 | Train: loss=1.972, acc= 31.6% | time= 41.3ms | Valid: loss=2.069, acc= 20.0% |
Epoch   2 | Client   2 | Train: loss=1.765, acc= 36.6% | time= 43.8ms | Valid: loss=1.928, acc= 16.0% |
Epoch   3 | Client   2 | Train: loss=1.613, acc= 46.3% | time= 47.3ms | Valid: loss=1.928, acc= 36.0% |
Epoch   4 | Client   2 | Train: loss=1.509, acc= 49.5% | time= 47.5ms | Valid: loss=1.922, acc= 32.0% |
Epoch   5 | Client   2 | Train: loss=1.440, acc= 50.5% | time= 49.0ms | Valid: loss=2.034, acc= 24.0% |
Epoch   1 | Client   3 | Train: loss=1.975, acc= 31.8% | time= 53.1ms | Valid: loss=2.080, acc= 24.0% |
Epoch   2 | Client   3 | Train: loss=1.695, acc= 44.0% | time= 45.0ms | Valid: loss=1.865, acc= 28.0% |
Epoch   3 | Client   3 | Train: loss=1.528, acc= 49.5% | time= 45.6ms | Valid: loss=1.708, acc= 44.0% |
Epoch   4 | Client   3 | Train: loss=1.418, acc= 51.2% | time= 47.8ms | Valid: loss=1.687, acc= 52.0% |
Epoch   5 | Client   3 | Train: loss=1.358, acc= 54.5% | time= 38.5ms | Valid: loss=1.573, acc= 52.0% |
Epoch   1 | Client   4 | Train: loss=1.974, acc= 36.2% | time= 40.9ms | Valid: loss=2.147, acc= 16.0% |
Epoch   2 | Client   4 | Train: loss=1.756, acc= 44.2% | time= 38.3ms | Valid: loss=1.816, acc= 36.0% |
Epoch   3 | Client   4 | Train: loss=1.608, acc= 46.7% | time= 48.6ms | Valid: loss=1.762, acc= 40.0% |
Epoch   4 | Client   4 | Train: loss=1.498, acc= 49.3% | time= 48.0ms | Valid: loss=1.524, acc= 40.0% |
Epoch   5 | Client   4 | Train: loss=1.416, acc= 50.9% | time= 45.3ms | Valid: loss=1.584, acc= 40.0% |
Epoch   1 | Client   5 | Train: loss=2.056, acc= 28.6% | time= 43.5ms | Valid: loss=2.044, acc= 40.0% |
Epoch   2 | Client   5 | Train: loss=1.809, acc= 41.9% | time= 37.4ms | Valid: loss=1.904, acc= 40.0% |
Epoch   3 | Client   5 | Train: loss=1.657, acc= 42.5% | time= 39.7ms | Valid: loss=1.858, acc= 36.0% |
Epoch   4 | Client   5 | Train: loss=1.533, acc= 48.2% | time= 39.0ms | Valid: loss=1.739, acc= 52.0% |
Epoch   5 | Client   5 | Train: loss=1.426, acc= 50.7% | time= 39.8ms | Valid: loss=1.627, acc= 48.0% |
Epoch   1 | Client   6 | Train: loss=1.930, acc= 31.2% | time= 42.0ms | Valid: loss=1.986, acc= 28.0% |
Epoch   2 | Client   6 | Train: loss=1.684, acc= 42.9% | time= 38.2ms | Valid: loss=1.774, acc= 32.0% |
Epoch   3 | Client   6 | Train: loss=1.557, acc= 46.1% | time= 39.1ms | Valid: loss=1.771, acc= 36.0% |
Epoch   4 | Client   6 | Train: loss=1.448, acc= 51.4% | time= 38.9ms | Valid: loss=1.654, acc= 40.0% |
Epoch   5 | Client   6 | Train: loss=1.366, acc= 53.1% | time= 37.5ms | Valid: loss=1.707, acc= 40.0% |
Epoch   1 | Client   7 | Train: loss=1.927, acc= 37.3% | time= 42.0ms | Valid: loss=2.236, acc= 24.0% |
Epoch   2 | Client   7 | Train: loss=1.671, acc= 46.3% | time= 37.3ms | Valid: loss=2.164, acc= 32.0% |
Epoch   3 | Client   7 | Train: loss=1.543, acc= 49.5% | time= 37.6ms | Valid: loss=2.265, acc= 20.0% |
Epoch   4 | Client   7 | Train: loss=1.433, acc= 49.7% | time= 36.9ms | Valid: loss=2.196, acc= 32.0% |
Epoch   5 | Client   7 | Train: loss=1.346, acc= 56.4% | time= 37.4ms | Valid: loss=2.280, acc= 28.0% |
Epoch   1 | Client   8 | Train: loss=1.989, acc= 32.2% | time= 43.2ms | Valid: loss=2.102, acc= 32.0% |
Epoch   2 | Client   8 | Train: loss=1.769, acc= 42.9% | time= 39.0ms | Valid: loss=1.842, acc= 40.0% |
Epoch   3 | Client   8 | Train: loss=1.621, acc= 48.2% | time= 39.1ms | Valid: loss=1.700, acc= 48.0% |
Epoch   4 | Client   8 | Train: loss=1.524, acc= 46.9% | time= 39.0ms | Valid: loss=1.587, acc= 40.0% |
Epoch   5 | Client   8 | Train: loss=1.435, acc= 53.7% | time= 39.0ms | Valid: loss=1.607, acc= 40.0% |
Epoch   1 | Client   9 | Train: loss=2.003, acc= 35.2% | time= 44.6ms | Valid: loss=2.222, acc= 16.0% |
Epoch   2 | Client   9 | Train: loss=1.756, acc= 39.8% | time= 42.1ms | Valid: loss=2.239, acc= 20.0% |
Epoch   3 | Client   9 | Train: loss=1.604, acc= 48.0% | time= 39.9ms | Valid: loss=2.166, acc= 20.0% |
Epoch   4 | Client   9 | Train: loss=1.473, acc= 47.8% | time= 38.2ms | Valid: loss=2.061, acc= 24.0% |
Epoch   5 | Client   9 | Train: loss=1.428, acc= 52.2% | time= 37.8ms | Valid: loss=2.198, acc= 20.0% |
----------------------------------------
G-Epoch:   0, Test: loss=1.718 , acc= 40.7%
****************************************
Task:   0, G-Epoch:   0, Test: loss=1.727 , acc= 39.3%
Task:   1, G-Epoch:   0, Test: loss=2.351 , acc= 10.2%
Task:   2, G-Epoch:   0, Test: loss=2.357 , acc= 10.3%
Task:   3, G-Epoch:   0, Test: loss=2.355 , acc= 10.3%
Task:   4, G-Epoch:   0, Test: loss=2.346 , acc= 11.0%
Task:   5, G-Epoch:   0, Test: loss=2.353 , acc=  9.1%
Task:   6, G-Epoch:   0, Test: loss=2.346 , acc= 10.1%
Task:   7, G-Epoch:   0, Test: loss=2.379 , acc=  9.2%
Task:   8, G-Epoch:   0, Test: loss=2.371 , acc=  7.8%
Task:   9, G-Epoch:   0, Test: loss=2.339 , acc= 10.4%
{0: [39.3], 1: [10.2], 2: [10.3], 3: [10.3], 4: [11.0], 5: [9.1], 6: [10.1], 7: [9.2], 8: [7.8], 9: [10.4]}
Epoch   1 | Client   0 | Train: loss=1.371, acc= 51.6% | time= 37.7ms | Valid: loss=1.957, acc= 28.0% |
Epoch   2 | Client   0 | Train: loss=1.317, acc= 54.3% | time= 37.2ms | Valid: loss=1.973, acc= 28.0% |
Epoch   3 | Client   0 | Train: loss=1.258, acc= 53.7% | time= 37.3ms | Valid: loss=1.952, acc= 28.0% |
Epoch   4 | Client   0 | Train: loss=1.178, acc= 60.8% | time= 37.1ms | Valid: loss=1.864, acc= 40.0% |
Epoch   5 | Client   0 | Train: loss=1.090, acc= 63.6% | time= 36.1ms | Valid: loss=1.859, acc= 40.0% |
Epoch   1 | Client   1 | Train: loss=1.453, acc= 49.1% | time= 39.1ms | Valid: loss=1.844, acc= 32.0% |
Epoch   2 | Client   1 | Train: loss=1.350, acc= 54.5% | time= 37.7ms | Valid: loss=1.867, acc= 36.0% |
Epoch   3 | Client   1 | Train: loss=1.277, acc= 58.1% | time= 38.3ms | Valid: loss=1.826, acc= 40.0% |
Epoch   4 | Client   1 | Train: loss=1.227, acc= 59.8% | time= 37.7ms | Valid: loss=1.775, acc= 48.0% |
Epoch   5 | Client   1 | Train: loss=1.183, acc= 60.2% | time= 38.0ms | Valid: loss=1.891, acc= 36.0% |
Epoch   1 | Client   2 | Train: loss=1.473, acc= 50.7% | time= 41.1ms | Valid: loss=1.949, acc= 24.0% |
Epoch   2 | Client   2 | Train: loss=1.348, acc= 55.8% | time= 40.5ms | Valid: loss=1.928, acc= 28.0% |
Epoch   3 | Client   2 | Train: loss=1.315, acc= 55.6% | time= 39.5ms | Valid: loss=1.947, acc= 20.0% |
Epoch   4 | Client   2 | Train: loss=1.218, acc= 55.2% | time= 39.4ms | Valid: loss=1.941, acc= 16.0% |
Epoch   5 | Client   2 | Train: loss=1.167, acc= 58.7% | time= 39.5ms | Valid: loss=1.887, acc= 28.0% |
Epoch   1 | Client   3 | Train: loss=1.383, acc= 50.9% | time= 39.4ms | Valid: loss=1.727, acc= 36.0% |
Epoch   2 | Client   3 | Train: loss=1.292, acc= 57.5% | time= 37.6ms | Valid: loss=1.501, acc= 48.0% |
Epoch   3 | Client   3 | Train: loss=1.239, acc= 57.5% | time= 37.6ms | Valid: loss=1.495, acc= 52.0% |
Epoch   4 | Client   3 | Train: loss=1.164, acc= 59.8% | time= 37.8ms | Valid: loss=1.505, acc= 48.0% |
Epoch   5 | Client   3 | Train: loss=1.094, acc= 63.6% | time= 37.2ms | Valid: loss=1.442, acc= 48.0% |
Epoch   1 | Client   4 | Train: loss=1.429, acc= 47.4% | time= 56.9ms | Valid: loss=1.514, acc= 44.0% |
Epoch   2 | Client   4 | Train: loss=1.319, acc= 54.5% | time= 36.5ms | Valid: loss=1.433, acc= 48.0% |
Epoch   3 | Client   4 | Train: loss=1.226, acc= 59.4% | time= 36.5ms | Valid: loss=1.374, acc= 52.0% |
Epoch   4 | Client   4 | Train: loss=1.133, acc= 62.7% | time= 36.6ms | Valid: loss=1.303, acc= 60.0% |
Epoch   5 | Client   4 | Train: loss=1.095, acc= 65.5% | time= 35.7ms | Valid: loss=1.247, acc= 52.0% |
Epoch   1 | Client   5 | Train: loss=1.433, acc= 52.4% | time= 44.9ms | Valid: loss=1.563, acc= 52.0% |
Epoch   2 | Client   5 | Train: loss=1.355, acc= 53.9% | time= 42.2ms | Valid: loss=1.508, acc= 52.0% |
Epoch   3 | Client   5 | Train: loss=1.283, acc= 54.7% | time= 42.0ms | Valid: loss=1.541, acc= 48.0% |
Epoch   4 | Client   5 | Train: loss=1.202, acc= 58.5% | time= 42.1ms | Valid: loss=1.527, acc= 48.0% |
Epoch   5 | Client   5 | Train: loss=1.120, acc= 61.1% | time= 42.1ms | Valid: loss=1.497, acc= 52.0% |
Epoch   1 | Client   6 | Train: loss=1.362, acc= 53.9% | time= 39.2ms | Valid: loss=1.551, acc= 40.0% |
Epoch   2 | Client   6 | Train: loss=1.288, acc= 56.6% | time= 36.6ms | Valid: loss=1.652, acc= 44.0% |
Epoch   3 | Client   6 | Train: loss=1.173, acc= 61.5% | time= 36.6ms | Valid: loss=1.576, acc= 44.0% |
Epoch   4 | Client   6 | Train: loss=1.142, acc= 62.3% | time= 36.5ms | Valid: loss=1.588, acc= 48.0% |
Epoch   5 | Client   6 | Train: loss=1.095, acc= 64.0% | time= 34.9ms | Valid: loss=1.599, acc= 48.0% |
Epoch   1 | Client   7 | Train: loss=1.316, acc= 57.9% | time= 38.1ms | Valid: loss=2.127, acc= 32.0% |
Epoch   2 | Client   7 | Train: loss=1.259, acc= 58.7% | time= 36.7ms | Valid: loss=2.228, acc= 24.0% |
Epoch   3 | Client   7 | Train: loss=1.161, acc= 61.9% | time= 36.9ms | Valid: loss=2.183, acc= 32.0% |
Epoch   4 | Client   7 | Train: loss=1.153, acc= 58.9% | time= 36.7ms | Valid: loss=2.106, acc= 36.0% |
Epoch   5 | Client   7 | Train: loss=1.030, acc= 65.1% | time= 36.8ms | Valid: loss=2.154, acc= 40.0% |
Epoch   1 | Client   8 | Train: loss=1.399, acc= 55.8% | time= 41.5ms | Valid: loss=1.645, acc= 56.0% |
Epoch   2 | Client   8 | Train: loss=1.327, acc= 57.5% | time= 37.9ms | Valid: loss=1.582, acc= 44.0% |
Epoch   3 | Client   8 | Train: loss=1.275, acc= 57.3% | time= 38.3ms | Valid: loss=1.584, acc= 44.0% |
Epoch   4 | Client   8 | Train: loss=1.188, acc= 60.2% | time= 38.1ms | Valid: loss=1.449, acc= 56.0% |
Epoch   5 | Client   8 | Train: loss=1.129, acc= 61.5% | time= 37.8ms | Valid: loss=1.366, acc= 60.0% |
Epoch   1 | Client   9 | Train: loss=1.401, acc= 53.7% | time= 43.8ms | Valid: loss=2.096, acc= 28.0% |
Epoch   2 | Client   9 | Train: loss=1.330, acc= 52.0% | time= 39.6ms | Valid: loss=2.146, acc= 24.0% |
Epoch   3 | Client   9 | Train: loss=1.252, acc= 55.8% | time= 39.5ms | Valid: loss=2.240, acc= 24.0% |
Epoch   4 | Client   9 | Train: loss=1.163, acc= 61.3% | time= 39.3ms | Valid: loss=2.084, acc= 32.0% |
Epoch   5 | Client   9 | Train: loss=1.119, acc= 60.8% | time= 39.5ms | Valid: loss=2.183, acc= 28.0% |
----------------------------------------
G-Epoch:   1, Test: loss=1.571 , acc= 45.9%
****************************************
Task:   0, G-Epoch:   1, Test: loss=1.562 , acc= 45.7%
Task:   1, G-Epoch:   1, Test: loss=2.338 , acc=  9.5%
Task:   2, G-Epoch:   1, Test: loss=2.337 , acc= 10.5%
Task:   3, G-Epoch:   1, Test: loss=2.342 , acc=  9.9%
Task:   4, G-Epoch:   1, Test: loss=2.332 , acc= 10.0%
Task:   5, G-Epoch:   1, Test: loss=2.337 , acc=  9.4%
Task:   6, G-Epoch:   1, Test: loss=2.334 , acc=  9.9%
Task:   7, G-Epoch:   1, Test: loss=2.355 , acc=  9.7%
Task:   8, G-Epoch:   1, Test: loss=2.338 , acc= 10.2%
Task:   9, G-Epoch:   1, Test: loss=2.332 , acc= 10.8%
{0: [39.3, 45.7], 1: [10.2, 9.5], 2: [10.3, 10.5], 3: [10.3, 9.9], 4: [11.0, 10.0], 5: [9.1, 9.4], 6: [10.1, 9.9], 7: [9.2, 9.7], 8: [7.8, 10.2], 9: [10.4, 10.8]}
Epoch   1 | Client   0 | Train: loss=1.137, acc= 60.6% | time= 43.9ms | Valid: loss=1.880, acc= 40.0% |
Epoch   2 | Client   0 | Train: loss=1.088, acc= 61.9% | time= 42.0ms | Valid: loss=1.841, acc= 44.0% |
Epoch   3 | Client   0 | Train: loss=1.009, acc= 63.8% | time= 41.9ms | Valid: loss=1.875, acc= 32.0% |
Epoch   4 | Client   0 | Train: loss=0.979, acc= 64.6% | time= 41.0ms | Valid: loss=1.726, acc= 40.0% |
Epoch   5 | Client   0 | Train: loss=0.903, acc= 68.4% | time= 41.0ms | Valid: loss=1.842, acc= 32.0% |
Epoch   1 | Client   1 | Train: loss=1.216, acc= 61.5% | time= 43.7ms | Valid: loss=1.898, acc= 36.0% |
Epoch   2 | Client   1 | Train: loss=1.156, acc= 61.5% | time= 42.2ms | Valid: loss=1.852, acc= 48.0% |
Epoch   3 | Client   1 | Train: loss=1.088, acc= 62.7% | time= 42.0ms | Valid: loss=1.758, acc= 56.0% |
Epoch   4 | Client   1 | Train: loss=1.041, acc= 66.3% | time= 42.3ms | Valid: loss=1.735, acc= 48.0% |
Epoch   5 | Client   1 | Train: loss=0.946, acc= 68.4% | time= 42.1ms | Valid: loss=1.742, acc= 48.0% |
Epoch   1 | Client   2 | Train: loss=1.187, acc= 63.6% | time= 45.7ms | Valid: loss=1.789, acc= 20.0% |
Epoch   2 | Client   2 | Train: loss=1.123, acc= 63.6% | time= 42.3ms | Valid: loss=1.757, acc= 24.0% |
Epoch   3 | Client   2 | Train: loss=1.082, acc= 65.7% | time= 42.2ms | Valid: loss=1.883, acc= 20.0% |
Epoch   4 | Client   2 | Train: loss=1.051, acc= 64.8% | time= 42.2ms | Valid: loss=1.850, acc= 24.0% |
Epoch   5 | Client   2 | Train: loss=0.961, acc= 68.2% | time= 41.2ms | Valid: loss=1.951, acc= 24.0% |
Epoch   1 | Client   3 | Train: loss=1.108, acc= 62.3% | time= 44.7ms | Valid: loss=1.555, acc= 44.0% |
Epoch   2 | Client   3 | Train: loss=1.062, acc= 64.4% | time= 42.3ms | Valid: loss=1.369, acc= 52.0% |
Epoch   3 | Client   3 | Train: loss=0.997, acc= 65.3% | time= 42.3ms | Valid: loss=1.387, acc= 48.0% |
Epoch   4 | Client   3 | Train: loss=0.946, acc= 69.1% | time= 42.3ms | Valid: loss=1.325, acc= 48.0% |
Epoch   5 | Client   3 | Train: loss=0.875, acc= 69.3% | time= 41.3ms | Valid: loss=1.379, acc= 56.0% |
Epoch   1 | Client   4 | Train: loss=1.168, acc= 61.5% | time= 42.7ms | Valid: loss=1.264, acc= 44.0% |
Epoch   2 | Client   4 | Train: loss=1.089, acc= 63.6% | time= 40.9ms | Valid: loss=1.243, acc= 52.0% |
Epoch   3 | Client   4 | Train: loss=0.999, acc= 68.0% | time= 41.1ms | Valid: loss=1.185, acc= 60.0% |
Epoch   4 | Client   4 | Train: loss=0.955, acc= 69.3% | time= 40.5ms | Valid: loss=1.304, acc= 52.0% |
Epoch   5 | Client   4 | Train: loss=0.895, acc= 68.6% | time= 40.5ms | Valid: loss=1.237, acc= 44.0% |
Epoch   1 | Client   5 | Train: loss=1.244, acc= 56.8% | time= 42.1ms | Valid: loss=1.408, acc= 60.0% |
Epoch   2 | Client   5 | Train: loss=1.179, acc= 62.5% | time= 41.1ms | Valid: loss=1.357, acc= 56.0% |
Epoch   3 | Client   5 | Train: loss=1.118, acc= 64.0% | time= 40.9ms | Valid: loss=1.421, acc= 48.0% |
Epoch   4 | Client   5 | Train: loss=1.059, acc= 65.5% | time= 41.3ms | Valid: loss=1.420, acc= 56.0% |
Epoch   5 | Client   5 | Train: loss=0.951, acc= 69.5% | time= 40.6ms | Valid: loss=1.337, acc= 52.0% |
Epoch   1 | Client   6 | Train: loss=1.087, acc= 63.6% | time= 45.3ms | Valid: loss=1.488, acc= 48.0% |
Epoch   2 | Client   6 | Train: loss=1.041, acc= 65.9% | time= 42.1ms | Valid: loss=1.598, acc= 44.0% |
Epoch   3 | Client   6 | Train: loss=1.003, acc= 68.4% | time= 42.0ms | Valid: loss=1.451, acc= 52.0% |
Epoch   4 | Client   6 | Train: loss=0.938, acc= 67.2% | time= 42.1ms | Valid: loss=1.535, acc= 44.0% |
Epoch   5 | Client   6 | Train: loss=0.864, acc= 69.9% | time= 41.0ms | Valid: loss=1.563, acc= 52.0% |
Epoch   1 | Client   7 | Train: loss=1.081, acc= 64.8% | time= 43.4ms | Valid: loss=2.028, acc= 32.0% |
Epoch   2 | Client   7 | Train: loss=1.029, acc= 66.7% | time= 42.2ms | Valid: loss=1.982, acc= 44.0% |
Epoch   3 | Client   7 | Train: loss=0.953, acc= 67.8% | time= 42.1ms | Valid: loss=2.069, acc= 40.0% |
Epoch   4 | Client   7 | Train: loss=0.886, acc= 69.1% | time= 41.6ms | Valid: loss=2.092, acc= 40.0% |
Epoch   5 | Client   7 | Train: loss=0.826, acc= 71.6% | time= 41.5ms | Valid: loss=2.033, acc= 40.0% |
Epoch   1 | Client   8 | Train: loss=1.146, acc= 62.5% | time= 43.5ms | Valid: loss=1.505, acc= 44.0% |
Epoch   2 | Client   8 | Train: loss=1.050, acc= 65.9% | time= 42.1ms | Valid: loss=1.368, acc= 56.0% |
Epoch   3 | Client   8 | Train: loss=1.027, acc= 68.0% | time= 42.1ms | Valid: loss=1.446, acc= 60.0% |
Epoch   4 | Client   8 | Train: loss=0.935, acc= 70.9% | time= 42.0ms | Valid: loss=1.382, acc= 52.0% |
Epoch   5 | Client   8 | Train: loss=0.905, acc= 69.3% | time= 42.0ms | Valid: loss=1.330, acc= 56.0% |
Epoch   1 | Client   9 | Train: loss=1.120, acc= 62.1% | time= 41.6ms | Valid: loss=2.093, acc= 36.0% |
Epoch   2 | Client   9 | Train: loss=1.121, acc= 61.5% | time= 40.3ms | Valid: loss=2.138, acc= 32.0% |
Epoch   3 | Client   9 | Train: loss=1.017, acc= 64.2% | time= 40.6ms | Valid: loss=1.918, acc= 28.0% |
Epoch   4 | Client   9 | Train: loss=0.991, acc= 63.2% | time= 41.6ms | Valid: loss=1.912, acc= 32.0% |
Epoch   5 | Client   9 | Train: loss=0.896, acc= 69.3% | time= 41.7ms | Valid: loss=2.029, acc= 36.0% |
----------------------------------------
G-Epoch:   2, Test: loss=1.488 , acc= 47.3%
****************************************
Task:   0, G-Epoch:   2, Test: loss=1.488 , acc= 48.7%
Task:   1, G-Epoch:   2, Test: loss=2.327 , acc= 11.1%
Task:   2, G-Epoch:   2, Test: loss=2.325 , acc=  9.7%
Task:   3, G-Epoch:   2, Test: loss=2.337 , acc=  8.6%
Task:   4, G-Epoch:   2, Test: loss=2.317 , acc= 10.7%
Task:   5, G-Epoch:   2, Test: loss=2.316 , acc= 10.6%
Task:   6, G-Epoch:   2, Test: loss=2.323 , acc= 12.1%
Task:   7, G-Epoch:   2, Test: loss=2.338 , acc= 10.3%
Task:   8, G-Epoch:   2, Test: loss=2.321 , acc=  9.5%
Task:   9, G-Epoch:   2, Test: loss=2.331 , acc=  9.5%
{0: [39.3, 45.7, 48.7], 1: [10.2, 9.5, 11.1], 2: [10.3, 10.5, 9.7], 3: [10.3, 9.9, 8.6], 4: [11.0, 10.0, 10.7], 5: [9.1, 9.4, 10.6], 6: [10.1, 9.9, 12.1], 7: [9.2, 9.7, 10.3], 8: [7.8, 10.2, 9.5], 9: [10.4, 10.8, 9.5]}
Epoch   1 | Client   0 | Train: loss=0.990, acc= 67.6% | time= 42.5ms | Valid: loss=1.764, acc= 36.0% |
Epoch   2 | Client   0 | Train: loss=0.918, acc= 68.8% | time= 42.2ms | Valid: loss=1.618, acc= 44.0% |
Epoch   3 | Client   0 | Train: loss=0.890, acc= 68.6% | time= 41.8ms | Valid: loss=1.715, acc= 40.0% |
Epoch   4 | Client   0 | Train: loss=0.836, acc= 69.3% | time= 41.0ms | Valid: loss=1.663, acc= 44.0% |
Epoch   5 | Client   0 | Train: loss=0.825, acc= 69.9% | time= 41.0ms | Valid: loss=1.751, acc= 44.0% |
Epoch   1 | Client   1 | Train: loss=1.026, acc= 66.7% | time= 45.3ms | Valid: loss=1.698, acc= 48.0% |
Epoch   2 | Client   1 | Train: loss=0.977, acc= 68.6% | time= 48.6ms | Valid: loss=1.745, acc= 44.0% |
Epoch   3 | Client   1 | Train: loss=0.925, acc= 68.8% | time= 43.5ms | Valid: loss=1.618, acc= 52.0% |
Epoch   4 | Client   1 | Train: loss=0.824, acc= 73.1% | time= 42.1ms | Valid: loss=1.593, acc= 44.0% |
Epoch   5 | Client   1 | Train: loss=0.792, acc= 75.2% | time= 42.0ms | Valid: loss=1.571, acc= 48.0% |
Epoch   1 | Client   2 | Train: loss=1.054, acc= 66.9% | time= 42.9ms | Valid: loss=1.724, acc= 28.0% |
Epoch   2 | Client   2 | Train: loss=1.001, acc= 69.3% | time= 40.7ms | Valid: loss=2.011, acc= 28.0% |
Epoch   3 | Client   2 | Train: loss=0.933, acc= 69.7% | time= 40.5ms | Valid: loss=1.825, acc= 36.0% |
Epoch   4 | Client   2 | Train: loss=0.865, acc= 71.2% | time= 41.2ms | Valid: loss=1.777, acc= 36.0% |
Epoch   5 | Client   2 | Train: loss=0.765, acc= 74.3% | time= 41.4ms | Valid: loss=1.967, acc= 36.0% |
Epoch   1 | Client   3 | Train: loss=0.934, acc= 70.7% | time= 46.0ms | Valid: loss=1.366, acc= 44.0% |
Epoch   2 | Client   3 | Train: loss=0.943, acc= 69.1% | time= 48.0ms | Valid: loss=1.354, acc= 44.0% |
Epoch   3 | Client   3 | Train: loss=0.807, acc= 72.0% | time= 42.1ms | Valid: loss=1.322, acc= 52.0% |
Epoch   4 | Client   3 | Train: loss=0.738, acc= 75.8% | time= 43.0ms | Valid: loss=1.229, acc= 52.0% |
Epoch   5 | Client   3 | Train: loss=0.707, acc= 77.3% | time= 42.6ms | Valid: loss=1.339, acc= 44.0% |
Epoch   1 | Client   4 | Train: loss=0.955, acc= 68.4% | time= 42.1ms | Valid: loss=1.292, acc= 48.0% |
Epoch   2 | Client   4 | Train: loss=0.938, acc= 67.6% | time= 40.8ms | Valid: loss=1.249, acc= 52.0% |
Epoch   3 | Client   4 | Train: loss=0.822, acc= 73.1% | time= 40.6ms | Valid: loss=1.329, acc= 48.0% |
Epoch   4 | Client   4 | Train: loss=0.806, acc= 73.5% | time= 40.5ms | Valid: loss=1.138, acc= 56.0% |
Epoch   5 | Client   4 | Train: loss=0.721, acc= 75.4% | time= 40.2ms | Valid: loss=1.178, acc= 48.0% |
Epoch   1 | Client   5 | Train: loss=0.966, acc= 69.5% | time= 42.9ms | Valid: loss=1.277, acc= 60.0% |
Epoch   2 | Client   5 | Train: loss=0.940, acc= 68.4% | time= 40.3ms | Valid: loss=1.275, acc= 64.0% |
Epoch   3 | Client   5 | Train: loss=0.854, acc= 72.0% | time= 40.5ms | Valid: loss=1.250, acc= 68.0% |
Epoch   4 | Client   5 | Train: loss=0.779, acc= 73.9% | time= 40.8ms | Valid: loss=1.160, acc= 72.0% |
Epoch   5 | Client   5 | Train: loss=0.976, acc= 66.3% | time= 40.0ms | Valid: loss=1.400, acc= 60.0% |
Epoch   1 | Client   6 | Train: loss=0.918, acc= 68.0% | time= 46.1ms | Valid: loss=1.402, acc= 52.0% |
Epoch   2 | Client   6 | Train: loss=0.899, acc= 68.4% | time= 42.1ms | Valid: loss=1.618, acc= 44.0% |
Epoch   3 | Client   6 | Train: loss=0.803, acc= 72.6% | time= 42.3ms | Valid: loss=1.539, acc= 52.0% |
Epoch   4 | Client   6 | Train: loss=0.754, acc= 73.3% | time= 42.2ms | Valid: loss=1.559, acc= 48.0% |
Epoch   5 | Client   6 | Train: loss=0.687, acc= 77.3% | time= 41.9ms | Valid: loss=1.726, acc= 44.0% |
Epoch   1 | Client   7 | Train: loss=0.891, acc= 69.3% | time= 43.9ms | Valid: loss=1.944, acc= 44.0% |
Epoch   2 | Client   7 | Train: loss=0.866, acc= 72.0% | time= 42.1ms | Valid: loss=1.952, acc= 44.0% |
Epoch   3 | Client   7 | Train: loss=0.813, acc= 71.2% | time= 42.1ms | Valid: loss=1.957, acc= 40.0% |
Epoch   4 | Client   7 | Train: loss=0.780, acc= 70.9% | time= 42.1ms | Valid: loss=1.732, acc= 48.0% |
Epoch   5 | Client   7 | Train: loss=0.689, acc= 76.0% | time= 42.0ms | Valid: loss=1.815, acc= 48.0% |
Epoch   1 | Client   8 | Train: loss=0.967, acc= 69.3% | time= 43.8ms | Valid: loss=1.419, acc= 44.0% |
Epoch   2 | Client   8 | Train: loss=0.887, acc= 71.4% | time= 40.4ms | Valid: loss=1.512, acc= 44.0% |
Epoch   3 | Client   8 | Train: loss=0.795, acc= 76.0% | time= 42.9ms | Valid: loss=1.366, acc= 52.0% |
Epoch   4 | Client   8 | Train: loss=0.742, acc= 76.6% | time= 42.5ms | Valid: loss=1.432, acc= 48.0% |
Epoch   5 | Client   8 | Train: loss=0.702, acc= 76.8% | time= 42.1ms | Valid: loss=1.375, acc= 52.0% |
Epoch   1 | Client   9 | Train: loss=0.943, acc= 67.6% | time= 43.2ms | Valid: loss=1.915, acc= 36.0% |
Epoch   2 | Client   9 | Train: loss=0.926, acc= 69.7% | time= 40.4ms | Valid: loss=1.844, acc= 24.0% |
Epoch   3 | Client   9 | Train: loss=0.817, acc= 72.2% | time= 43.1ms | Valid: loss=1.913, acc= 32.0% |
Epoch   4 | Client   9 | Train: loss=0.776, acc= 73.1% | time= 46.1ms | Valid: loss=1.716, acc= 40.0% |
Epoch   5 | Client   9 | Train: loss=0.797, acc= 71.8% | time= 46.0ms | Valid: loss=1.890, acc= 36.0% |
----------------------------------------
G-Epoch:   3, Test: loss=1.467 , acc= 48.4%
****************************************
Task:   0, G-Epoch:   3, Test: loss=1.479 , acc= 48.8%
Task:   1, G-Epoch:   3, Test: loss=2.324 , acc= 11.0%
Task:   2, G-Epoch:   3, Test: loss=2.319 , acc= 11.4%
Task:   3, G-Epoch:   3, Test: loss=2.326 , acc=  9.7%
Task:   4, G-Epoch:   3, Test: loss=2.321 , acc=  9.8%
Task:   5, G-Epoch:   3, Test: loss=2.313 , acc= 12.1%
Task:   6, G-Epoch:   3, Test: loss=2.314 , acc= 10.8%
Task:   7, G-Epoch:   3, Test: loss=2.323 , acc= 11.8%
Task:   8, G-Epoch:   3, Test: loss=2.321 , acc= 11.9%
Task:   9, G-Epoch:   3, Test: loss=2.326 , acc=  9.8%
{0: [39.3, 45.7, 48.7, 48.8], 1: [10.2, 9.5, 11.1, 11.0], 2: [10.3, 10.5, 9.7, 11.4], 3: [10.3, 9.9, 8.6, 9.7], 4: [11.0, 10.0, 10.7, 9.8], 5: [9.1, 9.4, 10.6, 12.1], 6: [10.1, 9.9, 12.1, 10.8], 7: [9.2, 9.7, 10.3, 11.8], 8: [7.8, 10.2, 9.5, 11.9], 9: [10.4, 10.8, 9.5, 9.8]}
Epoch   1 | Client   0 | Train: loss=0.864, acc= 72.4% | time= 41.1ms | Valid: loss=1.747, acc= 44.0% |
Epoch   2 | Client   0 | Train: loss=0.768, acc= 73.9% | time= 41.0ms | Valid: loss=1.562, acc= 44.0% |
Epoch   3 | Client   0 | Train: loss=0.712, acc= 74.5% | time= 41.1ms | Valid: loss=1.499, acc= 48.0% |
Epoch   4 | Client   0 | Train: loss=0.664, acc= 76.6% | time= 43.0ms | Valid: loss=1.686, acc= 36.0% |
Epoch   5 | Client   0 | Train: loss=0.625, acc= 80.0% | time= 41.1ms | Valid: loss=1.565, acc= 48.0% |
Epoch   1 | Client   1 | Train: loss=0.930, acc= 71.6% | time= 46.8ms | Valid: loss=1.647, acc= 44.0% |
Epoch   2 | Client   1 | Train: loss=0.761, acc= 75.4% | time= 42.0ms | Valid: loss=1.577, acc= 44.0% |
Epoch   3 | Client   1 | Train: loss=0.789, acc= 75.6% | time= 42.0ms | Valid: loss=1.775, acc= 40.0% |
Epoch   4 | Client   1 | Train: loss=0.650, acc= 80.8% | time= 41.8ms | Valid: loss=1.665, acc= 48.0% |
Epoch   5 | Client   1 | Train: loss=0.620, acc= 78.5% | time= 42.3ms | Valid: loss=2.025, acc= 40.0% |
Epoch   1 | Client   2 | Train: loss=0.869, acc= 70.1% | time= 43.4ms | Valid: loss=1.847, acc= 20.0% |
Epoch   2 | Client   2 | Train: loss=0.807, acc= 75.6% | time= 40.7ms | Valid: loss=1.915, acc= 36.0% |
Epoch   3 | Client   2 | Train: loss=0.760, acc= 75.4% | time= 40.9ms | Valid: loss=1.762, acc= 44.0% |
Epoch   4 | Client   2 | Train: loss=0.672, acc= 79.4% | time= 41.7ms | Valid: loss=1.749, acc= 40.0% |
Epoch   5 | Client   2 | Train: loss=0.635, acc= 79.6% | time= 40.5ms | Valid: loss=2.181, acc= 36.0% |
Epoch   1 | Client   3 | Train: loss=0.814, acc= 73.5% | time= 42.2ms | Valid: loss=1.210, acc= 52.0% |
Epoch   2 | Client   3 | Train: loss=0.741, acc= 76.4% | time= 40.5ms | Valid: loss=1.219, acc= 60.0% |
Epoch   3 | Client   3 | Train: loss=0.807, acc= 71.6% | time= 40.6ms | Valid: loss=1.375, acc= 48.0% |
Epoch   4 | Client   3 | Train: loss=0.700, acc= 76.4% | time= 41.3ms | Valid: loss=1.429, acc= 48.0% |
Epoch   5 | Client   3 | Train: loss=0.667, acc= 77.3% | time= 41.9ms | Valid: loss=1.582, acc= 40.0% |
Epoch   1 | Client   4 | Train: loss=0.936, acc= 67.4% | time= 47.9ms | Valid: loss=1.345, acc= 48.0% |
Epoch   2 | Client   4 | Train: loss=0.831, acc= 72.0% | time= 42.3ms | Valid: loss=1.333, acc= 48.0% |
Epoch   3 | Client   4 | Train: loss=0.720, acc= 75.2% | time= 42.2ms | Valid: loss=1.225, acc= 56.0% |
Epoch   4 | Client   4 | Train: loss=0.617, acc= 81.3% | time= 43.1ms | Valid: loss=1.218, acc= 56.0% |
Epoch   5 | Client   4 | Train: loss=0.508, acc= 85.1% | time= 41.5ms | Valid: loss=1.141, acc= 56.0% |
Epoch   1 | Client   5 | Train: loss=0.841, acc= 73.7% | time= 44.3ms | Valid: loss=1.258, acc= 68.0% |
Epoch   2 | Client   5 | Train: loss=0.759, acc= 74.5% | time= 42.2ms | Valid: loss=1.248, acc= 60.0% |
Epoch   3 | Client   5 | Train: loss=0.715, acc= 76.6% | time= 42.2ms | Valid: loss=1.272, acc= 52.0% |
Epoch   4 | Client   5 | Train: loss=0.658, acc= 78.7% | time= 41.3ms | Valid: loss=1.150, acc= 60.0% |
Epoch   5 | Client   5 | Train: loss=0.593, acc= 81.1% | time= 50.9ms | Valid: loss=1.233, acc= 60.0% |
Epoch   1 | Client   6 | Train: loss=0.849, acc= 73.7% | time= 42.9ms | Valid: loss=1.436, acc= 44.0% |
Epoch   2 | Client   6 | Train: loss=0.775, acc= 73.9% | time= 39.5ms | Valid: loss=1.535, acc= 52.0% |
Epoch   3 | Client   6 | Train: loss=0.750, acc= 72.4% | time= 39.4ms | Valid: loss=1.506, acc= 52.0% |
Epoch   4 | Client   6 | Train: loss=0.669, acc= 76.6% | time= 39.3ms | Valid: loss=1.643, acc= 52.0% |
Epoch   5 | Client   6 | Train: loss=0.586, acc= 79.8% | time= 39.2ms | Valid: loss=1.490, acc= 48.0% |
Epoch   1 | Client   7 | Train: loss=0.832, acc= 72.8% | time= 39.4ms | Valid: loss=1.971, acc= 36.0% |
Epoch   2 | Client   7 | Train: loss=0.666, acc= 79.4% | time= 37.6ms | Valid: loss=1.886, acc= 44.0% |
Epoch   3 | Client   7 | Train: loss=0.650, acc= 79.6% | time= 37.7ms | Valid: loss=1.998, acc= 40.0% |
Epoch   4 | Client   7 | Train: loss=0.607, acc= 78.9% | time= 36.9ms | Valid: loss=1.827, acc= 48.0% |
Epoch   5 | Client   7 | Train: loss=0.725, acc= 75.4% | time= 37.6ms | Valid: loss=2.268, acc= 32.0% |
Epoch   1 | Client   8 | Train: loss=0.775, acc= 74.5% | time= 39.1ms | Valid: loss=1.345, acc= 60.0% |
Epoch   2 | Client   8 | Train: loss=0.773, acc= 76.4% | time= 37.7ms | Valid: loss=1.174, acc= 56.0% |
Epoch   3 | Client   8 | Train: loss=0.664, acc= 78.3% | time= 38.2ms | Valid: loss=1.382, acc= 48.0% |
Epoch   4 | Client   8 | Train: loss=0.571, acc= 83.2% | time= 38.0ms | Valid: loss=1.329, acc= 56.0% |
Epoch   5 | Client   8 | Train: loss=0.544, acc= 80.4% | time= 38.3ms | Valid: loss=1.330, acc= 48.0% |
Epoch   1 | Client   9 | Train: loss=0.803, acc= 74.3% | time= 40.8ms | Valid: loss=1.836, acc= 24.0% |
Epoch   2 | Client   9 | Train: loss=0.758, acc= 76.0% | time= 39.4ms | Valid: loss=1.851, acc= 32.0% |
Epoch   3 | Client   9 | Train: loss=0.772, acc= 75.4% | time= 39.2ms | Valid: loss=1.814, acc= 40.0% |
Epoch   4 | Client   9 | Train: loss=0.742, acc= 72.6% | time= 39.2ms | Valid: loss=1.670, acc= 44.0% |
Epoch   5 | Client   9 | Train: loss=0.682, acc= 75.8% | time= 39.2ms | Valid: loss=1.842, acc= 32.0% |
----------------------------------------
G-Epoch:   4, Test: loss=1.437 , acc= 50.5%
****************************************
Task:   0, G-Epoch:   4, Test: loss=1.446 , acc= 51.1%
Task:   1, G-Epoch:   4, Test: loss=2.319 , acc=  9.3%
Task:   2, G-Epoch:   4, Test: loss=2.320 , acc= 11.1%
Task:   3, G-Epoch:   4, Test: loss=2.317 , acc=  9.2%
Task:   4, G-Epoch:   4, Test: loss=2.316 , acc= 10.8%
Task:   5, G-Epoch:   4, Test: loss=2.311 , acc= 10.5%
Task:   6, G-Epoch:   4, Test: loss=2.317 , acc= 10.4%
Task:   7, G-Epoch:   4, Test: loss=2.314 , acc= 11.8%
Task:   8, G-Epoch:   4, Test: loss=2.312 , acc= 11.6%
Task:   9, G-Epoch:   4, Test: loss=2.320 , acc=  8.9%
{0: [39.3, 45.7, 48.7, 48.8, 51.1], 1: [10.2, 9.5, 11.1, 11.0, 9.3], 2: [10.3, 10.5, 9.7, 11.4, 11.1], 3: [10.3, 9.9, 8.6, 9.7, 9.2], 4: [11.0, 10.0, 10.7, 9.8, 10.8], 5: [9.1, 9.4, 10.6, 12.1, 10.5], 6: [10.1, 9.9, 12.1, 10.8, 10.4], 7: [9.2, 9.7, 10.3, 11.8, 11.8], 8: [7.8, 10.2, 9.5, 11.9, 11.6], 9: [10.4, 10.8, 9.5, 9.8, 8.9]}
Epoch   1 | Client   0 | Train: loss=0.717, acc= 76.8% | time= 37.9ms | Valid: loss=1.643, acc= 44.0% |
Epoch   2 | Client   0 | Train: loss=0.621, acc= 79.6% | time= 36.8ms | Valid: loss=1.572, acc= 48.0% |
Epoch   3 | Client   0 | Train: loss=0.530, acc= 81.7% | time= 37.3ms | Valid: loss=1.433, acc= 48.0% |
Epoch   4 | Client   0 | Train: loss=0.569, acc= 82.3% | time= 37.2ms | Valid: loss=1.758, acc= 48.0% |
Epoch   5 | Client   0 | Train: loss=0.510, acc= 82.7% | time= 36.9ms | Valid: loss=1.498, acc= 52.0% |
Epoch   1 | Client   1 | Train: loss=0.792, acc= 76.2% | time= 41.0ms | Valid: loss=1.578, acc= 48.0% |
Epoch   2 | Client   1 | Train: loss=0.788, acc= 75.8% | time= 38.0ms | Valid: loss=1.749, acc= 40.0% |
Epoch   3 | Client   1 | Train: loss=0.580, acc= 82.7% | time= 37.7ms | Valid: loss=1.699, acc= 44.0% |
Epoch   4 | Client   1 | Train: loss=0.532, acc= 83.8% | time= 37.8ms | Valid: loss=1.781, acc= 44.0% |
Epoch   5 | Client   1 | Train: loss=0.467, acc= 86.3% | time= 38.1ms | Valid: loss=1.848, acc= 40.0% |
Epoch   1 | Client   2 | Train: loss=0.722, acc= 77.3% | time= 39.3ms | Valid: loss=1.881, acc= 32.0% |
Epoch   2 | Client   2 | Train: loss=0.720, acc= 73.5% | time= 37.7ms | Valid: loss=2.184, acc= 20.0% |
Epoch   3 | Client   2 | Train: loss=0.612, acc= 80.4% | time= 37.9ms | Valid: loss=1.807, acc= 44.0% |
Epoch   4 | Client   2 | Train: loss=0.582, acc= 80.4% | time= 37.8ms | Valid: loss=2.100, acc= 40.0% |
Epoch   5 | Client   2 | Train: loss=0.715, acc= 76.0% | time= 38.0ms | Valid: loss=2.593, acc= 28.0% |
Epoch   1 | Client   3 | Train: loss=0.642, acc= 80.0% | time= 39.1ms | Valid: loss=1.224, acc= 56.0% |
Epoch   2 | Client   3 | Train: loss=0.599, acc= 80.8% | time= 37.9ms | Valid: loss=1.367, acc= 48.0% |
Epoch   3 | Client   3 | Train: loss=0.519, acc= 84.4% | time= 40.1ms | Valid: loss=1.335, acc= 60.0% |
Epoch   4 | Client   3 | Train: loss=0.593, acc= 79.2% | time= 40.4ms | Valid: loss=1.526, acc= 32.0% |
Epoch   5 | Client   3 | Train: loss=0.571, acc= 83.2% | time= 37.7ms | Valid: loss=1.764, acc= 44.0% |
Epoch   1 | Client   4 | Train: loss=0.732, acc= 77.1% | time= 50.4ms | Valid: loss=1.315, acc= 48.0% |
Epoch   2 | Client   4 | Train: loss=0.803, acc= 70.5% | time= 37.7ms | Valid: loss=1.533, acc= 40.0% |
Epoch   3 | Client   4 | Train: loss=0.641, acc= 81.1% | time= 37.7ms | Valid: loss=1.193, acc= 52.0% |
Epoch   4 | Client   4 | Train: loss=0.523, acc= 84.8% | time= 38.1ms | Valid: loss=1.224, acc= 52.0% |
Epoch   5 | Client   4 | Train: loss=0.446, acc= 87.8% | time= 38.4ms | Valid: loss=1.114, acc= 56.0% |
Epoch   1 | Client   5 | Train: loss=0.661, acc= 79.6% | time= 43.5ms | Valid: loss=1.147, acc= 60.0% |
Epoch   2 | Client   5 | Train: loss=0.618, acc= 81.3% | time= 42.1ms | Valid: loss=1.156, acc= 68.0% |
Epoch   3 | Client   5 | Train: loss=0.573, acc= 83.6% | time= 42.3ms | Valid: loss=1.101, acc= 68.0% |
Epoch   4 | Client   5 | Train: loss=0.540, acc= 83.4% | time= 41.4ms | Valid: loss=1.091, acc= 68.0% |
Epoch   5 | Client   5 | Train: loss=0.454, acc= 85.1% | time= 41.4ms | Valid: loss=1.051, acc= 64.0% |
Epoch   1 | Client   6 | Train: loss=0.683, acc= 77.5% | time= 44.0ms | Valid: loss=1.524, acc= 52.0% |
Epoch   2 | Client   6 | Train: loss=0.553, acc= 82.5% | time= 42.1ms | Valid: loss=1.520, acc= 52.0% |
Epoch   3 | Client   6 | Train: loss=0.577, acc= 79.6% | time= 42.1ms | Valid: loss=1.377, acc= 48.0% |
Epoch   4 | Client   6 | Train: loss=0.467, acc= 83.4% | time= 42.0ms | Valid: loss=1.441, acc= 48.0% |
Epoch   5 | Client   6 | Train: loss=0.409, acc= 86.7% | time= 41.0ms | Valid: loss=1.586, acc= 44.0% |
Epoch   1 | Client   7 | Train: loss=0.613, acc= 81.3% | time= 43.9ms | Valid: loss=1.839, acc= 40.0% |
Epoch   2 | Client   7 | Train: loss=0.545, acc= 83.6% | time= 42.2ms | Valid: loss=1.757, acc= 48.0% |
Epoch   3 | Client   7 | Train: loss=0.593, acc= 77.7% | time= 42.2ms | Valid: loss=1.941, acc= 48.0% |
Epoch   4 | Client   7 | Train: loss=0.520, acc= 82.3% | time= 41.5ms | Valid: loss=1.698, acc= 48.0% |
Epoch   5 | Client   7 | Train: loss=0.633, acc= 78.3% | time= 41.1ms | Valid: loss=1.790, acc= 48.0% |
Epoch   1 | Client   8 | Train: loss=0.879, acc= 70.1% | time= 42.0ms | Valid: loss=1.835, acc= 40.0% |
Epoch   2 | Client   8 | Train: loss=0.595, acc= 80.0% | time= 40.7ms | Valid: loss=1.437, acc= 48.0% |
Epoch   3 | Client   8 | Train: loss=0.513, acc= 84.6% | time= 40.9ms | Valid: loss=1.242, acc= 60.0% |
Epoch   4 | Client   8 | Train: loss=0.579, acc= 81.7% | time= 42.2ms | Valid: loss=1.367, acc= 52.0% |
Epoch   5 | Client   8 | Train: loss=0.418, acc= 86.7% | time= 40.2ms | Valid: loss=1.233, acc= 56.0% |
Epoch   1 | Client   9 | Train: loss=0.795, acc= 73.5% | time= 49.9ms | Valid: loss=1.929, acc= 32.0% |
Epoch   2 | Client   9 | Train: loss=0.667, acc= 78.3% | time= 42.1ms | Valid: loss=1.817, acc= 24.0% |
Epoch   3 | Client   9 | Train: loss=0.894, acc= 68.6% | time= 42.1ms | Valid: loss=2.297, acc= 36.0% |
Epoch   4 | Client   9 | Train: loss=0.552, acc= 81.5% | time= 42.1ms | Valid: loss=1.718, acc= 24.0% |
Epoch   5 | Client   9 | Train: loss=0.475, acc= 85.3% | time= 42.1ms | Valid: loss=1.675, acc= 40.0% |
----------------------------------------
G-Epoch:   5, Test: loss=1.386 , acc= 53.6%
****************************************
Task:   0, G-Epoch:   5, Test: loss=1.404 , acc= 52.3%
Task:   1, G-Epoch:   5, Test: loss=2.321 , acc= 10.0%
Task:   2, G-Epoch:   5, Test: loss=2.315 , acc=  9.9%
Task:   3, G-Epoch:   5, Test: loss=2.313 , acc=  9.4%
Task:   4, G-Epoch:   5, Test: loss=2.320 , acc= 10.1%
Task:   5, G-Epoch:   5, Test: loss=2.310 , acc= 10.8%
Task:   6, G-Epoch:   5, Test: loss=2.308 , acc=  9.4%
Task:   7, G-Epoch:   5, Test: loss=2.316 , acc= 11.2%
Task:   8, G-Epoch:   5, Test: loss=2.302 , acc= 10.8%
Task:   9, G-Epoch:   5, Test: loss=2.315 , acc=  8.8%
{0: [39.3, 45.7, 48.7, 48.8, 51.1, 52.3], 1: [10.2, 9.5, 11.1, 11.0, 9.3, 10.0], 2: [10.3, 10.5, 9.7, 11.4, 11.1, 9.9], 3: [10.3, 9.9, 8.6, 9.7, 9.2, 9.4], 4: [11.0, 10.0, 10.7, 9.8, 10.8, 10.1], 5: [9.1, 9.4, 10.6, 12.1, 10.5, 10.8], 6: [10.1, 9.9, 12.1, 10.8, 10.4, 9.4], 7: [9.2, 9.7, 10.3, 11.8, 11.8, 11.2], 8: [7.8, 10.2, 9.5, 11.9, 11.6, 10.8], 9: [10.4, 10.8, 9.5, 9.8, 8.9, 8.8]}
Epoch   1 | Client   0 | Train: loss=0.507, acc= 85.1% | time= 40.5ms | Valid: loss=1.366, acc= 52.0% |
Epoch   2 | Client   0 | Train: loss=0.490, acc= 83.4% | time= 39.9ms | Valid: loss=1.677, acc= 48.0% |
Epoch   3 | Client   0 | Train: loss=0.443, acc= 87.2% | time= 40.1ms | Valid: loss=1.596, acc= 48.0% |
Epoch   4 | Client   0 | Train: loss=0.428, acc= 86.5% | time= 39.2ms | Valid: loss=1.817, acc= 48.0% |
Epoch   5 | Client   0 | Train: loss=0.484, acc= 85.7% | time= 40.2ms | Valid: loss=1.859, acc= 44.0% |
Epoch   1 | Client   1 | Train: loss=0.638, acc= 81.3% | time= 41.8ms | Valid: loss=1.620, acc= 56.0% |
Epoch   2 | Client   1 | Train: loss=0.515, acc= 83.6% | time= 40.4ms | Valid: loss=1.654, acc= 40.0% |
Epoch   3 | Client   1 | Train: loss=0.482, acc= 84.8% | time= 40.4ms | Valid: loss=1.662, acc= 60.0% |
Epoch   4 | Client   1 | Train: loss=0.373, acc= 90.1% | time= 39.9ms | Valid: loss=1.690, acc= 52.0% |
Epoch   5 | Client   1 | Train: loss=0.363, acc= 89.1% | time= 41.2ms | Valid: loss=1.316, acc= 60.0% |
Epoch   1 | Client   2 | Train: loss=0.649, acc= 78.9% | time= 47.4ms | Valid: loss=1.793, acc= 48.0% |
Epoch   2 | Client   2 | Train: loss=0.583, acc= 84.0% | time= 40.5ms | Valid: loss=2.037, acc= 40.0% |
Epoch   3 | Client   2 | Train: loss=0.561, acc= 81.9% | time= 40.7ms | Valid: loss=1.874, acc= 52.0% |
Epoch   4 | Client   2 | Train: loss=0.426, acc= 86.9% | time= 41.0ms | Valid: loss=2.113, acc= 48.0% |
Epoch   5 | Client   2 | Train: loss=0.416, acc= 87.2% | time= 41.4ms | Valid: loss=2.084, acc= 44.0% |
Epoch   1 | Client   3 | Train: loss=0.534, acc= 85.1% | time= 42.9ms | Valid: loss=1.486, acc= 32.0% |
Epoch   2 | Client   3 | Train: loss=0.676, acc= 76.6% | time= 46.5ms | Valid: loss=1.223, acc= 60.0% |
Epoch   3 | Client   3 | Train: loss=0.605, acc= 81.1% | time= 42.6ms | Valid: loss=1.348, acc= 48.0% |
Epoch   4 | Client   3 | Train: loss=0.464, acc= 82.9% | time= 42.3ms | Valid: loss=1.222, acc= 60.0% |
Epoch   5 | Client   3 | Train: loss=0.294, acc= 90.7% | time= 42.0ms | Valid: loss=1.190, acc= 60.0% |
Epoch   1 | Client   4 | Train: loss=0.681, acc= 79.6% | time= 49.7ms | Valid: loss=1.261, acc= 48.0% |
Epoch   2 | Client   4 | Train: loss=0.458, acc= 86.7% | time= 42.2ms | Valid: loss=1.247, acc= 56.0% |
Epoch   3 | Client   4 | Train: loss=0.651, acc= 78.3% | time= 42.3ms | Valid: loss=1.329, acc= 48.0% |
Epoch   4 | Client   4 | Train: loss=0.390, acc= 89.3% | time= 42.2ms | Valid: loss=1.409, acc= 56.0% |
Epoch   5 | Client   4 | Train: loss=0.365, acc= 89.3% | time= 42.1ms | Valid: loss=1.390, acc= 60.0% |
Epoch   1 | Client   5 | Train: loss=0.573, acc= 81.9% | time= 43.7ms | Valid: loss=1.080, acc= 64.0% |
Epoch   2 | Client   5 | Train: loss=0.472, acc= 85.5% | time= 40.3ms | Valid: loss=1.054, acc= 64.0% |
Epoch   3 | Client   5 | Train: loss=0.476, acc= 84.4% | time= 39.9ms | Valid: loss=1.253, acc= 56.0% |
Epoch   4 | Client   5 | Train: loss=0.448, acc= 86.1% | time= 39.3ms | Valid: loss=1.081, acc= 60.0% |
Epoch   5 | Client   5 | Train: loss=0.383, acc= 88.8% | time= 39.2ms | Valid: loss=1.188, acc= 64.0% |
Epoch   1 | Client   6 | Train: loss=0.575, acc= 84.0% | time= 43.9ms | Valid: loss=1.336, acc= 48.0% |
Epoch   2 | Client   6 | Train: loss=0.481, acc= 83.4% | time= 42.0ms | Valid: loss=1.594, acc= 48.0% |
Epoch   3 | Client   6 | Train: loss=0.502, acc= 82.5% | time= 42.8ms | Valid: loss=1.598, acc= 56.0% |
Epoch   4 | Client   6 | Train: loss=0.619, acc= 80.0% | time= 43.1ms | Valid: loss=2.017, acc= 44.0% |
Epoch   5 | Client   6 | Train: loss=0.651, acc= 78.1% | time= 40.4ms | Valid: loss=1.895, acc= 52.0% |
Epoch   1 | Client   7 | Train: loss=0.540, acc= 84.4% | time= 38.7ms | Valid: loss=1.862, acc= 44.0% |
Epoch   2 | Client   7 | Train: loss=0.487, acc= 85.3% | time= 44.5ms | Valid: loss=1.809, acc= 44.0% |
Epoch   3 | Client   7 | Train: loss=0.458, acc= 84.6% | time= 39.6ms | Valid: loss=1.916, acc= 40.0% |
Epoch   4 | Client   7 | Train: loss=0.615, acc= 79.2% | time= 38.0ms | Valid: loss=1.932, acc= 44.0% |
Epoch   5 | Client   7 | Train: loss=0.314, acc= 90.5% | time= 37.4ms | Valid: loss=1.790, acc= 56.0% |
Epoch   1 | Client   8 | Train: loss=0.520, acc= 84.2% | time= 41.2ms | Valid: loss=1.070, acc= 64.0% |
Epoch   2 | Client   8 | Train: loss=0.471, acc= 85.1% | time= 38.8ms | Valid: loss=1.402, acc= 52.0% |
Epoch   3 | Client   8 | Train: loss=0.502, acc= 84.8% | time= 38.0ms | Valid: loss=1.569, acc= 40.0% |
Epoch   4 | Client   8 | Train: loss=0.443, acc= 86.7% | time= 37.8ms | Valid: loss=1.717, acc= 40.0% |
Epoch   5 | Client   8 | Train: loss=0.388, acc= 88.2% | time= 37.8ms | Valid: loss=1.518, acc= 60.0% |
Epoch   1 | Client   9 | Train: loss=0.584, acc= 80.2% | time= 39.5ms | Valid: loss=1.552, acc= 48.0% |
Epoch   2 | Client   9 | Train: loss=0.619, acc= 79.2% | time= 38.1ms | Valid: loss=1.629, acc= 40.0% |
Epoch   3 | Client   9 | Train: loss=0.455, acc= 86.1% | time= 38.2ms | Valid: loss=1.816, acc= 44.0% |
Epoch   4 | Client   9 | Train: loss=0.458, acc= 86.5% | time= 37.2ms | Valid: loss=1.599, acc= 40.0% |
Epoch   5 | Client   9 | Train: loss=0.382, acc= 89.7% | time= 40.3ms | Valid: loss=1.757, acc= 28.0% |
----------------------------------------
G-Epoch:   6, Test: loss=1.402 , acc= 55.0%
****************************************
Task:   0, G-Epoch:   6, Test: loss=1.401 , acc= 53.9%
Task:   1, G-Epoch:   6, Test: loss=2.312 , acc= 10.6%
Task:   2, G-Epoch:   6, Test: loss=2.316 , acc=  8.6%
Task:   3, G-Epoch:   6, Test: loss=2.310 , acc=  9.3%
Task:   4, G-Epoch:   6, Test: loss=2.312 , acc= 10.0%
Task:   5, G-Epoch:   6, Test: loss=2.307 , acc= 11.3%
Task:   6, G-Epoch:   6, Test: loss=2.310 , acc=  9.2%
Task:   7, G-Epoch:   6, Test: loss=2.314 , acc= 12.2%
Task:   8, G-Epoch:   6, Test: loss=2.311 , acc=  9.4%
Task:   9, G-Epoch:   6, Test: loss=2.319 , acc=  8.5%
{0: [39.3, 45.7, 48.7, 48.8, 51.1, 52.3, 53.9], 1: [10.2, 9.5, 11.1, 11.0, 9.3, 10.0, 10.6], 2: [10.3, 10.5, 9.7, 11.4, 11.1, 9.9, 8.6], 3: [10.3, 9.9, 8.6, 9.7, 9.2, 9.4, 9.3], 4: [11.0, 10.0, 10.7, 9.8, 10.8, 10.1, 10.0], 5: [9.1, 9.4, 10.6, 12.1, 10.5, 10.8, 11.3], 6: [10.1, 9.9, 12.1, 10.8, 10.4, 9.4, 9.2], 7: [9.2, 9.7, 10.3, 11.8, 11.8, 11.2, 12.2], 8: [7.8, 10.2, 9.5, 11.9, 11.6, 10.8, 9.4], 9: [10.4, 10.8, 9.5, 9.8, 8.9, 8.8, 8.5]}
Epoch   1 | Client   0 | Train: loss=0.522, acc= 83.6% | time= 38.9ms | Valid: loss=1.282, acc= 48.0% |
Epoch   2 | Client   0 | Train: loss=0.473, acc= 83.4% | time= 38.5ms | Valid: loss=1.367, acc= 56.0% |
Epoch   3 | Client   0 | Train: loss=0.392, acc= 86.7% | time= 37.8ms | Valid: loss=1.547, acc= 52.0% |
Epoch   4 | Client   0 | Train: loss=0.358, acc= 87.2% | time= 36.8ms | Valid: loss=1.752, acc= 48.0% |
Epoch   5 | Client   0 | Train: loss=0.449, acc= 84.6% | time= 36.6ms | Valid: loss=1.338, acc= 60.0% |
Epoch   1 | Client   1 | Train: loss=0.361, acc= 89.5% | time= 39.1ms | Valid: loss=1.598, acc= 44.0% |
Epoch   2 | Client   1 | Train: loss=0.458, acc= 83.2% | time= 36.7ms | Valid: loss=1.899, acc= 40.0% |
Epoch   3 | Client   1 | Train: loss=0.355, acc= 88.6% | time= 36.7ms | Valid: loss=1.501, acc= 56.0% |
Epoch   4 | Client   1 | Train: loss=0.324, acc= 89.3% | time= 37.9ms | Valid: loss=1.981, acc= 52.0% |
Epoch   5 | Client   1 | Train: loss=0.260, acc= 91.6% | time= 38.0ms | Valid: loss=2.029, acc= 40.0% |
Epoch   1 | Client   2 | Train: loss=0.586, acc= 82.1% | time= 45.5ms | Valid: loss=1.792, acc= 52.0% |
Epoch   2 | Client   2 | Train: loss=0.610, acc= 81.3% | time= 38.2ms | Valid: loss=2.390, acc= 24.0% |
Epoch   3 | Client   2 | Train: loss=0.366, acc= 89.1% | time= 38.3ms | Valid: loss=1.539, acc= 48.0% |
Epoch   4 | Client   2 | Train: loss=0.320, acc= 91.8% | time= 39.7ms | Valid: loss=1.544, acc= 52.0% |
Epoch   5 | Client   2 | Train: loss=0.336, acc= 91.4% | time= 38.9ms | Valid: loss=1.727, acc= 48.0% |
Epoch   1 | Client   3 | Train: loss=0.500, acc= 82.7% | time= 67.3ms | Valid: loss=1.391, acc= 52.0% |
Epoch   2 | Client   3 | Train: loss=0.390, acc= 87.2% | time= 43.6ms | Valid: loss=1.152, acc= 52.0% |
Epoch   3 | Client   3 | Train: loss=0.348, acc= 90.7% | time= 43.3ms | Valid: loss=1.238, acc= 52.0% |
Epoch   4 | Client   3 | Train: loss=0.305, acc= 89.9% | time= 42.6ms | Valid: loss=1.174, acc= 56.0% |
Epoch   5 | Client   3 | Train: loss=0.331, acc= 89.7% | time= 44.1ms | Valid: loss=1.479, acc= 52.0% |
Epoch   1 | Client   4 | Train: loss=0.726, acc= 77.5% | time= 45.1ms | Valid: loss=1.550, acc= 52.0% |
Epoch   2 | Client   4 | Train: loss=0.623, acc= 81.1% | time= 44.0ms | Valid: loss=1.547, acc= 52.0% |
Epoch   3 | Client   4 | Train: loss=0.394, acc= 86.5% | time= 43.4ms | Valid: loss=1.307, acc= 52.0% |
Epoch   4 | Client   4 | Train: loss=0.332, acc= 89.9% | time= 43.3ms | Valid: loss=1.170, acc= 52.0% |
Epoch   5 | Client   4 | Train: loss=0.485, acc= 83.2% | time= 42.5ms | Valid: loss=1.331, acc= 56.0% |
Epoch   1 | Client   5 | Train: loss=0.477, acc= 84.8% | time= 43.6ms | Valid: loss=1.131, acc= 64.0% |
Epoch   2 | Client   5 | Train: loss=0.502, acc= 84.2% | time= 39.7ms | Valid: loss=1.248, acc= 64.0% |
Epoch   3 | Client   5 | Train: loss=0.544, acc= 82.9% | time= 39.2ms | Valid: loss=1.477, acc= 64.0% |
Epoch   4 | Client   5 | Train: loss=0.332, acc= 89.1% | time= 38.7ms | Valid: loss=1.265, acc= 64.0% |
Epoch   5 | Client   5 | Train: loss=0.393, acc= 87.4% | time= 38.9ms | Valid: loss=1.049, acc= 64.0% |
Epoch   1 | Client   6 | Train: loss=0.631, acc= 76.0% | time= 40.7ms | Valid: loss=1.817, acc= 40.0% |
Epoch   2 | Client   6 | Train: loss=0.411, acc= 86.5% | time= 39.5ms | Valid: loss=1.650, acc= 52.0% |
Epoch   3 | Client   6 | Train: loss=0.352, acc= 89.3% | time= 39.5ms | Valid: loss=1.763, acc= 44.0% |
Epoch   4 | Client   6 | Train: loss=0.555, acc= 79.8% | time= 39.3ms | Valid: loss=1.668, acc= 56.0% |
Epoch   5 | Client   6 | Train: loss=0.415, acc= 87.8% | time= 38.8ms | Valid: loss=1.701, acc= 56.0% |
Epoch   1 | Client   7 | Train: loss=0.568, acc= 82.1% | time= 38.7ms | Valid: loss=1.517, acc= 56.0% |
Epoch   2 | Client   7 | Train: loss=0.468, acc= 84.4% | time= 44.8ms | Valid: loss=1.779, acc= 52.0% |
Epoch   3 | Client   7 | Train: loss=0.354, acc= 89.1% | time= 47.8ms | Valid: loss=1.898, acc= 48.0% |
Epoch   4 | Client   7 | Train: loss=0.419, acc= 86.5% | time= 47.5ms | Valid: loss=1.748, acc= 52.0% |
Epoch   5 | Client   7 | Train: loss=0.337, acc= 89.9% | time= 47.7ms | Valid: loss=2.416, acc= 52.0% |
Epoch   1 | Client   8 | Train: loss=0.627, acc= 78.3% | time= 38.4ms | Valid: loss=1.431, acc= 44.0% |
Epoch   2 | Client   8 | Train: loss=0.458, acc= 85.7% | time= 41.0ms | Valid: loss=1.739, acc= 48.0% |
Epoch   3 | Client   8 | Train: loss=0.586, acc= 82.7% | time= 41.9ms | Valid: loss=1.509, acc= 44.0% |
Epoch   4 | Client   8 | Train: loss=0.404, acc= 87.6% | time= 37.9ms | Valid: loss=1.600, acc= 48.0% |
Epoch   5 | Client   8 | Train: loss=0.331, acc= 88.8% | time= 36.9ms | Valid: loss=1.726, acc= 52.0% |
Epoch   1 | Client   9 | Train: loss=0.530, acc= 84.4% | time= 40.3ms | Valid: loss=1.775, acc= 48.0% |
Epoch   2 | Client   9 | Train: loss=0.421, acc= 86.7% | time= 37.9ms | Valid: loss=1.640, acc= 44.0% |
Epoch   3 | Client   9 | Train: loss=0.419, acc= 87.6% | time= 38.1ms | Valid: loss=1.681, acc= 48.0% |
Epoch   4 | Client   9 | Train: loss=0.452, acc= 85.5% | time= 37.8ms | Valid: loss=2.036, acc= 36.0% |
Epoch   5 | Client   9 | Train: loss=0.333, acc= 90.5% | time= 37.7ms | Valid: loss=1.727, acc= 36.0% |
----------------------------------------
G-Epoch:   7, Test: loss=1.505 , acc= 50.6%
****************************************
Task:   0, G-Epoch:   7, Test: loss=1.491 , acc= 51.6%
Task:   1, G-Epoch:   7, Test: loss=2.311 , acc= 10.7%
Task:   2, G-Epoch:   7, Test: loss=2.319 , acc=  8.9%
Task:   3, G-Epoch:   7, Test: loss=2.307 , acc= 10.7%
Task:   4, G-Epoch:   7, Test: loss=2.315 , acc= 10.9%
Task:   5, G-Epoch:   7, Test: loss=2.310 , acc= 10.7%
Task:   6, G-Epoch:   7, Test: loss=2.303 , acc= 10.1%
Task:   7, G-Epoch:   7, Test: loss=2.317 , acc= 11.5%
Task:   8, G-Epoch:   7, Test: loss=2.306 , acc= 10.0%
Task:   9, G-Epoch:   7, Test: loss=2.312 , acc= 10.6%
{0: [39.3, 45.7, 48.7, 48.8, 51.1, 52.3, 53.9, 51.6], 1: [10.2, 9.5, 11.1, 11.0, 9.3, 10.0, 10.6, 10.7], 2: [10.3, 10.5, 9.7, 11.4, 11.1, 9.9, 8.6, 8.9], 3: [10.3, 9.9, 8.6, 9.7, 9.2, 9.4, 9.3, 10.7], 4: [11.0, 10.0, 10.7, 9.8, 10.8, 10.1, 10.0, 10.9], 5: [9.1, 9.4, 10.6, 12.1, 10.5, 10.8, 11.3, 10.7], 6: [10.1, 9.9, 12.1, 10.8, 10.4, 9.4, 9.2, 10.1], 7: [9.2, 9.7, 10.3, 11.8, 11.8, 11.2, 12.2, 11.5], 8: [7.8, 10.2, 9.5, 11.9, 11.6, 10.8, 9.4, 10.0], 9: [10.4, 10.8, 9.5, 9.8, 8.9, 8.8, 8.5, 10.6]}
Epoch   1 | Client   0 | Train: loss=0.371, acc= 90.1% | time= 36.7ms | Valid: loss=1.319, acc= 56.0% |
Epoch   2 | Client   0 | Train: loss=0.404, acc= 86.5% | time= 36.2ms | Valid: loss=1.649, acc= 52.0% |
Epoch   3 | Client   0 | Train: loss=0.531, acc= 80.4% | time= 35.6ms | Valid: loss=1.606, acc= 52.0% |
Epoch   4 | Client   0 | Train: loss=0.269, acc= 91.4% | time= 34.5ms | Valid: loss=1.423, acc= 56.0% |
Epoch   5 | Client   0 | Train: loss=0.199, acc= 94.1% | time= 34.5ms | Valid: loss=1.331, acc= 60.0% |
Epoch   1 | Client   1 | Train: loss=0.314, acc= 91.2% | time= 39.6ms | Valid: loss=2.091, acc= 48.0% |
Epoch   2 | Client   1 | Train: loss=0.342, acc= 89.3% | time= 37.9ms | Valid: loss=1.848, acc= 44.0% |
Epoch   3 | Client   1 | Train: loss=0.557, acc= 79.8% | time= 37.8ms | Valid: loss=1.953, acc= 44.0% |
Epoch   4 | Client   1 | Train: loss=0.263, acc= 92.2% | time= 37.9ms | Valid: loss=1.690, acc= 52.0% |
Epoch   5 | Client   1 | Train: loss=0.188, acc= 94.5% | time= 37.9ms | Valid: loss=1.815, acc= 44.0% |
Epoch   1 | Client   2 | Train: loss=0.463, acc= 85.5% | time= 39.6ms | Valid: loss=2.048, acc= 48.0% |
Epoch   2 | Client   2 | Train: loss=0.485, acc= 83.4% | time= 38.1ms | Valid: loss=2.046, acc= 48.0% |
Epoch   3 | Client   2 | Train: loss=0.341, acc= 88.4% | time= 38.0ms | Valid: loss=2.123, acc= 48.0% |
Epoch   4 | Client   2 | Train: loss=0.375, acc= 87.8% | time= 38.1ms | Valid: loss=2.507, acc= 40.0% |
Epoch   5 | Client   2 | Train: loss=0.317, acc= 89.5% | time= 38.6ms | Valid: loss=1.749, acc= 56.0% |
Epoch   1 | Client   3 | Train: loss=0.434, acc= 87.6% | time= 39.8ms | Valid: loss=1.663, acc= 44.0% |
Epoch   2 | Client   3 | Train: loss=0.461, acc= 86.5% | time= 37.9ms | Valid: loss=1.465, acc= 56.0% |
Epoch   3 | Client   3 | Train: loss=0.426, acc= 86.7% | time= 38.1ms | Valid: loss=1.823, acc= 40.0% |
Epoch   4 | Client   3 | Train: loss=0.279, acc= 91.6% | time= 38.5ms | Valid: loss=1.351, acc= 60.0% |
Epoch   5 | Client   3 | Train: loss=0.196, acc= 93.3% | time= 36.5ms | Valid: loss=1.236, acc= 64.0% |
Epoch   1 | Client   4 | Train: loss=0.338, acc= 89.7% | time= 52.6ms | Valid: loss=1.168, acc= 56.0% |
Epoch   2 | Client   4 | Train: loss=0.347, acc= 90.7% | time= 39.1ms | Valid: loss=1.507, acc= 48.0% |
Epoch   3 | Client   4 | Train: loss=0.237, acc= 94.1% | time= 38.3ms | Valid: loss=1.519, acc= 48.0% |
Epoch   4 | Client   4 | Train: loss=0.301, acc= 89.7% | time= 38.1ms | Valid: loss=1.329, acc= 56.0% |
Epoch   5 | Client   4 | Train: loss=0.248, acc= 92.8% | time= 37.5ms | Valid: loss=1.510, acc= 60.0% |
Epoch   1 | Client   5 | Train: loss=0.504, acc= 82.7% | time= 39.3ms | Valid: loss=1.217, acc= 68.0% |
Epoch   2 | Client   5 | Train: loss=0.311, acc= 90.5% | time= 37.7ms | Valid: loss=1.188, acc= 60.0% |
Epoch   3 | Client   5 | Train: loss=0.317, acc= 91.4% | time= 37.9ms | Valid: loss=1.270, acc= 68.0% |
Epoch   4 | Client   5 | Train: loss=0.193, acc= 95.2% | time= 38.0ms | Valid: loss=1.095, acc= 64.0% |
Epoch   5 | Client   5 | Train: loss=0.575, acc= 80.8% | time= 37.5ms | Valid: loss=1.478, acc= 44.0% |
Epoch   1 | Client   6 | Train: loss=0.483, acc= 84.8% | time= 39.4ms | Valid: loss=1.310, acc= 56.0% |
Epoch   2 | Client   6 | Train: loss=0.355, acc= 89.9% | time= 39.5ms | Valid: loss=1.721, acc= 52.0% |
Epoch   3 | Client   6 | Train: loss=0.356, acc= 88.0% | time= 39.5ms | Valid: loss=1.781, acc= 48.0% |
Epoch   4 | Client   6 | Train: loss=0.281, acc= 91.2% | time= 39.5ms | Valid: loss=1.926, acc= 56.0% |
Epoch   5 | Client   6 | Train: loss=0.234, acc= 94.1% | time= 37.9ms | Valid: loss=1.532, acc= 56.0% |
Epoch   1 | Client   7 | Train: loss=0.366, acc= 90.5% | time= 41.1ms | Valid: loss=1.779, acc= 56.0% |
Epoch   2 | Client   7 | Train: loss=0.312, acc= 90.5% | time= 39.5ms | Valid: loss=1.895, acc= 44.0% |
Epoch   3 | Client   7 | Train: loss=0.420, acc= 85.7% | time= 39.4ms | Valid: loss=2.160, acc= 32.0% |
Epoch   4 | Client   7 | Train: loss=0.304, acc= 90.7% | time= 39.4ms | Valid: loss=2.150, acc= 48.0% |
Epoch   5 | Client   7 | Train: loss=0.238, acc= 91.6% | time= 38.5ms | Valid: loss=1.620, acc= 64.0% |
Epoch   1 | Client   8 | Train: loss=0.389, acc= 88.0% | time= 39.4ms | Valid: loss=1.114, acc= 48.0% |
Epoch   2 | Client   8 | Train: loss=0.405, acc= 87.4% | time= 38.0ms | Valid: loss=1.498, acc= 52.0% |
Epoch   3 | Client   8 | Train: loss=0.369, acc= 89.1% | time= 38.0ms | Valid: loss=1.319, acc= 52.0% |
Epoch   4 | Client   8 | Train: loss=0.268, acc= 90.9% | time= 38.2ms | Valid: loss=1.504, acc= 60.0% |
Epoch   5 | Client   8 | Train: loss=0.283, acc= 92.2% | time= 36.6ms | Valid: loss=1.761, acc= 48.0% |
Epoch   1 | Client   9 | Train: loss=0.392, acc= 89.1% | time= 39.3ms | Valid: loss=1.916, acc= 32.0% |
Epoch   2 | Client   9 | Train: loss=0.561, acc= 82.1% | time= 37.7ms | Valid: loss=2.058, acc= 32.0% |
Epoch   3 | Client   9 | Train: loss=0.279, acc= 92.8% | time= 37.8ms | Valid: loss=1.868, acc= 32.0% |
Epoch   4 | Client   9 | Train: loss=0.357, acc= 88.2% | time= 38.1ms | Valid: loss=1.992, acc= 44.0% |
Epoch   5 | Client   9 | Train: loss=0.240, acc= 93.7% | time= 38.1ms | Valid: loss=1.839, acc= 48.0% |
----------------------------------------
G-Epoch:   8, Test: loss=1.421 , acc= 56.0%
****************************************
Task:   0, G-Epoch:   8, Test: loss=1.406 , acc= 55.6%
Task:   1, G-Epoch:   8, Test: loss=2.311 , acc= 11.2%
Task:   2, G-Epoch:   8, Test: loss=2.317 , acc=  9.1%
Task:   3, G-Epoch:   8, Test: loss=2.307 , acc= 11.6%
Task:   4, G-Epoch:   8, Test: loss=2.310 , acc= 10.2%
Task:   5, G-Epoch:   8, Test: loss=2.303 , acc= 10.6%
Task:   6, G-Epoch:   8, Test: loss=2.299 , acc= 11.1%
Task:   7, G-Epoch:   8, Test: loss=2.317 , acc= 10.8%
Task:   8, G-Epoch:   8, Test: loss=2.305 , acc=  9.6%
Task:   9, G-Epoch:   8, Test: loss=2.313 , acc=  9.6%
{0: [39.3, 45.7, 48.7, 48.8, 51.1, 52.3, 53.9, 51.6, 55.6], 1: [10.2, 9.5, 11.1, 11.0, 9.3, 10.0, 10.6, 10.7, 11.2], 2: [10.3, 10.5, 9.7, 11.4, 11.1, 9.9, 8.6, 8.9, 9.1], 3: [10.3, 9.9, 8.6, 9.7, 9.2, 9.4, 9.3, 10.7, 11.6], 4: [11.0, 10.0, 10.7, 9.8, 10.8, 10.1, 10.0, 10.9, 10.2], 5: [9.1, 9.4, 10.6, 12.1, 10.5, 10.8, 11.3, 10.7, 10.6], 6: [10.1, 9.9, 12.1, 10.8, 10.4, 9.4, 9.2, 10.1, 11.1], 7: [9.2, 9.7, 10.3, 11.8, 11.8, 11.2, 12.2, 11.5, 10.8], 8: [7.8, 10.2, 9.5, 11.9, 11.6, 10.8, 9.4, 10.0, 9.6], 9: [10.4, 10.8, 9.5, 9.8, 8.9, 8.8, 8.5, 10.6, 9.6]}
Epoch   1 | Client   0 | Train: loss=0.239, acc= 93.5% | time= 37.5ms | Valid: loss=1.243, acc= 60.0% |
Epoch   2 | Client   0 | Train: loss=0.220, acc= 94.7% | time= 37.3ms | Valid: loss=1.404, acc= 60.0% |
Epoch   3 | Client   0 | Train: loss=0.276, acc= 91.4% | time= 37.1ms | Valid: loss=1.669, acc= 52.0% |
Epoch   4 | Client   0 | Train: loss=0.238, acc= 93.3% | time= 36.6ms | Valid: loss=1.703, acc= 60.0% |
Epoch   5 | Client   0 | Train: loss=0.267, acc= 93.1% | time= 36.3ms | Valid: loss=2.105, acc= 64.0% |
Epoch   1 | Client   1 | Train: loss=0.336, acc= 90.1% | time= 46.8ms | Valid: loss=1.259, acc= 52.0% |
Epoch   2 | Client   1 | Train: loss=0.280, acc= 91.6% | time= 39.6ms | Valid: loss=2.009, acc= 40.0% |
Epoch   3 | Client   1 | Train: loss=0.204, acc= 95.2% | time= 39.3ms | Valid: loss=1.853, acc= 56.0% |
Epoch   4 | Client   1 | Train: loss=0.194, acc= 94.7% | time= 39.4ms | Valid: loss=2.217, acc= 52.0% |
Epoch   5 | Client   1 | Train: loss=0.187, acc= 94.5% | time= 39.1ms | Valid: loss=1.880, acc= 52.0% |
Epoch   1 | Client   2 | Train: loss=0.382, acc= 88.0% | time= 52.0ms | Valid: loss=1.993, acc= 40.0% |
Epoch   2 | Client   2 | Train: loss=0.479, acc= 85.7% | time= 39.5ms | Valid: loss=1.703, acc= 44.0% |
Epoch   3 | Client   2 | Train: loss=0.328, acc= 89.3% | time= 39.4ms | Valid: loss=2.558, acc= 36.0% |
Epoch   4 | Client   2 | Train: loss=0.200, acc= 93.7% | time= 39.5ms | Valid: loss=1.859, acc= 56.0% |
Epoch   5 | Client   2 | Train: loss=0.205, acc= 94.5% | time= 39.4ms | Valid: loss=2.472, acc= 32.0% |
Epoch   1 | Client   3 | Train: loss=0.553, acc= 83.4% | time= 41.1ms | Valid: loss=1.497, acc= 48.0% |
Epoch   2 | Client   3 | Train: loss=0.250, acc= 93.5% | time= 39.6ms | Valid: loss=1.346, acc= 52.0% |
Epoch   3 | Client   3 | Train: loss=0.251, acc= 92.2% | time= 39.4ms | Valid: loss=1.306, acc= 52.0% |
Epoch   4 | Client   3 | Train: loss=0.140, acc= 96.4% | time= 38.6ms | Valid: loss=1.539, acc= 52.0% |
Epoch   5 | Client   3 | Train: loss=0.177, acc= 94.5% | time= 38.2ms | Valid: loss=1.394, acc= 48.0% |
Epoch   1 | Client   4 | Train: loss=0.255, acc= 92.6% | time= 41.2ms | Valid: loss=1.097, acc= 60.0% |
Epoch   2 | Client   4 | Train: loss=0.469, acc= 85.7% | time= 39.6ms | Valid: loss=1.731, acc= 44.0% |
Epoch   3 | Client   4 | Train: loss=0.291, acc= 91.8% | time= 39.5ms | Valid: loss=1.798, acc= 44.0% |
Epoch   4 | Client   4 | Train: loss=0.195, acc= 93.9% | time= 38.8ms | Valid: loss=1.485, acc= 56.0% |
Epoch   5 | Client   4 | Train: loss=0.305, acc= 88.6% | time= 38.8ms | Valid: loss=1.535, acc= 48.0% |
Epoch   1 | Client   5 | Train: loss=0.374, acc= 87.6% | time= 41.6ms | Valid: loss=1.298, acc= 56.0% |
Epoch   2 | Client   5 | Train: loss=0.235, acc= 94.5% | time= 41.3ms | Valid: loss=1.226, acc= 56.0% |
Epoch   3 | Client   5 | Train: loss=0.287, acc= 90.9% | time= 39.5ms | Valid: loss=1.086, acc= 64.0% |
Epoch   4 | Client   5 | Train: loss=0.311, acc= 90.7% | time= 39.6ms | Valid: loss=0.987, acc= 64.0% |
Epoch   5 | Client   5 | Train: loss=0.146, acc= 95.8% | time= 39.1ms | Valid: loss=0.989, acc= 56.0% |
Epoch   1 | Client   6 | Train: loss=0.443, acc= 85.3% | time= 48.7ms | Valid: loss=2.119, acc= 36.0% |
Epoch   2 | Client   6 | Train: loss=0.261, acc= 90.7% | time= 43.3ms | Valid: loss=1.609, acc= 44.0% |
Epoch   3 | Client   6 | Train: loss=0.201, acc= 94.7% | time= 42.9ms | Valid: loss=1.353, acc= 64.0% |
Epoch   4 | Client   6 | Train: loss=0.155, acc= 96.0% | time= 43.2ms | Valid: loss=1.834, acc= 48.0% |
Epoch   5 | Client   6 | Train: loss=0.180, acc= 95.4% | time= 41.8ms | Valid: loss=1.900, acc= 52.0% |
Epoch   1 | Client   7 | Train: loss=0.382, acc= 88.8% | time= 42.9ms | Valid: loss=2.063, acc= 40.0% |
Epoch   2 | Client   7 | Train: loss=0.278, acc= 91.6% | time= 39.6ms | Valid: loss=1.845, acc= 48.0% |
Epoch   3 | Client   7 | Train: loss=0.352, acc= 89.7% | time= 39.5ms | Valid: loss=1.804, acc= 52.0% |
Epoch   4 | Client   7 | Train: loss=0.161, acc= 96.2% | time= 39.7ms | Valid: loss=1.964, acc= 64.0% |
Epoch   5 | Client   7 | Train: loss=0.309, acc= 91.6% | time= 39.0ms | Valid: loss=1.676, acc= 52.0% |
Epoch   1 | Client   8 | Train: loss=0.292, acc= 91.4% | time= 41.5ms | Valid: loss=1.557, acc= 44.0% |
Epoch   2 | Client   8 | Train: loss=0.450, acc= 85.7% | time= 39.4ms | Valid: loss=1.272, acc= 40.0% |
Epoch   3 | Client   8 | Train: loss=0.322, acc= 87.6% | time= 39.4ms | Valid: loss=1.683, acc= 44.0% |
Epoch   4 | Client   8 | Train: loss=0.248, acc= 92.6% | time= 39.4ms | Valid: loss=1.529, acc= 56.0% |
Epoch   5 | Client   8 | Train: loss=0.193, acc= 93.9% | time= 38.5ms | Valid: loss=1.521, acc= 60.0% |
Epoch   1 | Client   9 | Train: loss=0.345, acc= 89.7% | time= 41.4ms | Valid: loss=1.826, acc= 28.0% |
Epoch   2 | Client   9 | Train: loss=0.271, acc= 91.8% | time= 39.5ms | Valid: loss=1.842, acc= 36.0% |
Epoch   3 | Client   9 | Train: loss=0.309, acc= 90.9% | time= 39.4ms | Valid: loss=1.883, acc= 32.0% |
Epoch   4 | Client   9 | Train: loss=0.467, acc= 85.1% | time= 38.5ms | Valid: loss=2.248, acc= 28.0% |
Epoch   5 | Client   9 | Train: loss=0.147, acc= 95.4% | time= 38.4ms | Valid: loss=2.262, acc= 28.0% |
----------------------------------------
G-Epoch:   9, Test: loss=1.434 , acc= 55.7%
****************************************
Task:   0, G-Epoch:   9, Test: loss=1.437 , acc= 54.8%
Task:   1, G-Epoch:   9, Test: loss=2.317 , acc=  8.9%
Task:   2, G-Epoch:   9, Test: loss=2.317 , acc=  8.7%
Task:   3, G-Epoch:   9, Test: loss=2.311 , acc= 11.0%
Task:   4, G-Epoch:   9, Test: loss=2.312 , acc= 10.0%
Task:   5, G-Epoch:   9, Test: loss=2.303 , acc= 12.6%
Task:   6, G-Epoch:   9, Test: loss=2.302 , acc=  9.8%
Task:   7, G-Epoch:   9, Test: loss=2.316 , acc= 11.1%
Task:   8, G-Epoch:   9, Test: loss=2.307 , acc= 10.5%
Task:   9, G-Epoch:   9, Test: loss=2.315 , acc= 10.0%
{0: [39.3, 45.7, 48.7, 48.8, 51.1, 52.3, 53.9, 51.6, 55.6, 54.8], 1: [10.2, 9.5, 11.1, 11.0, 9.3, 10.0, 10.6, 10.7, 11.2, 8.9], 2: [10.3, 10.5, 9.7, 11.4, 11.1, 9.9, 8.6, 8.9, 9.1, 8.7], 3: [10.3, 9.9, 8.6, 9.7, 9.2, 9.4, 9.3, 10.7, 11.6, 11.0], 4: [11.0, 10.0, 10.7, 9.8, 10.8, 10.1, 10.0, 10.9, 10.2, 10.0], 5: [9.1, 9.4, 10.6, 12.1, 10.5, 10.8, 11.3, 10.7, 10.6, 12.6], 6: [10.1, 9.9, 12.1, 10.8, 10.4, 9.4, 9.2, 10.1, 11.1, 9.8], 7: [9.2, 9.7, 10.3, 11.8, 11.8, 11.2, 12.2, 11.5, 10.8, 11.1], 8: [7.8, 10.2, 9.5, 11.9, 11.6, 10.8, 9.4, 10.0, 9.6, 10.5], 9: [10.4, 10.8, 9.5, 9.8, 8.9, 8.8, 8.5, 10.6, 9.6, 10.0]}
Epoch   1 | Client   0 | Train: loss=0.289, acc= 92.0% | time= 40.1ms | Valid: loss=1.664, acc= 52.0% |
Epoch   2 | Client   0 | Train: loss=0.213, acc= 94.3% | time= 39.1ms | Valid: loss=1.592, acc= 56.0% |
Epoch   3 | Client   0 | Train: loss=0.182, acc= 93.9% | time= 39.0ms | Valid: loss=1.428, acc= 48.0% |
Epoch   4 | Client   0 | Train: loss=0.213, acc= 93.9% | time= 37.7ms | Valid: loss=1.409, acc= 60.0% |
Epoch   5 | Client   0 | Train: loss=0.142, acc= 96.2% | time= 37.6ms | Valid: loss=1.340, acc= 68.0% |
Epoch   1 | Client   1 | Train: loss=0.543, acc= 84.2% | time= 42.5ms | Valid: loss=1.634, acc= 48.0% |
Epoch   2 | Client   1 | Train: loss=0.158, acc= 95.8% | time= 39.4ms | Valid: loss=1.655, acc= 52.0% |
Epoch   3 | Client   1 | Train: loss=0.320, acc= 89.3% | time= 39.2ms | Valid: loss=2.106, acc= 44.0% |
Epoch   4 | Client   1 | Train: loss=0.098, acc= 98.3% | time= 39.3ms | Valid: loss=1.604, acc= 64.0% |
Epoch   5 | Client   1 | Train: loss=0.122, acc= 96.6% | time= 39.2ms | Valid: loss=1.588, acc= 48.0% |
Epoch   1 | Client   2 | Train: loss=0.353, acc= 89.5% | time= 40.7ms | Valid: loss=2.631, acc= 28.0% |
Epoch   2 | Client   2 | Train: loss=0.311, acc= 89.7% | time= 39.2ms | Valid: loss=2.700, acc= 24.0% |
Epoch   3 | Client   2 | Train: loss=0.620, acc= 82.1% | time= 39.2ms | Valid: loss=3.140, acc= 20.0% |
Epoch   4 | Client   2 | Train: loss=0.252, acc= 91.6% | time= 38.4ms | Valid: loss=2.682, acc= 32.0% |
Epoch   5 | Client   2 | Train: loss=0.272, acc= 92.0% | time= 38.5ms | Valid: loss=1.878, acc= 48.0% |
Epoch   1 | Client   3 | Train: loss=0.254, acc= 92.2% | time= 41.2ms | Valid: loss=1.567, acc= 52.0% |
Epoch   2 | Client   3 | Train: loss=0.202, acc= 93.9% | time= 39.3ms | Valid: loss=1.495, acc= 52.0% |
Epoch   3 | Client   3 | Train: loss=0.302, acc= 88.8% | time= 39.2ms | Valid: loss=1.665, acc= 44.0% |
Epoch   4 | Client   3 | Train: loss=0.173, acc= 95.8% | time= 39.0ms | Valid: loss=1.416, acc= 40.0% |
Epoch   5 | Client   3 | Train: loss=0.111, acc= 97.3% | time= 38.7ms | Valid: loss=1.526, acc= 52.0% |
Epoch   1 | Client   4 | Train: loss=0.389, acc= 86.3% | time= 41.2ms | Valid: loss=1.319, acc= 56.0% |
Epoch   2 | Client   4 | Train: loss=0.262, acc= 91.2% | time= 39.3ms | Valid: loss=1.581, acc= 44.0% |
Epoch   3 | Client   4 | Train: loss=0.179, acc= 94.9% | time= 39.1ms | Valid: loss=1.730, acc= 48.0% |
Epoch   4 | Client   4 | Train: loss=0.376, acc= 89.1% | time= 39.2ms | Valid: loss=1.728, acc= 40.0% |
Epoch   5 | Client   4 | Train: loss=0.108, acc= 97.7% | time= 39.1ms | Valid: loss=1.623, acc= 44.0% |
Epoch   1 | Client   5 | Train: loss=0.204, acc= 95.4% | time= 44.9ms | Valid: loss=1.070, acc= 72.0% |
Epoch   2 | Client   5 | Train: loss=0.302, acc= 88.8% | time= 37.7ms | Valid: loss=1.306, acc= 64.0% |
Epoch   3 | Client   5 | Train: loss=0.539, acc= 86.1% | time= 37.6ms | Valid: loss=1.529, acc= 60.0% |
Epoch   4 | Client   5 | Train: loss=0.169, acc= 93.7% | time= 37.8ms | Valid: loss=1.016, acc= 68.0% |
Epoch   5 | Client   5 | Train: loss=0.315, acc= 90.5% | time= 38.5ms | Valid: loss=1.502, acc= 60.0% |
Epoch   1 | Client   6 | Train: loss=0.335, acc= 88.2% | time= 39.4ms | Valid: loss=1.514, acc= 56.0% |
Epoch   2 | Client   6 | Train: loss=0.318, acc= 89.7% | time= 37.9ms | Valid: loss=1.815, acc= 60.0% |
Epoch   3 | Client   6 | Train: loss=0.224, acc= 94.1% | time= 38.1ms | Valid: loss=1.832, acc= 52.0% |
Epoch   4 | Client   6 | Train: loss=0.246, acc= 93.9% | time= 38.1ms | Valid: loss=2.042, acc= 56.0% |
Epoch   5 | Client   6 | Train: loss=0.098, acc= 97.3% | time= 38.2ms | Valid: loss=1.665, acc= 60.0% |
Epoch   1 | Client   7 | Train: loss=0.331, acc= 89.1% | time= 39.3ms | Valid: loss=2.089, acc= 40.0% |
Epoch   2 | Client   7 | Train: loss=0.304, acc= 89.7% | time= 38.0ms | Valid: loss=2.046, acc= 44.0% |
Epoch   3 | Client   7 | Train: loss=0.136, acc= 97.3% | time= 37.9ms | Valid: loss=1.824, acc= 56.0% |
Epoch   4 | Client   7 | Train: loss=0.117, acc= 97.7% | time= 38.1ms | Valid: loss=1.578, acc= 52.0% |
Epoch   5 | Client   7 | Train: loss=0.124, acc= 96.2% | time= 38.0ms | Valid: loss=1.593, acc= 60.0% |
Epoch   1 | Client   8 | Train: loss=0.275, acc= 91.6% | time= 39.3ms | Valid: loss=1.273, acc= 60.0% |
Epoch   2 | Client   8 | Train: loss=0.216, acc= 94.9% | time= 37.8ms | Valid: loss=1.548, acc= 52.0% |
Epoch   3 | Client   8 | Train: loss=0.199, acc= 93.7% | time= 37.9ms | Valid: loss=1.795, acc= 48.0% |
Epoch   4 | Client   8 | Train: loss=0.263, acc= 92.0% | time= 37.9ms | Valid: loss=1.975, acc= 60.0% |
Epoch   5 | Client   8 | Train: loss=0.162, acc= 95.6% | time= 38.1ms | Valid: loss=1.961, acc= 44.0% |
Epoch   1 | Client   9 | Train: loss=0.287, acc= 91.4% | time= 39.2ms | Valid: loss=1.879, acc= 36.0% |
Epoch   2 | Client   9 | Train: loss=0.218, acc= 94.9% | time= 37.8ms | Valid: loss=2.104, acc= 40.0% |
Epoch   3 | Client   9 | Train: loss=0.282, acc= 90.3% | time= 37.8ms | Valid: loss=1.749, acc= 52.0% |
Epoch   4 | Client   9 | Train: loss=0.325, acc= 90.5% | time= 37.9ms | Valid: loss=2.265, acc= 40.0% |
Epoch   5 | Client   9 | Train: loss=0.216, acc= 92.8% | time= 37.9ms | Valid: loss=2.242, acc= 44.0% |
----------------------------------------
G-Epoch:  10, Test: loss=1.452 , acc= 53.8%
****************************************
Task:   0, G-Epoch:  10, Test: loss=1.442 , acc= 53.3%
Task:   1, G-Epoch:  10, Test: loss=2.315 , acc=  9.1%
Task:   2, G-Epoch:  10, Test: loss=2.317 , acc=  9.4%
Task:   3, G-Epoch:  10, Test: loss=2.312 , acc= 11.6%
Task:   4, G-Epoch:  10, Test: loss=2.312 , acc= 10.2%
Task:   5, G-Epoch:  10, Test: loss=2.298 , acc= 12.5%
Task:   6, G-Epoch:  10, Test: loss=2.300 , acc= 10.4%
Task:   7, G-Epoch:  10, Test: loss=2.312 , acc= 12.2%
Task:   8, G-Epoch:  10, Test: loss=2.306 , acc=  9.9%
Task:   9, G-Epoch:  10, Test: loss=2.317 , acc=  6.8%
{0: [39.3, 45.7, 48.7, 48.8, 51.1, 52.3, 53.9, 51.6, 55.6, 54.8, 53.3], 1: [10.2, 9.5, 11.1, 11.0, 9.3, 10.0, 10.6, 10.7, 11.2, 8.9, 9.1], 2: [10.3, 10.5, 9.7, 11.4, 11.1, 9.9, 8.6, 8.9, 9.1, 8.7, 9.4], 3: [10.3, 9.9, 8.6, 9.7, 9.2, 9.4, 9.3, 10.7, 11.6, 11.0, 11.6], 4: [11.0, 10.0, 10.7, 9.8, 10.8, 10.1, 10.0, 10.9, 10.2, 10.0, 10.2], 5: [9.1, 9.4, 10.6, 12.1, 10.5, 10.8, 11.3, 10.7, 10.6, 12.6, 12.5], 6: [10.1, 9.9, 12.1, 10.8, 10.4, 9.4, 9.2, 10.1, 11.1, 9.8, 10.4], 7: [9.2, 9.7, 10.3, 11.8, 11.8, 11.2, 12.2, 11.5, 10.8, 11.1, 12.2], 8: [7.8, 10.2, 9.5, 11.9, 11.6, 10.8, 9.4, 10.0, 9.6, 10.5, 9.9], 9: [10.4, 10.8, 9.5, 9.8, 8.9, 8.8, 8.5, 10.6, 9.6, 10.0, 6.8]}
Epoch   1 | Client   0 | Train: loss=0.787, acc= 76.6% | time= 37.8ms | Valid: loss=2.316, acc= 40.0% |
Epoch   2 | Client   0 | Train: loss=0.251, acc= 91.2% | time= 36.8ms | Valid: loss=1.292, acc= 60.0% |
Epoch   3 | Client   0 | Train: loss=0.121, acc= 98.3% | time= 36.6ms | Valid: loss=1.376, acc= 60.0% |
Epoch   4 | Client   0 | Train: loss=0.081, acc= 98.7% | time= 37.1ms | Valid: loss=1.139, acc= 60.0% |
Epoch   5 | Client   0 | Train: loss=0.038, acc=100.0% | time= 37.0ms | Valid: loss=1.288, acc= 72.0% |
Epoch   1 | Client   1 | Train: loss=0.274, acc= 91.4% | time= 39.3ms | Valid: loss=1.591, acc= 56.0% |
Epoch   2 | Client   1 | Train: loss=0.114, acc= 97.3% | time= 39.8ms | Valid: loss=1.552, acc= 56.0% |
Epoch   3 | Client   1 | Train: loss=0.103, acc= 97.1% | time= 41.4ms | Valid: loss=2.035, acc= 48.0% |
Epoch   4 | Client   1 | Train: loss=0.174, acc= 95.2% | time= 39.4ms | Valid: loss=2.485, acc= 48.0% |
Epoch   5 | Client   1 | Train: loss=0.100, acc= 97.3% | time= 39.3ms | Valid: loss=2.189, acc= 40.0% |
Epoch   1 | Client   2 | Train: loss=0.262, acc= 91.8% | time= 40.7ms | Valid: loss=1.945, acc= 48.0% |
Epoch   2 | Client   2 | Train: loss=0.245, acc= 91.2% | time= 39.4ms | Valid: loss=2.304, acc= 44.0% |
Epoch   3 | Client   2 | Train: loss=0.192, acc= 94.5% | time= 39.1ms | Valid: loss=2.053, acc= 44.0% |
Epoch   4 | Client   2 | Train: loss=0.164, acc= 96.8% | time= 38.3ms | Valid: loss=2.107, acc= 56.0% |
Epoch   5 | Client   2 | Train: loss=0.109, acc= 97.7% | time= 38.4ms | Valid: loss=2.176, acc= 52.0% |
Epoch   1 | Client   3 | Train: loss=0.220, acc= 94.1% | time= 40.6ms | Valid: loss=1.370, acc= 44.0% |
Epoch   2 | Client   3 | Train: loss=0.137, acc= 96.4% | time= 39.4ms | Valid: loss=1.464, acc= 40.0% |
Epoch   3 | Client   3 | Train: loss=0.198, acc= 94.1% | time= 39.3ms | Valid: loss=1.356, acc= 64.0% |
Epoch   4 | Client   3 | Train: loss=0.172, acc= 95.2% | time= 38.7ms | Valid: loss=1.673, acc= 44.0% |
Epoch   5 | Client   3 | Train: loss=0.161, acc= 95.6% | time= 38.7ms | Valid: loss=1.610, acc= 60.0% |
Epoch   1 | Client   4 | Train: loss=0.215, acc= 93.9% | time= 40.6ms | Valid: loss=1.689, acc= 44.0% |
Epoch   2 | Client   4 | Train: loss=0.413, acc= 86.1% | time= 39.4ms | Valid: loss=1.732, acc= 40.0% |
Epoch   3 | Client   4 | Train: loss=0.130, acc= 96.4% | time= 39.3ms | Valid: loss=1.573, acc= 56.0% |
Epoch   4 | Client   4 | Train: loss=0.127, acc= 96.8% | time= 39.3ms | Valid: loss=1.785, acc= 52.0% |
Epoch   5 | Client   4 | Train: loss=0.077, acc= 98.3% | time= 37.9ms | Valid: loss=1.656, acc= 52.0% |
Epoch   1 | Client   5 | Train: loss=0.241, acc= 92.0% | time= 40.5ms | Valid: loss=1.110, acc= 64.0% |
Epoch   2 | Client   5 | Train: loss=0.257, acc= 91.6% | time= 39.5ms | Valid: loss=1.250, acc= 52.0% |
Epoch   3 | Client   5 | Train: loss=0.129, acc= 97.1% | time= 39.2ms | Valid: loss=0.959, acc= 72.0% |
Epoch   4 | Client   5 | Train: loss=0.233, acc= 93.9% | time= 39.0ms | Valid: loss=1.210, acc= 68.0% |
Epoch   5 | Client   5 | Train: loss=0.342, acc= 88.8% | time= 37.7ms | Valid: loss=1.661, acc= 52.0% |
Epoch   1 | Client   6 | Train: loss=0.159, acc= 95.4% | time= 40.5ms | Valid: loss=1.591, acc= 48.0% |
Epoch   2 | Client   6 | Train: loss=0.166, acc= 96.4% | time= 39.3ms | Valid: loss=1.312, acc= 56.0% |
Epoch   3 | Client   6 | Train: loss=0.102, acc= 97.9% | time= 39.2ms | Valid: loss=1.904, acc= 48.0% |
Epoch   4 | Client   6 | Train: loss=0.153, acc= 94.9% | time= 39.2ms | Valid: loss=1.893, acc= 64.0% |
Epoch   5 | Client   6 | Train: loss=0.083, acc= 97.7% | time= 39.2ms | Valid: loss=1.755, acc= 64.0% |
Epoch   1 | Client   7 | Train: loss=0.187, acc= 94.3% | time= 40.6ms | Valid: loss=1.737, acc= 52.0% |
Epoch   2 | Client   7 | Train: loss=0.191, acc= 93.9% | time= 39.4ms | Valid: loss=1.692, acc= 44.0% |
Epoch   3 | Client   7 | Train: loss=0.166, acc= 95.2% | time= 39.3ms | Valid: loss=2.190, acc= 44.0% |
Epoch   4 | Client   7 | Train: loss=0.196, acc= 92.6% | time= 39.3ms | Valid: loss=2.413, acc= 48.0% |
Epoch   5 | Client   7 | Train: loss=0.191, acc= 92.8% | time= 37.8ms | Valid: loss=2.176, acc= 48.0% |
Epoch   1 | Client   8 | Train: loss=0.306, acc= 91.8% | time= 40.6ms | Valid: loss=1.843, acc= 52.0% |
Epoch   2 | Client   8 | Train: loss=0.130, acc= 96.6% | time= 39.3ms | Valid: loss=1.460, acc= 64.0% |
Epoch   3 | Client   8 | Train: loss=0.099, acc= 97.9% | time= 39.2ms | Valid: loss=1.543, acc= 48.0% |
Epoch   4 | Client   8 | Train: loss=0.078, acc= 98.1% | time= 38.3ms | Valid: loss=1.491, acc= 56.0% |
Epoch   5 | Client   8 | Train: loss=0.125, acc= 97.3% | time= 38.3ms | Valid: loss=1.778, acc= 52.0% |
Epoch   1 | Client   9 | Train: loss=0.259, acc= 92.6% | time= 40.5ms | Valid: loss=2.366, acc= 24.0% |
Epoch   2 | Client   9 | Train: loss=0.226, acc= 92.8% | time= 39.5ms | Valid: loss=1.729, acc= 52.0% |
Epoch   3 | Client   9 | Train: loss=0.270, acc= 91.8% | time= 39.2ms | Valid: loss=1.886, acc= 52.0% |
Epoch   4 | Client   9 | Train: loss=0.077, acc= 98.5% | time= 39.2ms | Valid: loss=2.039, acc= 44.0% |
Epoch   5 | Client   9 | Train: loss=0.080, acc= 97.1% | time= 39.2ms | Valid: loss=1.761, acc= 48.0% |
----------------------------------------
G-Epoch:  11, Test: loss=1.427 , acc= 56.2%
****************************************
Task:   0, G-Epoch:  11, Test: loss=1.447 , acc= 54.9%
Task:   1, G-Epoch:  11, Test: loss=2.314 , acc= 10.8%
Task:   2, G-Epoch:  11, Test: loss=2.316 , acc=  9.6%
Task:   3, G-Epoch:  11, Test: loss=2.306 , acc= 11.9%
Task:   4, G-Epoch:  11, Test: loss=2.312 , acc=  9.9%
Task:   5, G-Epoch:  11, Test: loss=2.301 , acc= 11.6%
Task:   6, G-Epoch:  11, Test: loss=2.299 , acc= 11.0%
Task:   7, G-Epoch:  11, Test: loss=2.308 , acc= 11.9%
Task:   8, G-Epoch:  11, Test: loss=2.308 , acc=  9.9%
Task:   9, G-Epoch:  11, Test: loss=2.317 , acc=  8.7%
{0: [39.3, 45.7, 48.7, 48.8, 51.1, 52.3, 53.9, 51.6, 55.6, 54.8, 53.3, 54.9], 1: [10.2, 9.5, 11.1, 11.0, 9.3, 10.0, 10.6, 10.7, 11.2, 8.9, 9.1, 10.8], 2: [10.3, 10.5, 9.7, 11.4, 11.1, 9.9, 8.6, 8.9, 9.1, 8.7, 9.4, 9.6], 3: [10.3, 9.9, 8.6, 9.7, 9.2, 9.4, 9.3, 10.7, 11.6, 11.0, 11.6, 11.9], 4: [11.0, 10.0, 10.7, 9.8, 10.8, 10.1, 10.0, 10.9, 10.2, 10.0, 10.2, 9.9], 5: [9.1, 9.4, 10.6, 12.1, 10.5, 10.8, 11.3, 10.7, 10.6, 12.6, 12.5, 11.6], 6: [10.1, 9.9, 12.1, 10.8, 10.4, 9.4, 9.2, 10.1, 11.1, 9.8, 10.4, 11.0], 7: [9.2, 9.7, 10.3, 11.8, 11.8, 11.2, 12.2, 11.5, 10.8, 11.1, 12.2, 11.9], 8: [7.8, 10.2, 9.5, 11.9, 11.6, 10.8, 9.4, 10.0, 9.6, 10.5, 9.9, 9.9], 9: [10.4, 10.8, 9.5, 9.8, 8.9, 8.8, 8.5, 10.6, 9.6, 10.0, 6.8, 8.7]}
Epoch   1 | Client   0 | Train: loss=0.196, acc= 93.1% | time= 39.1ms | Valid: loss=1.329, acc= 48.0% |
Epoch   2 | Client   0 | Train: loss=0.210, acc= 93.9% | time= 38.6ms | Valid: loss=1.617, acc= 60.0% |
Epoch   3 | Client   0 | Train: loss=0.289, acc= 92.6% | time= 38.6ms | Valid: loss=1.553, acc= 56.0% |
Epoch   4 | Client   0 | Train: loss=0.096, acc= 97.5% | time= 38.6ms | Valid: loss=1.450, acc= 60.0% |
Epoch   5 | Client   0 | Train: loss=0.083, acc= 97.7% | time= 37.4ms | Valid: loss=1.411, acc= 64.0% |
Epoch   1 | Client   1 | Train: loss=0.242, acc= 93.5% | time= 40.3ms | Valid: loss=1.836, acc= 48.0% |
Epoch   2 | Client   1 | Train: loss=0.074, acc= 98.7% | time= 39.3ms | Valid: loss=1.481, acc= 48.0% |
Epoch   3 | Client   1 | Train: loss=0.129, acc= 95.4% | time= 39.1ms | Valid: loss=1.773, acc= 56.0% |
Epoch   4 | Client   1 | Train: loss=0.102, acc= 97.3% | time= 38.5ms | Valid: loss=1.664, acc= 64.0% |
Epoch   5 | Client   1 | Train: loss=0.063, acc= 98.7% | time= 38.5ms | Valid: loss=2.174, acc= 48.0% |
Epoch   1 | Client   2 | Train: loss=0.284, acc= 92.2% | time= 39.3ms | Valid: loss=1.749, acc= 60.0% |
Epoch   2 | Client   2 | Train: loss=0.116, acc= 96.8% | time= 37.4ms | Valid: loss=1.989, acc= 44.0% |
Epoch   3 | Client   2 | Train: loss=0.144, acc= 96.2% | time= 38.2ms | Valid: loss=1.868, acc= 56.0% |
Epoch   4 | Client   2 | Train: loss=0.132, acc= 95.8% | time= 43.0ms | Valid: loss=2.397, acc= 40.0% |
Epoch   5 | Client   2 | Train: loss=0.087, acc= 97.3% | time= 41.7ms | Valid: loss=1.894, acc= 60.0% |
Epoch   1 | Client   3 | Train: loss=0.106, acc= 97.7% | time= 41.5ms | Valid: loss=1.437, acc= 48.0% |
Epoch   2 | Client   3 | Train: loss=0.226, acc= 93.7% | time= 39.2ms | Valid: loss=1.640, acc= 52.0% |
Epoch   3 | Client   3 | Train: loss=0.116, acc= 96.8% | time= 39.2ms | Valid: loss=1.437, acc= 60.0% |
Epoch   4 | Client   3 | Train: loss=0.119, acc= 96.8% | time= 38.7ms | Valid: loss=1.531, acc= 44.0% |
Epoch   5 | Client   3 | Train: loss=0.028, acc= 99.6% | time= 37.5ms | Valid: loss=1.232, acc= 64.0% |
Epoch   1 | Client   4 | Train: loss=0.144, acc= 96.4% | time= 40.5ms | Valid: loss=1.325, acc= 52.0% |
Epoch   2 | Client   4 | Train: loss=0.209, acc= 94.7% | time= 39.2ms | Valid: loss=1.055, acc= 52.0% |
Epoch   3 | Client   4 | Train: loss=0.198, acc= 94.3% | time= 39.0ms | Valid: loss=1.399, acc= 60.0% |
Epoch   4 | Client   4 | Train: loss=0.074, acc= 97.9% | time= 39.1ms | Valid: loss=1.495, acc= 40.0% |
Epoch   5 | Client   4 | Train: loss=0.049, acc= 99.2% | time= 37.9ms | Valid: loss=1.776, acc= 52.0% |
Epoch   1 | Client   5 | Train: loss=0.178, acc= 95.8% | time= 40.4ms | Valid: loss=1.207, acc= 60.0% |
Epoch   2 | Client   5 | Train: loss=0.163, acc= 95.8% | time= 39.1ms | Valid: loss=0.912, acc= 72.0% |
Epoch   3 | Client   5 | Train: loss=0.202, acc= 94.7% | time= 39.0ms | Valid: loss=1.421, acc= 68.0% |
Epoch   4 | Client   5 | Train: loss=0.070, acc= 98.9% | time= 39.1ms | Valid: loss=1.105, acc= 72.0% |
Epoch   5 | Client   5 | Train: loss=0.037, acc=100.0% | time= 39.4ms | Valid: loss=1.079, acc= 68.0% |
Epoch   1 | Client   6 | Train: loss=0.176, acc= 95.2% | time= 40.8ms | Valid: loss=1.703, acc= 56.0% |
Epoch   2 | Client   6 | Train: loss=0.158, acc= 95.2% | time= 39.5ms | Valid: loss=1.665, acc= 56.0% |
Epoch   3 | Client   6 | Train: loss=0.178, acc= 95.2% | time= 39.4ms | Valid: loss=1.715, acc= 64.0% |
Epoch   4 | Client   6 | Train: loss=0.282, acc= 90.5% | time= 39.4ms | Valid: loss=1.653, acc= 60.0% |
Epoch   5 | Client   6 | Train: loss=0.068, acc= 98.3% | time= 37.9ms | Valid: loss=1.614, acc= 64.0% |
Epoch   1 | Client   7 | Train: loss=0.123, acc= 97.7% | time= 40.7ms | Valid: loss=1.920, acc= 52.0% |
Epoch   2 | Client   7 | Train: loss=0.087, acc= 98.3% | time= 39.5ms | Valid: loss=1.707, acc= 60.0% |
Epoch   3 | Client   7 | Train: loss=0.254, acc= 90.7% | time= 39.4ms | Valid: loss=1.908, acc= 48.0% |
Epoch   4 | Client   7 | Train: loss=0.207, acc= 93.7% | time= 39.4ms | Valid: loss=1.764, acc= 48.0% |
Epoch   5 | Client   7 | Train: loss=0.304, acc= 91.2% | time= 39.4ms | Valid: loss=2.735, acc= 40.0% |
Epoch   1 | Client   8 | Train: loss=0.238, acc= 93.5% | time= 55.3ms | Valid: loss=2.031, acc= 56.0% |
Epoch   2 | Client   8 | Train: loss=0.288, acc= 90.5% | time= 39.3ms | Valid: loss=1.699, acc= 48.0% |
Epoch   3 | Client   8 | Train: loss=0.198, acc= 93.7% | time= 39.2ms | Valid: loss=1.849, acc= 44.0% |
Epoch   4 | Client   8 | Train: loss=0.050, acc= 99.2% | time= 39.3ms | Valid: loss=1.758, acc= 60.0% |
Epoch   5 | Client   8 | Train: loss=0.109, acc= 97.5% | time= 39.3ms | Valid: loss=1.745, acc= 52.0% |
Epoch   1 | Client   9 | Train: loss=0.163, acc= 95.6% | time= 40.6ms | Valid: loss=1.817, acc= 52.0% |
Epoch   2 | Client   9 | Train: loss=0.159, acc= 95.6% | time= 39.3ms | Valid: loss=1.943, acc= 44.0% |
Epoch   3 | Client   9 | Train: loss=0.221, acc= 92.4% | time= 39.4ms | Valid: loss=1.993, acc= 36.0% |
Epoch   4 | Client   9 | Train: loss=0.082, acc= 98.3% | time= 39.2ms | Valid: loss=1.869, acc= 52.0% |
Epoch   5 | Client   9 | Train: loss=0.074, acc= 98.3% | time= 39.0ms | Valid: loss=1.675, acc= 44.0% |
----------------------------------------
G-Epoch:  12, Test: loss=1.461 , acc= 57.6%
****************************************
Task:   0, G-Epoch:  12, Test: loss=1.465 , acc= 58.1%
Task:   1, G-Epoch:  12, Test: loss=2.311 , acc= 10.8%
Task:   2, G-Epoch:  12, Test: loss=2.321 , acc=  7.7%
Task:   3, G-Epoch:  12, Test: loss=2.308 , acc= 11.3%
Task:   4, G-Epoch:  12, Test: loss=2.316 , acc=  9.6%
Task:   5, G-Epoch:  12, Test: loss=2.300 , acc= 11.5%
Task:   6, G-Epoch:  12, Test: loss=2.299 , acc= 10.9%
Task:   7, G-Epoch:  12, Test: loss=2.309 , acc= 11.9%
Task:   8, G-Epoch:  12, Test: loss=2.303 , acc= 10.2%
Task:   9, G-Epoch:  12, Test: loss=2.311 , acc= 10.7%
{0: [39.3, 45.7, 48.7, 48.8, 51.1, 52.3, 53.9, 51.6, 55.6, 54.8, 53.3, 54.9, 58.1], 1: [10.2, 9.5, 11.1, 11.0, 9.3, 10.0, 10.6, 10.7, 11.2, 8.9, 9.1, 10.8, 10.8], 2: [10.3, 10.5, 9.7, 11.4, 11.1, 9.9, 8.6, 8.9, 9.1, 8.7, 9.4, 9.6, 7.7], 3: [10.3, 9.9, 8.6, 9.7, 9.2, 9.4, 9.3, 10.7, 11.6, 11.0, 11.6, 11.9, 11.3], 4: [11.0, 10.0, 10.7, 9.8, 10.8, 10.1, 10.0, 10.9, 10.2, 10.0, 10.2, 9.9, 9.6], 5: [9.1, 9.4, 10.6, 12.1, 10.5, 10.8, 11.3, 10.7, 10.6, 12.6, 12.5, 11.6, 11.5], 6: [10.1, 9.9, 12.1, 10.8, 10.4, 9.4, 9.2, 10.1, 11.1, 9.8, 10.4, 11.0, 10.9], 7: [9.2, 9.7, 10.3, 11.8, 11.8, 11.2, 12.2, 11.5, 10.8, 11.1, 12.2, 11.9, 11.9], 8: [7.8, 10.2, 9.5, 11.9, 11.6, 10.8, 9.4, 10.0, 9.6, 10.5, 9.9, 9.9, 10.2], 9: [10.4, 10.8, 9.5, 9.8, 8.9, 8.8, 8.5, 10.6, 9.6, 10.0, 6.8, 8.7, 10.7]}
Epoch   1 | Client   0 | Train: loss=0.157, acc= 96.4% | time= 39.8ms | Valid: loss=1.546, acc= 52.0% |
Epoch   2 | Client   0 | Train: loss=0.133, acc= 95.8% | time= 39.4ms | Valid: loss=1.393, acc= 68.0% |
Epoch   3 | Client   0 | Train: loss=0.148, acc= 95.6% | time= 39.1ms | Valid: loss=1.570, acc= 60.0% |
Epoch   4 | Client   0 | Train: loss=0.033, acc= 99.6% | time= 38.4ms | Valid: loss=1.288, acc= 60.0% |
Epoch   5 | Client   0 | Train: loss=0.086, acc= 97.7% | time= 37.7ms | Valid: loss=1.228, acc= 64.0% |
Epoch   1 | Client   1 | Train: loss=0.528, acc= 82.9% | time= 40.5ms | Valid: loss=1.578, acc= 64.0% |
Epoch   2 | Client   1 | Train: loss=0.180, acc= 95.4% | time= 39.2ms | Valid: loss=1.376, acc= 56.0% |
Epoch   3 | Client   1 | Train: loss=0.094, acc= 97.9% | time= 39.2ms | Valid: loss=1.681, acc= 52.0% |
Epoch   4 | Client   1 | Train: loss=0.065, acc= 98.7% | time= 39.2ms | Valid: loss=1.751, acc= 56.0% |
Epoch   5 | Client   1 | Train: loss=0.101, acc= 96.8% | time= 39.1ms | Valid: loss=2.260, acc= 56.0% |
Epoch   1 | Client   2 | Train: loss=0.084, acc= 99.2% | time= 40.5ms | Valid: loss=1.868, acc= 44.0% |
Epoch   2 | Client   2 | Train: loss=0.081, acc= 98.3% | time= 39.3ms | Valid: loss=1.841, acc= 48.0% |
Epoch   3 | Client   2 | Train: loss=0.087, acc= 97.1% | time= 39.1ms | Valid: loss=1.625, acc= 60.0% |
Epoch   4 | Client   2 | Train: loss=0.084, acc= 98.3% | time= 38.5ms | Valid: loss=2.458, acc= 40.0% |
Epoch   5 | Client   2 | Train: loss=0.097, acc= 97.7% | time= 37.6ms | Valid: loss=1.869, acc= 56.0% |
Epoch   1 | Client   3 | Train: loss=0.381, acc= 90.1% | time= 41.1ms | Valid: loss=2.044, acc= 52.0% |
Epoch   2 | Client   3 | Train: loss=0.126, acc= 96.6% | time= 39.3ms | Valid: loss=1.630, acc= 52.0% |
Epoch   3 | Client   3 | Train: loss=0.126, acc= 96.0% | time= 39.2ms | Valid: loss=1.561, acc= 60.0% |
Epoch   4 | Client   3 | Train: loss=0.077, acc= 98.1% | time= 39.2ms | Valid: loss=1.458, acc= 60.0% |
Epoch   5 | Client   3 | Train: loss=0.094, acc= 97.1% | time= 39.2ms | Valid: loss=1.918, acc= 60.0% |
Epoch   1 | Client   4 | Train: loss=0.200, acc= 93.7% | time= 45.8ms | Valid: loss=1.732, acc= 52.0% |
Epoch   2 | Client   4 | Train: loss=0.206, acc= 93.9% | time= 39.4ms | Valid: loss=1.693, acc= 52.0% |
Epoch   3 | Client   4 | Train: loss=0.312, acc= 89.1% | time= 39.3ms | Valid: loss=1.860, acc= 44.0% |
Epoch   4 | Client   4 | Train: loss=0.495, acc= 85.5% | time= 38.4ms | Valid: loss=2.353, acc= 36.0% |
Epoch   5 | Client   4 | Train: loss=0.041, acc= 99.6% | time= 38.5ms | Valid: loss=1.558, acc= 56.0% |
Epoch   1 | Client   5 | Train: loss=0.270, acc= 92.0% | time= 39.6ms | Valid: loss=1.137, acc= 72.0% |
Epoch   2 | Client   5 | Train: loss=0.112, acc= 96.8% | time= 37.8ms | Valid: loss=1.001, acc= 72.0% |
Epoch   3 | Client   5 | Train: loss=0.088, acc= 98.1% | time= 37.7ms | Valid: loss=1.046, acc= 80.0% |
Epoch   4 | Client   5 | Train: loss=0.100, acc= 97.1% | time= 38.9ms | Valid: loss=1.067, acc= 72.0% |
Epoch   5 | Client   5 | Train: loss=0.163, acc= 96.4% | time= 37.7ms | Valid: loss=1.205, acc= 72.0% |
Epoch   1 | Client   6 | Train: loss=0.882, acc= 74.1% | time= 43.3ms | Valid: loss=2.314, acc= 36.0% |
Epoch   2 | Client   6 | Train: loss=0.226, acc= 92.2% | time= 38.0ms | Valid: loss=1.978, acc= 40.0% |
Epoch   3 | Client   6 | Train: loss=0.249, acc= 92.4% | time= 37.8ms | Valid: loss=2.173, acc= 52.0% |
Epoch   4 | Client   6 | Train: loss=0.123, acc= 96.6% | time= 35.2ms | Valid: loss=1.761, acc= 56.0% |
Epoch   5 | Client   6 | Train: loss=0.045, acc= 99.2% | time= 46.5ms | Valid: loss=1.823, acc= 56.0% |
Epoch   1 | Client   7 | Train: loss=0.123, acc= 97.3% | time= 37.6ms | Valid: loss=1.686, acc= 48.0% |
Epoch   2 | Client   7 | Train: loss=0.185, acc= 94.9% | time= 42.3ms | Valid: loss=2.248, acc= 44.0% |
Epoch   3 | Client   7 | Train: loss=0.086, acc= 97.9% | time= 46.9ms | Valid: loss=2.154, acc= 52.0% |
Epoch   4 | Client   7 | Train: loss=0.103, acc= 96.2% | time= 39.4ms | Valid: loss=2.021, acc= 52.0% |
Epoch   5 | Client   7 | Train: loss=0.131, acc= 95.6% | time= 37.7ms | Valid: loss=2.332, acc= 36.0% |
Epoch   1 | Client   8 | Train: loss=0.193, acc= 93.5% | time= 41.7ms | Valid: loss=2.536, acc= 36.0% |
Epoch   2 | Client   8 | Train: loss=0.199, acc= 93.5% | time= 43.0ms | Valid: loss=1.901, acc= 40.0% |
Epoch   3 | Client   8 | Train: loss=0.058, acc= 98.5% | time= 46.9ms | Valid: loss=1.701, acc= 56.0% |
Epoch   4 | Client   8 | Train: loss=0.093, acc= 97.1% | time= 47.5ms | Valid: loss=2.207, acc= 52.0% |
Epoch   5 | Client   8 | Train: loss=0.037, acc= 98.9% | time= 49.4ms | Valid: loss=1.704, acc= 56.0% |
Epoch   1 | Client   9 | Train: loss=0.267, acc= 90.3% | time= 37.5ms | Valid: loss=1.906, acc= 48.0% |
Epoch   2 | Client   9 | Train: loss=0.183, acc= 93.7% | time= 42.5ms | Valid: loss=1.776, acc= 52.0% |
Epoch   3 | Client   9 | Train: loss=0.156, acc= 94.9% | time= 47.9ms | Valid: loss=1.921, acc= 40.0% |
Epoch   4 | Client   9 | Train: loss=0.132, acc= 96.4% | time= 49.8ms | Valid: loss=2.044, acc= 44.0% |
Epoch   5 | Client   9 | Train: loss=0.041, acc= 98.7% | time= 38.8ms | Valid: loss=1.566, acc= 56.0% |
----------------------------------------
G-Epoch:  13, Test: loss=1.512 , acc= 57.1%
****************************************
Task:   0, G-Epoch:  13, Test: loss=1.479 , acc= 57.8%
Task:   1, G-Epoch:  13, Test: loss=2.315 , acc= 10.3%
Task:   2, G-Epoch:  13, Test: loss=2.317 , acc= 10.1%
Task:   3, G-Epoch:  13, Test: loss=2.305 , acc= 11.4%
Task:   4, G-Epoch:  13, Test: loss=2.313 , acc=  9.1%
Task:   5, G-Epoch:  13, Test: loss=2.299 , acc= 11.1%
Task:   6, G-Epoch:  13, Test: loss=2.298 , acc= 11.0%
Task:   7, G-Epoch:  13, Test: loss=2.306 , acc= 13.4%
Task:   8, G-Epoch:  13, Test: loss=2.305 , acc=  9.4%
Task:   9, G-Epoch:  13, Test: loss=2.314 , acc=  8.9%
{0: [39.3, 45.7, 48.7, 48.8, 51.1, 52.3, 53.9, 51.6, 55.6, 54.8, 53.3, 54.9, 58.1, 57.8], 1: [10.2, 9.5, 11.1, 11.0, 9.3, 10.0, 10.6, 10.7, 11.2, 8.9, 9.1, 10.8, 10.8, 10.3], 2: [10.3, 10.5, 9.7, 11.4, 11.1, 9.9, 8.6, 8.9, 9.1, 8.7, 9.4, 9.6, 7.7, 10.1], 3: [10.3, 9.9, 8.6, 9.7, 9.2, 9.4, 9.3, 10.7, 11.6, 11.0, 11.6, 11.9, 11.3, 11.4], 4: [11.0, 10.0, 10.7, 9.8, 10.8, 10.1, 10.0, 10.9, 10.2, 10.0, 10.2, 9.9, 9.6, 9.1], 5: [9.1, 9.4, 10.6, 12.1, 10.5, 10.8, 11.3, 10.7, 10.6, 12.6, 12.5, 11.6, 11.5, 11.1], 6: [10.1, 9.9, 12.1, 10.8, 10.4, 9.4, 9.2, 10.1, 11.1, 9.8, 10.4, 11.0, 10.9, 11.0], 7: [9.2, 9.7, 10.3, 11.8, 11.8, 11.2, 12.2, 11.5, 10.8, 11.1, 12.2, 11.9, 11.9, 13.4], 8: [7.8, 10.2, 9.5, 11.9, 11.6, 10.8, 9.4, 10.0, 9.6, 10.5, 9.9, 9.9, 10.2, 9.4], 9: [10.4, 10.8, 9.5, 9.8, 8.9, 8.8, 8.5, 10.6, 9.6, 10.0, 6.8, 8.7, 10.7, 8.9]}
Epoch   1 | Client   0 | Train: loss=0.251, acc= 92.0% | time= 38.2ms | Valid: loss=1.992, acc= 52.0% |
Epoch   2 | Client   0 | Train: loss=0.097, acc= 97.7% | time= 37.6ms | Valid: loss=1.420, acc= 60.0% |
Epoch   3 | Client   0 | Train: loss=0.130, acc= 95.6% | time= 37.6ms | Valid: loss=1.452, acc= 60.0% |
Epoch   4 | Client   0 | Train: loss=0.050, acc= 98.7% | time= 36.6ms | Valid: loss=1.185, acc= 52.0% |
Epoch   5 | Client   0 | Train: loss=0.077, acc= 98.1% | time= 36.4ms | Valid: loss=1.798, acc= 52.0% |
Epoch   1 | Client   1 | Train: loss=0.392, acc= 87.6% | time= 40.9ms | Valid: loss=2.104, acc= 52.0% |
Epoch   2 | Client   1 | Train: loss=0.071, acc= 98.9% | time= 38.3ms | Valid: loss=1.708, acc= 56.0% |
Epoch   3 | Client   1 | Train: loss=0.130, acc= 95.8% | time= 38.5ms | Valid: loss=1.489, acc= 64.0% |
Epoch   4 | Client   1 | Train: loss=0.049, acc= 98.9% | time= 37.9ms | Valid: loss=1.407, acc= 64.0% |
Epoch   5 | Client   1 | Train: loss=0.030, acc= 99.4% | time= 36.4ms | Valid: loss=1.605, acc= 56.0% |
Epoch   1 | Client   2 | Train: loss=0.345, acc= 89.7% | time= 40.1ms | Valid: loss=2.392, acc= 44.0% |
Epoch   2 | Client   2 | Train: loss=0.150, acc= 96.4% | time= 38.2ms | Valid: loss=2.162, acc= 52.0% |
Epoch   3 | Client   2 | Train: loss=0.080, acc= 98.5% | time= 38.0ms | Valid: loss=2.209, acc= 40.0% |
Epoch   4 | Client   2 | Train: loss=0.035, acc= 99.8% | time= 37.0ms | Valid: loss=2.003, acc= 52.0% |
Epoch   5 | Client   2 | Train: loss=0.071, acc= 97.9% | time= 36.9ms | Valid: loss=1.619, acc= 60.0% |
Epoch   1 | Client   3 | Train: loss=0.225, acc= 92.6% | time= 40.0ms | Valid: loss=1.958, acc= 52.0% |
Epoch   2 | Client   3 | Train: loss=0.063, acc= 98.7% | time= 38.1ms | Valid: loss=1.581, acc= 48.0% |
Epoch   3 | Client   3 | Train: loss=0.095, acc= 96.0% | time= 38.0ms | Valid: loss=2.217, acc= 44.0% |
Epoch   4 | Client   3 | Train: loss=0.052, acc= 98.7% | time= 38.0ms | Valid: loss=1.349, acc= 56.0% |
Epoch   5 | Client   3 | Train: loss=0.229, acc= 93.5% | time= 38.0ms | Valid: loss=2.170, acc= 56.0% |
Epoch   1 | Client   4 | Train: loss=0.120, acc= 97.3% | time= 51.6ms | Valid: loss=1.693, acc= 44.0% |
Epoch   2 | Client   4 | Train: loss=0.106, acc= 97.3% | time= 43.5ms | Valid: loss=1.746, acc= 36.0% |
Epoch   3 | Client   4 | Train: loss=0.087, acc= 97.7% | time= 40.4ms | Valid: loss=1.836, acc= 56.0% |
Epoch   4 | Client   4 | Train: loss=0.088, acc= 98.3% | time= 39.0ms | Valid: loss=1.484, acc= 60.0% |
Epoch   5 | Client   4 | Train: loss=0.086, acc= 97.3% | time= 37.3ms | Valid: loss=1.860, acc= 56.0% |
Epoch   1 | Client   5 | Train: loss=0.141, acc= 96.2% | time= 42.5ms | Valid: loss=1.224, acc= 56.0% |
Epoch   2 | Client   5 | Train: loss=0.186, acc= 94.5% | time= 42.7ms | Valid: loss=1.150, acc= 60.0% |
Epoch   3 | Client   5 | Train: loss=0.178, acc= 95.8% | time= 39.9ms | Valid: loss=1.041, acc= 72.0% |
Epoch   4 | Client   5 | Train: loss=0.116, acc= 95.8% | time= 38.6ms | Valid: loss=1.161, acc= 68.0% |
Epoch   5 | Client   5 | Train: loss=0.048, acc= 98.7% | time= 37.7ms | Valid: loss=0.990, acc= 60.0% |
Epoch   1 | Client   6 | Train: loss=0.090, acc= 98.3% | time= 41.5ms | Valid: loss=1.859, acc= 52.0% |
Epoch   2 | Client   6 | Train: loss=0.153, acc= 94.9% | time= 36.9ms | Valid: loss=1.501, acc= 52.0% |
Epoch   3 | Client   6 | Train: loss=0.101, acc= 96.6% | time= 36.8ms | Valid: loss=2.010, acc= 44.0% |
Epoch   4 | Client   6 | Train: loss=0.031, acc= 99.6% | time= 36.5ms | Valid: loss=1.794, acc= 60.0% |
Epoch   5 | Client   6 | Train: loss=0.082, acc= 97.7% | time= 36.9ms | Valid: loss=1.772, acc= 64.0% |
Epoch   1 | Client   7 | Train: loss=0.110, acc= 97.1% | time= 38.1ms | Valid: loss=2.189, acc= 56.0% |
Epoch   2 | Client   7 | Train: loss=0.102, acc= 96.6% | time= 36.8ms | Valid: loss=2.292, acc= 48.0% |
Epoch   3 | Client   7 | Train: loss=0.082, acc= 97.1% | time= 36.6ms | Valid: loss=2.459, acc= 56.0% |
Epoch   4 | Client   7 | Train: loss=0.049, acc= 98.9% | time= 36.9ms | Valid: loss=2.222, acc= 56.0% |
Epoch   5 | Client   7 | Train: loss=0.047, acc= 98.9% | time= 37.1ms | Valid: loss=2.261, acc= 60.0% |
Epoch   1 | Client   8 | Train: loss=0.076, acc= 98.1% | time= 38.5ms | Valid: loss=1.829, acc= 48.0% |
Epoch   2 | Client   8 | Train: loss=0.219, acc= 93.5% | time= 36.7ms | Valid: loss=2.156, acc= 44.0% |
Epoch   3 | Client   8 | Train: loss=0.171, acc= 94.1% | time= 36.8ms | Valid: loss=1.660, acc= 52.0% |
Epoch   4 | Client   8 | Train: loss=0.043, acc= 98.9% | time= 37.0ms | Valid: loss=1.969, acc= 56.0% |
Epoch   5 | Client   8 | Train: loss=0.173, acc= 93.9% | time= 37.2ms | Valid: loss=2.191, acc= 40.0% |
Epoch   1 | Client   9 | Train: loss=0.136, acc= 97.1% | time= 38.5ms | Valid: loss=1.555, acc= 40.0% |
Epoch   2 | Client   9 | Train: loss=0.072, acc= 97.1% | time= 36.7ms | Valid: loss=1.469, acc= 48.0% |
Epoch   3 | Client   9 | Train: loss=0.161, acc= 95.6% | time= 36.8ms | Valid: loss=1.902, acc= 48.0% |
Epoch   4 | Client   9 | Train: loss=0.238, acc= 94.5% | time= 36.7ms | Valid: loss=2.062, acc= 40.0% |
Epoch   5 | Client   9 | Train: loss=0.057, acc= 98.7% | time= 37.0ms | Valid: loss=1.926, acc= 52.0% |
----------------------------------------
G-Epoch:  14, Test: loss=1.571 , acc= 55.7%
****************************************
Task:   0, G-Epoch:  14, Test: loss=1.541 , acc= 55.8%
Task:   1, G-Epoch:  14, Test: loss=2.316 , acc=  9.9%
Task:   2, G-Epoch:  14, Test: loss=2.311 , acc= 10.4%
Task:   3, G-Epoch:  14, Test: loss=2.305 , acc= 12.4%
Task:   4, G-Epoch:  14, Test: loss=2.312 , acc=  8.8%
Task:   5, G-Epoch:  14, Test: loss=2.301 , acc= 10.8%
Task:   6, G-Epoch:  14, Test: loss=2.294 , acc= 13.0%
Task:   7, G-Epoch:  14, Test: loss=2.305 , acc= 12.9%
Task:   8, G-Epoch:  14, Test: loss=2.306 , acc=  9.8%
Task:   9, G-Epoch:  14, Test: loss=2.316 , acc=  9.7%
{0: [39.3, 45.7, 48.7, 48.8, 51.1, 52.3, 53.9, 51.6, 55.6, 54.8, 53.3, 54.9, 58.1, 57.8, 55.8], 1: [10.2, 9.5, 11.1, 11.0, 9.3, 10.0, 10.6, 10.7, 11.2, 8.9, 9.1, 10.8, 10.8, 10.3, 9.9], 2: [10.3, 10.5, 9.7, 11.4, 11.1, 9.9, 8.6, 8.9, 9.1, 8.7, 9.4, 9.6, 7.7, 10.1, 10.4], 3: [10.3, 9.9, 8.6, 9.7, 9.2, 9.4, 9.3, 10.7, 11.6, 11.0, 11.6, 11.9, 11.3, 11.4, 12.4], 4: [11.0, 10.0, 10.7, 9.8, 10.8, 10.1, 10.0, 10.9, 10.2, 10.0, 10.2, 9.9, 9.6, 9.1, 8.8], 5: [9.1, 9.4, 10.6, 12.1, 10.5, 10.8, 11.3, 10.7, 10.6, 12.6, 12.5, 11.6, 11.5, 11.1, 10.8], 6: [10.1, 9.9, 12.1, 10.8, 10.4, 9.4, 9.2, 10.1, 11.1, 9.8, 10.4, 11.0, 10.9, 11.0, 13.0], 7: [9.2, 9.7, 10.3, 11.8, 11.8, 11.2, 12.2, 11.5, 10.8, 11.1, 12.2, 11.9, 11.9, 13.4, 12.9], 8: [7.8, 10.2, 9.5, 11.9, 11.6, 10.8, 9.4, 10.0, 9.6, 10.5, 9.9, 9.9, 10.2, 9.4, 9.8], 9: [10.4, 10.8, 9.5, 9.8, 8.9, 8.8, 8.5, 10.6, 9.6, 10.0, 6.8, 8.7, 10.7, 8.9, 9.7]}
Epoch   1 | Client   0 | Train: loss=0.137, acc= 93.9% | time= 36.9ms | Valid: loss=1.819, acc= 60.0% |
Epoch   2 | Client   0 | Train: loss=0.058, acc= 98.9% | time= 36.3ms | Valid: loss=1.215, acc= 64.0% |
Epoch   3 | Client   0 | Train: loss=0.053, acc= 98.7% | time= 35.3ms | Valid: loss=1.549, acc= 52.0% |
Epoch   4 | Client   0 | Train: loss=0.026, acc= 99.4% | time= 35.2ms | Valid: loss=1.502, acc= 64.0% |
Epoch   5 | Client   0 | Train: loss=0.045, acc= 99.2% | time= 35.4ms | Valid: loss=1.722, acc= 52.0% |
Epoch   1 | Client   1 | Train: loss=0.251, acc= 91.2% | time= 38.3ms | Valid: loss=2.008, acc= 52.0% |
Epoch   2 | Client   1 | Train: loss=0.115, acc= 97.5% | time= 36.5ms | Valid: loss=2.156, acc= 40.0% |
Epoch   3 | Client   1 | Train: loss=0.113, acc= 96.6% | time= 37.7ms | Valid: loss=1.957, acc= 52.0% |
Epoch   4 | Client   1 | Train: loss=0.140, acc= 95.8% | time= 37.7ms | Valid: loss=2.010, acc= 48.0% |
Epoch   5 | Client   1 | Train: loss=0.019, acc= 99.6% | time= 41.0ms | Valid: loss=1.934, acc= 56.0% |
Epoch   1 | Client   2 | Train: loss=0.079, acc= 97.9% | time= 39.4ms | Valid: loss=2.234, acc= 36.0% |
Epoch   2 | Client   2 | Train: loss=0.079, acc= 98.1% | time= 38.1ms | Valid: loss=1.711, acc= 60.0% |
Epoch   3 | Client   2 | Train: loss=0.078, acc= 97.5% | time= 37.9ms | Valid: loss=1.861, acc= 60.0% |
Epoch   4 | Client   2 | Train: loss=0.011, acc=100.0% | time= 37.4ms | Valid: loss=1.970, acc= 52.0% |
Epoch   5 | Client   2 | Train: loss=0.077, acc= 98.5% | time= 37.5ms | Valid: loss=1.666, acc= 64.0% |
Epoch   1 | Client   3 | Train: loss=0.136, acc= 95.6% | time= 39.5ms | Valid: loss=1.698, acc= 56.0% |
Epoch   2 | Client   3 | Train: loss=0.055, acc= 98.7% | time= 38.0ms | Valid: loss=1.152, acc= 60.0% |
Epoch   3 | Client   3 | Train: loss=0.288, acc= 91.8% | time= 37.8ms | Valid: loss=1.912, acc= 60.0% |
Epoch   4 | Client   3 | Train: loss=0.038, acc= 98.9% | time= 37.8ms | Valid: loss=1.375, acc= 52.0% |
Epoch   5 | Client   3 | Train: loss=0.018, acc= 99.8% | time= 37.8ms | Valid: loss=1.505, acc= 52.0% |
Epoch   1 | Client   4 | Train: loss=0.091, acc= 97.5% | time= 39.8ms | Valid: loss=1.616, acc= 56.0% |
Epoch   2 | Client   4 | Train: loss=0.261, acc= 92.4% | time= 38.0ms | Valid: loss=1.623, acc= 56.0% |
Epoch   3 | Client   4 | Train: loss=0.149, acc= 95.8% | time= 38.1ms | Valid: loss=1.859, acc= 48.0% |
Epoch   4 | Client   4 | Train: loss=0.142, acc= 95.4% | time= 37.9ms | Valid: loss=1.987, acc= 64.0% |
Epoch   5 | Client   4 | Train: loss=0.106, acc= 97.5% | time= 37.8ms | Valid: loss=1.906, acc= 44.0% |
Epoch   1 | Client   5 | Train: loss=0.062, acc= 98.9% | time= 44.5ms | Valid: loss=1.013, acc= 72.0% |
Epoch   2 | Client   5 | Train: loss=0.164, acc= 94.7% | time= 39.8ms | Valid: loss=1.093, acc= 64.0% |
Epoch   3 | Client   5 | Train: loss=0.116, acc= 96.6% | time= 42.4ms | Valid: loss=1.264, acc= 72.0% |
Epoch   4 | Client   5 | Train: loss=0.032, acc= 99.2% | time= 39.6ms | Valid: loss=0.817, acc= 72.0% |
Epoch   5 | Client   5 | Train: loss=0.017, acc= 99.6% | time= 41.4ms | Valid: loss=1.051, acc= 64.0% |
Epoch   1 | Client   6 | Train: loss=0.150, acc= 95.4% | time= 42.3ms | Valid: loss=1.771, acc= 48.0% |
Epoch   2 | Client   6 | Train: loss=0.152, acc= 94.5% | time= 38.6ms | Valid: loss=1.863, acc= 52.0% |
Epoch   3 | Client   6 | Train: loss=0.037, acc= 99.6% | time= 38.4ms | Valid: loss=1.612, acc= 56.0% |
Epoch   4 | Client   6 | Train: loss=0.108, acc= 96.6% | time= 38.3ms | Valid: loss=2.226, acc= 60.0% |
Epoch   5 | Client   6 | Train: loss=0.122, acc= 96.2% | time= 38.5ms | Valid: loss=2.267, acc= 52.0% |
Epoch   1 | Client   7 | Train: loss=0.171, acc= 94.5% | time= 52.5ms | Valid: loss=2.949, acc= 40.0% |
Epoch   2 | Client   7 | Train: loss=0.142, acc= 95.4% | time= 39.5ms | Valid: loss=1.570, acc= 60.0% |
Epoch   3 | Client   7 | Train: loss=0.164, acc= 93.9% | time= 39.4ms | Valid: loss=1.865, acc= 56.0% |
Epoch   4 | Client   7 | Train: loss=0.078, acc= 97.9% | time= 39.4ms | Valid: loss=1.895, acc= 72.0% |
Epoch   5 | Client   7 | Train: loss=0.057, acc= 98.7% | time= 39.3ms | Valid: loss=2.092, acc= 64.0% |
Epoch   1 | Client   8 | Train: loss=0.114, acc= 96.2% | time= 40.8ms | Valid: loss=1.955, acc= 44.0% |
Epoch   2 | Client   8 | Train: loss=0.236, acc= 93.9% | time= 39.4ms | Valid: loss=1.547, acc= 60.0% |
Epoch   3 | Client   8 | Train: loss=0.118, acc= 96.0% | time= 42.2ms | Valid: loss=1.983, acc= 52.0% |
Epoch   4 | Client   8 | Train: loss=0.044, acc= 98.9% | time= 40.1ms | Valid: loss=2.283, acc= 52.0% |
Epoch   5 | Client   8 | Train: loss=0.019, acc= 99.8% | time= 39.5ms | Valid: loss=1.980, acc= 52.0% |
Epoch   1 | Client   9 | Train: loss=0.439, acc= 86.3% | time= 45.9ms | Valid: loss=2.517, acc= 48.0% |
Epoch   2 | Client   9 | Train: loss=0.102, acc= 97.5% | time= 47.4ms | Valid: loss=1.932, acc= 40.0% |
Epoch   3 | Client   9 | Train: loss=0.054, acc= 98.3% | time= 46.6ms | Valid: loss=1.696, acc= 48.0% |
Epoch   4 | Client   9 | Train: loss=0.088, acc= 98.1% | time= 46.7ms | Valid: loss=2.177, acc= 52.0% |
Epoch   5 | Client   9 | Train: loss=0.010, acc=100.0% | time= 47.7ms | Valid: loss=1.814, acc= 52.0% |
----------------------------------------
G-Epoch:  15, Test: loss=1.521 , acc= 57.9%
****************************************
Task:   0, G-Epoch:  15, Test: loss=1.507 , acc= 58.5%
Task:   1, G-Epoch:  15, Test: loss=2.312 , acc=  9.1%
Task:   2, G-Epoch:  15, Test: loss=2.316 , acc=  8.9%
Task:   3, G-Epoch:  15, Test: loss=2.309 , acc= 11.7%
Task:   4, G-Epoch:  15, Test: loss=2.314 , acc= 10.7%
Task:   5, G-Epoch:  15, Test: loss=2.295 , acc= 10.5%
Task:   6, G-Epoch:  15, Test: loss=2.296 , acc= 12.2%
Task:   7, G-Epoch:  15, Test: loss=2.306 , acc= 13.1%
Task:   8, G-Epoch:  15, Test: loss=2.304 , acc=  8.7%
Task:   9, G-Epoch:  15, Test: loss=2.317 , acc=  7.7%
{0: [39.3, 45.7, 48.7, 48.8, 51.1, 52.3, 53.9, 51.6, 55.6, 54.8, 53.3, 54.9, 58.1, 57.8, 55.8, 58.5], 1: [10.2, 9.5, 11.1, 11.0, 9.3, 10.0, 10.6, 10.7, 11.2, 8.9, 9.1, 10.8, 10.8, 10.3, 9.9, 9.1], 2: [10.3, 10.5, 9.7, 11.4, 11.1, 9.9, 8.6, 8.9, 9.1, 8.7, 9.4, 9.6, 7.7, 10.1, 10.4, 8.9], 3: [10.3, 9.9, 8.6, 9.7, 9.2, 9.4, 9.3, 10.7, 11.6, 11.0, 11.6, 11.9, 11.3, 11.4, 12.4, 11.7], 4: [11.0, 10.0, 10.7, 9.8, 10.8, 10.1, 10.0, 10.9, 10.2, 10.0, 10.2, 9.9, 9.6, 9.1, 8.8, 10.7], 5: [9.1, 9.4, 10.6, 12.1, 10.5, 10.8, 11.3, 10.7, 10.6, 12.6, 12.5, 11.6, 11.5, 11.1, 10.8, 10.5], 6: [10.1, 9.9, 12.1, 10.8, 10.4, 9.4, 9.2, 10.1, 11.1, 9.8, 10.4, 11.0, 10.9, 11.0, 13.0, 12.2], 7: [9.2, 9.7, 10.3, 11.8, 11.8, 11.2, 12.2, 11.5, 10.8, 11.1, 12.2, 11.9, 11.9, 13.4, 12.9, 13.1], 8: [7.8, 10.2, 9.5, 11.9, 11.6, 10.8, 9.4, 10.0, 9.6, 10.5, 9.9, 9.9, 10.2, 9.4, 9.8, 8.7], 9: [10.4, 10.8, 9.5, 9.8, 8.9, 8.8, 8.5, 10.6, 9.6, 10.0, 6.8, 8.7, 10.7, 8.9, 9.7, 7.7]}
Epoch   1 | Client   0 | Train: loss=0.087, acc= 97.7% | time= 36.5ms | Valid: loss=1.641, acc= 68.0% |
Epoch   2 | Client   0 | Train: loss=0.075, acc= 98.3% | time= 35.9ms | Valid: loss=1.433, acc= 60.0% |
Epoch   3 | Client   0 | Train: loss=0.215, acc= 93.5% | time= 35.8ms | Valid: loss=2.003, acc= 44.0% |
Epoch   4 | Client   0 | Train: loss=0.043, acc= 99.2% | time= 41.1ms | Valid: loss=1.238, acc= 68.0% |
Epoch   5 | Client   0 | Train: loss=0.024, acc= 99.8% | time= 36.7ms | Valid: loss=1.759, acc= 60.0% |
Epoch   1 | Client   1 | Train: loss=0.051, acc= 99.4% | time= 44.8ms | Valid: loss=2.075, acc= 52.0% |
Epoch   2 | Client   1 | Train: loss=0.088, acc= 98.3% | time= 42.2ms | Valid: loss=1.579, acc= 56.0% |
Epoch   3 | Client   1 | Train: loss=0.048, acc= 98.7% | time= 52.7ms | Valid: loss=1.754, acc= 52.0% |
Epoch   4 | Client   1 | Train: loss=0.061, acc= 98.1% | time= 39.7ms | Valid: loss=2.023, acc= 44.0% |
Epoch   5 | Client   1 | Train: loss=0.012, acc=100.0% | time= 39.2ms | Valid: loss=1.584, acc= 56.0% |
Epoch   1 | Client   2 | Train: loss=0.356, acc= 86.7% | time= 43.6ms | Valid: loss=2.941, acc= 32.0% |
Epoch   2 | Client   2 | Train: loss=0.193, acc= 93.7% | time= 42.1ms | Valid: loss=2.606, acc= 40.0% |
Epoch   3 | Client   2 | Train: loss=0.041, acc= 98.7% | time= 41.8ms | Valid: loss=1.859, acc= 56.0% |
Epoch   4 | Client   2 | Train: loss=0.027, acc= 99.4% | time= 41.8ms | Valid: loss=1.883, acc= 52.0% |
Epoch   5 | Client   2 | Train: loss=0.250, acc= 92.2% | time= 41.0ms | Valid: loss=3.030, acc= 28.0% |
Epoch   1 | Client   3 | Train: loss=0.086, acc= 97.7% | time= 64.6ms | Valid: loss=1.683, acc= 56.0% |
Epoch   2 | Client   3 | Train: loss=0.090, acc= 97.1% | time= 36.9ms | Valid: loss=1.351, acc= 60.0% |
Epoch   3 | Client   3 | Train: loss=0.024, acc= 99.4% | time= 36.3ms | Valid: loss=1.387, acc= 60.0% |
Epoch   4 | Client   3 | Train: loss=0.075, acc= 97.1% | time= 38.4ms | Valid: loss=1.454, acc= 56.0% |
Epoch   5 | Client   3 | Train: loss=0.019, acc= 99.8% | time= 40.8ms | Valid: loss=1.500, acc= 60.0% |
Epoch   1 | Client   4 | Train: loss=0.262, acc= 90.9% | time= 43.4ms | Valid: loss=2.022, acc= 52.0% |
Epoch   2 | Client   4 | Train: loss=0.064, acc= 97.9% | time= 42.1ms | Valid: loss=1.740, acc= 60.0% |
Epoch   3 | Client   4 | Train: loss=0.030, acc= 99.4% | time= 41.9ms | Valid: loss=1.904, acc= 48.0% |
Epoch   4 | Client   4 | Train: loss=0.044, acc= 98.7% | time= 41.0ms | Valid: loss=1.881, acc= 52.0% |
Epoch   5 | Client   4 | Train: loss=0.088, acc= 97.5% | time= 40.8ms | Valid: loss=1.998, acc= 60.0% |
Epoch   1 | Client   5 | Train: loss=0.217, acc= 91.6% | time= 52.3ms | Valid: loss=1.315, acc= 60.0% |
Epoch   2 | Client   5 | Train: loss=0.183, acc= 93.3% | time= 39.4ms | Valid: loss=1.854, acc= 56.0% |
Epoch   3 | Client   5 | Train: loss=0.041, acc= 99.6% | time= 39.2ms | Valid: loss=1.105, acc= 68.0% |
Epoch   4 | Client   5 | Train: loss=0.040, acc= 98.7% | time= 41.9ms | Valid: loss=1.053, acc= 68.0% |
Epoch   5 | Client   5 | Train: loss=0.020, acc= 99.6% | time= 39.8ms | Valid: loss=1.024, acc= 68.0% |
Epoch   1 | Client   6 | Train: loss=0.138, acc= 95.2% | time= 40.5ms | Valid: loss=2.391, acc= 52.0% |
Epoch   2 | Client   6 | Train: loss=0.102, acc= 96.4% | time= 39.4ms | Valid: loss=2.588, acc= 48.0% |
Epoch   3 | Client   6 | Train: loss=0.066, acc= 97.9% | time= 39.6ms | Valid: loss=2.209, acc= 52.0% |
Epoch   4 | Client   6 | Train: loss=0.051, acc= 98.3% | time= 39.1ms | Valid: loss=1.827, acc= 52.0% |
Epoch   5 | Client   6 | Train: loss=0.019, acc=100.0% | time= 36.6ms | Valid: loss=1.950, acc= 56.0% |
Epoch   1 | Client   7 | Train: loss=0.194, acc= 92.8% | time= 44.8ms | Valid: loss=1.836, acc= 68.0% |
Epoch   2 | Client   7 | Train: loss=0.074, acc= 97.7% | time= 37.9ms | Valid: loss=2.254, acc= 52.0% |
Epoch   3 | Client   7 | Train: loss=0.096, acc= 97.1% | time= 38.0ms | Valid: loss=2.431, acc= 48.0% |
Epoch   4 | Client   7 | Train: loss=0.012, acc=100.0% | time= 39.8ms | Valid: loss=1.993, acc= 60.0% |
Epoch   5 | Client   7 | Train: loss=0.032, acc= 98.9% | time= 38.4ms | Valid: loss=2.195, acc= 56.0% |
Epoch   1 | Client   8 | Train: loss=0.094, acc= 97.3% | time= 43.3ms | Valid: loss=1.889, acc= 48.0% |
Epoch   2 | Client   8 | Train: loss=0.233, acc= 92.8% | time= 36.4ms | Valid: loss=1.971, acc= 52.0% |
Epoch   3 | Client   8 | Train: loss=0.107, acc= 96.4% | time= 38.2ms | Valid: loss=1.776, acc= 56.0% |
Epoch   4 | Client   8 | Train: loss=0.052, acc= 98.9% | time= 39.2ms | Valid: loss=1.899, acc= 52.0% |
Epoch   5 | Client   8 | Train: loss=0.026, acc= 99.6% | time= 53.2ms | Valid: loss=2.195, acc= 44.0% |
Epoch   1 | Client   9 | Train: loss=0.171, acc= 94.7% | time= 42.4ms | Valid: loss=1.600, acc= 56.0% |
Epoch   2 | Client   9 | Train: loss=0.117, acc= 96.2% | time= 42.2ms | Valid: loss=1.938, acc= 44.0% |
Epoch   3 | Client   9 | Train: loss=0.125, acc= 95.8% | time= 42.3ms | Valid: loss=2.256, acc= 40.0% |
Epoch   4 | Client   9 | Train: loss=0.024, acc= 99.6% | time= 42.9ms | Valid: loss=2.186, acc= 44.0% |
Epoch   5 | Client   9 | Train: loss=0.040, acc= 98.9% | time= 47.7ms | Valid: loss=1.834, acc= 52.0% |
----------------------------------------
G-Epoch:  16, Test: loss=1.505 , acc= 59.7%
****************************************
Task:   0, G-Epoch:  16, Test: loss=1.518 , acc= 58.6%
Task:   1, G-Epoch:  16, Test: loss=2.311 , acc= 11.7%
Task:   2, G-Epoch:  16, Test: loss=2.315 , acc=  9.1%
Task:   3, G-Epoch:  16, Test: loss=2.307 , acc= 11.1%
Task:   4, G-Epoch:  16, Test: loss=2.310 , acc=  9.8%
Task:   5, G-Epoch:  16, Test: loss=2.300 , acc= 11.1%
Task:   6, G-Epoch:  16, Test: loss=2.299 , acc= 10.5%
Task:   7, G-Epoch:  16, Test: loss=2.305 , acc= 14.1%
Task:   8, G-Epoch:  16, Test: loss=2.304 , acc=  9.4%
Task:   9, G-Epoch:  16, Test: loss=2.317 , acc=  9.0%
{0: [39.3, 45.7, 48.7, 48.8, 51.1, 52.3, 53.9, 51.6, 55.6, 54.8, 53.3, 54.9, 58.1, 57.8, 55.8, 58.5, 58.6], 1: [10.2, 9.5, 11.1, 11.0, 9.3, 10.0, 10.6, 10.7, 11.2, 8.9, 9.1, 10.8, 10.8, 10.3, 9.9, 9.1, 11.7], 2: [10.3, 10.5, 9.7, 11.4, 11.1, 9.9, 8.6, 8.9, 9.1, 8.7, 9.4, 9.6, 7.7, 10.1, 10.4, 8.9, 9.1], 3: [10.3, 9.9, 8.6, 9.7, 9.2, 9.4, 9.3, 10.7, 11.6, 11.0, 11.6, 11.9, 11.3, 11.4, 12.4, 11.7, 11.1], 4: [11.0, 10.0, 10.7, 9.8, 10.8, 10.1, 10.0, 10.9, 10.2, 10.0, 10.2, 9.9, 9.6, 9.1, 8.8, 10.7, 9.8], 5: [9.1, 9.4, 10.6, 12.1, 10.5, 10.8, 11.3, 10.7, 10.6, 12.6, 12.5, 11.6, 11.5, 11.1, 10.8, 10.5, 11.1], 6: [10.1, 9.9, 12.1, 10.8, 10.4, 9.4, 9.2, 10.1, 11.1, 9.8, 10.4, 11.0, 10.9, 11.0, 13.0, 12.2, 10.5], 7: [9.2, 9.7, 10.3, 11.8, 11.8, 11.2, 12.2, 11.5, 10.8, 11.1, 12.2, 11.9, 11.9, 13.4, 12.9, 13.1, 14.1], 8: [7.8, 10.2, 9.5, 11.9, 11.6, 10.8, 9.4, 10.0, 9.6, 10.5, 9.9, 9.9, 10.2, 9.4, 9.8, 8.7, 9.4], 9: [10.4, 10.8, 9.5, 9.8, 8.9, 8.8, 8.5, 10.6, 9.6, 10.0, 6.8, 8.7, 10.7, 8.9, 9.7, 7.7, 9.0]}
Epoch   1 | Client   0 | Train: loss=0.117, acc= 95.8% | time= 40.8ms | Valid: loss=1.124, acc= 68.0% |
Epoch   2 | Client   0 | Train: loss=0.068, acc= 97.9% | time= 51.2ms | Valid: loss=1.460, acc= 60.0% |
Epoch   3 | Client   0 | Train: loss=0.087, acc= 96.6% | time= 53.8ms | Valid: loss=1.192, acc= 68.0% |
Epoch   4 | Client   0 | Train: loss=0.061, acc= 97.7% | time= 46.9ms | Valid: loss=1.472, acc= 68.0% |
Epoch   5 | Client   0 | Train: loss=0.009, acc=100.0% | time= 45.1ms | Valid: loss=1.381, acc= 68.0% |
Epoch   1 | Client   1 | Train: loss=0.231, acc= 91.4% | time= 42.4ms | Valid: loss=2.105, acc= 52.0% |
Epoch   2 | Client   1 | Train: loss=0.252, acc= 92.4% | time= 40.9ms | Valid: loss=2.549, acc= 52.0% |
Epoch   3 | Client   1 | Train: loss=0.124, acc= 95.6% | time= 40.7ms | Valid: loss=2.442, acc= 40.0% |
Epoch   4 | Client   1 | Train: loss=0.293, acc= 92.0% | time= 40.5ms | Valid: loss=1.914, acc= 60.0% |
Epoch   5 | Client   1 | Train: loss=0.015, acc= 99.6% | time= 40.4ms | Valid: loss=1.551, acc= 60.0% |
Epoch   1 | Client   2 | Train: loss=0.101, acc= 97.5% | time= 49.5ms | Valid: loss=2.342, acc= 52.0% |
Epoch   2 | Client   2 | Train: loss=0.234, acc= 92.4% | time= 36.7ms | Valid: loss=1.970, acc= 60.0% |
Epoch   3 | Client   2 | Train: loss=0.040, acc= 98.9% | time= 36.4ms | Valid: loss=2.058, acc= 56.0% |
Epoch   4 | Client   2 | Train: loss=0.094, acc= 97.3% | time= 35.9ms | Valid: loss=1.820, acc= 52.0% |
Epoch   5 | Client   2 | Train: loss=0.064, acc= 97.7% | time= 34.8ms | Valid: loss=2.101, acc= 56.0% |
Epoch   1 | Client   3 | Train: loss=0.117, acc= 96.2% | time= 46.3ms | Valid: loss=2.132, acc= 40.0% |
Epoch   2 | Client   3 | Train: loss=0.075, acc= 97.9% | time= 46.0ms | Valid: loss=1.724, acc= 60.0% |
Epoch   3 | Client   3 | Train: loss=0.021, acc= 99.8% | time= 40.5ms | Valid: loss=1.550, acc= 60.0% |
Epoch   4 | Client   3 | Train: loss=0.014, acc= 99.8% | time= 40.1ms | Valid: loss=1.395, acc= 56.0% |
Epoch   5 | Client   3 | Train: loss=0.019, acc= 99.6% | time= 36.6ms | Valid: loss=1.685, acc= 56.0% |
Epoch   1 | Client   4 | Train: loss=0.375, acc= 87.4% | time= 43.5ms | Valid: loss=2.396, acc= 56.0% |
Epoch   2 | Client   4 | Train: loss=0.041, acc= 99.6% | time= 39.3ms | Valid: loss=1.747, acc= 56.0% |
Epoch   3 | Client   4 | Train: loss=0.154, acc= 95.2% | time= 36.8ms | Valid: loss=2.283, acc= 48.0% |
Epoch   4 | Client   4 | Train: loss=0.023, acc= 99.6% | time= 41.3ms | Valid: loss=1.873, acc= 48.0% |
Epoch   5 | Client   4 | Train: loss=0.065, acc= 98.3% | time= 42.3ms | Valid: loss=1.897, acc= 56.0% |
Epoch   1 | Client   5 | Train: loss=0.082, acc= 97.9% | time= 47.5ms | Valid: loss=0.940, acc= 68.0% |
Epoch   2 | Client   5 | Train: loss=0.033, acc= 99.4% | time= 55.5ms | Valid: loss=1.151, acc= 72.0% |
Epoch   3 | Client   5 | Train: loss=0.133, acc= 95.4% | time= 55.0ms | Valid: loss=1.239, acc= 72.0% |
Epoch   4 | Client   5 | Train: loss=0.111, acc= 95.8% | time= 47.6ms | Valid: loss=1.028, acc= 72.0% |
Epoch   5 | Client   5 | Train: loss=0.146, acc= 96.6% | time= 42.8ms | Valid: loss=1.590, acc= 48.0% |
Epoch   1 | Client   6 | Train: loss=0.128, acc= 95.6% | time= 37.5ms | Valid: loss=1.895, acc= 48.0% |
Epoch   2 | Client   6 | Train: loss=0.104, acc= 96.2% | time= 37.3ms | Valid: loss=2.379, acc= 44.0% |
Epoch   3 | Client   6 | Train: loss=0.034, acc= 98.9% | time= 37.3ms | Valid: loss=1.892, acc= 60.0% |
Epoch   4 | Client   6 | Train: loss=0.280, acc= 91.4% | time= 36.5ms | Valid: loss=1.843, acc= 60.0% |
Epoch   5 | Client   6 | Train: loss=0.026, acc= 99.8% | time= 34.8ms | Valid: loss=1.674, acc= 64.0% |
Epoch   1 | Client   7 | Train: loss=0.061, acc= 98.1% | time= 57.1ms | Valid: loss=2.092, acc= 56.0% |
Epoch   2 | Client   7 | Train: loss=0.117, acc= 97.1% | time= 38.7ms | Valid: loss=2.090, acc= 52.0% |
Epoch   3 | Client   7 | Train: loss=0.080, acc= 97.3% | time= 44.0ms | Valid: loss=2.012, acc= 56.0% |
Epoch   4 | Client   7 | Train: loss=0.065, acc= 97.7% | time= 42.0ms | Valid: loss=2.099, acc= 52.0% |
Epoch   5 | Client   7 | Train: loss=0.164, acc= 95.4% | time= 42.1ms | Valid: loss=2.273, acc= 52.0% |
Epoch   1 | Client   8 | Train: loss=0.089, acc= 97.7% | time= 38.6ms | Valid: loss=1.602, acc= 52.0% |
Epoch   2 | Client   8 | Train: loss=0.017, acc=100.0% | time= 39.1ms | Valid: loss=1.905, acc= 48.0% |
Epoch   3 | Client   8 | Train: loss=0.138, acc= 96.6% | time= 38.2ms | Valid: loss=1.995, acc= 56.0% |
Epoch   4 | Client   8 | Train: loss=0.114, acc= 96.8% | time= 37.9ms | Valid: loss=1.426, acc= 60.0% |
Epoch   5 | Client   8 | Train: loss=0.056, acc= 98.7% | time= 37.1ms | Valid: loss=2.499, acc= 44.0% |
Epoch   1 | Client   9 | Train: loss=0.131, acc= 96.0% | time= 43.6ms | Valid: loss=2.051, acc= 44.0% |
Epoch   2 | Client   9 | Train: loss=0.109, acc= 96.6% | time= 42.2ms | Valid: loss=2.355, acc= 32.0% |
Epoch   3 | Client   9 | Train: loss=0.107, acc= 97.5% | time= 41.9ms | Valid: loss=1.984, acc= 40.0% |
Epoch   4 | Client   9 | Train: loss=0.185, acc= 93.7% | time= 41.9ms | Valid: loss=2.202, acc= 40.0% |
Epoch   5 | Client   9 | Train: loss=0.053, acc= 98.7% | time= 41.9ms | Valid: loss=2.382, acc= 52.0% |
----------------------------------------
G-Epoch:  17, Test: loss=1.582 , acc= 59.1%
****************************************
Task:   0, G-Epoch:  17, Test: loss=1.588 , acc= 58.9%
Task:   1, G-Epoch:  17, Test: loss=2.311 , acc= 10.1%
Task:   2, G-Epoch:  17, Test: loss=2.318 , acc=  9.5%
Task:   3, G-Epoch:  17, Test: loss=2.313 , acc= 11.2%
Task:   4, G-Epoch:  17, Test: loss=2.313 , acc=  9.2%
Task:   5, G-Epoch:  17, Test: loss=2.299 , acc= 11.6%
Task:   6, G-Epoch:  17, Test: loss=2.300 , acc= 11.5%
Task:   7, G-Epoch:  17, Test: loss=2.307 , acc= 12.3%
Task:   8, G-Epoch:  17, Test: loss=2.306 , acc=  8.8%
Task:   9, G-Epoch:  17, Test: loss=2.317 , acc=  9.4%
{0: [39.3, 45.7, 48.7, 48.8, 51.1, 52.3, 53.9, 51.6, 55.6, 54.8, 53.3, 54.9, 58.1, 57.8, 55.8, 58.5, 58.6, 58.9], 1: [10.2, 9.5, 11.1, 11.0, 9.3, 10.0, 10.6, 10.7, 11.2, 8.9, 9.1, 10.8, 10.8, 10.3, 9.9, 9.1, 11.7, 10.1], 2: [10.3, 10.5, 9.7, 11.4, 11.1, 9.9, 8.6, 8.9, 9.1, 8.7, 9.4, 9.6, 7.7, 10.1, 10.4, 8.9, 9.1, 9.5], 3: [10.3, 9.9, 8.6, 9.7, 9.2, 9.4, 9.3, 10.7, 11.6, 11.0, 11.6, 11.9, 11.3, 11.4, 12.4, 11.7, 11.1, 11.2], 4: [11.0, 10.0, 10.7, 9.8, 10.8, 10.1, 10.0, 10.9, 10.2, 10.0, 10.2, 9.9, 9.6, 9.1, 8.8, 10.7, 9.8, 9.2], 5: [9.1, 9.4, 10.6, 12.1, 10.5, 10.8, 11.3, 10.7, 10.6, 12.6, 12.5, 11.6, 11.5, 11.1, 10.8, 10.5, 11.1, 11.6], 6: [10.1, 9.9, 12.1, 10.8, 10.4, 9.4, 9.2, 10.1, 11.1, 9.8, 10.4, 11.0, 10.9, 11.0, 13.0, 12.2, 10.5, 11.5], 7: [9.2, 9.7, 10.3, 11.8, 11.8, 11.2, 12.2, 11.5, 10.8, 11.1, 12.2, 11.9, 11.9, 13.4, 12.9, 13.1, 14.1, 12.3], 8: [7.8, 10.2, 9.5, 11.9, 11.6, 10.8, 9.4, 10.0, 9.6, 10.5, 9.9, 9.9, 10.2, 9.4, 9.8, 8.7, 9.4, 8.8], 9: [10.4, 10.8, 9.5, 9.8, 8.9, 8.8, 8.5, 10.6, 9.6, 10.0, 6.8, 8.7, 10.7, 8.9, 9.7, 7.7, 9.0, 9.4]}
Epoch   1 | Client   0 | Train: loss=0.078, acc= 98.1% | time= 39.8ms | Valid: loss=1.451, acc= 52.0% |
Epoch   2 | Client   0 | Train: loss=0.045, acc= 99.4% | time= 39.4ms | Valid: loss=1.252, acc= 72.0% |
Epoch   3 | Client   0 | Train: loss=0.164, acc= 95.6% | time= 44.4ms | Valid: loss=1.535, acc= 60.0% |
Epoch   4 | Client   0 | Train: loss=0.031, acc= 99.4% | time= 39.4ms | Valid: loss=1.375, acc= 64.0% |
Epoch   5 | Client   0 | Train: loss=0.085, acc= 97.1% | time= 38.8ms | Valid: loss=1.868, acc= 52.0% |
Epoch   1 | Client   1 | Train: loss=0.055, acc= 98.5% | time= 41.0ms | Valid: loss=1.469, acc= 52.0% |
Epoch   2 | Client   1 | Train: loss=0.096, acc= 97.1% | time= 39.4ms | Valid: loss=1.953, acc= 56.0% |
Epoch   3 | Client   1 | Train: loss=0.022, acc= 99.8% | time= 43.8ms | Valid: loss=1.702, acc= 56.0% |
Epoch   4 | Client   1 | Train: loss=0.076, acc= 96.8% | time= 37.9ms | Valid: loss=1.711, acc= 52.0% |
Epoch   5 | Client   1 | Train: loss=0.015, acc= 99.8% | time= 36.7ms | Valid: loss=1.786, acc= 48.0% |
Epoch   1 | Client   2 | Train: loss=0.120, acc= 96.0% | time= 46.0ms | Valid: loss=1.634, acc= 60.0% |
Epoch   2 | Client   2 | Train: loss=0.138, acc= 95.2% | time= 47.0ms | Valid: loss=2.598, acc= 44.0% |
Epoch   3 | Client   2 | Train: loss=0.169, acc= 96.0% | time= 46.3ms | Valid: loss=2.219, acc= 48.0% |
Epoch   4 | Client   2 | Train: loss=0.063, acc= 97.9% | time= 51.3ms | Valid: loss=2.290, acc= 44.0% |
Epoch   5 | Client   2 | Train: loss=0.016, acc= 99.8% | time= 42.8ms | Valid: loss=2.200, acc= 56.0% |
Epoch   1 | Client   3 | Train: loss=0.366, acc= 86.5% | time= 38.0ms | Valid: loss=1.715, acc= 36.0% |
Epoch   2 | Client   3 | Train: loss=0.112, acc= 96.2% | time= 37.0ms | Valid: loss=2.175, acc= 48.0% |
Epoch   3 | Client   3 | Train: loss=0.043, acc= 98.7% | time= 36.5ms | Valid: loss=1.658, acc= 48.0% |
Epoch   4 | Client   3 | Train: loss=0.165, acc= 95.4% | time= 36.8ms | Valid: loss=1.885, acc= 60.0% |
Epoch   5 | Client   3 | Train: loss=0.283, acc= 90.5% | time= 36.2ms | Valid: loss=2.385, acc= 40.0% |
Epoch   1 | Client   4 | Train: loss=0.330, acc= 87.6% | time= 43.9ms | Valid: loss=1.629, acc= 40.0% |
Epoch   2 | Client   4 | Train: loss=0.161, acc= 94.1% | time= 40.1ms | Valid: loss=2.217, acc= 52.0% |
Epoch   3 | Client   4 | Train: loss=0.055, acc= 98.7% | time= 39.6ms | Valid: loss=2.356, acc= 48.0% |
Epoch   4 | Client   4 | Train: loss=0.035, acc= 99.2% | time= 39.2ms | Valid: loss=2.153, acc= 56.0% |
Epoch   5 | Client   4 | Train: loss=0.060, acc= 97.9% | time= 39.2ms | Valid: loss=2.413, acc= 48.0% |
Epoch   1 | Client   5 | Train: loss=0.170, acc= 94.3% | time= 40.1ms | Valid: loss=1.271, acc= 68.0% |
Epoch   2 | Client   5 | Train: loss=0.255, acc= 90.3% | time= 38.1ms | Valid: loss=1.257, acc= 64.0% |
Epoch   3 | Client   5 | Train: loss=0.108, acc= 97.1% | time= 39.6ms | Valid: loss=1.217, acc= 68.0% |
Epoch   4 | Client   5 | Train: loss=0.016, acc= 99.6% | time= 39.6ms | Valid: loss=0.942, acc= 72.0% |
Epoch   5 | Client   5 | Train: loss=0.010, acc=100.0% | time= 38.0ms | Valid: loss=0.903, acc= 72.0% |
Epoch   1 | Client   6 | Train: loss=0.029, acc= 99.4% | time= 41.1ms | Valid: loss=1.798, acc= 68.0% |
Epoch   2 | Client   6 | Train: loss=0.015, acc=100.0% | time= 37.9ms | Valid: loss=1.969, acc= 56.0% |
Epoch   3 | Client   6 | Train: loss=0.016, acc=100.0% | time= 39.3ms | Valid: loss=1.637, acc= 56.0% |
Epoch   4 | Client   6 | Train: loss=0.008, acc=100.0% | time= 38.5ms | Valid: loss=2.063, acc= 60.0% |
Epoch   5 | Client   6 | Train: loss=0.080, acc= 97.9% | time= 38.3ms | Valid: loss=2.595, acc= 52.0% |
Epoch   1 | Client   7 | Train: loss=0.156, acc= 94.7% | time= 40.8ms | Valid: loss=2.647, acc= 40.0% |
Epoch   2 | Client   7 | Train: loss=0.095, acc= 97.3% | time= 38.9ms | Valid: loss=2.049, acc= 48.0% |
Epoch   3 | Client   7 | Train: loss=0.189, acc= 94.9% | time= 39.3ms | Valid: loss=2.123, acc= 56.0% |
Epoch   4 | Client   7 | Train: loss=0.074, acc= 97.5% | time= 39.8ms | Valid: loss=2.217, acc= 52.0% |
Epoch   5 | Client   7 | Train: loss=0.066, acc= 98.3% | time= 39.7ms | Valid: loss=2.084, acc= 56.0% |
Epoch   1 | Client   8 | Train: loss=0.148, acc= 95.4% | time= 43.9ms | Valid: loss=1.856, acc= 56.0% |
Epoch   2 | Client   8 | Train: loss=0.126, acc= 94.3% | time= 40.2ms | Valid: loss=1.676, acc= 52.0% |
Epoch   3 | Client   8 | Train: loss=0.023, acc= 99.8% | time= 39.8ms | Valid: loss=1.979, acc= 52.0% |
Epoch   4 | Client   8 | Train: loss=0.049, acc= 98.1% | time= 39.6ms | Valid: loss=1.900, acc= 56.0% |
Epoch   5 | Client   8 | Train: loss=0.048, acc= 98.5% | time= 39.7ms | Valid: loss=2.792, acc= 44.0% |
Epoch   1 | Client   9 | Train: loss=0.154, acc= 94.7% | time= 41.3ms | Valid: loss=2.466, acc= 36.0% |
Epoch   2 | Client   9 | Train: loss=0.047, acc= 99.2% | time= 39.7ms | Valid: loss=2.030, acc= 48.0% |
Epoch   3 | Client   9 | Train: loss=0.021, acc= 99.8% | time= 39.5ms | Valid: loss=1.730, acc= 44.0% |
Epoch   4 | Client   9 | Train: loss=0.049, acc= 98.9% | time= 39.6ms | Valid: loss=2.284, acc= 40.0% |
Epoch   5 | Client   9 | Train: loss=0.016, acc= 99.8% | time= 39.4ms | Valid: loss=2.062, acc= 48.0% |
----------------------------------------
G-Epoch:  18, Test: loss=1.677 , acc= 58.2%
****************************************
Task:   0, G-Epoch:  18, Test: loss=1.692 , acc= 57.4%
Task:   1, G-Epoch:  18, Test: loss=2.312 , acc= 10.2%
Task:   2, G-Epoch:  18, Test: loss=2.314 , acc= 10.8%
Task:   3, G-Epoch:  18, Test: loss=2.311 , acc= 11.9%
Task:   4, G-Epoch:  18, Test: loss=2.315 , acc=  9.6%
Task:   5, G-Epoch:  18, Test: loss=2.299 , acc= 10.7%
Task:   6, G-Epoch:  18, Test: loss=2.303 , acc= 10.0%
Task:   7, G-Epoch:  18, Test: loss=2.310 , acc= 12.7%
Task:   8, G-Epoch:  18, Test: loss=2.303 , acc=  9.6%
Task:   9, G-Epoch:  18, Test: loss=2.313 , acc= 10.0%
{0: [39.3, 45.7, 48.7, 48.8, 51.1, 52.3, 53.9, 51.6, 55.6, 54.8, 53.3, 54.9, 58.1, 57.8, 55.8, 58.5, 58.6, 58.9, 57.4], 1: [10.2, 9.5, 11.1, 11.0, 9.3, 10.0, 10.6, 10.7, 11.2, 8.9, 9.1, 10.8, 10.8, 10.3, 9.9, 9.1, 11.7, 10.1, 10.2], 2: [10.3, 10.5, 9.7, 11.4, 11.1, 9.9, 8.6, 8.9, 9.1, 8.7, 9.4, 9.6, 7.7, 10.1, 10.4, 8.9, 9.1, 9.5, 10.8], 3: [10.3, 9.9, 8.6, 9.7, 9.2, 9.4, 9.3, 10.7, 11.6, 11.0, 11.6, 11.9, 11.3, 11.4, 12.4, 11.7, 11.1, 11.2, 11.9], 4: [11.0, 10.0, 10.7, 9.8, 10.8, 10.1, 10.0, 10.9, 10.2, 10.0, 10.2, 9.9, 9.6, 9.1, 8.8, 10.7, 9.8, 9.2, 9.6], 5: [9.1, 9.4, 10.6, 12.1, 10.5, 10.8, 11.3, 10.7, 10.6, 12.6, 12.5, 11.6, 11.5, 11.1, 10.8, 10.5, 11.1, 11.6, 10.7], 6: [10.1, 9.9, 12.1, 10.8, 10.4, 9.4, 9.2, 10.1, 11.1, 9.8, 10.4, 11.0, 10.9, 11.0, 13.0, 12.2, 10.5, 11.5, 10.0], 7: [9.2, 9.7, 10.3, 11.8, 11.8, 11.2, 12.2, 11.5, 10.8, 11.1, 12.2, 11.9, 11.9, 13.4, 12.9, 13.1, 14.1, 12.3, 12.7], 8: [7.8, 10.2, 9.5, 11.9, 11.6, 10.8, 9.4, 10.0, 9.6, 10.5, 9.9, 9.9, 10.2, 9.4, 9.8, 8.7, 9.4, 8.8, 9.6], 9: [10.4, 10.8, 9.5, 9.8, 8.9, 8.8, 8.5, 10.6, 9.6, 10.0, 6.8, 8.7, 10.7, 8.9, 9.7, 7.7, 9.0, 9.4, 10.0]}
Epoch   1 | Client   0 | Train: loss=0.081, acc= 97.9% | time= 38.8ms | Valid: loss=1.599, acc= 56.0% |
Epoch   2 | Client   0 | Train: loss=0.351, acc= 89.5% | time= 37.2ms | Valid: loss=2.191, acc= 56.0% |
Epoch   3 | Client   0 | Train: loss=0.024, acc= 99.8% | time= 38.1ms | Valid: loss=1.147, acc= 68.0% |
Epoch   4 | Client   0 | Train: loss=0.021, acc= 99.6% | time= 37.0ms | Valid: loss=1.282, acc= 64.0% |
Epoch   5 | Client   0 | Train: loss=0.028, acc= 99.2% | time= 36.2ms | Valid: loss=1.323, acc= 56.0% |
Epoch   1 | Client   1 | Train: loss=0.273, acc= 91.8% | time= 45.7ms | Valid: loss=1.213, acc= 76.0% |
Epoch   2 | Client   1 | Train: loss=0.036, acc= 99.2% | time= 38.4ms | Valid: loss=1.441, acc= 64.0% |
Epoch   3 | Client   1 | Train: loss=0.133, acc= 96.6% | time= 38.9ms | Valid: loss=1.756, acc= 56.0% |
Epoch   4 | Client   1 | Train: loss=0.086, acc= 97.5% | time= 37.9ms | Valid: loss=1.852, acc= 68.0% |
Epoch   5 | Client   1 | Train: loss=0.035, acc= 99.2% | time= 38.3ms | Valid: loss=1.914, acc= 48.0% |
Epoch   1 | Client   2 | Train: loss=0.052, acc= 98.1% | time= 39.3ms | Valid: loss=1.832, acc= 60.0% |
Epoch   2 | Client   2 | Train: loss=0.285, acc= 89.7% | time= 38.3ms | Valid: loss=3.284, acc= 32.0% |
Epoch   3 | Client   2 | Train: loss=0.061, acc= 97.5% | time= 38.7ms | Valid: loss=2.554, acc= 56.0% |
Epoch   4 | Client   2 | Train: loss=0.165, acc= 95.2% | time= 38.5ms | Valid: loss=2.411, acc= 56.0% |
Epoch   5 | Client   2 | Train: loss=0.040, acc= 98.5% | time= 38.0ms | Valid: loss=1.977, acc= 52.0% |
Epoch   1 | Client   3 | Train: loss=0.214, acc= 94.1% | time= 41.0ms | Valid: loss=1.612, acc= 48.0% |
Epoch   2 | Client   3 | Train: loss=0.058, acc= 98.5% | time= 42.3ms | Valid: loss=1.678, acc= 52.0% |
Epoch   3 | Client   3 | Train: loss=0.080, acc= 97.9% | time= 42.0ms | Valid: loss=1.549, acc= 56.0% |
Epoch   4 | Client   3 | Train: loss=0.018, acc= 99.4% | time= 43.7ms | Valid: loss=1.398, acc= 48.0% |
Epoch   5 | Client   3 | Train: loss=0.008, acc=100.0% | time= 37.5ms | Valid: loss=1.801, acc= 52.0% |
Epoch   1 | Client   4 | Train: loss=0.374, acc= 93.7% | time= 38.7ms | Valid: loss=1.787, acc= 64.0% |
Epoch   2 | Client   4 | Train: loss=0.160, acc= 94.5% | time= 36.4ms | Valid: loss=2.409, acc= 40.0% |
Epoch   3 | Client   4 | Train: loss=0.065, acc= 97.9% | time= 36.3ms | Valid: loss=1.836, acc= 52.0% |
Epoch   4 | Client   4 | Train: loss=0.055, acc= 98.1% | time= 36.3ms | Valid: loss=1.679, acc= 56.0% |
Epoch   5 | Client   4 | Train: loss=0.118, acc= 96.0% | time= 34.6ms | Valid: loss=1.708, acc= 60.0% |
Epoch   1 | Client   5 | Train: loss=0.189, acc= 93.9% | time= 43.4ms | Valid: loss=1.298, acc= 68.0% |
Epoch   2 | Client   5 | Train: loss=0.071, acc= 98.5% | time= 38.2ms | Valid: loss=1.206, acc= 68.0% |
Epoch   3 | Client   5 | Train: loss=0.039, acc= 98.9% | time= 38.2ms | Valid: loss=1.134, acc= 72.0% |
Epoch   4 | Client   5 | Train: loss=0.023, acc= 99.6% | time= 40.9ms | Valid: loss=0.798, acc= 80.0% |
Epoch   5 | Client   5 | Train: loss=0.019, acc= 99.4% | time= 41.8ms | Valid: loss=1.137, acc= 72.0% |
Epoch   1 | Client   6 | Train: loss=0.020, acc= 99.4% | time= 45.7ms | Valid: loss=2.059, acc= 60.0% |
Epoch   2 | Client   6 | Train: loss=0.082, acc= 97.5% | time= 38.0ms | Valid: loss=1.799, acc= 60.0% |
Epoch   3 | Client   6 | Train: loss=0.170, acc= 93.9% | time= 37.8ms | Valid: loss=1.743, acc= 60.0% |
Epoch   4 | Client   6 | Train: loss=0.269, acc= 92.6% | time= 38.0ms | Valid: loss=2.962, acc= 48.0% |
Epoch   5 | Client   6 | Train: loss=0.036, acc= 99.4% | time= 36.1ms | Valid: loss=2.199, acc= 56.0% |
Epoch   1 | Client   7 | Train: loss=0.059, acc= 98.1% | time= 39.5ms | Valid: loss=2.189, acc= 52.0% |
Epoch   2 | Client   7 | Train: loss=0.096, acc= 98.3% | time= 37.9ms | Valid: loss=2.183, acc= 60.0% |
Epoch   3 | Client   7 | Train: loss=0.015, acc= 99.8% | time= 38.0ms | Valid: loss=1.854, acc= 60.0% |
Epoch   4 | Client   7 | Train: loss=0.093, acc= 96.8% | time= 37.8ms | Valid: loss=2.108, acc= 52.0% |
Epoch   5 | Client   7 | Train: loss=0.014, acc= 99.6% | time= 39.1ms | Valid: loss=1.708, acc= 56.0% |
Epoch   1 | Client   8 | Train: loss=0.332, acc= 90.3% | time= 39.9ms | Valid: loss=2.081, acc= 44.0% |
Epoch   2 | Client   8 | Train: loss=0.153, acc= 94.7% | time= 38.3ms | Valid: loss=1.477, acc= 52.0% |
Epoch   3 | Client   8 | Train: loss=0.088, acc= 97.7% | time= 38.2ms | Valid: loss=2.643, acc= 36.0% |
Epoch   4 | Client   8 | Train: loss=0.065, acc= 97.9% | time= 37.3ms | Valid: loss=1.789, acc= 64.0% |
Epoch   5 | Client   8 | Train: loss=0.036, acc= 99.4% | time= 37.3ms | Valid: loss=1.927, acc= 52.0% |
Epoch   1 | Client   9 | Train: loss=0.297, acc= 89.7% | time= 58.1ms | Valid: loss=2.541, acc= 28.0% |
Epoch   2 | Client   9 | Train: loss=0.144, acc= 95.8% | time= 43.8ms | Valid: loss=2.232, acc= 52.0% |
Epoch   3 | Client   9 | Train: loss=0.112, acc= 96.0% | time= 40.4ms | Valid: loss=2.865, acc= 44.0% |
Epoch   4 | Client   9 | Train: loss=0.020, acc= 99.8% | time= 38.2ms | Valid: loss=1.982, acc= 44.0% |
Epoch   5 | Client   9 | Train: loss=0.008, acc=100.0% | time= 37.1ms | Valid: loss=1.967, acc= 48.0% |
----------------------------------------
G-Epoch:  19, Test: loss=1.609 , acc= 59.3%
****************************************
Task:   0, G-Epoch:  19, Test: loss=1.628 , acc= 60.4%
Task:   1, G-Epoch:  19, Test: loss=2.312 , acc= 11.4%
Task:   2, G-Epoch:  19, Test: loss=2.313 , acc=  8.4%
Task:   3, G-Epoch:  19, Test: loss=2.307 , acc= 12.5%
Task:   4, G-Epoch:  19, Test: loss=2.312 , acc= 10.3%
Task:   5, G-Epoch:  19, Test: loss=2.299 , acc= 11.8%
Task:   6, G-Epoch:  19, Test: loss=2.302 , acc= 11.8%
Task:   7, G-Epoch:  19, Test: loss=2.308 , acc= 13.3%
Task:   8, G-Epoch:  19, Test: loss=2.305 , acc=  8.2%
Task:   9, G-Epoch:  19, Test: loss=2.311 , acc=  9.5%
{0: [39.3, 45.7, 48.7, 48.8, 51.1, 52.3, 53.9, 51.6, 55.6, 54.8, 53.3, 54.9, 58.1, 57.8, 55.8, 58.5, 58.6, 58.9, 57.4, 60.4], 1: [10.2, 9.5, 11.1, 11.0, 9.3, 10.0, 10.6, 10.7, 11.2, 8.9, 9.1, 10.8, 10.8, 10.3, 9.9, 9.1, 11.7, 10.1, 10.2, 11.4], 2: [10.3, 10.5, 9.7, 11.4, 11.1, 9.9, 8.6, 8.9, 9.1, 8.7, 9.4, 9.6, 7.7, 10.1, 10.4, 8.9, 9.1, 9.5, 10.8, 8.4], 3: [10.3, 9.9, 8.6, 9.7, 9.2, 9.4, 9.3, 10.7, 11.6, 11.0, 11.6, 11.9, 11.3, 11.4, 12.4, 11.7, 11.1, 11.2, 11.9, 12.5], 4: [11.0, 10.0, 10.7, 9.8, 10.8, 10.1, 10.0, 10.9, 10.2, 10.0, 10.2, 9.9, 9.6, 9.1, 8.8, 10.7, 9.8, 9.2, 9.6, 10.3], 5: [9.1, 9.4, 10.6, 12.1, 10.5, 10.8, 11.3, 10.7, 10.6, 12.6, 12.5, 11.6, 11.5, 11.1, 10.8, 10.5, 11.1, 11.6, 10.7, 11.8], 6: [10.1, 9.9, 12.1, 10.8, 10.4, 9.4, 9.2, 10.1, 11.1, 9.8, 10.4, 11.0, 10.9, 11.0, 13.0, 12.2, 10.5, 11.5, 10.0, 11.8], 7: [9.2, 9.7, 10.3, 11.8, 11.8, 11.2, 12.2, 11.5, 10.8, 11.1, 12.2, 11.9, 11.9, 13.4, 12.9, 13.1, 14.1, 12.3, 12.7, 13.3], 8: [7.8, 10.2, 9.5, 11.9, 11.6, 10.8, 9.4, 10.0, 9.6, 10.5, 9.9, 9.9, 10.2, 9.4, 9.8, 8.7, 9.4, 8.8, 9.6, 8.2], 9: [10.4, 10.8, 9.5, 9.8, 8.9, 8.8, 8.5, 10.6, 9.6, 10.0, 6.8, 8.7, 10.7, 8.9, 9.7, 7.7, 9.0, 9.4, 10.0, 9.5]}
Epoch   1 | Client   0 | Train: loss=0.271, acc= 91.6% | time= 36.3ms | Valid: loss=1.752, acc= 56.0% |
Epoch   2 | Client   0 | Train: loss=0.103, acc= 96.6% | time= 35.6ms | Valid: loss=1.383, acc= 72.0% |
Epoch   3 | Client   0 | Train: loss=0.150, acc= 94.7% | time= 35.6ms | Valid: loss=1.622, acc= 60.0% |
Epoch   4 | Client   0 | Train: loss=0.019, acc=100.0% | time= 35.3ms | Valid: loss=1.712, acc= 56.0% |
Epoch   5 | Client   0 | Train: loss=0.015, acc=100.0% | time= 34.3ms | Valid: loss=1.435, acc= 56.0% |
Epoch   1 | Client   1 | Train: loss=0.325, acc= 91.6% | time= 40.9ms | Valid: loss=1.905, acc= 44.0% |
Epoch   2 | Client   1 | Train: loss=0.146, acc= 94.9% | time= 39.9ms | Valid: loss=1.706, acc= 60.0% |
Epoch   3 | Client   1 | Train: loss=0.187, acc= 94.5% | time= 39.8ms | Valid: loss=1.815, acc= 64.0% |
Epoch   4 | Client   1 | Train: loss=0.057, acc= 98.9% | time= 38.8ms | Valid: loss=1.647, acc= 60.0% |
Epoch   5 | Client   1 | Train: loss=0.016, acc= 99.8% | time= 40.2ms | Valid: loss=1.667, acc= 60.0% |
Epoch   1 | Client   2 | Train: loss=0.191, acc= 94.5% | time= 38.2ms | Valid: loss=2.085, acc= 52.0% |
Epoch   2 | Client   2 | Train: loss=0.018, acc= 99.8% | time= 47.6ms | Valid: loss=1.868, acc= 64.0% |
Epoch   3 | Client   2 | Train: loss=0.102, acc= 97.7% | time= 47.7ms | Valid: loss=2.826, acc= 40.0% |
Epoch   4 | Client   2 | Train: loss=0.516, acc= 84.0% | time= 39.4ms | Valid: loss=2.833, acc= 40.0% |
Epoch   5 | Client   2 | Train: loss=0.057, acc= 98.3% | time= 45.2ms | Valid: loss=3.093, acc= 40.0% |
Epoch   1 | Client   3 | Train: loss=0.084, acc= 97.1% | time= 44.5ms | Valid: loss=2.030, acc= 36.0% |
Epoch   2 | Client   3 | Train: loss=0.531, acc= 84.0% | time= 42.2ms | Valid: loss=2.086, acc= 28.0% |
Epoch   3 | Client   3 | Train: loss=0.374, acc= 89.3% | time= 41.9ms | Valid: loss=2.055, acc= 48.0% |
Epoch   4 | Client   3 | Train: loss=0.046, acc= 98.5% | time= 41.6ms | Valid: loss=1.281, acc= 56.0% |
Epoch   5 | Client   3 | Train: loss=0.013, acc=100.0% | time= 40.8ms | Valid: loss=1.086, acc= 68.0% |
Epoch   1 | Client   4 | Train: loss=0.190, acc= 93.9% | time= 39.3ms | Valid: loss=2.034, acc= 60.0% |
Epoch   2 | Client   4 | Train: loss=0.017, acc= 99.8% | time= 36.3ms | Valid: loss=2.058, acc= 64.0% |
Epoch   3 | Client   4 | Train: loss=0.017, acc= 99.4% | time= 36.3ms | Valid: loss=1.910, acc= 56.0% |
Epoch   4 | Client   4 | Train: loss=0.009, acc=100.0% | time= 36.4ms | Valid: loss=1.820, acc= 60.0% |
Epoch   5 | Client   4 | Train: loss=0.018, acc= 99.6% | time= 37.9ms | Valid: loss=2.128, acc= 56.0% |
Epoch   1 | Client   5 | Train: loss=0.479, acc= 86.7% | time= 45.6ms | Valid: loss=1.405, acc= 68.0% |
Epoch   2 | Client   5 | Train: loss=0.128, acc= 96.2% | time= 43.5ms | Valid: loss=1.457, acc= 68.0% |
Epoch   3 | Client   5 | Train: loss=0.070, acc= 97.9% | time= 36.5ms | Valid: loss=1.191, acc= 72.0% |
Epoch   4 | Client   5 | Train: loss=0.046, acc= 98.5% | time= 37.9ms | Valid: loss=1.059, acc= 72.0% |
Epoch   5 | Client   5 | Train: loss=0.012, acc=100.0% | time= 38.0ms | Valid: loss=0.981, acc= 76.0% |
Epoch   1 | Client   6 | Train: loss=0.023, acc= 99.6% | time= 41.1ms | Valid: loss=2.032, acc= 56.0% |
Epoch   2 | Client   6 | Train: loss=0.070, acc= 97.7% | time= 38.5ms | Valid: loss=2.265, acc= 56.0% |
Epoch   3 | Client   6 | Train: loss=0.288, acc= 91.2% | time= 38.3ms | Valid: loss=2.235, acc= 44.0% |
Epoch   4 | Client   6 | Train: loss=0.088, acc= 96.4% | time= 37.8ms | Valid: loss=2.195, acc= 48.0% |
Epoch   5 | Client   6 | Train: loss=0.016, acc= 99.6% | time= 36.5ms | Valid: loss=2.206, acc= 60.0% |
Epoch   1 | Client   7 | Train: loss=0.358, acc= 89.1% | time= 41.9ms | Valid: loss=2.439, acc= 44.0% |
Epoch   2 | Client   7 | Train: loss=0.107, acc= 96.2% | time= 42.2ms | Valid: loss=2.105, acc= 56.0% |
Epoch   3 | Client   7 | Train: loss=0.071, acc= 97.7% | time= 42.0ms | Valid: loss=2.187, acc= 56.0% |
Epoch   4 | Client   7 | Train: loss=0.029, acc= 98.9% | time= 41.5ms | Valid: loss=2.089, acc= 60.0% |
Epoch   5 | Client   7 | Train: loss=0.095, acc= 97.1% | time= 43.2ms | Valid: loss=2.357, acc= 48.0% |
Epoch   1 | Client   8 | Train: loss=0.062, acc= 97.9% | time= 37.7ms | Valid: loss=1.702, acc= 48.0% |
Epoch   2 | Client   8 | Train: loss=0.089, acc= 96.8% | time= 36.6ms | Valid: loss=2.215, acc= 48.0% |
Epoch   3 | Client   8 | Train: loss=0.008, acc= 99.8% | time= 42.1ms | Valid: loss=1.925, acc= 56.0% |
Epoch   4 | Client   8 | Train: loss=0.015, acc= 99.4% | time= 43.8ms | Valid: loss=2.017, acc= 52.0% |
Epoch   5 | Client   8 | Train: loss=0.013, acc= 99.6% | time= 36.6ms | Valid: loss=1.933, acc= 52.0% |
Epoch   1 | Client   9 | Train: loss=0.098, acc= 97.7% | time= 49.9ms | Valid: loss=2.015, acc= 52.0% |
Epoch   2 | Client   9 | Train: loss=0.133, acc= 95.4% | time= 42.8ms | Valid: loss=2.473, acc= 32.0% |
Epoch   3 | Client   9 | Train: loss=0.095, acc= 96.4% | time= 44.7ms | Valid: loss=1.850, acc= 56.0% |
Epoch   4 | Client   9 | Train: loss=0.056, acc= 98.5% | time= 42.6ms | Valid: loss=2.430, acc= 32.0% |
Epoch   5 | Client   9 | Train: loss=0.035, acc= 98.5% | time= 44.2ms | Valid: loss=1.736, acc= 52.0% |
----------------------------------------
G-Epoch:  20, Test: loss=1.639 , acc= 61.6%
****************************************
Task:   0, G-Epoch:  20, Test: loss=1.603 , acc= 61.3%
Task:   1, G-Epoch:  20, Test: loss=2.311 , acc=  8.8%
Task:   2, G-Epoch:  20, Test: loss=2.318 , acc=  8.5%
Task:   3, G-Epoch:  20, Test: loss=2.309 , acc= 13.1%
Task:   4, G-Epoch:  20, Test: loss=2.313 , acc=  8.5%
Task:   5, G-Epoch:  20, Test: loss=2.300 , acc= 10.6%
Task:   6, G-Epoch:  20, Test: loss=2.304 , acc=  9.6%
Task:   7, G-Epoch:  20, Test: loss=2.311 , acc= 11.4%
Task:   8, G-Epoch:  20, Test: loss=2.305 , acc=  8.0%
Task:   9, G-Epoch:  20, Test: loss=2.316 , acc=  9.7%
{0: [39.3, 45.7, 48.7, 48.8, 51.1, 52.3, 53.9, 51.6, 55.6, 54.8, 53.3, 54.9, 58.1, 57.8, 55.8, 58.5, 58.6, 58.9, 57.4, 60.4, 61.3], 1: [10.2, 9.5, 11.1, 11.0, 9.3, 10.0, 10.6, 10.7, 11.2, 8.9, 9.1, 10.8, 10.8, 10.3, 9.9, 9.1, 11.7, 10.1, 10.2, 11.4, 8.8], 2: [10.3, 10.5, 9.7, 11.4, 11.1, 9.9, 8.6, 8.9, 9.1, 8.7, 9.4, 9.6, 7.7, 10.1, 10.4, 8.9, 9.1, 9.5, 10.8, 8.4, 8.5], 3: [10.3, 9.9, 8.6, 9.7, 9.2, 9.4, 9.3, 10.7, 11.6, 11.0, 11.6, 11.9, 11.3, 11.4, 12.4, 11.7, 11.1, 11.2, 11.9, 12.5, 13.1], 4: [11.0, 10.0, 10.7, 9.8, 10.8, 10.1, 10.0, 10.9, 10.2, 10.0, 10.2, 9.9, 9.6, 9.1, 8.8, 10.7, 9.8, 9.2, 9.6, 10.3, 8.5], 5: [9.1, 9.4, 10.6, 12.1, 10.5, 10.8, 11.3, 10.7, 10.6, 12.6, 12.5, 11.6, 11.5, 11.1, 10.8, 10.5, 11.1, 11.6, 10.7, 11.8, 10.6], 6: [10.1, 9.9, 12.1, 10.8, 10.4, 9.4, 9.2, 10.1, 11.1, 9.8, 10.4, 11.0, 10.9, 11.0, 13.0, 12.2, 10.5, 11.5, 10.0, 11.8, 9.6], 7: [9.2, 9.7, 10.3, 11.8, 11.8, 11.2, 12.2, 11.5, 10.8, 11.1, 12.2, 11.9, 11.9, 13.4, 12.9, 13.1, 14.1, 12.3, 12.7, 13.3, 11.4], 8: [7.8, 10.2, 9.5, 11.9, 11.6, 10.8, 9.4, 10.0, 9.6, 10.5, 9.9, 9.9, 10.2, 9.4, 9.8, 8.7, 9.4, 8.8, 9.6, 8.2, 8.0], 9: [10.4, 10.8, 9.5, 9.8, 8.9, 8.8, 8.5, 10.6, 9.6, 10.0, 6.8, 8.7, 10.7, 8.9, 9.7, 7.7, 9.0, 9.4, 10.0, 9.5, 9.7]}
Epoch   1 | Client   0 | Train: loss=0.253, acc= 92.6% | time= 47.9ms | Valid: loss=1.532, acc= 60.0% |
Epoch   2 | Client   0 | Train: loss=0.381, acc= 88.0% | time= 38.7ms | Valid: loss=2.207, acc= 44.0% |
Epoch   3 | Client   0 | Train: loss=0.062, acc= 98.5% | time= 37.0ms | Valid: loss=1.649, acc= 64.0% |
Epoch   4 | Client   0 | Train: loss=0.016, acc= 99.8% | time= 45.8ms | Valid: loss=1.343, acc= 60.0% |
Epoch   5 | Client   0 | Train: loss=0.010, acc=100.0% | time= 45.5ms | Valid: loss=1.279, acc= 68.0% |
Epoch   1 | Client   1 | Train: loss=0.027, acc= 99.6% | time= 40.6ms | Valid: loss=1.695, acc= 56.0% |
Epoch   2 | Client   1 | Train: loss=0.214, acc= 93.7% | time= 39.3ms | Valid: loss=0.969, acc= 80.0% |
Epoch   3 | Client   1 | Train: loss=0.042, acc= 98.5% | time= 39.4ms | Valid: loss=1.520, acc= 68.0% |
Epoch   4 | Client   1 | Train: loss=0.101, acc= 97.9% | time= 39.4ms | Valid: loss=2.088, acc= 64.0% |
Epoch   5 | Client   1 | Train: loss=0.114, acc= 96.0% | time= 39.4ms | Valid: loss=2.190, acc= 48.0% |
Epoch   1 | Client   2 | Train: loss=0.064, acc= 98.3% | time= 45.1ms | Valid: loss=1.783, acc= 52.0% |
Epoch   2 | Client   2 | Train: loss=0.139, acc= 95.6% | time= 38.1ms | Valid: loss=2.191, acc= 56.0% |
Epoch   3 | Client   2 | Train: loss=0.108, acc= 95.6% | time= 40.2ms | Valid: loss=2.484, acc= 48.0% |
Epoch   4 | Client   2 | Train: loss=0.022, acc= 99.8% | time= 38.4ms | Valid: loss=1.994, acc= 60.0% |
Epoch   5 | Client   2 | Train: loss=0.079, acc= 97.9% | time= 38.0ms | Valid: loss=2.282, acc= 48.0% |
Epoch   1 | Client   3 | Train: loss=0.035, acc= 99.2% | time= 43.6ms | Valid: loss=1.739, acc= 52.0% |
Epoch   2 | Client   3 | Train: loss=0.087, acc= 97.1% | time= 36.3ms | Valid: loss=1.331, acc= 64.0% |
Epoch   3 | Client   3 | Train: loss=0.050, acc= 97.9% | time= 38.7ms | Valid: loss=1.076, acc= 60.0% |
Epoch   4 | Client   3 | Train: loss=0.008, acc= 99.8% | time= 37.1ms | Valid: loss=1.507, acc= 56.0% |
Epoch   5 | Client   3 | Train: loss=0.031, acc= 98.9% | time= 36.7ms | Valid: loss=1.766, acc= 48.0% |
Epoch   1 | Client   4 | Train: loss=0.117, acc= 96.2% | time= 42.9ms | Valid: loss=2.202, acc= 52.0% |
Epoch   2 | Client   4 | Train: loss=0.318, acc= 90.9% | time= 51.3ms | Valid: loss=1.699, acc= 60.0% |
Epoch   3 | Client   4 | Train: loss=0.065, acc= 97.9% | time= 38.5ms | Valid: loss=2.343, acc= 52.0% |
Epoch   4 | Client   4 | Train: loss=0.013, acc= 99.8% | time= 37.6ms | Valid: loss=1.684, acc= 56.0% |
Epoch   5 | Client   4 | Train: loss=0.066, acc= 97.9% | time= 37.4ms | Valid: loss=1.997, acc= 48.0% |
Epoch   1 | Client   5 | Train: loss=0.211, acc= 93.7% | time= 40.0ms | Valid: loss=1.388, acc= 72.0% |
Epoch   2 | Client   5 | Train: loss=0.043, acc= 98.5% | time= 38.0ms | Valid: loss=0.708, acc= 88.0% |
Epoch   3 | Client   5 | Train: loss=0.013, acc=100.0% | time= 39.8ms | Valid: loss=0.963, acc= 76.0% |
Epoch   4 | Client   5 | Train: loss=0.007, acc= 99.8% | time= 37.5ms | Valid: loss=1.135, acc= 76.0% |
Epoch   5 | Client   5 | Train: loss=0.023, acc= 99.6% | time= 37.3ms | Valid: loss=1.166, acc= 68.0% |
Epoch   1 | Client   6 | Train: loss=0.064, acc= 97.5% | time= 45.3ms | Valid: loss=2.329, acc= 56.0% |
Epoch   2 | Client   6 | Train: loss=0.289, acc= 91.8% | time= 36.4ms | Valid: loss=2.009, acc= 44.0% |
Epoch   3 | Client   6 | Train: loss=0.084, acc= 97.1% | time= 36.3ms | Valid: loss=1.863, acc= 60.0% |
Epoch   4 | Client   6 | Train: loss=0.050, acc= 98.7% | time= 36.5ms | Valid: loss=2.027, acc= 60.0% |
Epoch   5 | Client   6 | Train: loss=0.157, acc= 96.0% | time= 36.3ms | Valid: loss=2.508, acc= 52.0% |
Epoch   1 | Client   7 | Train: loss=0.132, acc= 96.2% | time= 40.2ms | Valid: loss=2.402, acc= 52.0% |
Epoch   2 | Client   7 | Train: loss=0.086, acc= 96.4% | time= 36.9ms | Valid: loss=1.966, acc= 52.0% |
Epoch   3 | Client   7 | Train: loss=0.025, acc= 99.4% | time= 36.5ms | Valid: loss=1.928, acc= 60.0% |
Epoch   4 | Client   7 | Train: loss=0.013, acc= 99.6% | time= 38.7ms | Valid: loss=2.287, acc= 48.0% |
Epoch   5 | Client   7 | Train: loss=0.016, acc= 99.6% | time= 35.8ms | Valid: loss=1.823, acc= 56.0% |
Epoch   1 | Client   8 | Train: loss=0.068, acc= 97.7% | time= 39.7ms | Valid: loss=2.601, acc= 48.0% |
Epoch   2 | Client   8 | Train: loss=0.257, acc= 93.7% | time= 37.0ms | Valid: loss=1.693, acc= 52.0% |
Epoch   3 | Client   8 | Train: loss=0.024, acc= 99.6% | time= 36.7ms | Valid: loss=2.087, acc= 64.0% |
Epoch   4 | Client   8 | Train: loss=0.114, acc= 96.8% | time= 36.6ms | Valid: loss=2.544, acc= 48.0% |
Epoch   5 | Client   8 | Train: loss=0.006, acc=100.0% | time= 36.7ms | Valid: loss=1.899, acc= 52.0% |
Epoch   1 | Client   9 | Train: loss=0.034, acc= 99.4% | time= 39.5ms | Valid: loss=1.649, acc= 56.0% |
Epoch   2 | Client   9 | Train: loss=0.031, acc= 98.9% | time= 37.9ms | Valid: loss=1.746, acc= 40.0% |
Epoch   3 | Client   9 | Train: loss=0.043, acc= 98.9% | time= 40.0ms | Valid: loss=2.345, acc= 44.0% |
Epoch   4 | Client   9 | Train: loss=0.066, acc= 97.5% | time= 36.5ms | Valid: loss=2.345, acc= 44.0% |
Epoch   5 | Client   9 | Train: loss=0.053, acc= 97.9% | time= 36.5ms | Valid: loss=2.678, acc= 40.0% |
----------------------------------------
G-Epoch:  21, Test: loss=1.754 , acc= 57.6%
****************************************
Task:   0, G-Epoch:  21, Test: loss=1.761 , acc= 56.9%
Task:   1, G-Epoch:  21, Test: loss=2.310 , acc=  9.8%
Task:   2, G-Epoch:  21, Test: loss=2.315 , acc=  8.8%
Task:   3, G-Epoch:  21, Test: loss=2.305 , acc= 12.2%
Task:   4, G-Epoch:  21, Test: loss=2.311 , acc= 10.1%
Task:   5, G-Epoch:  21, Test: loss=2.295 , acc= 11.0%
Task:   6, G-Epoch:  21, Test: loss=2.303 , acc= 11.3%
Task:   7, G-Epoch:  21, Test: loss=2.309 , acc= 13.4%
Task:   8, G-Epoch:  21, Test: loss=2.308 , acc=  8.7%
Task:   9, G-Epoch:  21, Test: loss=2.315 , acc=  9.6%
{0: [39.3, 45.7, 48.7, 48.8, 51.1, 52.3, 53.9, 51.6, 55.6, 54.8, 53.3, 54.9, 58.1, 57.8, 55.8, 58.5, 58.6, 58.9, 57.4, 60.4, 61.3, 56.9], 1: [10.2, 9.5, 11.1, 11.0, 9.3, 10.0, 10.6, 10.7, 11.2, 8.9, 9.1, 10.8, 10.8, 10.3, 9.9, 9.1, 11.7, 10.1, 10.2, 11.4, 8.8, 9.8], 2: [10.3, 10.5, 9.7, 11.4, 11.1, 9.9, 8.6, 8.9, 9.1, 8.7, 9.4, 9.6, 7.7, 10.1, 10.4, 8.9, 9.1, 9.5, 10.8, 8.4, 8.5, 8.8], 3: [10.3, 9.9, 8.6, 9.7, 9.2, 9.4, 9.3, 10.7, 11.6, 11.0, 11.6, 11.9, 11.3, 11.4, 12.4, 11.7, 11.1, 11.2, 11.9, 12.5, 13.1, 12.2], 4: [11.0, 10.0, 10.7, 9.8, 10.8, 10.1, 10.0, 10.9, 10.2, 10.0, 10.2, 9.9, 9.6, 9.1, 8.8, 10.7, 9.8, 9.2, 9.6, 10.3, 8.5, 10.1], 5: [9.1, 9.4, 10.6, 12.1, 10.5, 10.8, 11.3, 10.7, 10.6, 12.6, 12.5, 11.6, 11.5, 11.1, 10.8, 10.5, 11.1, 11.6, 10.7, 11.8, 10.6, 11.0], 6: [10.1, 9.9, 12.1, 10.8, 10.4, 9.4, 9.2, 10.1, 11.1, 9.8, 10.4, 11.0, 10.9, 11.0, 13.0, 12.2, 10.5, 11.5, 10.0, 11.8, 9.6, 11.3], 7: [9.2, 9.7, 10.3, 11.8, 11.8, 11.2, 12.2, 11.5, 10.8, 11.1, 12.2, 11.9, 11.9, 13.4, 12.9, 13.1, 14.1, 12.3, 12.7, 13.3, 11.4, 13.4], 8: [7.8, 10.2, 9.5, 11.9, 11.6, 10.8, 9.4, 10.0, 9.6, 10.5, 9.9, 9.9, 10.2, 9.4, 9.8, 8.7, 9.4, 8.8, 9.6, 8.2, 8.0, 8.7], 9: [10.4, 10.8, 9.5, 9.8, 8.9, 8.8, 8.5, 10.6, 9.6, 10.0, 6.8, 8.7, 10.7, 8.9, 9.7, 7.7, 9.0, 9.4, 10.0, 9.5, 9.7, 9.6]}
Epoch   1 | Client   0 | Train: loss=0.251, acc= 91.2% | time= 38.5ms | Valid: loss=2.803, acc= 32.0% |
Epoch   2 | Client   0 | Train: loss=0.068, acc= 97.9% | time= 37.8ms | Valid: loss=1.579, acc= 56.0% |
Epoch   3 | Client   0 | Train: loss=0.052, acc= 98.7% | time= 36.7ms | Valid: loss=1.408, acc= 56.0% |
Epoch   4 | Client   0 | Train: loss=0.293, acc= 92.8% | time= 36.7ms | Valid: loss=2.517, acc= 40.0% |
Epoch   5 | Client   0 | Train: loss=0.011, acc= 99.8% | time= 36.8ms | Valid: loss=1.378, acc= 60.0% |
Epoch   1 | Client   1 | Train: loss=0.106, acc= 96.6% | time= 39.8ms | Valid: loss=1.489, acc= 60.0% |
Epoch   2 | Client   1 | Train: loss=0.028, acc= 99.2% | time= 37.9ms | Valid: loss=1.932, acc= 56.0% |
Epoch   3 | Client   1 | Train: loss=0.061, acc= 97.5% | time= 37.8ms | Valid: loss=1.568, acc= 56.0% |
Epoch   4 | Client   1 | Train: loss=0.015, acc= 99.6% | time= 37.8ms | Valid: loss=1.421, acc= 60.0% |
Epoch   5 | Client   1 | Train: loss=0.018, acc= 99.8% | time= 39.4ms | Valid: loss=1.542, acc= 56.0% |
Epoch   1 | Client   2 | Train: loss=0.193, acc= 94.1% | time= 43.5ms | Valid: loss=2.640, acc= 44.0% |
Epoch   2 | Client   2 | Train: loss=0.091, acc= 97.3% | time= 42.4ms | Valid: loss=1.992, acc= 52.0% |
Epoch   3 | Client   2 | Train: loss=0.053, acc= 98.7% | time= 41.9ms | Valid: loss=2.307, acc= 52.0% |
Epoch   4 | Client   2 | Train: loss=0.033, acc= 98.9% | time= 43.7ms | Valid: loss=2.299, acc= 56.0% |
Epoch   5 | Client   2 | Train: loss=0.017, acc= 99.6% | time= 42.2ms | Valid: loss=1.391, acc= 60.0% |
Epoch   1 | Client   3 | Train: loss=0.089, acc= 96.6% | time= 47.5ms | Valid: loss=2.126, acc= 52.0% |
Epoch   2 | Client   3 | Train: loss=0.218, acc= 93.3% | time= 42.0ms | Valid: loss=2.355, acc= 48.0% |
Epoch   3 | Client   3 | Train: loss=0.075, acc= 97.9% | time= 44.1ms | Valid: loss=1.438, acc= 52.0% |
Epoch   4 | Client   3 | Train: loss=0.010, acc= 99.8% | time= 42.8ms | Valid: loss=1.499, acc= 56.0% |
Epoch   5 | Client   3 | Train: loss=0.012, acc= 99.8% | time= 41.1ms | Valid: loss=1.764, acc= 52.0% |
Epoch   1 | Client   4 | Train: loss=0.053, acc= 98.7% | time= 39.3ms | Valid: loss=1.702, acc= 52.0% |
Epoch   2 | Client   4 | Train: loss=0.113, acc= 96.0% | time= 37.8ms | Valid: loss=1.703, acc= 52.0% |
Epoch   3 | Client   4 | Train: loss=0.050, acc= 99.2% | time= 37.9ms | Valid: loss=2.357, acc= 44.0% |
Epoch   4 | Client   4 | Train: loss=0.057, acc= 98.3% | time= 37.7ms | Valid: loss=2.690, acc= 52.0% |
Epoch   5 | Client   4 | Train: loss=0.014, acc= 99.8% | time= 38.1ms | Valid: loss=2.202, acc= 48.0% |
Epoch   1 | Client   5 | Train: loss=0.062, acc= 98.5% | time= 57.6ms | Valid: loss=1.411, acc= 68.0% |
Epoch   2 | Client   5 | Train: loss=0.493, acc= 84.4% | time= 54.3ms | Valid: loss=1.833, acc= 60.0% |
Epoch   3 | Client   5 | Train: loss=0.058, acc= 98.1% | time= 45.5ms | Valid: loss=0.922, acc= 76.0% |
Epoch   4 | Client   5 | Train: loss=0.139, acc= 96.0% | time= 36.4ms | Valid: loss=1.021, acc= 72.0% |
Epoch   5 | Client   5 | Train: loss=0.017, acc= 99.4% | time= 36.4ms | Valid: loss=1.014, acc= 76.0% |
Epoch   1 | Client   6 | Train: loss=0.111, acc= 97.3% | time= 39.4ms | Valid: loss=2.189, acc= 44.0% |
Epoch   2 | Client   6 | Train: loss=0.024, acc= 99.4% | time= 36.8ms | Valid: loss=2.195, acc= 52.0% |
Epoch   3 | Client   6 | Train: loss=0.008, acc=100.0% | time= 38.9ms | Valid: loss=1.970, acc= 60.0% |
Epoch   4 | Client   6 | Train: loss=0.044, acc= 98.7% | time= 37.3ms | Valid: loss=1.734, acc= 64.0% |
Epoch   5 | Client   6 | Train: loss=0.005, acc=100.0% | time= 54.8ms | Valid: loss=2.045, acc= 64.0% |
Epoch   1 | Client   7 | Train: loss=0.060, acc= 98.5% | time= 39.6ms | Valid: loss=1.816, acc= 60.0% |
Epoch   2 | Client   7 | Train: loss=0.053, acc= 98.5% | time= 48.6ms | Valid: loss=2.472, acc= 60.0% |
Epoch   3 | Client   7 | Train: loss=0.027, acc= 99.4% | time= 50.8ms | Valid: loss=2.232, acc= 48.0% |
Epoch   4 | Client   7 | Train: loss=0.071, acc= 97.5% | time= 50.0ms | Valid: loss=1.969, acc= 52.0% |
Epoch   5 | Client   7 | Train: loss=0.012, acc=100.0% | time= 51.0ms | Valid: loss=1.959, acc= 56.0% |
Epoch   1 | Client   8 | Train: loss=0.016, acc= 99.8% | time= 37.5ms | Valid: loss=1.969, acc= 60.0% |
Epoch   2 | Client   8 | Train: loss=0.246, acc= 94.7% | time= 36.4ms | Valid: loss=2.405, acc= 44.0% |
Epoch   3 | Client   8 | Train: loss=0.023, acc= 99.6% | time= 36.6ms | Valid: loss=2.473, acc= 48.0% |
Epoch   4 | Client   8 | Train: loss=0.020, acc= 99.8% | time= 36.9ms | Valid: loss=2.840, acc= 52.0% |
Epoch   5 | Client   8 | Train: loss=0.084, acc= 97.5% | time= 37.0ms | Valid: loss=2.628, acc= 52.0% |
Epoch   1 | Client   9 | Train: loss=0.116, acc= 96.6% | time= 49.3ms | Valid: loss=1.760, acc= 40.0% |
Epoch   2 | Client   9 | Train: loss=0.010, acc= 99.8% | time= 40.8ms | Valid: loss=1.938, acc= 44.0% |
Epoch   3 | Client   9 | Train: loss=0.101, acc= 97.1% | time= 40.2ms | Valid: loss=2.490, acc= 48.0% |
Epoch   4 | Client   9 | Train: loss=0.023, acc= 99.4% | time= 39.5ms | Valid: loss=2.375, acc= 36.0% |
Epoch   5 | Client   9 | Train: loss=0.120, acc= 95.6% | time= 38.2ms | Valid: loss=2.634, acc= 32.0% |
----------------------------------------
G-Epoch:  22, Test: loss=1.664 , acc= 59.5%
****************************************
Task:   0, G-Epoch:  22, Test: loss=1.689 , acc= 60.1%
Task:   1, G-Epoch:  22, Test: loss=2.314 , acc= 10.9%
Task:   2, G-Epoch:  22, Test: loss=2.318 , acc=  9.1%
Task:   3, G-Epoch:  22, Test: loss=2.309 , acc= 13.1%
Task:   4, G-Epoch:  22, Test: loss=2.315 , acc=  9.6%
Task:   5, G-Epoch:  22, Test: loss=2.299 , acc= 10.2%
Task:   6, G-Epoch:  22, Test: loss=2.298 , acc= 10.6%
Task:   7, G-Epoch:  22, Test: loss=2.308 , acc= 12.8%
Task:   8, G-Epoch:  22, Test: loss=2.306 , acc=  9.1%
Task:   9, G-Epoch:  22, Test: loss=2.318 , acc=  9.4%
{0: [39.3, 45.7, 48.7, 48.8, 51.1, 52.3, 53.9, 51.6, 55.6, 54.8, 53.3, 54.9, 58.1, 57.8, 55.8, 58.5, 58.6, 58.9, 57.4, 60.4, 61.3, 56.9, 60.1], 1: [10.2, 9.5, 11.1, 11.0, 9.3, 10.0, 10.6, 10.7, 11.2, 8.9, 9.1, 10.8, 10.8, 10.3, 9.9, 9.1, 11.7, 10.1, 10.2, 11.4, 8.8, 9.8, 10.9], 2: [10.3, 10.5, 9.7, 11.4, 11.1, 9.9, 8.6, 8.9, 9.1, 8.7, 9.4, 9.6, 7.7, 10.1, 10.4, 8.9, 9.1, 9.5, 10.8, 8.4, 8.5, 8.8, 9.1], 3: [10.3, 9.9, 8.6, 9.7, 9.2, 9.4, 9.3, 10.7, 11.6, 11.0, 11.6, 11.9, 11.3, 11.4, 12.4, 11.7, 11.1, 11.2, 11.9, 12.5, 13.1, 12.2, 13.1], 4: [11.0, 10.0, 10.7, 9.8, 10.8, 10.1, 10.0, 10.9, 10.2, 10.0, 10.2, 9.9, 9.6, 9.1, 8.8, 10.7, 9.8, 9.2, 9.6, 10.3, 8.5, 10.1, 9.6], 5: [9.1, 9.4, 10.6, 12.1, 10.5, 10.8, 11.3, 10.7, 10.6, 12.6, 12.5, 11.6, 11.5, 11.1, 10.8, 10.5, 11.1, 11.6, 10.7, 11.8, 10.6, 11.0, 10.2], 6: [10.1, 9.9, 12.1, 10.8, 10.4, 9.4, 9.2, 10.1, 11.1, 9.8, 10.4, 11.0, 10.9, 11.0, 13.0, 12.2, 10.5, 11.5, 10.0, 11.8, 9.6, 11.3, 10.6], 7: [9.2, 9.7, 10.3, 11.8, 11.8, 11.2, 12.2, 11.5, 10.8, 11.1, 12.2, 11.9, 11.9, 13.4, 12.9, 13.1, 14.1, 12.3, 12.7, 13.3, 11.4, 13.4, 12.8], 8: [7.8, 10.2, 9.5, 11.9, 11.6, 10.8, 9.4, 10.0, 9.6, 10.5, 9.9, 9.9, 10.2, 9.4, 9.8, 8.7, 9.4, 8.8, 9.6, 8.2, 8.0, 8.7, 9.1], 9: [10.4, 10.8, 9.5, 9.8, 8.9, 8.8, 8.5, 10.6, 9.6, 10.0, 6.8, 8.7, 10.7, 8.9, 9.7, 7.7, 9.0, 9.4, 10.0, 9.5, 9.7, 9.6, 9.4]}
Epoch   1 | Client   0 | Train: loss=0.056, acc= 98.3% | time= 35.5ms | Valid: loss=1.696, acc= 48.0% |
Epoch   2 | Client   0 | Train: loss=0.175, acc= 95.4% | time= 35.3ms | Valid: loss=1.844, acc= 56.0% |
Epoch   3 | Client   0 | Train: loss=0.033, acc= 99.2% | time= 35.2ms | Valid: loss=1.651, acc= 68.0% |
Epoch   4 | Client   0 | Train: loss=0.500, acc= 87.6% | time= 34.3ms | Valid: loss=2.102, acc= 64.0% |
Epoch   5 | Client   0 | Train: loss=0.035, acc= 98.9% | time= 33.8ms | Valid: loss=1.793, acc= 44.0% |
Epoch   1 | Client   1 | Train: loss=0.144, acc= 95.8% | time= 37.1ms | Valid: loss=1.390, acc= 64.0% |
Epoch   2 | Client   1 | Train: loss=0.074, acc= 98.1% | time= 36.2ms | Valid: loss=1.337, acc= 64.0% |
Epoch   3 | Client   1 | Train: loss=0.020, acc= 99.4% | time= 35.7ms | Valid: loss=1.652, acc= 64.0% |
Epoch   4 | Client   1 | Train: loss=0.007, acc= 99.8% | time= 35.8ms | Valid: loss=1.822, acc= 68.0% |
Epoch   5 | Client   1 | Train: loss=0.037, acc= 98.5% | time= 36.0ms | Valid: loss=1.990, acc= 60.0% |
Epoch   1 | Client   2 | Train: loss=0.128, acc= 95.4% | time= 48.8ms | Valid: loss=1.633, acc= 68.0% |
Epoch   2 | Client   2 | Train: loss=0.029, acc= 99.4% | time= 41.9ms | Valid: loss=1.783, acc= 56.0% |
Epoch   3 | Client   2 | Train: loss=0.108, acc= 95.2% | time= 42.9ms | Valid: loss=3.163, acc= 36.0% |
Epoch   4 | Client   2 | Train: loss=0.119, acc= 95.6% | time= 43.9ms | Valid: loss=2.477, acc= 44.0% |
Epoch   5 | Client   2 | Train: loss=0.033, acc= 99.4% | time= 41.1ms | Valid: loss=2.116, acc= 56.0% |
Epoch   1 | Client   3 | Train: loss=0.050, acc= 98.7% | time= 41.4ms | Valid: loss=1.792, acc= 52.0% |
Epoch   2 | Client   3 | Train: loss=0.137, acc= 96.2% | time= 45.0ms | Valid: loss=2.267, acc= 44.0% |
Epoch   3 | Client   3 | Train: loss=0.175, acc= 93.9% | time= 42.0ms | Valid: loss=2.520, acc= 52.0% |
Epoch   4 | Client   3 | Train: loss=0.138, acc= 94.3% | time= 42.1ms | Valid: loss=2.477, acc= 28.0% |
Epoch   5 | Client   3 | Train: loss=0.073, acc= 97.5% | time= 42.0ms | Valid: loss=1.829, acc= 52.0% |
Epoch   1 | Client   4 | Train: loss=0.171, acc= 94.3% | time= 41.6ms | Valid: loss=2.582, acc= 44.0% |
Epoch   2 | Client   4 | Train: loss=0.034, acc= 98.7% | time= 38.5ms | Valid: loss=1.993, acc= 52.0% |
Epoch   3 | Client   4 | Train: loss=0.006, acc=100.0% | time= 38.1ms | Valid: loss=1.890, acc= 48.0% |
Epoch   4 | Client   4 | Train: loss=0.006, acc=100.0% | time= 37.9ms | Valid: loss=1.706, acc= 56.0% |
Epoch   5 | Client   4 | Train: loss=0.021, acc= 99.4% | time= 38.0ms | Valid: loss=1.832, acc= 64.0% |
Epoch   1 | Client   5 | Train: loss=0.053, acc= 97.9% | time= 50.3ms | Valid: loss=0.776, acc= 76.0% |
Epoch   2 | Client   5 | Train: loss=0.040, acc= 98.5% | time= 36.4ms | Valid: loss=1.160, acc= 64.0% |
Epoch   3 | Client   5 | Train: loss=0.245, acc= 92.6% | time= 36.3ms | Valid: loss=1.231, acc= 60.0% |
Epoch   4 | Client   5 | Train: loss=0.034, acc= 99.2% | time= 39.9ms | Valid: loss=1.146, acc= 68.0% |
Epoch   5 | Client   5 | Train: loss=0.025, acc= 99.2% | time= 45.7ms | Valid: loss=1.271, acc= 60.0% |
Epoch   1 | Client   6 | Train: loss=0.087, acc= 97.5% | time= 43.4ms | Valid: loss=1.896, acc= 68.0% |
Epoch   2 | Client   6 | Train: loss=0.040, acc= 98.7% | time= 36.3ms | Valid: loss=2.355, acc= 60.0% |
Epoch   3 | Client   6 | Train: loss=0.014, acc= 99.8% | time= 36.4ms | Valid: loss=2.069, acc= 60.0% |
Epoch   4 | Client   6 | Train: loss=0.092, acc= 96.8% | time= 37.5ms | Valid: loss=2.184, acc= 68.0% |
Epoch   5 | Client   6 | Train: loss=0.015, acc= 99.6% | time= 37.8ms | Valid: loss=2.161, acc= 56.0% |
Epoch   1 | Client   7 | Train: loss=0.470, acc= 86.5% | time= 43.8ms | Valid: loss=2.547, acc= 44.0% |
Epoch   2 | Client   7 | Train: loss=0.076, acc= 97.5% | time= 36.7ms | Valid: loss=1.923, acc= 52.0% |
Epoch   3 | Client   7 | Train: loss=0.156, acc= 95.2% | time= 38.0ms | Valid: loss=2.900, acc= 52.0% |
Epoch   4 | Client   7 | Train: loss=0.009, acc=100.0% | time= 37.8ms | Valid: loss=1.951, acc= 60.0% |
Epoch   5 | Client   7 | Train: loss=0.015, acc= 99.4% | time= 38.0ms | Valid: loss=1.720, acc= 72.0% |
Epoch   1 | Client   8 | Train: loss=1.040, acc= 77.9% | time= 39.0ms | Valid: loss=3.949, acc= 36.0% |
Epoch   2 | Client   8 | Train: loss=0.208, acc= 94.1% | time= 37.9ms | Valid: loss=2.950, acc= 40.0% |
Epoch   3 | Client   8 | Train: loss=0.098, acc= 97.5% | time= 37.8ms | Valid: loss=2.568, acc= 48.0% |
Epoch   4 | Client   8 | Train: loss=0.073, acc= 97.5% | time= 38.0ms | Valid: loss=2.928, acc= 40.0% |
Epoch   5 | Client   8 | Train: loss=0.053, acc= 97.7% | time= 36.9ms | Valid: loss=2.330, acc= 48.0% |
Epoch   1 | Client   9 | Train: loss=0.073, acc= 97.3% | time= 39.0ms | Valid: loss=1.790, acc= 56.0% |
Epoch   2 | Client   9 | Train: loss=0.055, acc= 97.1% | time= 38.1ms | Valid: loss=1.770, acc= 56.0% |
Epoch   3 | Client   9 | Train: loss=0.189, acc= 95.6% | time= 38.1ms | Valid: loss=2.760, acc= 40.0% |
Epoch   4 | Client   9 | Train: loss=0.180, acc= 95.8% | time= 36.9ms | Valid: loss=2.371, acc= 40.0% |
Epoch   5 | Client   9 | Train: loss=0.053, acc= 98.7% | time= 36.5ms | Valid: loss=2.422, acc= 44.0% |
----------------------------------------
G-Epoch:  23, Test: loss=1.709 , acc= 59.9%
****************************************
Task:   0, G-Epoch:  23, Test: loss=1.718 , acc= 60.2%
Task:   1, G-Epoch:  23, Test: loss=2.310 , acc=  9.7%
Task:   2, G-Epoch:  23, Test: loss=2.319 , acc=  8.5%
Task:   3, G-Epoch:  23, Test: loss=2.309 , acc= 12.0%
Task:   4, G-Epoch:  23, Test: loss=2.311 , acc=  9.5%
Task:   5, G-Epoch:  23, Test: loss=2.298 , acc= 10.9%
Task:   6, G-Epoch:  23, Test: loss=2.303 , acc=  9.3%
Task:   7, G-Epoch:  23, Test: loss=2.311 , acc= 12.6%
Task:   8, G-Epoch:  23, Test: loss=2.308 , acc=  8.8%
Task:   9, G-Epoch:  23, Test: loss=2.310 , acc=  8.5%
{0: [39.3, 45.7, 48.7, 48.8, 51.1, 52.3, 53.9, 51.6, 55.6, 54.8, 53.3, 54.9, 58.1, 57.8, 55.8, 58.5, 58.6, 58.9, 57.4, 60.4, 61.3, 56.9, 60.1, 60.2], 1: [10.2, 9.5, 11.1, 11.0, 9.3, 10.0, 10.6, 10.7, 11.2, 8.9, 9.1, 10.8, 10.8, 10.3, 9.9, 9.1, 11.7, 10.1, 10.2, 11.4, 8.8, 9.8, 10.9, 9.7], 2: [10.3, 10.5, 9.7, 11.4, 11.1, 9.9, 8.6, 8.9, 9.1, 8.7, 9.4, 9.6, 7.7, 10.1, 10.4, 8.9, 9.1, 9.5, 10.8, 8.4, 8.5, 8.8, 9.1, 8.5], 3: [10.3, 9.9, 8.6, 9.7, 9.2, 9.4, 9.3, 10.7, 11.6, 11.0, 11.6, 11.9, 11.3, 11.4, 12.4, 11.7, 11.1, 11.2, 11.9, 12.5, 13.1, 12.2, 13.1, 12.0], 4: [11.0, 10.0, 10.7, 9.8, 10.8, 10.1, 10.0, 10.9, 10.2, 10.0, 10.2, 9.9, 9.6, 9.1, 8.8, 10.7, 9.8, 9.2, 9.6, 10.3, 8.5, 10.1, 9.6, 9.5], 5: [9.1, 9.4, 10.6, 12.1, 10.5, 10.8, 11.3, 10.7, 10.6, 12.6, 12.5, 11.6, 11.5, 11.1, 10.8, 10.5, 11.1, 11.6, 10.7, 11.8, 10.6, 11.0, 10.2, 10.9], 6: [10.1, 9.9, 12.1, 10.8, 10.4, 9.4, 9.2, 10.1, 11.1, 9.8, 10.4, 11.0, 10.9, 11.0, 13.0, 12.2, 10.5, 11.5, 10.0, 11.8, 9.6, 11.3, 10.6, 9.3], 7: [9.2, 9.7, 10.3, 11.8, 11.8, 11.2, 12.2, 11.5, 10.8, 11.1, 12.2, 11.9, 11.9, 13.4, 12.9, 13.1, 14.1, 12.3, 12.7, 13.3, 11.4, 13.4, 12.8, 12.6], 8: [7.8, 10.2, 9.5, 11.9, 11.6, 10.8, 9.4, 10.0, 9.6, 10.5, 9.9, 9.9, 10.2, 9.4, 9.8, 8.7, 9.4, 8.8, 9.6, 8.2, 8.0, 8.7, 9.1, 8.8], 9: [10.4, 10.8, 9.5, 9.8, 8.9, 8.8, 8.5, 10.6, 9.6, 10.0, 6.8, 8.7, 10.7, 8.9, 9.7, 7.7, 9.0, 9.4, 10.0, 9.5, 9.7, 9.6, 9.4, 8.5]}
Epoch   1 | Client   0 | Train: loss=0.034, acc= 98.9% | time= 38.4ms | Valid: loss=1.963, acc= 56.0% |
Epoch   2 | Client   0 | Train: loss=0.028, acc= 99.4% | time= 37.7ms | Valid: loss=1.326, acc= 60.0% |
Epoch   3 | Client   0 | Train: loss=0.052, acc= 98.3% | time= 37.2ms | Valid: loss=1.486, acc= 56.0% |
Epoch   4 | Client   0 | Train: loss=0.020, acc= 99.6% | time= 36.8ms | Valid: loss=1.536, acc= 64.0% |
Epoch   5 | Client   0 | Train: loss=0.103, acc= 96.2% | time= 36.3ms | Valid: loss=1.655, acc= 68.0% |
Epoch   1 | Client   1 | Train: loss=0.178, acc= 94.9% | time= 37.3ms | Valid: loss=2.359, acc= 56.0% |
Epoch   2 | Client   1 | Train: loss=0.079, acc= 97.5% | time= 36.6ms | Valid: loss=1.848, acc= 52.0% |
Epoch   3 | Client   1 | Train: loss=0.082, acc= 97.1% | time= 36.4ms | Valid: loss=1.536, acc= 56.0% |
Epoch   4 | Client   1 | Train: loss=0.137, acc= 95.4% | time= 36.1ms | Valid: loss=1.947, acc= 64.0% |
Epoch   5 | Client   1 | Train: loss=0.048, acc= 98.7% | time= 36.1ms | Valid: loss=1.132, acc= 68.0% |
Epoch   1 | Client   2 | Train: loss=0.089, acc= 97.9% | time= 44.4ms | Valid: loss=2.689, acc= 28.0% |
Epoch   2 | Client   2 | Train: loss=0.064, acc= 98.3% | time= 36.5ms | Valid: loss=1.717, acc= 68.0% |
Epoch   3 | Client   2 | Train: loss=0.010, acc= 99.8% | time= 36.5ms | Valid: loss=1.765, acc= 64.0% |
Epoch   4 | Client   2 | Train: loss=0.008, acc= 99.8% | time= 36.3ms | Valid: loss=1.701, acc= 52.0% |
Epoch   5 | Client   2 | Train: loss=0.004, acc= 99.8% | time= 36.5ms | Valid: loss=1.739, acc= 60.0% |
Epoch   1 | Client   3 | Train: loss=0.159, acc= 93.7% | time= 39.8ms | Valid: loss=2.060, acc= 52.0% |
Epoch   2 | Client   3 | Train: loss=0.061, acc= 97.3% | time= 37.9ms | Valid: loss=1.574, acc= 60.0% |
Epoch   3 | Client   3 | Train: loss=0.095, acc= 96.6% | time= 37.8ms | Valid: loss=2.069, acc= 52.0% |
Epoch   4 | Client   3 | Train: loss=0.025, acc= 99.2% | time= 38.1ms | Valid: loss=1.640, acc= 56.0% |
Epoch   5 | Client   3 | Train: loss=0.166, acc= 96.0% | time= 36.4ms | Valid: loss=2.271, acc= 60.0% |
Epoch   1 | Client   4 | Train: loss=0.207, acc= 93.3% | time= 39.3ms | Valid: loss=1.691, acc= 64.0% |
Epoch   2 | Client   4 | Train: loss=0.120, acc= 96.8% | time= 38.0ms | Valid: loss=1.788, acc= 60.0% |
Epoch   3 | Client   4 | Train: loss=0.230, acc= 93.7% | time= 37.9ms | Valid: loss=1.986, acc= 60.0% |
Epoch   4 | Client   4 | Train: loss=0.051, acc= 98.7% | time= 37.9ms | Valid: loss=2.022, acc= 64.0% |
Epoch   5 | Client   4 | Train: loss=0.069, acc= 97.7% | time= 38.0ms | Valid: loss=2.433, acc= 52.0% |
Epoch   1 | Client   5 | Train: loss=0.104, acc= 97.3% | time= 39.2ms | Valid: loss=1.619, acc= 56.0% |
Epoch   2 | Client   5 | Train: loss=0.072, acc= 97.7% | time= 38.0ms | Valid: loss=1.451, acc= 72.0% |
Epoch   3 | Client   5 | Train: loss=0.034, acc= 99.2% | time= 38.0ms | Valid: loss=1.034, acc= 64.0% |
Epoch   4 | Client   5 | Train: loss=0.026, acc= 99.2% | time= 37.2ms | Valid: loss=1.122, acc= 72.0% |
Epoch   5 | Client   5 | Train: loss=0.029, acc= 98.9% | time= 36.9ms | Valid: loss=1.046, acc= 68.0% |
Epoch   1 | Client   6 | Train: loss=0.295, acc= 91.2% | time= 39.4ms | Valid: loss=2.176, acc= 52.0% |
Epoch   2 | Client   6 | Train: loss=0.174, acc= 94.7% | time= 38.1ms | Valid: loss=1.734, acc= 68.0% |
Epoch   3 | Client   6 | Train: loss=0.038, acc= 98.5% | time= 37.9ms | Valid: loss=1.775, acc= 64.0% |
Epoch   4 | Client   6 | Train: loss=0.260, acc= 92.2% | time= 37.9ms | Valid: loss=1.623, acc= 64.0% |
Epoch   5 | Client   6 | Train: loss=0.047, acc= 98.3% | time= 38.1ms | Valid: loss=2.394, acc= 52.0% |
Epoch   1 | Client   7 | Train: loss=0.402, acc= 93.1% | time= 39.5ms | Valid: loss=1.981, acc= 60.0% |
Epoch   2 | Client   7 | Train: loss=0.125, acc= 96.8% | time= 38.0ms | Valid: loss=1.965, acc= 56.0% |
Epoch   3 | Client   7 | Train: loss=0.035, acc= 98.7% | time= 38.1ms | Valid: loss=1.862, acc= 56.0% |
Epoch   4 | Client   7 | Train: loss=0.116, acc= 96.2% | time= 37.9ms | Valid: loss=2.198, acc= 60.0% |
Epoch   5 | Client   7 | Train: loss=0.026, acc= 99.4% | time= 36.3ms | Valid: loss=1.963, acc= 64.0% |
Epoch   1 | Client   8 | Train: loss=0.067, acc= 97.1% | time= 39.5ms | Valid: loss=2.033, acc= 60.0% |
Epoch   2 | Client   8 | Train: loss=0.020, acc= 99.2% | time= 38.0ms | Valid: loss=2.319, acc= 48.0% |
Epoch   3 | Client   8 | Train: loss=0.113, acc= 96.6% | time= 37.9ms | Valid: loss=2.707, acc= 52.0% |
Epoch   4 | Client   8 | Train: loss=0.084, acc= 97.5% | time= 38.0ms | Valid: loss=2.423, acc= 64.0% |
Epoch   5 | Client   8 | Train: loss=0.029, acc= 98.9% | time= 37.7ms | Valid: loss=2.282, acc= 56.0% |
Epoch   1 | Client   9 | Train: loss=0.108, acc= 96.4% | time= 38.1ms | Valid: loss=2.286, acc= 44.0% |
Epoch   2 | Client   9 | Train: loss=0.416, acc= 90.3% | time= 36.4ms | Valid: loss=3.234, acc= 48.0% |
Epoch   3 | Client   9 | Train: loss=0.150, acc= 93.9% | time= 36.4ms | Valid: loss=2.907, acc= 52.0% |
Epoch   4 | Client   9 | Train: loss=0.129, acc= 96.4% | time= 36.3ms | Valid: loss=2.039, acc= 56.0% |
Epoch   5 | Client   9 | Train: loss=0.031, acc= 98.9% | time= 36.5ms | Valid: loss=2.398, acc= 36.0% |
----------------------------------------
G-Epoch:  24, Test: loss=1.754 , acc= 61.4%
****************************************
Task:   0, G-Epoch:  24, Test: loss=1.761 , acc= 60.8%
Task:   1, G-Epoch:  24, Test: loss=2.310 , acc=  9.2%
Task:   2, G-Epoch:  24, Test: loss=2.320 , acc=  9.7%
Task:   3, G-Epoch:  24, Test: loss=2.311 , acc= 12.6%
Task:   4, G-Epoch:  24, Test: loss=2.312 , acc=  9.6%
Task:   5, G-Epoch:  24, Test: loss=2.297 , acc=  9.6%
Task:   6, G-Epoch:  24, Test: loss=2.304 , acc=  9.4%
Task:   7, G-Epoch:  24, Test: loss=2.308 , acc= 12.6%
Task:   8, G-Epoch:  24, Test: loss=2.310 , acc=  8.9%
Task:   9, G-Epoch:  24, Test: loss=2.311 , acc=  7.3%
{0: [39.3, 45.7, 48.7, 48.8, 51.1, 52.3, 53.9, 51.6, 55.6, 54.8, 53.3, 54.9, 58.1, 57.8, 55.8, 58.5, 58.6, 58.9, 57.4, 60.4, 61.3, 56.9, 60.1, 60.2, 60.8], 1: [10.2, 9.5, 11.1, 11.0, 9.3, 10.0, 10.6, 10.7, 11.2, 8.9, 9.1, 10.8, 10.8, 10.3, 9.9, 9.1, 11.7, 10.1, 10.2, 11.4, 8.8, 9.8, 10.9, 9.7, 9.2], 2: [10.3, 10.5, 9.7, 11.4, 11.1, 9.9, 8.6, 8.9, 9.1, 8.7, 9.4, 9.6, 7.7, 10.1, 10.4, 8.9, 9.1, 9.5, 10.8, 8.4, 8.5, 8.8, 9.1, 8.5, 9.7], 3: [10.3, 9.9, 8.6, 9.7, 9.2, 9.4, 9.3, 10.7, 11.6, 11.0, 11.6, 11.9, 11.3, 11.4, 12.4, 11.7, 11.1, 11.2, 11.9, 12.5, 13.1, 12.2, 13.1, 12.0, 12.6], 4: [11.0, 10.0, 10.7, 9.8, 10.8, 10.1, 10.0, 10.9, 10.2, 10.0, 10.2, 9.9, 9.6, 9.1, 8.8, 10.7, 9.8, 9.2, 9.6, 10.3, 8.5, 10.1, 9.6, 9.5, 9.6], 5: [9.1, 9.4, 10.6, 12.1, 10.5, 10.8, 11.3, 10.7, 10.6, 12.6, 12.5, 11.6, 11.5, 11.1, 10.8, 10.5, 11.1, 11.6, 10.7, 11.8, 10.6, 11.0, 10.2, 10.9, 9.6], 6: [10.1, 9.9, 12.1, 10.8, 10.4, 9.4, 9.2, 10.1, 11.1, 9.8, 10.4, 11.0, 10.9, 11.0, 13.0, 12.2, 10.5, 11.5, 10.0, 11.8, 9.6, 11.3, 10.6, 9.3, 9.4], 7: [9.2, 9.7, 10.3, 11.8, 11.8, 11.2, 12.2, 11.5, 10.8, 11.1, 12.2, 11.9, 11.9, 13.4, 12.9, 13.1, 14.1, 12.3, 12.7, 13.3, 11.4, 13.4, 12.8, 12.6, 12.6], 8: [7.8, 10.2, 9.5, 11.9, 11.6, 10.8, 9.4, 10.0, 9.6, 10.5, 9.9, 9.9, 10.2, 9.4, 9.8, 8.7, 9.4, 8.8, 9.6, 8.2, 8.0, 8.7, 9.1, 8.8, 8.9], 9: [10.4, 10.8, 9.5, 9.8, 8.9, 8.8, 8.5, 10.6, 9.6, 10.0, 6.8, 8.7, 10.7, 8.9, 9.7, 7.7, 9.0, 9.4, 10.0, 9.5, 9.7, 9.6, 9.4, 8.5, 7.3]}
Epoch   1 | Client   0 | Train: loss=0.073, acc= 98.1% | time= 36.2ms | Valid: loss=1.710, acc= 64.0% |
Epoch   2 | Client   0 | Train: loss=0.160, acc= 95.4% | time= 36.0ms | Valid: loss=2.054, acc= 56.0% |
Epoch   3 | Client   0 | Train: loss=0.093, acc= 97.5% | time= 35.8ms | Valid: loss=2.254, acc= 48.0% |
Epoch   4 | Client   0 | Train: loss=0.165, acc= 95.6% | time= 35.2ms | Valid: loss=2.352, acc= 60.0% |
Epoch   5 | Client   0 | Train: loss=0.054, acc= 98.3% | time= 36.4ms | Valid: loss=2.003, acc= 60.0% |
Epoch   1 | Client   1 | Train: loss=0.024, acc= 99.2% | time= 39.6ms | Valid: loss=1.854, acc= 64.0% |
Epoch   2 | Client   1 | Train: loss=0.276, acc= 91.6% | time= 37.9ms | Valid: loss=2.203, acc= 60.0% |
Epoch   3 | Client   1 | Train: loss=0.026, acc= 99.4% | time= 38.1ms | Valid: loss=2.250, acc= 56.0% |
Epoch   4 | Client   1 | Train: loss=0.073, acc= 97.3% | time= 37.8ms | Valid: loss=1.628, acc= 60.0% |
Epoch   5 | Client   1 | Train: loss=0.030, acc= 98.9% | time= 37.8ms | Valid: loss=1.826, acc= 68.0% |
Epoch   1 | Client   2 | Train: loss=0.685, acc= 87.8% | time= 39.4ms | Valid: loss=3.103, acc= 44.0% |
Epoch   2 | Client   2 | Train: loss=0.086, acc= 97.7% | time= 37.9ms | Valid: loss=1.656, acc= 52.0% |
Epoch   3 | Client   2 | Train: loss=0.088, acc= 96.6% | time= 37.8ms | Valid: loss=2.526, acc= 44.0% |
Epoch   4 | Client   2 | Train: loss=0.038, acc= 99.2% | time= 37.8ms | Valid: loss=2.117, acc= 60.0% |
Epoch   5 | Client   2 | Train: loss=0.136, acc= 95.2% | time= 36.4ms | Valid: loss=2.253, acc= 60.0% |
Epoch   1 | Client   3 | Train: loss=0.116, acc= 96.2% | time= 39.1ms | Valid: loss=1.992, acc= 52.0% |
Epoch   2 | Client   3 | Train: loss=0.059, acc= 98.3% | time= 37.9ms | Valid: loss=2.109, acc= 52.0% |
Epoch   3 | Client   3 | Train: loss=0.050, acc= 98.3% | time= 38.2ms | Valid: loss=1.777, acc= 48.0% |
Epoch   4 | Client   3 | Train: loss=0.241, acc= 94.5% | time= 36.9ms | Valid: loss=2.214, acc= 52.0% |
Epoch   5 | Client   3 | Train: loss=0.058, acc= 98.1% | time= 36.8ms | Valid: loss=1.058, acc= 56.0% |
Epoch   1 | Client   4 | Train: loss=0.037, acc= 98.9% | time= 39.0ms | Valid: loss=2.275, acc= 52.0% |
Epoch   2 | Client   4 | Train: loss=0.020, acc= 99.6% | time= 37.8ms | Valid: loss=1.890, acc= 64.0% |
Epoch   3 | Client   4 | Train: loss=0.012, acc= 99.8% | time= 37.7ms | Valid: loss=2.130, acc= 52.0% |
Epoch   4 | Client   4 | Train: loss=0.004, acc=100.0% | time= 37.9ms | Valid: loss=2.223, acc= 56.0% |
Epoch   5 | Client   4 | Train: loss=0.037, acc= 99.2% | time= 37.6ms | Valid: loss=2.324, acc= 56.0% |
Epoch   1 | Client   5 | Train: loss=0.168, acc= 94.9% | time= 39.0ms | Valid: loss=1.509, acc= 60.0% |
Epoch   2 | Client   5 | Train: loss=0.162, acc= 95.2% | time= 37.8ms | Valid: loss=1.511, acc= 72.0% |
Epoch   3 | Client   5 | Train: loss=0.140, acc= 94.7% | time= 37.7ms | Valid: loss=1.257, acc= 68.0% |
Epoch   4 | Client   5 | Train: loss=0.175, acc= 94.9% | time= 37.8ms | Valid: loss=1.559, acc= 60.0% |
Epoch   5 | Client   5 | Train: loss=0.061, acc= 98.1% | time= 37.6ms | Valid: loss=1.354, acc= 60.0% |
Epoch   1 | Client   6 | Train: loss=0.063, acc= 98.5% | time= 39.2ms | Valid: loss=2.068, acc= 60.0% |
Epoch   2 | Client   6 | Train: loss=0.308, acc= 91.6% | time= 38.2ms | Valid: loss=2.006, acc= 56.0% |
Epoch   3 | Client   6 | Train: loss=0.079, acc= 96.8% | time= 37.8ms | Valid: loss=2.282, acc= 56.0% |
Epoch   4 | Client   6 | Train: loss=0.023, acc= 99.6% | time= 37.8ms | Valid: loss=2.144, acc= 64.0% |
Epoch   5 | Client   6 | Train: loss=0.019, acc= 99.8% | time= 38.0ms | Valid: loss=2.000, acc= 68.0% |
Epoch   1 | Client   7 | Train: loss=0.014, acc= 99.8% | time= 39.4ms | Valid: loss=1.810, acc= 56.0% |
Epoch   2 | Client   7 | Train: loss=0.051, acc= 97.9% | time= 37.9ms | Valid: loss=2.442, acc= 60.0% |
Epoch   3 | Client   7 | Train: loss=0.072, acc= 97.3% | time= 38.6ms | Valid: loss=2.539, acc= 56.0% |
Epoch   4 | Client   7 | Train: loss=0.067, acc= 97.1% | time= 37.9ms | Valid: loss=2.415, acc= 56.0% |
Epoch   5 | Client   7 | Train: loss=0.020, acc= 99.6% | time= 37.9ms | Valid: loss=1.660, acc= 64.0% |
Epoch   1 | Client   8 | Train: loss=0.194, acc= 94.3% | time= 39.2ms | Valid: loss=2.242, acc= 56.0% |
Epoch   2 | Client   8 | Train: loss=0.059, acc= 98.5% | time= 37.9ms | Valid: loss=2.298, acc= 52.0% |
Epoch   3 | Client   8 | Train: loss=0.035, acc= 98.7% | time= 37.8ms | Valid: loss=2.272, acc= 48.0% |
Epoch   4 | Client   8 | Train: loss=0.008, acc= 99.8% | time= 36.9ms | Valid: loss=2.384, acc= 60.0% |
Epoch   5 | Client   8 | Train: loss=0.015, acc= 99.6% | time= 36.9ms | Valid: loss=2.551, acc= 60.0% |
Epoch   1 | Client   9 | Train: loss=0.009, acc=100.0% | time= 44.7ms | Valid: loss=2.017, acc= 48.0% |
Epoch   2 | Client   9 | Train: loss=0.016, acc= 99.6% | time= 43.1ms | Valid: loss=1.889, acc= 52.0% |
Epoch   3 | Client   9 | Train: loss=0.022, acc= 99.2% | time= 40.1ms | Valid: loss=2.321, acc= 52.0% |
Epoch   4 | Client   9 | Train: loss=0.071, acc= 97.9% | time= 38.8ms | Valid: loss=2.427, acc= 48.0% |
Epoch   5 | Client   9 | Train: loss=0.135, acc= 96.8% | time= 37.9ms | Valid: loss=1.939, acc= 52.0% |
----------------------------------------
G-Epoch:  25, Test: loss=1.768 , acc= 60.0%
****************************************
Task:   0, G-Epoch:  25, Test: loss=1.762 , acc= 60.2%
Task:   1, G-Epoch:  25, Test: loss=2.315 , acc=  9.7%
Task:   2, G-Epoch:  25, Test: loss=2.316 , acc= 10.0%
Task:   3, G-Epoch:  25, Test: loss=2.310 , acc= 11.9%
Task:   4, G-Epoch:  25, Test: loss=2.309 , acc= 10.4%
Task:   5, G-Epoch:  25, Test: loss=2.295 , acc= 10.6%
Task:   6, G-Epoch:  25, Test: loss=2.301 , acc=  9.0%
Task:   7, G-Epoch:  25, Test: loss=2.309 , acc= 13.0%
Task:   8, G-Epoch:  25, Test: loss=2.307 , acc= 10.2%
Task:   9, G-Epoch:  25, Test: loss=2.316 , acc=  7.6%
{0: [39.3, 45.7, 48.7, 48.8, 51.1, 52.3, 53.9, 51.6, 55.6, 54.8, 53.3, 54.9, 58.1, 57.8, 55.8, 58.5, 58.6, 58.9, 57.4, 60.4, 61.3, 56.9, 60.1, 60.2, 60.8, 60.2], 1: [10.2, 9.5, 11.1, 11.0, 9.3, 10.0, 10.6, 10.7, 11.2, 8.9, 9.1, 10.8, 10.8, 10.3, 9.9, 9.1, 11.7, 10.1, 10.2, 11.4, 8.8, 9.8, 10.9, 9.7, 9.2, 9.7], 2: [10.3, 10.5, 9.7, 11.4, 11.1, 9.9, 8.6, 8.9, 9.1, 8.7, 9.4, 9.6, 7.7, 10.1, 10.4, 8.9, 9.1, 9.5, 10.8, 8.4, 8.5, 8.8, 9.1, 8.5, 9.7, 10.0], 3: [10.3, 9.9, 8.6, 9.7, 9.2, 9.4, 9.3, 10.7, 11.6, 11.0, 11.6, 11.9, 11.3, 11.4, 12.4, 11.7, 11.1, 11.2, 11.9, 12.5, 13.1, 12.2, 13.1, 12.0, 12.6, 11.9], 4: [11.0, 10.0, 10.7, 9.8, 10.8, 10.1, 10.0, 10.9, 10.2, 10.0, 10.2, 9.9, 9.6, 9.1, 8.8, 10.7, 9.8, 9.2, 9.6, 10.3, 8.5, 10.1, 9.6, 9.5, 9.6, 10.4], 5: [9.1, 9.4, 10.6, 12.1, 10.5, 10.8, 11.3, 10.7, 10.6, 12.6, 12.5, 11.6, 11.5, 11.1, 10.8, 10.5, 11.1, 11.6, 10.7, 11.8, 10.6, 11.0, 10.2, 10.9, 9.6, 10.6], 6: [10.1, 9.9, 12.1, 10.8, 10.4, 9.4, 9.2, 10.1, 11.1, 9.8, 10.4, 11.0, 10.9, 11.0, 13.0, 12.2, 10.5, 11.5, 10.0, 11.8, 9.6, 11.3, 10.6, 9.3, 9.4, 9.0], 7: [9.2, 9.7, 10.3, 11.8, 11.8, 11.2, 12.2, 11.5, 10.8, 11.1, 12.2, 11.9, 11.9, 13.4, 12.9, 13.1, 14.1, 12.3, 12.7, 13.3, 11.4, 13.4, 12.8, 12.6, 12.6, 13.0], 8: [7.8, 10.2, 9.5, 11.9, 11.6, 10.8, 9.4, 10.0, 9.6, 10.5, 9.9, 9.9, 10.2, 9.4, 9.8, 8.7, 9.4, 8.8, 9.6, 8.2, 8.0, 8.7, 9.1, 8.8, 8.9, 10.2], 9: [10.4, 10.8, 9.5, 9.8, 8.9, 8.8, 8.5, 10.6, 9.6, 10.0, 6.8, 8.7, 10.7, 8.9, 9.7, 7.7, 9.0, 9.4, 10.0, 9.5, 9.7, 9.6, 9.4, 8.5, 7.3, 7.6]}
Epoch   1 | Client   0 | Train: loss=0.116, acc= 96.8% | time= 36.4ms | Valid: loss=2.292, acc= 60.0% |
Epoch   2 | Client   0 | Train: loss=0.064, acc= 97.5% | time= 35.2ms | Valid: loss=2.006, acc= 56.0% |
Epoch   3 | Client   0 | Train: loss=0.057, acc= 97.9% | time= 35.5ms | Valid: loss=1.605, acc= 68.0% |
Epoch   4 | Client   0 | Train: loss=0.051, acc= 97.7% | time= 35.3ms | Valid: loss=2.121, acc= 52.0% |
Epoch   5 | Client   0 | Train: loss=0.014, acc= 99.6% | time= 35.6ms | Valid: loss=1.593, acc= 60.0% |
Epoch   1 | Client   1 | Train: loss=0.013, acc= 99.8% | time= 42.3ms | Valid: loss=1.581, acc= 68.0% |
Epoch   2 | Client   1 | Train: loss=0.047, acc= 98.3% | time= 36.5ms | Valid: loss=1.551, acc= 76.0% |
Epoch   3 | Client   1 | Train: loss=0.063, acc= 97.9% | time= 36.5ms | Valid: loss=1.522, acc= 60.0% |
Epoch   4 | Client   1 | Train: loss=0.480, acc= 90.5% | time= 35.5ms | Valid: loss=2.660, acc= 56.0% |
Epoch   5 | Client   1 | Train: loss=0.067, acc= 98.3% | time= 35.9ms | Valid: loss=1.007, acc= 60.0% |
Epoch   1 | Client   2 | Train: loss=0.039, acc= 98.9% | time= 37.4ms | Valid: loss=2.128, acc= 48.0% |
Epoch   2 | Client   2 | Train: loss=0.076, acc= 98.3% | time= 40.3ms | Valid: loss=2.689, acc= 48.0% |
Epoch   3 | Client   2 | Train: loss=0.061, acc= 98.9% | time= 38.2ms | Valid: loss=2.838, acc= 48.0% |
Epoch   4 | Client   2 | Train: loss=0.013, acc= 99.6% | time= 36.8ms | Valid: loss=2.339, acc= 48.0% |
Epoch   5 | Client   2 | Train: loss=0.003, acc=100.0% | time= 36.0ms | Valid: loss=2.012, acc= 52.0% |
Epoch   1 | Client   3 | Train: loss=0.046, acc= 98.5% | time= 37.6ms | Valid: loss=1.529, acc= 56.0% |
Epoch   2 | Client   3 | Train: loss=0.069, acc= 97.9% | time= 36.5ms | Valid: loss=1.867, acc= 56.0% |
Epoch   3 | Client   3 | Train: loss=0.173, acc= 94.3% | time= 36.2ms | Valid: loss=2.078, acc= 36.0% |
Epoch   4 | Client   3 | Train: loss=0.009, acc= 99.6% | time= 35.3ms | Valid: loss=1.176, acc= 60.0% |
Epoch   5 | Client   3 | Train: loss=0.003, acc=100.0% | time= 35.4ms | Valid: loss=1.145, acc= 60.0% |
Epoch   1 | Client   4 | Train: loss=0.103, acc= 96.2% | time= 37.1ms | Valid: loss=2.799, acc= 52.0% |
Epoch   2 | Client   4 | Train: loss=0.247, acc= 92.2% | time= 35.9ms | Valid: loss=2.319, acc= 52.0% |
Epoch   3 | Client   4 | Train: loss=0.038, acc= 98.7% | time= 36.2ms | Valid: loss=2.096, acc= 64.0% |
Epoch   4 | Client   4 | Train: loss=0.059, acc= 97.9% | time= 35.3ms | Valid: loss=2.341, acc= 56.0% |
Epoch   5 | Client   4 | Train: loss=0.026, acc= 99.4% | time= 36.2ms | Valid: loss=1.854, acc= 48.0% |
Epoch   1 | Client   5 | Train: loss=0.018, acc= 99.8% | time= 38.5ms | Valid: loss=1.496, acc= 64.0% |
Epoch   2 | Client   5 | Train: loss=0.043, acc= 98.7% | time= 41.2ms | Valid: loss=1.528, acc= 68.0% |
Epoch   3 | Client   5 | Train: loss=0.461, acc= 88.8% | time= 47.0ms | Valid: loss=2.548, acc= 68.0% |
Epoch   4 | Client   5 | Train: loss=0.114, acc= 96.4% | time= 47.5ms | Valid: loss=1.860, acc= 60.0% |
Epoch   5 | Client   5 | Train: loss=0.004, acc=100.0% | time= 47.5ms | Valid: loss=1.280, acc= 76.0% |
Epoch   1 | Client   6 | Train: loss=0.165, acc= 93.3% | time= 37.7ms | Valid: loss=2.010, acc= 68.0% |
Epoch   2 | Client   6 | Train: loss=0.070, acc= 97.5% | time= 36.4ms | Valid: loss=2.044, acc= 48.0% |
Epoch   3 | Client   6 | Train: loss=0.064, acc= 97.9% | time= 36.6ms | Valid: loss=2.279, acc= 60.0% |
Epoch   4 | Client   6 | Train: loss=0.006, acc=100.0% | time= 36.5ms | Valid: loss=1.904, acc= 64.0% |
Epoch   5 | Client   6 | Train: loss=0.052, acc= 98.1% | time= 36.9ms | Valid: loss=1.361, acc= 60.0% |
Epoch   1 | Client   7 | Train: loss=0.098, acc= 97.7% | time= 52.1ms | Valid: loss=2.027, acc= 60.0% |
Epoch   2 | Client   7 | Train: loss=0.017, acc= 99.4% | time= 36.4ms | Valid: loss=1.938, acc= 52.0% |
Epoch   3 | Client   7 | Train: loss=0.004, acc=100.0% | time= 36.3ms | Valid: loss=1.918, acc= 60.0% |
Epoch   4 | Client   7 | Train: loss=0.028, acc= 98.9% | time= 35.7ms | Valid: loss=1.958, acc= 68.0% |
Epoch   5 | Client   7 | Train: loss=0.033, acc= 98.7% | time= 36.2ms | Valid: loss=2.034, acc= 52.0% |
Epoch   1 | Client   8 | Train: loss=0.048, acc= 98.5% | time= 38.0ms | Valid: loss=1.952, acc= 56.0% |
Epoch   2 | Client   8 | Train: loss=0.395, acc= 91.6% | time= 39.4ms | Valid: loss=2.906, acc= 32.0% |
Epoch   3 | Client   8 | Train: loss=0.193, acc= 94.3% | time= 38.1ms | Valid: loss=3.005, acc= 52.0% |
Epoch   4 | Client   8 | Train: loss=0.026, acc= 98.9% | time= 37.4ms | Valid: loss=2.705, acc= 56.0% |
Epoch   5 | Client   8 | Train: loss=0.100, acc= 97.1% | time= 37.2ms | Valid: loss=2.657, acc= 56.0% |
Epoch   1 | Client   9 | Train: loss=0.200, acc= 92.8% | time= 39.1ms | Valid: loss=2.615, acc= 48.0% |
Epoch   2 | Client   9 | Train: loss=0.203, acc= 93.1% | time= 37.9ms | Valid: loss=2.241, acc= 44.0% |
Epoch   3 | Client   9 | Train: loss=0.082, acc= 97.9% | time= 38.0ms | Valid: loss=2.269, acc= 48.0% |
Epoch   4 | Client   9 | Train: loss=0.013, acc= 99.6% | time= 37.9ms | Valid: loss=2.050, acc= 44.0% |
Epoch   5 | Client   9 | Train: loss=0.014, acc= 99.4% | time= 38.0ms | Valid: loss=2.038, acc= 52.0% |
----------------------------------------
G-Epoch:  26, Test: loss=1.768 , acc= 61.8%
****************************************
Task:   0, G-Epoch:  26, Test: loss=1.757 , acc= 60.8%
Task:   1, G-Epoch:  26, Test: loss=2.311 , acc= 10.1%
Task:   2, G-Epoch:  26, Test: loss=2.314 , acc=  9.4%
Task:   3, G-Epoch:  26, Test: loss=2.307 , acc= 12.0%
Task:   4, G-Epoch:  26, Test: loss=2.309 , acc= 10.6%
Task:   5, G-Epoch:  26, Test: loss=2.297 , acc=  9.6%
Task:   6, G-Epoch:  26, Test: loss=2.299 , acc= 10.5%
Task:   7, G-Epoch:  26, Test: loss=2.308 , acc= 13.0%
Task:   8, G-Epoch:  26, Test: loss=2.313 , acc=  8.3%
Task:   9, G-Epoch:  26, Test: loss=2.310 , acc=  9.7%
{0: [39.3, 45.7, 48.7, 48.8, 51.1, 52.3, 53.9, 51.6, 55.6, 54.8, 53.3, 54.9, 58.1, 57.8, 55.8, 58.5, 58.6, 58.9, 57.4, 60.4, 61.3, 56.9, 60.1, 60.2, 60.8, 60.2, 60.8], 1: [10.2, 9.5, 11.1, 11.0, 9.3, 10.0, 10.6, 10.7, 11.2, 8.9, 9.1, 10.8, 10.8, 10.3, 9.9, 9.1, 11.7, 10.1, 10.2, 11.4, 8.8, 9.8, 10.9, 9.7, 9.2, 9.7, 10.1], 2: [10.3, 10.5, 9.7, 11.4, 11.1, 9.9, 8.6, 8.9, 9.1, 8.7, 9.4, 9.6, 7.7, 10.1, 10.4, 8.9, 9.1, 9.5, 10.8, 8.4, 8.5, 8.8, 9.1, 8.5, 9.7, 10.0, 9.4], 3: [10.3, 9.9, 8.6, 9.7, 9.2, 9.4, 9.3, 10.7, 11.6, 11.0, 11.6, 11.9, 11.3, 11.4, 12.4, 11.7, 11.1, 11.2, 11.9, 12.5, 13.1, 12.2, 13.1, 12.0, 12.6, 11.9, 12.0], 4: [11.0, 10.0, 10.7, 9.8, 10.8, 10.1, 10.0, 10.9, 10.2, 10.0, 10.2, 9.9, 9.6, 9.1, 8.8, 10.7, 9.8, 9.2, 9.6, 10.3, 8.5, 10.1, 9.6, 9.5, 9.6, 10.4, 10.6], 5: [9.1, 9.4, 10.6, 12.1, 10.5, 10.8, 11.3, 10.7, 10.6, 12.6, 12.5, 11.6, 11.5, 11.1, 10.8, 10.5, 11.1, 11.6, 10.7, 11.8, 10.6, 11.0, 10.2, 10.9, 9.6, 10.6, 9.6], 6: [10.1, 9.9, 12.1, 10.8, 10.4, 9.4, 9.2, 10.1, 11.1, 9.8, 10.4, 11.0, 10.9, 11.0, 13.0, 12.2, 10.5, 11.5, 10.0, 11.8, 9.6, 11.3, 10.6, 9.3, 9.4, 9.0, 10.5], 7: [9.2, 9.7, 10.3, 11.8, 11.8, 11.2, 12.2, 11.5, 10.8, 11.1, 12.2, 11.9, 11.9, 13.4, 12.9, 13.1, 14.1, 12.3, 12.7, 13.3, 11.4, 13.4, 12.8, 12.6, 12.6, 13.0, 13.0], 8: [7.8, 10.2, 9.5, 11.9, 11.6, 10.8, 9.4, 10.0, 9.6, 10.5, 9.9, 9.9, 10.2, 9.4, 9.8, 8.7, 9.4, 8.8, 9.6, 8.2, 8.0, 8.7, 9.1, 8.8, 8.9, 10.2, 8.3], 9: [10.4, 10.8, 9.5, 9.8, 8.9, 8.8, 8.5, 10.6, 9.6, 10.0, 6.8, 8.7, 10.7, 8.9, 9.7, 7.7, 9.0, 9.4, 10.0, 9.5, 9.7, 9.6, 9.4, 8.5, 7.3, 7.6, 9.7]}
Epoch   1 | Client   0 | Train: loss=0.029, acc= 99.4% | time= 38.0ms | Valid: loss=1.845, acc= 52.0% |
Epoch   2 | Client   0 | Train: loss=0.044, acc= 98.5% | time= 37.6ms | Valid: loss=1.598, acc= 72.0% |
Epoch   3 | Client   0 | Train: loss=0.020, acc= 99.6% | time= 37.7ms | Valid: loss=1.355, acc= 64.0% |
Epoch   4 | Client   0 | Train: loss=0.006, acc=100.0% | time= 37.4ms | Valid: loss=1.634, acc= 72.0% |
Epoch   5 | Client   0 | Train: loss=0.001, acc=100.0% | time= 36.0ms | Valid: loss=1.611, acc= 72.0% |
Epoch   1 | Client   1 | Train: loss=0.615, acc= 85.5% | time= 39.1ms | Valid: loss=1.997, acc= 64.0% |
Epoch   2 | Client   1 | Train: loss=0.018, acc= 99.8% | time= 37.9ms | Valid: loss=1.769, acc= 56.0% |
Epoch   3 | Client   1 | Train: loss=0.035, acc= 98.7% | time= 37.8ms | Valid: loss=1.544, acc= 64.0% |
Epoch   4 | Client   1 | Train: loss=0.028, acc= 99.4% | time= 37.1ms | Valid: loss=1.572, acc= 60.0% |
Epoch   5 | Client   1 | Train: loss=0.035, acc= 98.7% | time= 36.8ms | Valid: loss=1.676, acc= 64.0% |
Epoch   1 | Client   2 | Train: loss=0.097, acc= 96.2% | time= 39.1ms | Valid: loss=2.074, acc= 56.0% |
Epoch   2 | Client   2 | Train: loss=0.038, acc= 98.5% | time= 38.2ms | Valid: loss=2.690, acc= 52.0% |
Epoch   3 | Client   2 | Train: loss=0.051, acc= 98.3% | time= 37.8ms | Valid: loss=3.026, acc= 52.0% |
Epoch   4 | Client   2 | Train: loss=0.068, acc= 97.7% | time= 36.9ms | Valid: loss=2.509, acc= 56.0% |
Epoch   5 | Client   2 | Train: loss=0.299, acc= 91.6% | time= 36.8ms | Valid: loss=2.098, acc= 60.0% |
Epoch   1 | Client   3 | Train: loss=0.125, acc= 96.2% | time= 37.7ms | Valid: loss=1.380, acc= 56.0% |
Epoch   2 | Client   3 | Train: loss=0.078, acc= 97.7% | time= 36.0ms | Valid: loss=1.191, acc= 48.0% |
Epoch   3 | Client   3 | Train: loss=0.015, acc= 99.6% | time= 35.9ms | Valid: loss=1.392, acc= 64.0% |
Epoch   4 | Client   3 | Train: loss=0.044, acc= 98.3% | time= 36.6ms | Valid: loss=1.491, acc= 52.0% |
Epoch   5 | Client   3 | Train: loss=0.065, acc= 97.7% | time= 37.0ms | Valid: loss=1.395, acc= 60.0% |
Epoch   1 | Client   4 | Train: loss=0.032, acc= 98.9% | time= 40.2ms | Valid: loss=1.683, acc= 64.0% |
Epoch   2 | Client   4 | Train: loss=0.064, acc= 97.9% | time= 51.3ms | Valid: loss=2.296, acc= 48.0% |
Epoch   3 | Client   4 | Train: loss=0.089, acc= 97.3% | time= 50.5ms | Valid: loss=1.440, acc= 68.0% |
Epoch   4 | Client   4 | Train: loss=0.070, acc= 97.3% | time= 50.2ms | Valid: loss=1.554, acc= 60.0% |
Epoch   5 | Client   4 | Train: loss=0.016, acc= 99.6% | time= 48.4ms | Valid: loss=1.587, acc= 56.0% |
Epoch   1 | Client   5 | Train: loss=0.043, acc= 98.5% | time= 39.2ms | Valid: loss=1.516, acc= 68.0% |
Epoch   2 | Client   5 | Train: loss=0.045, acc= 98.1% | time= 47.0ms | Valid: loss=1.520, acc= 64.0% |
Epoch   3 | Client   5 | Train: loss=0.078, acc= 97.5% | time= 47.9ms | Valid: loss=1.149, acc= 72.0% |
Epoch   4 | Client   5 | Train: loss=0.011, acc=100.0% | time= 47.9ms | Valid: loss=1.160, acc= 72.0% |
Epoch   5 | Client   5 | Train: loss=0.021, acc= 99.6% | time= 47.6ms | Valid: loss=1.204, acc= 76.0% |
Epoch   1 | Client   6 | Train: loss=0.122, acc= 96.4% | time= 38.7ms | Valid: loss=2.112, acc= 60.0% |
Epoch   2 | Client   6 | Train: loss=0.161, acc= 95.2% | time= 38.1ms | Valid: loss=1.640, acc= 72.0% |
Epoch   3 | Client   6 | Train: loss=0.044, acc= 98.5% | time= 38.0ms | Valid: loss=2.174, acc= 56.0% |
Epoch   4 | Client   6 | Train: loss=0.010, acc= 99.8% | time= 38.0ms | Valid: loss=1.502, acc= 72.0% |
Epoch   5 | Client   6 | Train: loss=0.009, acc=100.0% | time= 37.9ms | Valid: loss=1.837, acc= 60.0% |
Epoch   1 | Client   7 | Train: loss=0.030, acc= 98.9% | time= 39.1ms | Valid: loss=2.246, acc= 60.0% |
Epoch   2 | Client   7 | Train: loss=0.036, acc= 99.2% | time= 37.6ms | Valid: loss=2.209, acc= 60.0% |
Epoch   3 | Client   7 | Train: loss=0.010, acc= 99.8% | time= 36.7ms | Valid: loss=2.013, acc= 64.0% |
Epoch   4 | Client   7 | Train: loss=0.045, acc= 98.3% | time= 36.6ms | Valid: loss=2.290, acc= 60.0% |
Epoch   5 | Client   7 | Train: loss=0.007, acc=100.0% | time= 34.7ms | Valid: loss=2.423, acc= 52.0% |
Epoch   1 | Client   8 | Train: loss=0.029, acc= 98.7% | time= 38.1ms | Valid: loss=2.545, acc= 48.0% |
Epoch   2 | Client   8 | Train: loss=0.034, acc= 98.5% | time= 36.8ms | Valid: loss=2.434, acc= 52.0% |
Epoch   3 | Client   8 | Train: loss=0.012, acc= 99.8% | time= 37.2ms | Valid: loss=2.249, acc= 56.0% |
Epoch   4 | Client   8 | Train: loss=0.003, acc=100.0% | time= 38.3ms | Valid: loss=2.429, acc= 60.0% |
Epoch   5 | Client   8 | Train: loss=0.025, acc= 99.8% | time= 36.4ms | Valid: loss=2.466, acc= 56.0% |
Epoch   1 | Client   9 | Train: loss=0.024, acc= 99.4% | time= 37.5ms | Valid: loss=1.881, acc= 56.0% |
Epoch   2 | Client   9 | Train: loss=0.257, acc= 92.4% | time= 36.5ms | Valid: loss=3.160, acc= 32.0% |
Epoch   3 | Client   9 | Train: loss=0.114, acc= 96.2% | time= 36.6ms | Valid: loss=2.690, acc= 52.0% |
Epoch   4 | Client   9 | Train: loss=0.013, acc= 99.6% | time= 35.4ms | Valid: loss=2.781, acc= 36.0% |
Epoch   5 | Client   9 | Train: loss=0.007, acc= 99.8% | time= 35.4ms | Valid: loss=2.187, acc= 48.0% |
----------------------------------------
G-Epoch:  27, Test: loss=1.785 , acc= 59.9%
****************************************
Task:   0, G-Epoch:  27, Test: loss=1.795 , acc= 61.6%
Task:   1, G-Epoch:  27, Test: loss=2.308 , acc=  9.5%
Task:   2, G-Epoch:  27, Test: loss=2.315 , acc=  9.9%
Task:   3, G-Epoch:  27, Test: loss=2.307 , acc= 12.8%
Task:   4, G-Epoch:  27, Test: loss=2.308 , acc=  9.3%
Task:   5, G-Epoch:  27, Test: loss=2.297 , acc= 10.5%
Task:   6, G-Epoch:  27, Test: loss=2.305 , acc=  9.3%
Task:   7, G-Epoch:  27, Test: loss=2.308 , acc= 12.7%
Task:   8, G-Epoch:  27, Test: loss=2.311 , acc=  8.4%
Task:   9, G-Epoch:  27, Test: loss=2.312 , acc= 10.0%
{0: [39.3, 45.7, 48.7, 48.8, 51.1, 52.3, 53.9, 51.6, 55.6, 54.8, 53.3, 54.9, 58.1, 57.8, 55.8, 58.5, 58.6, 58.9, 57.4, 60.4, 61.3, 56.9, 60.1, 60.2, 60.8, 60.2, 60.8, 61.6], 1: [10.2, 9.5, 11.1, 11.0, 9.3, 10.0, 10.6, 10.7, 11.2, 8.9, 9.1, 10.8, 10.8, 10.3, 9.9, 9.1, 11.7, 10.1, 10.2, 11.4, 8.8, 9.8, 10.9, 9.7, 9.2, 9.7, 10.1, 9.5], 2: [10.3, 10.5, 9.7, 11.4, 11.1, 9.9, 8.6, 8.9, 9.1, 8.7, 9.4, 9.6, 7.7, 10.1, 10.4, 8.9, 9.1, 9.5, 10.8, 8.4, 8.5, 8.8, 9.1, 8.5, 9.7, 10.0, 9.4, 9.9], 3: [10.3, 9.9, 8.6, 9.7, 9.2, 9.4, 9.3, 10.7, 11.6, 11.0, 11.6, 11.9, 11.3, 11.4, 12.4, 11.7, 11.1, 11.2, 11.9, 12.5, 13.1, 12.2, 13.1, 12.0, 12.6, 11.9, 12.0, 12.8], 4: [11.0, 10.0, 10.7, 9.8, 10.8, 10.1, 10.0, 10.9, 10.2, 10.0, 10.2, 9.9, 9.6, 9.1, 8.8, 10.7, 9.8, 9.2, 9.6, 10.3, 8.5, 10.1, 9.6, 9.5, 9.6, 10.4, 10.6, 9.3], 5: [9.1, 9.4, 10.6, 12.1, 10.5, 10.8, 11.3, 10.7, 10.6, 12.6, 12.5, 11.6, 11.5, 11.1, 10.8, 10.5, 11.1, 11.6, 10.7, 11.8, 10.6, 11.0, 10.2, 10.9, 9.6, 10.6, 9.6, 10.5], 6: [10.1, 9.9, 12.1, 10.8, 10.4, 9.4, 9.2, 10.1, 11.1, 9.8, 10.4, 11.0, 10.9, 11.0, 13.0, 12.2, 10.5, 11.5, 10.0, 11.8, 9.6, 11.3, 10.6, 9.3, 9.4, 9.0, 10.5, 9.3], 7: [9.2, 9.7, 10.3, 11.8, 11.8, 11.2, 12.2, 11.5, 10.8, 11.1, 12.2, 11.9, 11.9, 13.4, 12.9, 13.1, 14.1, 12.3, 12.7, 13.3, 11.4, 13.4, 12.8, 12.6, 12.6, 13.0, 13.0, 12.7], 8: [7.8, 10.2, 9.5, 11.9, 11.6, 10.8, 9.4, 10.0, 9.6, 10.5, 9.9, 9.9, 10.2, 9.4, 9.8, 8.7, 9.4, 8.8, 9.6, 8.2, 8.0, 8.7, 9.1, 8.8, 8.9, 10.2, 8.3, 8.4], 9: [10.4, 10.8, 9.5, 9.8, 8.9, 8.8, 8.5, 10.6, 9.6, 10.0, 6.8, 8.7, 10.7, 8.9, 9.7, 7.7, 9.0, 9.4, 10.0, 9.5, 9.7, 9.6, 9.4, 8.5, 7.3, 7.6, 9.7, 10.0]}
Epoch   1 | Client   0 | Train: loss=0.040, acc= 98.5% | time= 36.3ms | Valid: loss=1.820, acc= 60.0% |
Epoch   2 | Client   0 | Train: loss=0.116, acc= 97.1% | time= 35.8ms | Valid: loss=2.103, acc= 60.0% |
Epoch   3 | Client   0 | Train: loss=0.016, acc= 99.4% | time= 35.3ms | Valid: loss=1.570, acc= 64.0% |
Epoch   4 | Client   0 | Train: loss=0.137, acc= 95.6% | time= 36.4ms | Valid: loss=1.483, acc= 56.0% |
Epoch   5 | Client   0 | Train: loss=0.015, acc= 99.6% | time= 36.5ms | Valid: loss=1.442, acc= 72.0% |
Epoch   1 | Client   1 | Train: loss=0.005, acc=100.0% | time= 39.0ms | Valid: loss=0.892, acc= 68.0% |
Epoch   2 | Client   1 | Train: loss=0.073, acc= 98.1% | time= 38.0ms | Valid: loss=1.614, acc= 56.0% |
Epoch   3 | Client   1 | Train: loss=0.009, acc=100.0% | time= 38.1ms | Valid: loss=1.399, acc= 64.0% |
Epoch   4 | Client   1 | Train: loss=0.025, acc= 99.4% | time= 37.6ms | Valid: loss=1.582, acc= 72.0% |
Epoch   5 | Client   1 | Train: loss=0.273, acc= 94.3% | time= 36.2ms | Valid: loss=3.053, acc= 48.0% |
Epoch   1 | Client   2 | Train: loss=0.020, acc= 99.4% | time= 49.3ms | Valid: loss=2.404, acc= 56.0% |
Epoch   2 | Client   2 | Train: loss=0.096, acc= 97.3% | time= 36.4ms | Valid: loss=2.819, acc= 48.0% |
Epoch   3 | Client   2 | Train: loss=0.144, acc= 95.8% | time= 36.4ms | Valid: loss=2.245, acc= 60.0% |
Epoch   4 | Client   2 | Train: loss=0.015, acc= 99.8% | time= 36.5ms | Valid: loss=2.167, acc= 60.0% |
Epoch   5 | Client   2 | Train: loss=0.014, acc= 99.6% | time= 36.5ms | Valid: loss=2.228, acc= 64.0% |
Epoch   1 | Client   3 | Train: loss=0.105, acc= 96.2% | time= 37.4ms | Valid: loss=1.759, acc= 52.0% |
Epoch   2 | Client   3 | Train: loss=0.075, acc= 97.1% | time= 37.1ms | Valid: loss=2.444, acc= 52.0% |
Epoch   3 | Client   3 | Train: loss=0.143, acc= 94.7% | time= 38.0ms | Valid: loss=1.869, acc= 44.0% |
Epoch   4 | Client   3 | Train: loss=0.091, acc= 97.1% | time= 37.2ms | Valid: loss=1.701, acc= 44.0% |
Epoch   5 | Client   3 | Train: loss=0.091, acc= 96.4% | time= 37.1ms | Valid: loss=1.414, acc= 60.0% |
Epoch   1 | Client   4 | Train: loss=0.045, acc= 98.1% | time= 39.1ms | Valid: loss=1.629, acc= 60.0% |
Epoch   2 | Client   4 | Train: loss=0.011, acc=100.0% | time= 38.0ms | Valid: loss=1.703, acc= 64.0% |
Epoch   3 | Client   4 | Train: loss=0.005, acc=100.0% | time= 37.8ms | Valid: loss=1.313, acc= 72.0% |
Epoch   4 | Client   4 | Train: loss=0.009, acc= 99.8% | time= 37.8ms | Valid: loss=1.870, acc= 52.0% |
Epoch   5 | Client   4 | Train: loss=0.004, acc=100.0% | time= 37.9ms | Valid: loss=1.992, acc= 56.0% |
Epoch   1 | Client   5 | Train: loss=0.118, acc= 96.6% | time= 38.9ms | Valid: loss=1.952, acc= 64.0% |
Epoch   2 | Client   5 | Train: loss=0.030, acc= 98.7% | time= 37.9ms | Valid: loss=1.126, acc= 72.0% |
Epoch   3 | Client   5 | Train: loss=0.020, acc= 99.6% | time= 37.7ms | Valid: loss=1.185, acc= 60.0% |
Epoch   4 | Client   5 | Train: loss=0.014, acc= 99.8% | time= 37.3ms | Valid: loss=1.148, acc= 68.0% |
Epoch   5 | Client   5 | Train: loss=0.004, acc=100.0% | time= 36.7ms | Valid: loss=1.086, acc= 72.0% |
Epoch   1 | Client   6 | Train: loss=0.100, acc= 96.0% | time= 39.0ms | Valid: loss=1.915, acc= 60.0% |
Epoch   2 | Client   6 | Train: loss=0.077, acc= 97.3% | time= 38.0ms | Valid: loss=2.210, acc= 52.0% |
Epoch   3 | Client   6 | Train: loss=0.031, acc= 98.9% | time= 37.8ms | Valid: loss=2.430, acc= 60.0% |
Epoch   4 | Client   6 | Train: loss=0.013, acc= 99.8% | time= 37.8ms | Valid: loss=2.195, acc= 60.0% |
Epoch   5 | Client   6 | Train: loss=0.018, acc= 99.4% | time= 37.9ms | Valid: loss=1.715, acc= 72.0% |
Epoch   1 | Client   7 | Train: loss=0.070, acc= 97.9% | time= 39.0ms | Valid: loss=2.254, acc= 60.0% |
Epoch   2 | Client   7 | Train: loss=0.034, acc= 98.9% | time= 37.9ms | Valid: loss=3.071, acc= 52.0% |
Epoch   3 | Client   7 | Train: loss=0.014, acc= 99.8% | time= 37.8ms | Valid: loss=2.178, acc= 60.0% |
Epoch   4 | Client   7 | Train: loss=0.057, acc= 97.7% | time= 37.9ms | Valid: loss=2.383, acc= 52.0% |
Epoch   5 | Client   7 | Train: loss=0.017, acc= 99.6% | time= 37.9ms | Valid: loss=2.079, acc= 64.0% |
Epoch   1 | Client   8 | Train: loss=0.125, acc= 97.1% | time= 44.9ms | Valid: loss=2.349, acc= 56.0% |
Epoch   2 | Client   8 | Train: loss=0.042, acc= 98.5% | time= 37.9ms | Valid: loss=2.509, acc= 56.0% |
Epoch   3 | Client   8 | Train: loss=0.007, acc=100.0% | time= 37.9ms | Valid: loss=2.274, acc= 52.0% |
Epoch   4 | Client   8 | Train: loss=0.024, acc= 99.4% | time= 37.8ms | Valid: loss=2.560, acc= 44.0% |
Epoch   5 | Client   8 | Train: loss=0.006, acc=100.0% | time= 37.4ms | Valid: loss=2.536, acc= 56.0% |
Epoch   1 | Client   9 | Train: loss=0.034, acc= 98.5% | time= 39.1ms | Valid: loss=2.152, acc= 44.0% |
Epoch   2 | Client   9 | Train: loss=0.056, acc= 98.5% | time= 38.1ms | Valid: loss=2.494, acc= 44.0% |
Epoch   3 | Client   9 | Train: loss=0.036, acc= 98.9% | time= 37.9ms | Valid: loss=2.114, acc= 48.0% |
Epoch   4 | Client   9 | Train: loss=0.008, acc= 99.8% | time= 36.8ms | Valid: loss=1.955, acc= 48.0% |
Epoch   5 | Client   9 | Train: loss=0.009, acc= 99.6% | time= 36.8ms | Valid: loss=2.087, acc= 48.0% |
----------------------------------------
G-Epoch:  28, Test: loss=1.771 , acc= 62.0%
****************************************
Task:   0, G-Epoch:  28, Test: loss=1.756 , acc= 61.5%
Task:   1, G-Epoch:  28, Test: loss=2.310 , acc=  9.9%
Task:   2, G-Epoch:  28, Test: loss=2.313 , acc=  9.9%
Task:   3, G-Epoch:  28, Test: loss=2.308 , acc= 13.5%
Task:   4, G-Epoch:  28, Test: loss=2.308 , acc=  8.9%
Task:   5, G-Epoch:  28, Test: loss=2.298 , acc=  9.3%
Task:   6, G-Epoch:  28, Test: loss=2.305 , acc= 10.4%
Task:   7, G-Epoch:  28, Test: loss=2.309 , acc= 13.0%
Task:   8, G-Epoch:  28, Test: loss=2.313 , acc=  7.6%
Task:   9, G-Epoch:  28, Test: loss=2.313 , acc=  8.1%
{0: [39.3, 45.7, 48.7, 48.8, 51.1, 52.3, 53.9, 51.6, 55.6, 54.8, 53.3, 54.9, 58.1, 57.8, 55.8, 58.5, 58.6, 58.9, 57.4, 60.4, 61.3, 56.9, 60.1, 60.2, 60.8, 60.2, 60.8, 61.6, 61.5], 1: [10.2, 9.5, 11.1, 11.0, 9.3, 10.0, 10.6, 10.7, 11.2, 8.9, 9.1, 10.8, 10.8, 10.3, 9.9, 9.1, 11.7, 10.1, 10.2, 11.4, 8.8, 9.8, 10.9, 9.7, 9.2, 9.7, 10.1, 9.5, 9.9], 2: [10.3, 10.5, 9.7, 11.4, 11.1, 9.9, 8.6, 8.9, 9.1, 8.7, 9.4, 9.6, 7.7, 10.1, 10.4, 8.9, 9.1, 9.5, 10.8, 8.4, 8.5, 8.8, 9.1, 8.5, 9.7, 10.0, 9.4, 9.9, 9.9], 3: [10.3, 9.9, 8.6, 9.7, 9.2, 9.4, 9.3, 10.7, 11.6, 11.0, 11.6, 11.9, 11.3, 11.4, 12.4, 11.7, 11.1, 11.2, 11.9, 12.5, 13.1, 12.2, 13.1, 12.0, 12.6, 11.9, 12.0, 12.8, 13.5], 4: [11.0, 10.0, 10.7, 9.8, 10.8, 10.1, 10.0, 10.9, 10.2, 10.0, 10.2, 9.9, 9.6, 9.1, 8.8, 10.7, 9.8, 9.2, 9.6, 10.3, 8.5, 10.1, 9.6, 9.5, 9.6, 10.4, 10.6, 9.3, 8.9], 5: [9.1, 9.4, 10.6, 12.1, 10.5, 10.8, 11.3, 10.7, 10.6, 12.6, 12.5, 11.6, 11.5, 11.1, 10.8, 10.5, 11.1, 11.6, 10.7, 11.8, 10.6, 11.0, 10.2, 10.9, 9.6, 10.6, 9.6, 10.5, 9.3], 6: [10.1, 9.9, 12.1, 10.8, 10.4, 9.4, 9.2, 10.1, 11.1, 9.8, 10.4, 11.0, 10.9, 11.0, 13.0, 12.2, 10.5, 11.5, 10.0, 11.8, 9.6, 11.3, 10.6, 9.3, 9.4, 9.0, 10.5, 9.3, 10.4], 7: [9.2, 9.7, 10.3, 11.8, 11.8, 11.2, 12.2, 11.5, 10.8, 11.1, 12.2, 11.9, 11.9, 13.4, 12.9, 13.1, 14.1, 12.3, 12.7, 13.3, 11.4, 13.4, 12.8, 12.6, 12.6, 13.0, 13.0, 12.7, 13.0], 8: [7.8, 10.2, 9.5, 11.9, 11.6, 10.8, 9.4, 10.0, 9.6, 10.5, 9.9, 9.9, 10.2, 9.4, 9.8, 8.7, 9.4, 8.8, 9.6, 8.2, 8.0, 8.7, 9.1, 8.8, 8.9, 10.2, 8.3, 8.4, 7.6], 9: [10.4, 10.8, 9.5, 9.8, 8.9, 8.8, 8.5, 10.6, 9.6, 10.0, 6.8, 8.7, 10.7, 8.9, 9.7, 7.7, 9.0, 9.4, 10.0, 9.5, 9.7, 9.6, 9.4, 8.5, 7.3, 7.6, 9.7, 10.0, 8.1]}
Epoch   1 | Client   0 | Train: loss=0.164, acc= 94.7% | time= 38.0ms | Valid: loss=1.562, acc= 72.0% |
Epoch   2 | Client   0 | Train: loss=0.181, acc= 95.4% | time= 37.8ms | Valid: loss=1.602, acc= 64.0% |
Epoch   3 | Client   0 | Train: loss=0.030, acc= 98.9% | time= 36.8ms | Valid: loss=1.532, acc= 60.0% |
Epoch   4 | Client   0 | Train: loss=0.051, acc= 98.7% | time= 36.6ms | Valid: loss=1.505, acc= 60.0% |
Epoch   5 | Client   0 | Train: loss=0.038, acc= 98.9% | time= 36.6ms | Valid: loss=1.439, acc= 68.0% |
Epoch   1 | Client   1 | Train: loss=0.160, acc= 94.9% | time= 39.2ms | Valid: loss=1.668, acc= 56.0% |
Epoch   2 | Client   1 | Train: loss=0.111, acc= 96.0% | time= 38.1ms | Valid: loss=1.751, acc= 68.0% |
Epoch   3 | Client   1 | Train: loss=0.140, acc= 96.0% | time= 37.7ms | Valid: loss=2.318, acc= 52.0% |
Epoch   4 | Client   1 | Train: loss=0.150, acc= 96.6% | time= 37.9ms | Valid: loss=1.670, acc= 56.0% |
Epoch   5 | Client   1 | Train: loss=0.037, acc= 98.7% | time= 37.8ms | Valid: loss=1.806, acc= 72.0% |
Epoch   1 | Client   2 | Train: loss=0.041, acc= 98.9% | time= 38.9ms | Valid: loss=2.755, acc= 52.0% |
Epoch   2 | Client   2 | Train: loss=0.007, acc= 99.8% | time= 38.2ms | Valid: loss=2.190, acc= 60.0% |
Epoch   3 | Client   2 | Train: loss=0.004, acc=100.0% | time= 37.7ms | Valid: loss=2.002, acc= 40.0% |
Epoch   4 | Client   2 | Train: loss=0.032, acc= 98.7% | time= 38.0ms | Valid: loss=2.217, acc= 56.0% |
Epoch   5 | Client   2 | Train: loss=0.023, acc= 99.4% | time= 38.1ms | Valid: loss=2.513, acc= 56.0% |
Epoch   1 | Client   3 | Train: loss=0.327, acc= 88.6% | time= 38.9ms | Valid: loss=2.884, acc= 40.0% |
Epoch   2 | Client   3 | Train: loss=0.163, acc= 94.7% | time= 38.1ms | Valid: loss=2.431, acc= 48.0% |
Epoch   3 | Client   3 | Train: loss=0.213, acc= 93.1% | time= 37.8ms | Valid: loss=2.559, acc= 28.0% |
Epoch   4 | Client   3 | Train: loss=0.305, acc= 89.3% | time= 37.7ms | Valid: loss=2.662, acc= 48.0% |
Epoch   5 | Client   3 | Train: loss=0.138, acc= 96.2% | time= 37.7ms | Valid: loss=2.041, acc= 48.0% |
Epoch   1 | Client   4 | Train: loss=0.018, acc= 99.8% | time= 39.0ms | Valid: loss=1.395, acc= 68.0% |
Epoch   2 | Client   4 | Train: loss=0.103, acc= 96.2% | time= 37.9ms | Valid: loss=2.764, acc= 56.0% |
Epoch   3 | Client   4 | Train: loss=0.019, acc= 99.4% | time= 38.3ms | Valid: loss=1.575, acc= 72.0% |
Epoch   4 | Client   4 | Train: loss=0.028, acc= 99.2% | time= 37.9ms | Valid: loss=2.212, acc= 52.0% |
Epoch   5 | Client   4 | Train: loss=0.017, acc= 99.6% | time= 37.9ms | Valid: loss=2.117, acc= 48.0% |
Epoch   1 | Client   5 | Train: loss=0.015, acc= 99.6% | time= 39.3ms | Valid: loss=1.118, acc= 72.0% |
Epoch   2 | Client   5 | Train: loss=0.012, acc= 99.8% | time= 38.0ms | Valid: loss=1.237, acc= 76.0% |
Epoch   3 | Client   5 | Train: loss=0.003, acc=100.0% | time= 37.9ms | Valid: loss=0.867, acc= 84.0% |
Epoch   4 | Client   5 | Train: loss=0.007, acc=100.0% | time= 38.0ms | Valid: loss=1.012, acc= 76.0% |
Epoch   5 | Client   5 | Train: loss=0.005, acc=100.0% | time= 37.8ms | Valid: loss=0.710, acc= 72.0% |
Epoch   1 | Client   6 | Train: loss=0.109, acc= 96.2% | time= 39.3ms | Valid: loss=2.103, acc= 60.0% |
Epoch   2 | Client   6 | Train: loss=0.171, acc= 94.3% | time= 37.9ms | Valid: loss=1.973, acc= 52.0% |
Epoch   3 | Client   6 | Train: loss=0.127, acc= 95.2% | time= 38.0ms | Valid: loss=1.865, acc= 64.0% |
Epoch   4 | Client   6 | Train: loss=0.222, acc= 93.1% | time= 37.8ms | Valid: loss=1.991, acc= 60.0% |
Epoch   5 | Client   6 | Train: loss=0.019, acc= 99.6% | time= 37.8ms | Valid: loss=2.184, acc= 52.0% |
Epoch   1 | Client   7 | Train: loss=0.045, acc= 98.3% | time= 39.0ms | Valid: loss=2.631, acc= 64.0% |
Epoch   2 | Client   7 | Train: loss=0.014, acc= 99.4% | time= 38.1ms | Valid: loss=2.204, acc= 64.0% |
Epoch   3 | Client   7 | Train: loss=0.027, acc= 99.4% | time= 37.7ms | Valid: loss=1.935, acc= 72.0% |
Epoch   4 | Client   7 | Train: loss=0.025, acc= 99.2% | time= 37.8ms | Valid: loss=2.247, acc= 56.0% |
Epoch   5 | Client   7 | Train: loss=0.006, acc= 99.8% | time= 36.5ms | Valid: loss=2.192, acc= 60.0% |
Epoch   1 | Client   8 | Train: loss=0.186, acc= 94.7% | time= 39.2ms | Valid: loss=2.466, acc= 52.0% |
Epoch   2 | Client   8 | Train: loss=0.090, acc= 98.1% | time= 37.9ms | Valid: loss=2.534, acc= 56.0% |
Epoch   3 | Client   8 | Train: loss=0.023, acc= 98.9% | time= 38.1ms | Valid: loss=2.464, acc= 56.0% |
Epoch   4 | Client   8 | Train: loss=0.042, acc= 98.3% | time= 38.0ms | Valid: loss=2.236, acc= 44.0% |
Epoch   5 | Client   8 | Train: loss=0.132, acc= 96.2% | time= 36.7ms | Valid: loss=2.648, acc= 48.0% |
Epoch   1 | Client   9 | Train: loss=0.024, acc= 99.2% | time= 39.6ms | Valid: loss=2.377, acc= 56.0% |
Epoch   2 | Client   9 | Train: loss=0.247, acc= 91.2% | time= 37.8ms | Valid: loss=2.138, acc= 52.0% |
Epoch   3 | Client   9 | Train: loss=0.041, acc= 98.9% | time= 38.0ms | Valid: loss=1.793, acc= 44.0% |
Epoch   4 | Client   9 | Train: loss=0.007, acc= 99.8% | time= 37.8ms | Valid: loss=2.177, acc= 52.0% |
Epoch   5 | Client   9 | Train: loss=0.018, acc= 99.6% | time= 37.9ms | Valid: loss=2.146, acc= 40.0% |
----------------------------------------
G-Epoch:  29, Test: loss=1.788 , acc= 60.7%
****************************************
Task:   0, G-Epoch:  29, Test: loss=1.805 , acc= 61.0%
Task:   1, G-Epoch:  29, Test: loss=2.314 , acc=  9.0%
Task:   2, G-Epoch:  29, Test: loss=2.313 , acc=  9.5%
Task:   3, G-Epoch:  29, Test: loss=2.310 , acc= 12.1%
Task:   4, G-Epoch:  29, Test: loss=2.312 , acc=  8.8%
Task:   5, G-Epoch:  29, Test: loss=2.297 , acc=  8.3%
Task:   6, G-Epoch:  29, Test: loss=2.303 , acc=  9.4%
Task:   7, G-Epoch:  29, Test: loss=2.308 , acc= 11.7%
Task:   8, G-Epoch:  29, Test: loss=2.310 , acc=  8.6%
Task:   9, G-Epoch:  29, Test: loss=2.312 , acc=  9.8%
{0: [39.3, 45.7, 48.7, 48.8, 51.1, 52.3, 53.9, 51.6, 55.6, 54.8, 53.3, 54.9, 58.1, 57.8, 55.8, 58.5, 58.6, 58.9, 57.4, 60.4, 61.3, 56.9, 60.1, 60.2, 60.8, 60.2, 60.8, 61.6, 61.5, 61.0], 1: [10.2, 9.5, 11.1, 11.0, 9.3, 10.0, 10.6, 10.7, 11.2, 8.9, 9.1, 10.8, 10.8, 10.3, 9.9, 9.1, 11.7, 10.1, 10.2, 11.4, 8.8, 9.8, 10.9, 9.7, 9.2, 9.7, 10.1, 9.5, 9.9, 9.0], 2: [10.3, 10.5, 9.7, 11.4, 11.1, 9.9, 8.6, 8.9, 9.1, 8.7, 9.4, 9.6, 7.7, 10.1, 10.4, 8.9, 9.1, 9.5, 10.8, 8.4, 8.5, 8.8, 9.1, 8.5, 9.7, 10.0, 9.4, 9.9, 9.9, 9.5], 3: [10.3, 9.9, 8.6, 9.7, 9.2, 9.4, 9.3, 10.7, 11.6, 11.0, 11.6, 11.9, 11.3, 11.4, 12.4, 11.7, 11.1, 11.2, 11.9, 12.5, 13.1, 12.2, 13.1, 12.0, 12.6, 11.9, 12.0, 12.8, 13.5, 12.1], 4: [11.0, 10.0, 10.7, 9.8, 10.8, 10.1, 10.0, 10.9, 10.2, 10.0, 10.2, 9.9, 9.6, 9.1, 8.8, 10.7, 9.8, 9.2, 9.6, 10.3, 8.5, 10.1, 9.6, 9.5, 9.6, 10.4, 10.6, 9.3, 8.9, 8.8], 5: [9.1, 9.4, 10.6, 12.1, 10.5, 10.8, 11.3, 10.7, 10.6, 12.6, 12.5, 11.6, 11.5, 11.1, 10.8, 10.5, 11.1, 11.6, 10.7, 11.8, 10.6, 11.0, 10.2, 10.9, 9.6, 10.6, 9.6, 10.5, 9.3, 8.3], 6: [10.1, 9.9, 12.1, 10.8, 10.4, 9.4, 9.2, 10.1, 11.1, 9.8, 10.4, 11.0, 10.9, 11.0, 13.0, 12.2, 10.5, 11.5, 10.0, 11.8, 9.6, 11.3, 10.6, 9.3, 9.4, 9.0, 10.5, 9.3, 10.4, 9.4], 7: [9.2, 9.7, 10.3, 11.8, 11.8, 11.2, 12.2, 11.5, 10.8, 11.1, 12.2, 11.9, 11.9, 13.4, 12.9, 13.1, 14.1, 12.3, 12.7, 13.3, 11.4, 13.4, 12.8, 12.6, 12.6, 13.0, 13.0, 12.7, 13.0, 11.7], 8: [7.8, 10.2, 9.5, 11.9, 11.6, 10.8, 9.4, 10.0, 9.6, 10.5, 9.9, 9.9, 10.2, 9.4, 9.8, 8.7, 9.4, 8.8, 9.6, 8.2, 8.0, 8.7, 9.1, 8.8, 8.9, 10.2, 8.3, 8.4, 7.6, 8.6], 9: [10.4, 10.8, 9.5, 9.8, 8.9, 8.8, 8.5, 10.6, 9.6, 10.0, 6.8, 8.7, 10.7, 8.9, 9.7, 7.7, 9.0, 9.4, 10.0, 9.5, 9.7, 9.6, 9.4, 8.5, 7.3, 7.6, 9.7, 10.0, 8.1, 9.8]}
Epoch   1 | Client   0 | Train: loss=0.127, acc= 95.8% | time= 38.0ms | Valid: loss=1.359, acc= 72.0% |
Epoch   2 | Client   0 | Train: loss=0.261, acc= 92.8% | time= 37.8ms | Valid: loss=1.611, acc= 60.0% |
Epoch   3 | Client   0 | Train: loss=0.068, acc= 97.7% | time= 37.7ms | Valid: loss=1.055, acc= 68.0% |
Epoch   4 | Client   0 | Train: loss=0.009, acc= 99.8% | time= 36.5ms | Valid: loss=1.421, acc= 68.0% |
Epoch   5 | Client   0 | Train: loss=0.009, acc= 99.8% | time= 36.3ms | Valid: loss=1.119, acc= 64.0% |
Epoch   1 | Client   1 | Train: loss=0.066, acc= 98.7% | time= 39.7ms | Valid: loss=2.507, acc= 56.0% |
Epoch   2 | Client   1 | Train: loss=0.020, acc= 99.2% | time= 38.0ms | Valid: loss=2.120, acc= 52.0% |
Epoch   3 | Client   1 | Train: loss=0.102, acc= 96.8% | time= 37.8ms | Valid: loss=1.889, acc= 52.0% |
Epoch   4 | Client   1 | Train: loss=0.006, acc=100.0% | time= 37.1ms | Valid: loss=1.945, acc= 60.0% |
Epoch   5 | Client   1 | Train: loss=0.004, acc=100.0% | time= 36.4ms | Valid: loss=1.902, acc= 64.0% |
Epoch   1 | Client   2 | Train: loss=0.330, acc= 92.0% | time= 39.2ms | Valid: loss=3.494, acc= 40.0% |
Epoch   2 | Client   2 | Train: loss=0.073, acc= 96.8% | time= 37.9ms | Valid: loss=2.319, acc= 56.0% |
Epoch   3 | Client   2 | Train: loss=0.005, acc=100.0% | time= 38.2ms | Valid: loss=2.375, acc= 60.0% |
Epoch   4 | Client   2 | Train: loss=0.014, acc= 99.6% | time= 37.9ms | Valid: loss=1.798, acc= 68.0% |
Epoch   5 | Client   2 | Train: loss=0.006, acc= 99.8% | time= 37.6ms | Valid: loss=1.905, acc= 60.0% |
Epoch   1 | Client   3 | Train: loss=0.131, acc= 95.2% | time= 43.7ms | Valid: loss=2.677, acc= 48.0% |
Epoch   2 | Client   3 | Train: loss=0.047, acc= 97.9% | time= 36.4ms | Valid: loss=2.114, acc= 44.0% |
Epoch   3 | Client   3 | Train: loss=0.054, acc= 98.1% | time= 36.2ms | Valid: loss=1.988, acc= 40.0% |
Epoch   4 | Client   3 | Train: loss=0.007, acc= 99.8% | time= 36.6ms | Valid: loss=1.618, acc= 56.0% |
Epoch   5 | Client   3 | Train: loss=0.012, acc= 99.8% | time= 36.3ms | Valid: loss=1.994, acc= 56.0% |
Epoch   1 | Client   4 | Train: loss=0.051, acc= 98.7% | time= 37.6ms | Valid: loss=1.655, acc= 68.0% |
Epoch   2 | Client   4 | Train: loss=0.204, acc= 94.7% | time= 37.0ms | Valid: loss=1.653, acc= 64.0% |
Epoch   3 | Client   4 | Train: loss=0.059, acc= 97.7% | time= 37.4ms | Valid: loss=1.892, acc= 60.0% |
Epoch   4 | Client   4 | Train: loss=0.033, acc= 98.9% | time= 38.0ms | Valid: loss=1.794, acc= 64.0% |
Epoch   5 | Client   4 | Train: loss=0.011, acc= 99.6% | time= 35.9ms | Valid: loss=1.896, acc= 64.0% |
Epoch   1 | Client   5 | Train: loss=0.008, acc=100.0% | time= 39.4ms | Valid: loss=1.005, acc= 72.0% |
Epoch   2 | Client   5 | Train: loss=0.054, acc= 98.7% | time= 37.8ms | Valid: loss=1.809, acc= 60.0% |
Epoch   3 | Client   5 | Train: loss=0.361, acc= 89.9% | time= 37.9ms | Valid: loss=2.204, acc= 52.0% |
Epoch   4 | Client   5 | Train: loss=0.068, acc= 97.3% | time= 36.7ms | Valid: loss=1.894, acc= 68.0% |
Epoch   5 | Client   5 | Train: loss=0.318, acc= 91.8% | time= 36.6ms | Valid: loss=1.851, acc= 56.0% |
Epoch   1 | Client   6 | Train: loss=0.096, acc= 97.5% | time= 39.2ms | Valid: loss=2.636, acc= 64.0% |
Epoch   2 | Client   6 | Train: loss=0.111, acc= 95.8% | time= 38.1ms | Valid: loss=2.084, acc= 64.0% |
Epoch   3 | Client   6 | Train: loss=0.009, acc= 99.8% | time= 38.0ms | Valid: loss=1.963, acc= 64.0% |
Epoch   4 | Client   6 | Train: loss=0.010, acc= 99.8% | time= 36.7ms | Valid: loss=2.024, acc= 52.0% |
Epoch   5 | Client   6 | Train: loss=0.013, acc= 99.8% | time= 36.6ms | Valid: loss=1.844, acc= 64.0% |
Epoch   1 | Client   7 | Train: loss=0.081, acc= 97.1% | time= 39.1ms | Valid: loss=2.487, acc= 60.0% |
Epoch   2 | Client   7 | Train: loss=0.029, acc= 98.9% | time= 37.9ms | Valid: loss=1.888, acc= 64.0% |
Epoch   3 | Client   7 | Train: loss=0.006, acc=100.0% | time= 37.8ms | Valid: loss=2.178, acc= 60.0% |
Epoch   4 | Client   7 | Train: loss=0.014, acc= 99.6% | time= 38.1ms | Valid: loss=2.579, acc= 52.0% |
Epoch   5 | Client   7 | Train: loss=0.032, acc= 98.9% | time= 36.2ms | Valid: loss=2.347, acc= 60.0% |
Epoch   1 | Client   8 | Train: loss=0.170, acc= 93.3% | time= 48.3ms | Valid: loss=2.675, acc= 60.0% |
Epoch   2 | Client   8 | Train: loss=0.184, acc= 95.4% | time= 35.8ms | Valid: loss=2.509, acc= 56.0% |
Epoch   3 | Client   8 | Train: loss=0.091, acc= 96.8% | time= 35.7ms | Valid: loss=2.092, acc= 60.0% |
Epoch   4 | Client   8 | Train: loss=0.020, acc= 99.8% | time= 36.3ms | Valid: loss=2.401, acc= 64.0% |
Epoch   5 | Client   8 | Train: loss=0.027, acc= 99.4% | time= 34.4ms | Valid: loss=2.647, acc= 52.0% |
Epoch   1 | Client   9 | Train: loss=0.139, acc= 94.9% | time= 37.5ms | Valid: loss=2.578, acc= 52.0% |
Epoch   2 | Client   9 | Train: loss=0.050, acc= 97.7% | time= 36.6ms | Valid: loss=2.377, acc= 48.0% |
Epoch   3 | Client   9 | Train: loss=0.096, acc= 96.4% | time= 36.4ms | Valid: loss=2.659, acc= 52.0% |
Epoch   4 | Client   9 | Train: loss=0.005, acc=100.0% | time= 36.6ms | Valid: loss=2.492, acc= 44.0% |
Epoch   5 | Client   9 | Train: loss=0.004, acc=100.0% | time= 35.4ms | Valid: loss=2.198, acc= 52.0% |
----------------------------------------
G-Epoch:  30, Test: loss=1.821 , acc= 61.2%
****************************************
Task:   0, G-Epoch:  30, Test: loss=1.802 , acc= 62.5%
Task:   1, G-Epoch:  30, Test: loss=2.311 , acc=  9.4%
Task:   2, G-Epoch:  30, Test: loss=2.318 , acc=  8.9%
Task:   3, G-Epoch:  30, Test: loss=2.308 , acc= 12.1%
Task:   4, G-Epoch:  30, Test: loss=2.306 , acc=  9.3%
Task:   5, G-Epoch:  30, Test: loss=2.297 , acc=  9.5%
Task:   6, G-Epoch:  30, Test: loss=2.306 , acc=  9.4%
Task:   7, G-Epoch:  30, Test: loss=2.305 , acc= 11.9%
Task:   8, G-Epoch:  30, Test: loss=2.311 , acc=  8.3%
Task:   9, G-Epoch:  30, Test: loss=2.307 , acc= 11.0%
{0: [39.3, 45.7, 48.7, 48.8, 51.1, 52.3, 53.9, 51.6, 55.6, 54.8, 53.3, 54.9, 58.1, 57.8, 55.8, 58.5, 58.6, 58.9, 57.4, 60.4, 61.3, 56.9, 60.1, 60.2, 60.8, 60.2, 60.8, 61.6, 61.5, 61.0, 62.5], 1: [10.2, 9.5, 11.1, 11.0, 9.3, 10.0, 10.6, 10.7, 11.2, 8.9, 9.1, 10.8, 10.8, 10.3, 9.9, 9.1, 11.7, 10.1, 10.2, 11.4, 8.8, 9.8, 10.9, 9.7, 9.2, 9.7, 10.1, 9.5, 9.9, 9.0, 9.4], 2: [10.3, 10.5, 9.7, 11.4, 11.1, 9.9, 8.6, 8.9, 9.1, 8.7, 9.4, 9.6, 7.7, 10.1, 10.4, 8.9, 9.1, 9.5, 10.8, 8.4, 8.5, 8.8, 9.1, 8.5, 9.7, 10.0, 9.4, 9.9, 9.9, 9.5, 8.9], 3: [10.3, 9.9, 8.6, 9.7, 9.2, 9.4, 9.3, 10.7, 11.6, 11.0, 11.6, 11.9, 11.3, 11.4, 12.4, 11.7, 11.1, 11.2, 11.9, 12.5, 13.1, 12.2, 13.1, 12.0, 12.6, 11.9, 12.0, 12.8, 13.5, 12.1, 12.1], 4: [11.0, 10.0, 10.7, 9.8, 10.8, 10.1, 10.0, 10.9, 10.2, 10.0, 10.2, 9.9, 9.6, 9.1, 8.8, 10.7, 9.8, 9.2, 9.6, 10.3, 8.5, 10.1, 9.6, 9.5, 9.6, 10.4, 10.6, 9.3, 8.9, 8.8, 9.3], 5: [9.1, 9.4, 10.6, 12.1, 10.5, 10.8, 11.3, 10.7, 10.6, 12.6, 12.5, 11.6, 11.5, 11.1, 10.8, 10.5, 11.1, 11.6, 10.7, 11.8, 10.6, 11.0, 10.2, 10.9, 9.6, 10.6, 9.6, 10.5, 9.3, 8.3, 9.5], 6: [10.1, 9.9, 12.1, 10.8, 10.4, 9.4, 9.2, 10.1, 11.1, 9.8, 10.4, 11.0, 10.9, 11.0, 13.0, 12.2, 10.5, 11.5, 10.0, 11.8, 9.6, 11.3, 10.6, 9.3, 9.4, 9.0, 10.5, 9.3, 10.4, 9.4, 9.4], 7: [9.2, 9.7, 10.3, 11.8, 11.8, 11.2, 12.2, 11.5, 10.8, 11.1, 12.2, 11.9, 11.9, 13.4, 12.9, 13.1, 14.1, 12.3, 12.7, 13.3, 11.4, 13.4, 12.8, 12.6, 12.6, 13.0, 13.0, 12.7, 13.0, 11.7, 11.9], 8: [7.8, 10.2, 9.5, 11.9, 11.6, 10.8, 9.4, 10.0, 9.6, 10.5, 9.9, 9.9, 10.2, 9.4, 9.8, 8.7, 9.4, 8.8, 9.6, 8.2, 8.0, 8.7, 9.1, 8.8, 8.9, 10.2, 8.3, 8.4, 7.6, 8.6, 8.3], 9: [10.4, 10.8, 9.5, 9.8, 8.9, 8.8, 8.5, 10.6, 9.6, 10.0, 6.8, 8.7, 10.7, 8.9, 9.7, 7.7, 9.0, 9.4, 10.0, 9.5, 9.7, 9.6, 9.4, 8.5, 7.3, 7.6, 9.7, 10.0, 8.1, 9.8, 11.0]}
Epoch   1 | Client   0 | Train: loss=0.039, acc= 98.5% | time= 38.6ms | Valid: loss=1.003, acc= 72.0% |
Epoch   2 | Client   0 | Train: loss=0.055, acc= 98.5% | time= 37.6ms | Valid: loss=2.205, acc= 60.0% |
Epoch   3 | Client   0 | Train: loss=0.009, acc= 99.8% | time= 36.7ms | Valid: loss=1.321, acc= 68.0% |
Epoch   4 | Client   0 | Train: loss=0.007, acc= 99.8% | time= 37.0ms | Valid: loss=1.175, acc= 68.0% |
Epoch   5 | Client   0 | Train: loss=0.036, acc= 98.7% | time= 37.6ms | Valid: loss=1.207, acc= 68.0% |
Epoch   1 | Client   1 | Train: loss=0.025, acc= 99.4% | time= 39.0ms | Valid: loss=1.875, acc= 64.0% |
Epoch   2 | Client   1 | Train: loss=0.047, acc= 99.2% | time= 37.8ms | Valid: loss=2.057, acc= 64.0% |
Epoch   3 | Client   1 | Train: loss=0.033, acc= 99.2% | time= 37.6ms | Valid: loss=2.417, acc= 52.0% |
Epoch   4 | Client   1 | Train: loss=0.017, acc= 99.4% | time= 38.2ms | Valid: loss=2.362, acc= 60.0% |
Epoch   5 | Client   1 | Train: loss=0.003, acc=100.0% | time= 36.2ms | Valid: loss=1.789, acc= 68.0% |
Epoch   1 | Client   2 | Train: loss=0.054, acc= 98.3% | time= 39.0ms | Valid: loss=2.016, acc= 68.0% |
Epoch   2 | Client   2 | Train: loss=0.020, acc= 99.4% | time= 37.8ms | Valid: loss=2.035, acc= 60.0% |
Epoch   3 | Client   2 | Train: loss=0.147, acc= 95.8% | time= 37.9ms | Valid: loss=2.428, acc= 44.0% |
Epoch   4 | Client   2 | Train: loss=0.269, acc= 92.8% | time= 37.7ms | Valid: loss=2.258, acc= 60.0% |
Epoch   5 | Client   2 | Train: loss=0.024, acc= 99.6% | time= 37.8ms | Valid: loss=2.050, acc= 64.0% |
Epoch   1 | Client   3 | Train: loss=0.027, acc= 99.6% | time= 39.5ms | Valid: loss=2.124, acc= 60.0% |
Epoch   2 | Client   3 | Train: loss=0.007, acc=100.0% | time= 37.2ms | Valid: loss=1.799, acc= 52.0% |
Epoch   3 | Client   3 | Train: loss=0.005, acc=100.0% | time= 37.9ms | Valid: loss=1.320, acc= 52.0% |
Epoch   4 | Client   3 | Train: loss=0.045, acc= 98.9% | time= 37.1ms | Valid: loss=2.084, acc= 56.0% |
Epoch   5 | Client   3 | Train: loss=0.142, acc= 96.6% | time= 36.9ms | Valid: loss=2.345, acc= 56.0% |
Epoch   1 | Client   4 | Train: loss=0.044, acc= 98.5% | time= 43.3ms | Valid: loss=1.514, acc= 64.0% |
Epoch   2 | Client   4 | Train: loss=0.005, acc=100.0% | time= 40.5ms | Valid: loss=2.010, acc= 60.0% |
Epoch   3 | Client   4 | Train: loss=0.088, acc= 97.9% | time= 38.0ms | Valid: loss=2.107, acc= 60.0% |
Epoch   4 | Client   4 | Train: loss=0.006, acc= 99.8% | time= 38.3ms | Valid: loss=1.510, acc= 68.0% |
Epoch   5 | Client   4 | Train: loss=0.007, acc= 99.8% | time= 36.8ms | Valid: loss=1.325, acc= 80.0% |
Epoch   1 | Client   5 | Train: loss=0.156, acc= 94.7% | time= 45.3ms | Valid: loss=1.541, acc= 64.0% |
Epoch   2 | Client   5 | Train: loss=0.280, acc= 92.0% | time= 38.9ms | Valid: loss=2.288, acc= 52.0% |
Epoch   3 | Client   5 | Train: loss=0.007, acc= 99.8% | time= 38.3ms | Valid: loss=1.163, acc= 72.0% |
Epoch   4 | Client   5 | Train: loss=0.015, acc= 99.8% | time= 37.6ms | Valid: loss=1.475, acc= 64.0% |
Epoch   5 | Client   5 | Train: loss=0.024, acc= 99.2% | time= 37.3ms | Valid: loss=1.174, acc= 56.0% |
Epoch   1 | Client   6 | Train: loss=0.063, acc= 97.7% | time= 42.5ms | Valid: loss=1.547, acc= 72.0% |
Epoch   2 | Client   6 | Train: loss=0.023, acc= 99.2% | time= 39.5ms | Valid: loss=1.931, acc= 60.0% |
Epoch   3 | Client   6 | Train: loss=0.092, acc= 97.9% | time= 38.4ms | Valid: loss=2.067, acc= 64.0% |
Epoch   4 | Client   6 | Train: loss=0.110, acc= 96.8% | time= 38.1ms | Valid: loss=2.748, acc= 52.0% |
Epoch   5 | Client   6 | Train: loss=0.060, acc= 98.1% | time= 37.5ms | Valid: loss=1.953, acc= 60.0% |
Epoch   1 | Client   7 | Train: loss=0.181, acc= 93.7% | time= 39.3ms | Valid: loss=2.012, acc= 56.0% |
Epoch   2 | Client   7 | Train: loss=0.015, acc= 99.4% | time= 36.7ms | Valid: loss=1.917, acc= 64.0% |
Epoch   3 | Client   7 | Train: loss=0.124, acc= 97.5% | time= 38.3ms | Valid: loss=2.139, acc= 68.0% |
Epoch   4 | Client   7 | Train: loss=0.074, acc= 97.5% | time= 37.8ms | Valid: loss=2.164, acc= 64.0% |
Epoch   5 | Client   7 | Train: loss=0.009, acc= 99.8% | time= 36.1ms | Valid: loss=2.243, acc= 64.0% |
Epoch   1 | Client   8 | Train: loss=0.015, acc= 99.4% | time= 42.8ms | Valid: loss=2.287, acc= 64.0% |
Epoch   2 | Client   8 | Train: loss=0.021, acc= 99.6% | time= 39.7ms | Valid: loss=2.331, acc= 48.0% |
Epoch   3 | Client   8 | Train: loss=0.030, acc= 98.7% | time= 40.4ms | Valid: loss=2.287, acc= 56.0% |
Epoch   4 | Client   8 | Train: loss=0.031, acc= 98.9% | time= 38.6ms | Valid: loss=2.655, acc= 60.0% |
Epoch   5 | Client   8 | Train: loss=0.031, acc= 98.9% | time= 38.5ms | Valid: loss=2.936, acc= 60.0% |
Epoch   1 | Client   9 | Train: loss=0.058, acc= 98.3% | time= 39.7ms | Valid: loss=2.537, acc= 44.0% |
Epoch   2 | Client   9 | Train: loss=0.075, acc= 96.8% | time= 38.0ms | Valid: loss=3.142, acc= 48.0% |
Epoch   3 | Client   9 | Train: loss=0.166, acc= 95.4% | time= 39.0ms | Valid: loss=2.520, acc= 44.0% |
Epoch   4 | Client   9 | Train: loss=0.009, acc=100.0% | time= 39.6ms | Valid: loss=2.486, acc= 48.0% |
Epoch   5 | Client   9 | Train: loss=0.013, acc= 99.6% | time= 41.3ms | Valid: loss=2.429, acc= 48.0% |
----------------------------------------
G-Epoch:  31, Test: loss=1.832 , acc= 62.0%
****************************************
Task:   0, G-Epoch:  31, Test: loss=1.830 , acc= 62.5%
Task:   1, G-Epoch:  31, Test: loss=2.309 , acc=  9.2%
Task:   2, G-Epoch:  31, Test: loss=2.322 , acc=  8.9%
Task:   3, G-Epoch:  31, Test: loss=2.312 , acc= 11.7%
Task:   4, G-Epoch:  31, Test: loss=2.303 , acc= 10.3%
Task:   5, G-Epoch:  31, Test: loss=2.300 , acc=  9.2%
Task:   6, G-Epoch:  31, Test: loss=2.312 , acc=  9.5%
Task:   7, G-Epoch:  31, Test: loss=2.306 , acc= 11.9%
Task:   8, G-Epoch:  31, Test: loss=2.312 , acc=  7.2%
Task:   9, G-Epoch:  31, Test: loss=2.308 , acc=  8.9%
{0: [39.3, 45.7, 48.7, 48.8, 51.1, 52.3, 53.9, 51.6, 55.6, 54.8, 53.3, 54.9, 58.1, 57.8, 55.8, 58.5, 58.6, 58.9, 57.4, 60.4, 61.3, 56.9, 60.1, 60.2, 60.8, 60.2, 60.8, 61.6, 61.5, 61.0, 62.5, 62.5], 1: [10.2, 9.5, 11.1, 11.0, 9.3, 10.0, 10.6, 10.7, 11.2, 8.9, 9.1, 10.8, 10.8, 10.3, 9.9, 9.1, 11.7, 10.1, 10.2, 11.4, 8.8, 9.8, 10.9, 9.7, 9.2, 9.7, 10.1, 9.5, 9.9, 9.0, 9.4, 9.2], 2: [10.3, 10.5, 9.7, 11.4, 11.1, 9.9, 8.6, 8.9, 9.1, 8.7, 9.4, 9.6, 7.7, 10.1, 10.4, 8.9, 9.1, 9.5, 10.8, 8.4, 8.5, 8.8, 9.1, 8.5, 9.7, 10.0, 9.4, 9.9, 9.9, 9.5, 8.9, 8.9], 3: [10.3, 9.9, 8.6, 9.7, 9.2, 9.4, 9.3, 10.7, 11.6, 11.0, 11.6, 11.9, 11.3, 11.4, 12.4, 11.7, 11.1, 11.2, 11.9, 12.5, 13.1, 12.2, 13.1, 12.0, 12.6, 11.9, 12.0, 12.8, 13.5, 12.1, 12.1, 11.7], 4: [11.0, 10.0, 10.7, 9.8, 10.8, 10.1, 10.0, 10.9, 10.2, 10.0, 10.2, 9.9, 9.6, 9.1, 8.8, 10.7, 9.8, 9.2, 9.6, 10.3, 8.5, 10.1, 9.6, 9.5, 9.6, 10.4, 10.6, 9.3, 8.9, 8.8, 9.3, 10.3], 5: [9.1, 9.4, 10.6, 12.1, 10.5, 10.8, 11.3, 10.7, 10.6, 12.6, 12.5, 11.6, 11.5, 11.1, 10.8, 10.5, 11.1, 11.6, 10.7, 11.8, 10.6, 11.0, 10.2, 10.9, 9.6, 10.6, 9.6, 10.5, 9.3, 8.3, 9.5, 9.2], 6: [10.1, 9.9, 12.1, 10.8, 10.4, 9.4, 9.2, 10.1, 11.1, 9.8, 10.4, 11.0, 10.9, 11.0, 13.0, 12.2, 10.5, 11.5, 10.0, 11.8, 9.6, 11.3, 10.6, 9.3, 9.4, 9.0, 10.5, 9.3, 10.4, 9.4, 9.4, 9.5], 7: [9.2, 9.7, 10.3, 11.8, 11.8, 11.2, 12.2, 11.5, 10.8, 11.1, 12.2, 11.9, 11.9, 13.4, 12.9, 13.1, 14.1, 12.3, 12.7, 13.3, 11.4, 13.4, 12.8, 12.6, 12.6, 13.0, 13.0, 12.7, 13.0, 11.7, 11.9, 11.9], 8: [7.8, 10.2, 9.5, 11.9, 11.6, 10.8, 9.4, 10.0, 9.6, 10.5, 9.9, 9.9, 10.2, 9.4, 9.8, 8.7, 9.4, 8.8, 9.6, 8.2, 8.0, 8.7, 9.1, 8.8, 8.9, 10.2, 8.3, 8.4, 7.6, 8.6, 8.3, 7.2], 9: [10.4, 10.8, 9.5, 9.8, 8.9, 8.8, 8.5, 10.6, 9.6, 10.0, 6.8, 8.7, 10.7, 8.9, 9.7, 7.7, 9.0, 9.4, 10.0, 9.5, 9.7, 9.6, 9.4, 8.5, 7.3, 7.6, 9.7, 10.0, 8.1, 9.8, 11.0, 8.9]}
Epoch   1 | Client   0 | Train: loss=0.159, acc= 94.5% | time= 38.3ms | Valid: loss=1.728, acc= 68.0% |
Epoch   2 | Client   0 | Train: loss=0.033, acc= 98.9% | time= 36.9ms | Valid: loss=1.736, acc= 56.0% |
Epoch   3 | Client   0 | Train: loss=0.007, acc=100.0% | time= 37.0ms | Valid: loss=1.833, acc= 64.0% |
Epoch   4 | Client   0 | Train: loss=0.034, acc= 98.7% | time= 37.6ms | Valid: loss=1.888, acc= 64.0% |
Epoch   5 | Client   0 | Train: loss=0.020, acc= 99.4% | time= 36.6ms | Valid: loss=1.980, acc= 64.0% |
Epoch   1 | Client   1 | Train: loss=0.016, acc= 99.4% | time= 42.1ms | Valid: loss=1.879, acc= 72.0% |
Epoch   2 | Client   1 | Train: loss=0.030, acc= 98.7% | time= 43.9ms | Valid: loss=1.879, acc= 60.0% |
Epoch   3 | Client   1 | Train: loss=0.213, acc= 94.7% | time= 41.1ms | Valid: loss=2.752, acc= 52.0% |
Epoch   4 | Client   1 | Train: loss=0.034, acc= 98.9% | time= 40.0ms | Valid: loss=1.870, acc= 64.0% |
Epoch   5 | Client   1 | Train: loss=0.015, acc= 99.6% | time= 38.5ms | Valid: loss=2.084, acc= 64.0% |
Epoch   1 | Client   2 | Train: loss=0.140, acc= 95.6% | time= 39.3ms | Valid: loss=2.209, acc= 56.0% |
Epoch   2 | Client   2 | Train: loss=0.032, acc= 99.4% | time= 38.1ms | Valid: loss=2.212, acc= 56.0% |
Epoch   3 | Client   2 | Train: loss=0.036, acc= 98.9% | time= 38.1ms | Valid: loss=2.001, acc= 64.0% |
Epoch   4 | Client   2 | Train: loss=0.007, acc= 99.8% | time= 38.1ms | Valid: loss=1.778, acc= 60.0% |
Epoch   5 | Client   2 | Train: loss=0.004, acc=100.0% | time= 36.6ms | Valid: loss=1.746, acc= 64.0% |
Epoch   1 | Client   3 | Train: loss=0.227, acc= 92.4% | time= 41.0ms | Valid: loss=1.932, acc= 48.0% |
Epoch   2 | Client   3 | Train: loss=0.056, acc= 98.1% | time= 39.5ms | Valid: loss=2.314, acc= 52.0% |
Epoch   3 | Client   3 | Train: loss=0.187, acc= 95.2% | time= 39.3ms | Valid: loss=2.079, acc= 56.0% |
Epoch   4 | Client   3 | Train: loss=0.113, acc= 95.8% | time= 38.3ms | Valid: loss=2.300, acc= 56.0% |
Epoch   5 | Client   3 | Train: loss=0.020, acc= 99.2% | time= 38.4ms | Valid: loss=2.038, acc= 48.0% |
Epoch   1 | Client   4 | Train: loss=0.518, acc= 85.3% | time= 39.3ms | Valid: loss=2.540, acc= 48.0% |
Epoch   2 | Client   4 | Train: loss=0.024, acc= 99.2% | time= 37.8ms | Valid: loss=1.454, acc= 60.0% |
Epoch   3 | Client   4 | Train: loss=0.043, acc= 98.7% | time= 38.4ms | Valid: loss=1.554, acc= 72.0% |
Epoch   4 | Client   4 | Train: loss=0.028, acc= 98.9% | time= 39.2ms | Valid: loss=1.750, acc= 68.0% |
Epoch   5 | Client   4 | Train: loss=0.019, acc= 99.6% | time= 38.3ms | Valid: loss=1.846, acc= 60.0% |
Epoch   1 | Client   5 | Train: loss=0.004, acc=100.0% | time= 41.3ms | Valid: loss=1.014, acc= 76.0% |
Epoch   2 | Client   5 | Train: loss=0.004, acc=100.0% | time= 38.9ms | Valid: loss=0.927, acc= 72.0% |
Epoch   3 | Client   5 | Train: loss=0.032, acc= 98.9% | time= 37.8ms | Valid: loss=0.874, acc= 72.0% |
Epoch   4 | Client   5 | Train: loss=0.016, acc= 99.4% | time= 37.7ms | Valid: loss=1.366, acc= 68.0% |
Epoch   5 | Client   5 | Train: loss=0.027, acc= 99.2% | time= 37.5ms | Valid: loss=1.220, acc= 72.0% |
Epoch   1 | Client   6 | Train: loss=0.006, acc=100.0% | time= 52.6ms | Valid: loss=1.857, acc= 72.0% |
Epoch   2 | Client   6 | Train: loss=0.009, acc= 99.8% | time= 39.6ms | Valid: loss=1.931, acc= 68.0% |
Epoch   3 | Client   6 | Train: loss=0.003, acc=100.0% | time= 39.5ms | Valid: loss=1.925, acc= 60.0% |
Epoch   4 | Client   6 | Train: loss=0.044, acc= 98.7% | time= 39.5ms | Valid: loss=1.744, acc= 68.0% |
Epoch   5 | Client   6 | Train: loss=0.009, acc= 99.8% | time= 37.9ms | Valid: loss=1.577, acc= 68.0% |
Epoch   1 | Client   7 | Train: loss=0.013, acc= 99.8% | time= 41.3ms | Valid: loss=2.148, acc= 64.0% |
Epoch   2 | Client   7 | Train: loss=0.014, acc= 99.6% | time= 39.6ms | Valid: loss=2.419, acc= 68.0% |
Epoch   3 | Client   7 | Train: loss=0.005, acc=100.0% | time= 39.5ms | Valid: loss=2.251, acc= 64.0% |
Epoch   4 | Client   7 | Train: loss=0.002, acc=100.0% | time= 39.5ms | Valid: loss=2.178, acc= 68.0% |
Epoch   5 | Client   7 | Train: loss=0.033, acc= 98.7% | time= 38.2ms | Valid: loss=2.608, acc= 56.0% |
Epoch   1 | Client   8 | Train: loss=0.281, acc= 92.0% | time= 40.9ms | Valid: loss=2.734, acc= 60.0% |
Epoch   2 | Client   8 | Train: loss=0.029, acc= 99.2% | time= 39.5ms | Valid: loss=2.176, acc= 72.0% |
Epoch   3 | Client   8 | Train: loss=0.021, acc= 99.4% | time= 39.4ms | Valid: loss=2.729, acc= 52.0% |
Epoch   4 | Client   8 | Train: loss=0.008, acc=100.0% | time= 39.5ms | Valid: loss=2.043, acc= 68.0% |
Epoch   5 | Client   8 | Train: loss=0.007, acc= 99.8% | time= 37.8ms | Valid: loss=2.828, acc= 52.0% |
Epoch   1 | Client   9 | Train: loss=0.006, acc=100.0% | time= 42.6ms | Valid: loss=2.897, acc= 48.0% |
Epoch   2 | Client   9 | Train: loss=0.031, acc= 99.2% | time= 39.5ms | Valid: loss=1.790, acc= 56.0% |
Epoch   3 | Client   9 | Train: loss=0.097, acc= 96.6% | time= 39.4ms | Valid: loss=2.050, acc= 48.0% |
Epoch   4 | Client   9 | Train: loss=0.023, acc= 99.6% | time= 39.4ms | Valid: loss=2.762, acc= 48.0% |
Epoch   5 | Client   9 | Train: loss=0.105, acc= 97.1% | time= 38.3ms | Valid: loss=2.525, acc= 56.0% |
----------------------------------------
G-Epoch:  32, Test: loss=1.832 , acc= 62.3%
****************************************
Task:   0, G-Epoch:  32, Test: loss=1.779 , acc= 64.4%
Task:   1, G-Epoch:  32, Test: loss=2.310 , acc=  9.6%
Task:   2, G-Epoch:  32, Test: loss=2.316 , acc=  9.1%
Task:   3, G-Epoch:  32, Test: loss=2.310 , acc= 11.8%
Task:   4, G-Epoch:  32, Test: loss=2.307 , acc= 10.1%
Task:   5, G-Epoch:  32, Test: loss=2.299 , acc=  9.6%
Task:   6, G-Epoch:  32, Test: loss=2.306 , acc= 10.3%
Task:   7, G-Epoch:  32, Test: loss=2.311 , acc= 12.3%
Task:   8, G-Epoch:  32, Test: loss=2.305 , acc=  8.5%
Task:   9, G-Epoch:  32, Test: loss=2.311 , acc= 10.3%
{0: [39.3, 45.7, 48.7, 48.8, 51.1, 52.3, 53.9, 51.6, 55.6, 54.8, 53.3, 54.9, 58.1, 57.8, 55.8, 58.5, 58.6, 58.9, 57.4, 60.4, 61.3, 56.9, 60.1, 60.2, 60.8, 60.2, 60.8, 61.6, 61.5, 61.0, 62.5, 62.5, 64.4], 1: [10.2, 9.5, 11.1, 11.0, 9.3, 10.0, 10.6, 10.7, 11.2, 8.9, 9.1, 10.8, 10.8, 10.3, 9.9, 9.1, 11.7, 10.1, 10.2, 11.4, 8.8, 9.8, 10.9, 9.7, 9.2, 9.7, 10.1, 9.5, 9.9, 9.0, 9.4, 9.2, 9.6], 2: [10.3, 10.5, 9.7, 11.4, 11.1, 9.9, 8.6, 8.9, 9.1, 8.7, 9.4, 9.6, 7.7, 10.1, 10.4, 8.9, 9.1, 9.5, 10.8, 8.4, 8.5, 8.8, 9.1, 8.5, 9.7, 10.0, 9.4, 9.9, 9.9, 9.5, 8.9, 8.9, 9.1], 3: [10.3, 9.9, 8.6, 9.7, 9.2, 9.4, 9.3, 10.7, 11.6, 11.0, 11.6, 11.9, 11.3, 11.4, 12.4, 11.7, 11.1, 11.2, 11.9, 12.5, 13.1, 12.2, 13.1, 12.0, 12.6, 11.9, 12.0, 12.8, 13.5, 12.1, 12.1, 11.7, 11.8], 4: [11.0, 10.0, 10.7, 9.8, 10.8, 10.1, 10.0, 10.9, 10.2, 10.0, 10.2, 9.9, 9.6, 9.1, 8.8, 10.7, 9.8, 9.2, 9.6, 10.3, 8.5, 10.1, 9.6, 9.5, 9.6, 10.4, 10.6, 9.3, 8.9, 8.8, 9.3, 10.3, 10.1], 5: [9.1, 9.4, 10.6, 12.1, 10.5, 10.8, 11.3, 10.7, 10.6, 12.6, 12.5, 11.6, 11.5, 11.1, 10.8, 10.5, 11.1, 11.6, 10.7, 11.8, 10.6, 11.0, 10.2, 10.9, 9.6, 10.6, 9.6, 10.5, 9.3, 8.3, 9.5, 9.2, 9.6], 6: [10.1, 9.9, 12.1, 10.8, 10.4, 9.4, 9.2, 10.1, 11.1, 9.8, 10.4, 11.0, 10.9, 11.0, 13.0, 12.2, 10.5, 11.5, 10.0, 11.8, 9.6, 11.3, 10.6, 9.3, 9.4, 9.0, 10.5, 9.3, 10.4, 9.4, 9.4, 9.5, 10.3], 7: [9.2, 9.7, 10.3, 11.8, 11.8, 11.2, 12.2, 11.5, 10.8, 11.1, 12.2, 11.9, 11.9, 13.4, 12.9, 13.1, 14.1, 12.3, 12.7, 13.3, 11.4, 13.4, 12.8, 12.6, 12.6, 13.0, 13.0, 12.7, 13.0, 11.7, 11.9, 11.9, 12.3], 8: [7.8, 10.2, 9.5, 11.9, 11.6, 10.8, 9.4, 10.0, 9.6, 10.5, 9.9, 9.9, 10.2, 9.4, 9.8, 8.7, 9.4, 8.8, 9.6, 8.2, 8.0, 8.7, 9.1, 8.8, 8.9, 10.2, 8.3, 8.4, 7.6, 8.6, 8.3, 7.2, 8.5], 9: [10.4, 10.8, 9.5, 9.8, 8.9, 8.8, 8.5, 10.6, 9.6, 10.0, 6.8, 8.7, 10.7, 8.9, 9.7, 7.7, 9.0, 9.4, 10.0, 9.5, 9.7, 9.6, 9.4, 8.5, 7.3, 7.6, 9.7, 10.0, 8.1, 9.8, 11.0, 8.9, 10.3]}
Epoch   1 | Client   0 | Train: loss=0.040, acc= 98.7% | time= 39.7ms | Valid: loss=1.573, acc= 64.0% |
Epoch   2 | Client   0 | Train: loss=0.090, acc= 97.3% | time= 39.3ms | Valid: loss=2.172, acc= 64.0% |
Epoch   3 | Client   0 | Train: loss=0.119, acc= 97.5% | time= 38.6ms | Valid: loss=1.511, acc= 68.0% |
Epoch   4 | Client   0 | Train: loss=0.014, acc= 99.4% | time= 38.2ms | Valid: loss=1.096, acc= 64.0% |
Epoch   5 | Client   0 | Train: loss=0.008, acc=100.0% | time= 38.2ms | Valid: loss=1.171, acc= 60.0% |
Epoch   1 | Client   1 | Train: loss=0.008, acc= 99.8% | time= 41.0ms | Valid: loss=2.080, acc= 68.0% |
Epoch   2 | Client   1 | Train: loss=0.189, acc= 94.3% | time= 39.6ms | Valid: loss=1.944, acc= 60.0% |
Epoch   3 | Client   1 | Train: loss=0.069, acc= 97.5% | time= 39.5ms | Valid: loss=2.037, acc= 60.0% |
Epoch   4 | Client   1 | Train: loss=0.058, acc= 98.3% | time= 39.5ms | Valid: loss=2.220, acc= 52.0% |
Epoch   5 | Client   1 | Train: loss=0.054, acc= 99.2% | time= 37.9ms | Valid: loss=2.267, acc= 56.0% |
Epoch   1 | Client   2 | Train: loss=0.011, acc= 99.8% | time= 40.9ms | Valid: loss=1.936, acc= 64.0% |
Epoch   2 | Client   2 | Train: loss=0.008, acc= 99.8% | time= 39.5ms | Valid: loss=2.040, acc= 64.0% |
Epoch   3 | Client   2 | Train: loss=0.004, acc= 99.8% | time= 39.4ms | Valid: loss=1.463, acc= 68.0% |
Epoch   4 | Client   2 | Train: loss=0.016, acc= 99.6% | time= 39.4ms | Valid: loss=1.581, acc= 68.0% |
Epoch   5 | Client   2 | Train: loss=0.167, acc= 94.9% | time= 37.8ms | Valid: loss=1.510, acc= 72.0% |
Epoch   1 | Client   3 | Train: loss=0.052, acc= 97.9% | time= 40.8ms | Valid: loss=1.927, acc= 52.0% |
Epoch   2 | Client   3 | Train: loss=0.007, acc=100.0% | time= 39.5ms | Valid: loss=2.202, acc= 48.0% |
Epoch   3 | Client   3 | Train: loss=0.011, acc= 99.4% | time= 39.3ms | Valid: loss=1.945, acc= 60.0% |
Epoch   4 | Client   3 | Train: loss=0.005, acc= 99.8% | time= 39.3ms | Valid: loss=2.230, acc= 56.0% |
Epoch   5 | Client   3 | Train: loss=0.061, acc= 98.5% | time= 39.3ms | Valid: loss=2.283, acc= 48.0% |
Epoch   1 | Client   4 | Train: loss=0.120, acc= 96.2% | time= 40.1ms | Valid: loss=1.964, acc= 64.0% |
Epoch   2 | Client   4 | Train: loss=0.044, acc= 98.7% | time= 38.5ms | Valid: loss=1.875, acc= 60.0% |
Epoch   3 | Client   4 | Train: loss=0.024, acc= 99.2% | time= 39.4ms | Valid: loss=1.695, acc= 64.0% |
Epoch   4 | Client   4 | Train: loss=0.019, acc= 99.4% | time= 39.4ms | Valid: loss=2.296, acc= 56.0% |
Epoch   5 | Client   4 | Train: loss=0.018, acc= 99.6% | time= 38.0ms | Valid: loss=1.880, acc= 60.0% |
Epoch   1 | Client   5 | Train: loss=0.244, acc= 92.2% | time= 41.6ms | Valid: loss=1.679, acc= 72.0% |
Epoch   2 | Client   5 | Train: loss=0.153, acc= 95.4% | time= 39.6ms | Valid: loss=1.713, acc= 56.0% |
Epoch   3 | Client   5 | Train: loss=0.034, acc= 98.1% | time= 39.5ms | Valid: loss=1.030, acc= 72.0% |
Epoch   4 | Client   5 | Train: loss=0.037, acc= 97.9% | time= 38.5ms | Valid: loss=1.764, acc= 56.0% |
Epoch   5 | Client   5 | Train: loss=0.172, acc= 95.2% | time= 38.1ms | Valid: loss=1.749, acc= 60.0% |
Epoch   1 | Client   6 | Train: loss=0.001, acc=100.0% | time= 41.4ms | Valid: loss=1.945, acc= 68.0% |
Epoch   2 | Client   6 | Train: loss=0.018, acc= 99.4% | time= 38.2ms | Valid: loss=1.997, acc= 64.0% |
Epoch   3 | Client   6 | Train: loss=0.001, acc=100.0% | time= 37.9ms | Valid: loss=1.875, acc= 68.0% |
Epoch   4 | Client   6 | Train: loss=0.022, acc= 99.2% | time= 37.9ms | Valid: loss=2.529, acc= 60.0% |
Epoch   5 | Client   6 | Train: loss=0.468, acc= 93.7% | time= 37.8ms | Valid: loss=3.148, acc= 52.0% |
Epoch   1 | Client   7 | Train: loss=0.166, acc= 95.8% | time= 45.4ms | Valid: loss=2.428, acc= 56.0% |
Epoch   2 | Client   7 | Train: loss=0.184, acc= 94.9% | time= 37.9ms | Valid: loss=2.730, acc= 52.0% |
Epoch   3 | Client   7 | Train: loss=0.132, acc= 96.0% | time= 38.3ms | Valid: loss=2.401, acc= 64.0% |
Epoch   4 | Client   7 | Train: loss=0.017, acc= 99.8% | time= 37.4ms | Valid: loss=1.541, acc= 68.0% |
Epoch   5 | Client   7 | Train: loss=0.249, acc= 93.3% | time= 37.9ms | Valid: loss=2.876, acc= 44.0% |
Epoch   1 | Client   8 | Train: loss=0.003, acc=100.0% | time= 39.3ms | Valid: loss=2.245, acc= 72.0% |
Epoch   2 | Client   8 | Train: loss=0.007, acc=100.0% | time= 37.9ms | Valid: loss=2.062, acc= 72.0% |
Epoch   3 | Client   8 | Train: loss=0.113, acc= 96.2% | time= 38.0ms | Valid: loss=2.373, acc= 68.0% |
Epoch   4 | Client   8 | Train: loss=0.031, acc= 99.2% | time= 38.1ms | Valid: loss=2.234, acc= 64.0% |
Epoch   5 | Client   8 | Train: loss=0.021, acc= 99.8% | time= 38.2ms | Valid: loss=2.082, acc= 64.0% |
Epoch   1 | Client   9 | Train: loss=0.071, acc= 97.7% | time= 39.3ms | Valid: loss=1.295, acc= 72.0% |
Epoch   2 | Client   9 | Train: loss=0.286, acc= 91.6% | time= 37.8ms | Valid: loss=2.019, acc= 48.0% |
Epoch   3 | Client   9 | Train: loss=0.039, acc= 98.9% | time= 37.9ms | Valid: loss=2.011, acc= 60.0% |
Epoch   4 | Client   9 | Train: loss=0.112, acc= 96.0% | time= 38.2ms | Valid: loss=2.207, acc= 56.0% |
Epoch   5 | Client   9 | Train: loss=0.070, acc= 98.1% | time= 38.0ms | Valid: loss=2.224, acc= 48.0% |
----------------------------------------
G-Epoch:  33, Test: loss=1.947 , acc= 61.7%
****************************************
Task:   0, G-Epoch:  33, Test: loss=1.938 , acc= 61.7%
Task:   1, G-Epoch:  33, Test: loss=2.310 , acc=  8.9%
Task:   2, G-Epoch:  33, Test: loss=2.315 , acc=  9.7%
Task:   3, G-Epoch:  33, Test: loss=2.306 , acc= 12.4%
Task:   4, G-Epoch:  33, Test: loss=2.308 , acc= 11.1%
Task:   5, G-Epoch:  33, Test: loss=2.298 , acc= 10.2%
Task:   6, G-Epoch:  33, Test: loss=2.307 , acc= 10.1%
Task:   7, G-Epoch:  33, Test: loss=2.305 , acc= 12.7%
Task:   8, G-Epoch:  33, Test: loss=2.309 , acc=  8.7%
Task:   9, G-Epoch:  33, Test: loss=2.315 , acc=  9.3%
{0: [39.3, 45.7, 48.7, 48.8, 51.1, 52.3, 53.9, 51.6, 55.6, 54.8, 53.3, 54.9, 58.1, 57.8, 55.8, 58.5, 58.6, 58.9, 57.4, 60.4, 61.3, 56.9, 60.1, 60.2, 60.8, 60.2, 60.8, 61.6, 61.5, 61.0, 62.5, 62.5, 64.4, 61.7], 1: [10.2, 9.5, 11.1, 11.0, 9.3, 10.0, 10.6, 10.7, 11.2, 8.9, 9.1, 10.8, 10.8, 10.3, 9.9, 9.1, 11.7, 10.1, 10.2, 11.4, 8.8, 9.8, 10.9, 9.7, 9.2, 9.7, 10.1, 9.5, 9.9, 9.0, 9.4, 9.2, 9.6, 8.9], 2: [10.3, 10.5, 9.7, 11.4, 11.1, 9.9, 8.6, 8.9, 9.1, 8.7, 9.4, 9.6, 7.7, 10.1, 10.4, 8.9, 9.1, 9.5, 10.8, 8.4, 8.5, 8.8, 9.1, 8.5, 9.7, 10.0, 9.4, 9.9, 9.9, 9.5, 8.9, 8.9, 9.1, 9.7], 3: [10.3, 9.9, 8.6, 9.7, 9.2, 9.4, 9.3, 10.7, 11.6, 11.0, 11.6, 11.9, 11.3, 11.4, 12.4, 11.7, 11.1, 11.2, 11.9, 12.5, 13.1, 12.2, 13.1, 12.0, 12.6, 11.9, 12.0, 12.8, 13.5, 12.1, 12.1, 11.7, 11.8, 12.4], 4: [11.0, 10.0, 10.7, 9.8, 10.8, 10.1, 10.0, 10.9, 10.2, 10.0, 10.2, 9.9, 9.6, 9.1, 8.8, 10.7, 9.8, 9.2, 9.6, 10.3, 8.5, 10.1, 9.6, 9.5, 9.6, 10.4, 10.6, 9.3, 8.9, 8.8, 9.3, 10.3, 10.1, 11.1], 5: [9.1, 9.4, 10.6, 12.1, 10.5, 10.8, 11.3, 10.7, 10.6, 12.6, 12.5, 11.6, 11.5, 11.1, 10.8, 10.5, 11.1, 11.6, 10.7, 11.8, 10.6, 11.0, 10.2, 10.9, 9.6, 10.6, 9.6, 10.5, 9.3, 8.3, 9.5, 9.2, 9.6, 10.2], 6: [10.1, 9.9, 12.1, 10.8, 10.4, 9.4, 9.2, 10.1, 11.1, 9.8, 10.4, 11.0, 10.9, 11.0, 13.0, 12.2, 10.5, 11.5, 10.0, 11.8, 9.6, 11.3, 10.6, 9.3, 9.4, 9.0, 10.5, 9.3, 10.4, 9.4, 9.4, 9.5, 10.3, 10.1], 7: [9.2, 9.7, 10.3, 11.8, 11.8, 11.2, 12.2, 11.5, 10.8, 11.1, 12.2, 11.9, 11.9, 13.4, 12.9, 13.1, 14.1, 12.3, 12.7, 13.3, 11.4, 13.4, 12.8, 12.6, 12.6, 13.0, 13.0, 12.7, 13.0, 11.7, 11.9, 11.9, 12.3, 12.7], 8: [7.8, 10.2, 9.5, 11.9, 11.6, 10.8, 9.4, 10.0, 9.6, 10.5, 9.9, 9.9, 10.2, 9.4, 9.8, 8.7, 9.4, 8.8, 9.6, 8.2, 8.0, 8.7, 9.1, 8.8, 8.9, 10.2, 8.3, 8.4, 7.6, 8.6, 8.3, 7.2, 8.5, 8.7], 9: [10.4, 10.8, 9.5, 9.8, 8.9, 8.8, 8.5, 10.6, 9.6, 10.0, 6.8, 8.7, 10.7, 8.9, 9.7, 7.7, 9.0, 9.4, 10.0, 9.5, 9.7, 9.6, 9.4, 8.5, 7.3, 7.6, 9.7, 10.0, 8.1, 9.8, 11.0, 8.9, 10.3, 9.3]}
Epoch   1 | Client   0 | Train: loss=0.033, acc= 99.2% | time= 39.5ms | Valid: loss=1.234, acc= 60.0% |
Epoch   2 | Client   0 | Train: loss=0.202, acc= 94.3% | time= 38.9ms | Valid: loss=1.996, acc= 64.0% |
Epoch   3 | Client   0 | Train: loss=0.196, acc= 93.7% | time= 38.1ms | Valid: loss=1.897, acc= 60.0% |
Epoch   4 | Client   0 | Train: loss=0.118, acc= 96.6% | time= 38.2ms | Valid: loss=2.104, acc= 60.0% |
Epoch   5 | Client   0 | Train: loss=0.072, acc= 97.7% | time= 38.8ms | Valid: loss=1.610, acc= 64.0% |
Epoch   1 | Client   1 | Train: loss=0.103, acc= 97.1% | time= 40.8ms | Valid: loss=2.903, acc= 56.0% |
Epoch   2 | Client   1 | Train: loss=0.018, acc= 99.6% | time= 40.4ms | Valid: loss=2.478, acc= 48.0% |
Epoch   3 | Client   1 | Train: loss=0.028, acc= 98.9% | time= 41.1ms | Valid: loss=1.585, acc= 64.0% |
Epoch   4 | Client   1 | Train: loss=0.025, acc= 99.4% | time= 41.0ms | Valid: loss=1.770, acc= 72.0% |
Epoch   5 | Client   1 | Train: loss=0.003, acc=100.0% | time= 39.4ms | Valid: loss=1.651, acc= 68.0% |
Epoch   1 | Client   2 | Train: loss=0.074, acc= 97.1% | time= 43.0ms | Valid: loss=2.236, acc= 56.0% |
Epoch   2 | Client   2 | Train: loss=0.096, acc= 96.8% | time= 41.2ms | Valid: loss=2.869, acc= 48.0% |
Epoch   3 | Client   2 | Train: loss=0.711, acc= 84.0% | time= 41.1ms | Valid: loss=3.199, acc= 36.0% |
Epoch   4 | Client   2 | Train: loss=0.049, acc= 97.9% | time= 41.0ms | Valid: loss=2.559, acc= 44.0% |
Epoch   5 | Client   2 | Train: loss=0.129, acc= 96.2% | time= 39.6ms | Valid: loss=2.271, acc= 64.0% |
Epoch   1 | Client   3 | Train: loss=0.316, acc= 91.6% | time= 42.6ms | Valid: loss=1.693, acc= 52.0% |
Epoch   2 | Client   3 | Train: loss=0.073, acc= 97.1% | time= 41.3ms | Valid: loss=2.524, acc= 52.0% |
Epoch   3 | Client   3 | Train: loss=0.010, acc= 99.8% | time= 40.9ms | Valid: loss=1.654, acc= 52.0% |
Epoch   4 | Client   3 | Train: loss=0.113, acc= 96.6% | time= 40.9ms | Valid: loss=1.938, acc= 60.0% |
Epoch   5 | Client   3 | Train: loss=0.149, acc= 94.5% | time= 40.8ms | Valid: loss=2.288, acc= 44.0% |
Epoch   1 | Client   4 | Train: loss=0.004, acc=100.0% | time= 42.3ms | Valid: loss=1.487, acc= 72.0% |
Epoch   2 | Client   4 | Train: loss=0.002, acc=100.0% | time= 40.9ms | Valid: loss=1.677, acc= 72.0% |
Epoch   3 | Client   4 | Train: loss=0.046, acc= 98.7% | time= 41.1ms | Valid: loss=1.774, acc= 68.0% |
Epoch   4 | Client   4 | Train: loss=0.077, acc= 97.9% | time= 40.8ms | Valid: loss=2.152, acc= 68.0% |
Epoch   5 | Client   4 | Train: loss=0.007, acc= 99.8% | time= 40.8ms | Valid: loss=2.107, acc= 64.0% |
Epoch   1 | Client   5 | Train: loss=0.065, acc= 97.1% | time= 42.4ms | Valid: loss=1.204, acc= 68.0% |
Epoch   2 | Client   5 | Train: loss=0.046, acc= 98.1% | time= 41.0ms | Valid: loss=1.054, acc= 76.0% |
Epoch   3 | Client   5 | Train: loss=0.271, acc= 91.2% | time= 40.9ms | Valid: loss=1.590, acc= 64.0% |
Epoch   4 | Client   5 | Train: loss=0.054, acc= 98.9% | time= 40.4ms | Valid: loss=1.144, acc= 68.0% |
Epoch   5 | Client   5 | Train: loss=0.011, acc= 99.4% | time= 40.8ms | Valid: loss=1.283, acc= 76.0% |
Epoch   1 | Client   6 | Train: loss=0.481, acc= 87.2% | time= 42.8ms | Valid: loss=2.162, acc= 72.0% |
Epoch   2 | Client   6 | Train: loss=0.203, acc= 91.8% | time= 41.0ms | Valid: loss=2.112, acc= 60.0% |
Epoch   3 | Client   6 | Train: loss=0.035, acc= 98.7% | time= 40.8ms | Valid: loss=2.327, acc= 56.0% |
Epoch   4 | Client   6 | Train: loss=0.032, acc= 99.2% | time= 40.9ms | Valid: loss=2.448, acc= 60.0% |
Epoch   5 | Client   6 | Train: loss=0.009, acc=100.0% | time= 40.8ms | Valid: loss=2.398, acc= 60.0% |
Epoch   1 | Client   7 | Train: loss=0.038, acc= 98.9% | time= 42.7ms | Valid: loss=2.058, acc= 68.0% |
Epoch   2 | Client   7 | Train: loss=0.008, acc= 99.8% | time= 41.1ms | Valid: loss=1.809, acc= 72.0% |
Epoch   3 | Client   7 | Train: loss=0.014, acc= 99.8% | time= 41.2ms | Valid: loss=1.784, acc= 68.0% |
Epoch   4 | Client   7 | Train: loss=0.032, acc= 98.7% | time= 40.9ms | Valid: loss=2.436, acc= 64.0% |
Epoch   5 | Client   7 | Train: loss=0.337, acc= 92.4% | time= 40.0ms | Valid: loss=3.236, acc= 56.0% |
Epoch   1 | Client   8 | Train: loss=0.062, acc= 98.1% | time= 43.3ms | Valid: loss=2.064, acc= 68.0% |
Epoch   2 | Client   8 | Train: loss=0.139, acc= 96.0% | time= 41.0ms | Valid: loss=3.435, acc= 56.0% |
Epoch   3 | Client   8 | Train: loss=0.031, acc= 98.5% | time= 40.8ms | Valid: loss=2.464, acc= 56.0% |
Epoch   4 | Client   8 | Train: loss=0.085, acc= 97.3% | time= 40.8ms | Valid: loss=2.296, acc= 64.0% |
Epoch   5 | Client   8 | Train: loss=0.012, acc= 99.6% | time= 40.8ms | Valid: loss=2.530, acc= 60.0% |
Epoch   1 | Client   9 | Train: loss=0.014, acc= 99.4% | time= 40.6ms | Valid: loss=2.701, acc= 44.0% |
Epoch   2 | Client   9 | Train: loss=0.003, acc=100.0% | time= 39.0ms | Valid: loss=2.766, acc= 48.0% |
Epoch   3 | Client   9 | Train: loss=0.003, acc=100.0% | time= 40.2ms | Valid: loss=2.520, acc= 48.0% |
Epoch   4 | Client   9 | Train: loss=0.085, acc= 97.7% | time= 39.5ms | Valid: loss=2.928, acc= 40.0% |
Epoch   5 | Client   9 | Train: loss=0.150, acc= 95.6% | time= 39.9ms | Valid: loss=3.056, acc= 52.0% |
----------------------------------------
G-Epoch:  34, Test: loss=1.786 , acc= 63.5%
****************************************
Task:   0, G-Epoch:  34, Test: loss=1.762 , acc= 62.6%
Task:   1, G-Epoch:  34, Test: loss=2.312 , acc=  9.1%
Task:   2, G-Epoch:  34, Test: loss=2.314 , acc=  9.7%
Task:   3, G-Epoch:  34, Test: loss=2.309 , acc= 12.6%
Task:   4, G-Epoch:  34, Test: loss=2.305 , acc=  9.8%
Task:   5, G-Epoch:  34, Test: loss=2.300 , acc=  9.2%
Task:   6, G-Epoch:  34, Test: loss=2.305 , acc=  8.4%
Task:   7, G-Epoch:  34, Test: loss=2.306 , acc= 13.8%
Task:   8, G-Epoch:  34, Test: loss=2.311 , acc=  7.7%
Task:   9, G-Epoch:  34, Test: loss=2.311 , acc= 10.3%
{0: [39.3, 45.7, 48.7, 48.8, 51.1, 52.3, 53.9, 51.6, 55.6, 54.8, 53.3, 54.9, 58.1, 57.8, 55.8, 58.5, 58.6, 58.9, 57.4, 60.4, 61.3, 56.9, 60.1, 60.2, 60.8, 60.2, 60.8, 61.6, 61.5, 61.0, 62.5, 62.5, 64.4, 61.7, 62.6], 1: [10.2, 9.5, 11.1, 11.0, 9.3, 10.0, 10.6, 10.7, 11.2, 8.9, 9.1, 10.8, 10.8, 10.3, 9.9, 9.1, 11.7, 10.1, 10.2, 11.4, 8.8, 9.8, 10.9, 9.7, 9.2, 9.7, 10.1, 9.5, 9.9, 9.0, 9.4, 9.2, 9.6, 8.9, 9.1], 2: [10.3, 10.5, 9.7, 11.4, 11.1, 9.9, 8.6, 8.9, 9.1, 8.7, 9.4, 9.6, 7.7, 10.1, 10.4, 8.9, 9.1, 9.5, 10.8, 8.4, 8.5, 8.8, 9.1, 8.5, 9.7, 10.0, 9.4, 9.9, 9.9, 9.5, 8.9, 8.9, 9.1, 9.7, 9.7], 3: [10.3, 9.9, 8.6, 9.7, 9.2, 9.4, 9.3, 10.7, 11.6, 11.0, 11.6, 11.9, 11.3, 11.4, 12.4, 11.7, 11.1, 11.2, 11.9, 12.5, 13.1, 12.2, 13.1, 12.0, 12.6, 11.9, 12.0, 12.8, 13.5, 12.1, 12.1, 11.7, 11.8, 12.4, 12.6], 4: [11.0, 10.0, 10.7, 9.8, 10.8, 10.1, 10.0, 10.9, 10.2, 10.0, 10.2, 9.9, 9.6, 9.1, 8.8, 10.7, 9.8, 9.2, 9.6, 10.3, 8.5, 10.1, 9.6, 9.5, 9.6, 10.4, 10.6, 9.3, 8.9, 8.8, 9.3, 10.3, 10.1, 11.1, 9.8], 5: [9.1, 9.4, 10.6, 12.1, 10.5, 10.8, 11.3, 10.7, 10.6, 12.6, 12.5, 11.6, 11.5, 11.1, 10.8, 10.5, 11.1, 11.6, 10.7, 11.8, 10.6, 11.0, 10.2, 10.9, 9.6, 10.6, 9.6, 10.5, 9.3, 8.3, 9.5, 9.2, 9.6, 10.2, 9.2], 6: [10.1, 9.9, 12.1, 10.8, 10.4, 9.4, 9.2, 10.1, 11.1, 9.8, 10.4, 11.0, 10.9, 11.0, 13.0, 12.2, 10.5, 11.5, 10.0, 11.8, 9.6, 11.3, 10.6, 9.3, 9.4, 9.0, 10.5, 9.3, 10.4, 9.4, 9.4, 9.5, 10.3, 10.1, 8.4], 7: [9.2, 9.7, 10.3, 11.8, 11.8, 11.2, 12.2, 11.5, 10.8, 11.1, 12.2, 11.9, 11.9, 13.4, 12.9, 13.1, 14.1, 12.3, 12.7, 13.3, 11.4, 13.4, 12.8, 12.6, 12.6, 13.0, 13.0, 12.7, 13.0, 11.7, 11.9, 11.9, 12.3, 12.7, 13.8], 8: [7.8, 10.2, 9.5, 11.9, 11.6, 10.8, 9.4, 10.0, 9.6, 10.5, 9.9, 9.9, 10.2, 9.4, 9.8, 8.7, 9.4, 8.8, 9.6, 8.2, 8.0, 8.7, 9.1, 8.8, 8.9, 10.2, 8.3, 8.4, 7.6, 8.6, 8.3, 7.2, 8.5, 8.7, 7.7], 9: [10.4, 10.8, 9.5, 9.8, 8.9, 8.8, 8.5, 10.6, 9.6, 10.0, 6.8, 8.7, 10.7, 8.9, 9.7, 7.7, 9.0, 9.4, 10.0, 9.5, 9.7, 9.6, 9.4, 8.5, 7.3, 7.6, 9.7, 10.0, 8.1, 9.8, 11.0, 8.9, 10.3, 9.3, 10.3]}
Epoch   1 | Client   0 | Train: loss=0.065, acc= 97.7% | time= 38.9ms | Valid: loss=1.071, acc= 72.0% |
Epoch   2 | Client   0 | Train: loss=0.019, acc= 99.2% | time= 38.5ms | Valid: loss=1.336, acc= 64.0% |
Epoch   3 | Client   0 | Train: loss=0.049, acc= 98.7% | time= 37.9ms | Valid: loss=1.386, acc= 64.0% |
Epoch   4 | Client   0 | Train: loss=0.040, acc= 98.1% | time= 37.9ms | Valid: loss=1.614, acc= 64.0% |
Epoch   5 | Client   0 | Train: loss=0.057, acc= 98.3% | time= 38.7ms | Valid: loss=1.504, acc= 64.0% |
Epoch   1 | Client   1 | Train: loss=0.025, acc= 99.2% | time= 40.5ms | Valid: loss=2.251, acc= 48.0% |
Epoch   2 | Client   1 | Train: loss=0.027, acc= 99.4% | time= 39.4ms | Valid: loss=1.750, acc= 52.0% |
Epoch   3 | Client   1 | Train: loss=0.012, acc= 99.4% | time= 39.3ms | Valid: loss=1.335, acc= 68.0% |
Epoch   4 | Client   1 | Train: loss=0.074, acc= 97.9% | time= 38.7ms | Valid: loss=2.548, acc= 52.0% |
Epoch   5 | Client   1 | Train: loss=0.002, acc=100.0% | time= 38.5ms | Valid: loss=1.725, acc= 60.0% |
Epoch   1 | Client   2 | Train: loss=0.149, acc= 96.4% | time= 40.7ms | Valid: loss=2.087, acc= 68.0% |
Epoch   2 | Client   2 | Train: loss=0.027, acc= 98.7% | time= 39.1ms | Valid: loss=2.058, acc= 60.0% |
Epoch   3 | Client   2 | Train: loss=0.111, acc= 96.0% | time= 39.4ms | Valid: loss=2.823, acc= 52.0% |
Epoch   4 | Client   2 | Train: loss=0.017, acc= 99.2% | time= 38.7ms | Valid: loss=2.399, acc= 64.0% |
Epoch   5 | Client   2 | Train: loss=0.043, acc= 98.5% | time= 38.8ms | Valid: loss=2.431, acc= 60.0% |
Epoch   1 | Client   3 | Train: loss=0.105, acc= 97.1% | time= 40.7ms | Valid: loss=1.657, acc= 52.0% |
Epoch   2 | Client   3 | Train: loss=0.061, acc= 97.5% | time= 39.5ms | Valid: loss=2.169, acc= 52.0% |
Epoch   3 | Client   3 | Train: loss=0.117, acc= 96.6% | time= 39.4ms | Valid: loss=2.324, acc= 52.0% |
Epoch   4 | Client   3 | Train: loss=0.054, acc= 98.5% | time= 38.6ms | Valid: loss=2.389, acc= 52.0% |
Epoch   5 | Client   3 | Train: loss=0.042, acc= 98.7% | time= 38.5ms | Valid: loss=1.900, acc= 40.0% |
Epoch   1 | Client   4 | Train: loss=0.100, acc= 97.1% | time= 40.3ms | Valid: loss=3.366, acc= 44.0% |
Epoch   2 | Client   4 | Train: loss=0.142, acc= 96.6% | time= 39.4ms | Valid: loss=2.809, acc= 60.0% |
Epoch   3 | Client   4 | Train: loss=0.195, acc= 96.0% | time= 39.0ms | Valid: loss=2.549, acc= 48.0% |
Epoch   4 | Client   4 | Train: loss=0.018, acc= 99.4% | time= 40.1ms | Valid: loss=1.854, acc= 56.0% |
Epoch   5 | Client   4 | Train: loss=0.188, acc= 95.4% | time= 39.7ms | Valid: loss=2.171, acc= 48.0% |
Epoch   1 | Client   5 | Train: loss=0.010, acc= 99.6% | time= 42.2ms | Valid: loss=1.119, acc= 80.0% |
Epoch   2 | Client   5 | Train: loss=0.062, acc= 97.9% | time= 40.9ms | Valid: loss=1.813, acc= 60.0% |
Epoch   3 | Client   5 | Train: loss=0.372, acc= 89.5% | time= 40.7ms | Valid: loss=1.922, acc= 64.0% |
Epoch   4 | Client   5 | Train: loss=0.042, acc= 99.2% | time= 40.8ms | Valid: loss=1.389, acc= 68.0% |
Epoch   5 | Client   5 | Train: loss=0.005, acc=100.0% | time= 40.7ms | Valid: loss=1.242, acc= 72.0% |
Epoch   1 | Client   6 | Train: loss=0.015, acc= 99.6% | time= 42.2ms | Valid: loss=2.010, acc= 68.0% |
Epoch   2 | Client   6 | Train: loss=0.028, acc= 98.9% | time= 41.0ms | Valid: loss=1.959, acc= 68.0% |
Epoch   3 | Client   6 | Train: loss=0.025, acc= 99.2% | time= 40.8ms | Valid: loss=2.165, acc= 64.0% |
Epoch   4 | Client   6 | Train: loss=0.021, acc= 99.2% | time= 40.8ms | Valid: loss=1.429, acc= 76.0% |
Epoch   5 | Client   6 | Train: loss=0.033, acc= 99.2% | time= 40.3ms | Valid: loss=2.037, acc= 72.0% |
Epoch   1 | Client   7 | Train: loss=0.098, acc= 96.2% | time= 42.2ms | Valid: loss=1.860, acc= 56.0% |
Epoch   2 | Client   7 | Train: loss=0.054, acc= 98.9% | time= 40.9ms | Valid: loss=1.732, acc= 68.0% |
Epoch   3 | Client   7 | Train: loss=0.045, acc= 98.5% | time= 40.8ms | Valid: loss=1.992, acc= 60.0% |
Epoch   4 | Client   7 | Train: loss=0.076, acc= 97.7% | time= 40.8ms | Valid: loss=1.917, acc= 60.0% |
Epoch   5 | Client   7 | Train: loss=0.292, acc= 94.5% | time= 40.8ms | Valid: loss=2.766, acc= 60.0% |
Epoch   1 | Client   8 | Train: loss=0.049, acc= 98.3% | time= 42.2ms | Valid: loss=2.366, acc= 48.0% |
Epoch   2 | Client   8 | Train: loss=0.165, acc= 94.3% | time= 40.9ms | Valid: loss=2.778, acc= 60.0% |
Epoch   3 | Client   8 | Train: loss=0.034, acc= 98.5% | time= 40.9ms | Valid: loss=2.694, acc= 60.0% |
Epoch   4 | Client   8 | Train: loss=0.013, acc= 99.6% | time= 40.0ms | Valid: loss=2.656, acc= 40.0% |
Epoch   5 | Client   8 | Train: loss=0.022, acc= 99.6% | time= 39.9ms | Valid: loss=2.410, acc= 56.0% |
Epoch   1 | Client   9 | Train: loss=0.169, acc= 94.3% | time= 42.2ms | Valid: loss=2.761, acc= 44.0% |
Epoch   2 | Client   9 | Train: loss=0.108, acc= 97.5% | time= 40.8ms | Valid: loss=2.798, acc= 52.0% |
Epoch   3 | Client   9 | Train: loss=0.024, acc= 99.2% | time= 40.8ms | Valid: loss=2.815, acc= 52.0% |
Epoch   4 | Client   9 | Train: loss=0.007, acc=100.0% | time= 40.2ms | Valid: loss=2.524, acc= 48.0% |
Epoch   5 | Client   9 | Train: loss=0.003, acc=100.0% | time= 40.1ms | Valid: loss=2.816, acc= 56.0% |
----------------------------------------
G-Epoch:  35, Test: loss=1.787 , acc= 62.0%
****************************************
Task:   0, G-Epoch:  35, Test: loss=1.798 , acc= 62.6%
Task:   1, G-Epoch:  35, Test: loss=2.313 , acc=  8.4%
Task:   2, G-Epoch:  35, Test: loss=2.313 , acc=  9.8%
Task:   3, G-Epoch:  35, Test: loss=2.308 , acc= 11.4%
Task:   4, G-Epoch:  35, Test: loss=2.305 , acc= 11.7%
Task:   5, G-Epoch:  35, Test: loss=2.299 , acc=  9.2%
Task:   6, G-Epoch:  35, Test: loss=2.309 , acc=  8.6%
Task:   7, G-Epoch:  35, Test: loss=2.308 , acc= 12.9%
Task:   8, G-Epoch:  35, Test: loss=2.310 , acc=  8.7%
Task:   9, G-Epoch:  35, Test: loss=2.312 , acc=  8.9%
{0: [39.3, 45.7, 48.7, 48.8, 51.1, 52.3, 53.9, 51.6, 55.6, 54.8, 53.3, 54.9, 58.1, 57.8, 55.8, 58.5, 58.6, 58.9, 57.4, 60.4, 61.3, 56.9, 60.1, 60.2, 60.8, 60.2, 60.8, 61.6, 61.5, 61.0, 62.5, 62.5, 64.4, 61.7, 62.6, 62.6], 1: [10.2, 9.5, 11.1, 11.0, 9.3, 10.0, 10.6, 10.7, 11.2, 8.9, 9.1, 10.8, 10.8, 10.3, 9.9, 9.1, 11.7, 10.1, 10.2, 11.4, 8.8, 9.8, 10.9, 9.7, 9.2, 9.7, 10.1, 9.5, 9.9, 9.0, 9.4, 9.2, 9.6, 8.9, 9.1, 8.4], 2: [10.3, 10.5, 9.7, 11.4, 11.1, 9.9, 8.6, 8.9, 9.1, 8.7, 9.4, 9.6, 7.7, 10.1, 10.4, 8.9, 9.1, 9.5, 10.8, 8.4, 8.5, 8.8, 9.1, 8.5, 9.7, 10.0, 9.4, 9.9, 9.9, 9.5, 8.9, 8.9, 9.1, 9.7, 9.7, 9.8], 3: [10.3, 9.9, 8.6, 9.7, 9.2, 9.4, 9.3, 10.7, 11.6, 11.0, 11.6, 11.9, 11.3, 11.4, 12.4, 11.7, 11.1, 11.2, 11.9, 12.5, 13.1, 12.2, 13.1, 12.0, 12.6, 11.9, 12.0, 12.8, 13.5, 12.1, 12.1, 11.7, 11.8, 12.4, 12.6, 11.4], 4: [11.0, 10.0, 10.7, 9.8, 10.8, 10.1, 10.0, 10.9, 10.2, 10.0, 10.2, 9.9, 9.6, 9.1, 8.8, 10.7, 9.8, 9.2, 9.6, 10.3, 8.5, 10.1, 9.6, 9.5, 9.6, 10.4, 10.6, 9.3, 8.9, 8.8, 9.3, 10.3, 10.1, 11.1, 9.8, 11.7], 5: [9.1, 9.4, 10.6, 12.1, 10.5, 10.8, 11.3, 10.7, 10.6, 12.6, 12.5, 11.6, 11.5, 11.1, 10.8, 10.5, 11.1, 11.6, 10.7, 11.8, 10.6, 11.0, 10.2, 10.9, 9.6, 10.6, 9.6, 10.5, 9.3, 8.3, 9.5, 9.2, 9.6, 10.2, 9.2, 9.2], 6: [10.1, 9.9, 12.1, 10.8, 10.4, 9.4, 9.2, 10.1, 11.1, 9.8, 10.4, 11.0, 10.9, 11.0, 13.0, 12.2, 10.5, 11.5, 10.0, 11.8, 9.6, 11.3, 10.6, 9.3, 9.4, 9.0, 10.5, 9.3, 10.4, 9.4, 9.4, 9.5, 10.3, 10.1, 8.4, 8.6], 7: [9.2, 9.7, 10.3, 11.8, 11.8, 11.2, 12.2, 11.5, 10.8, 11.1, 12.2, 11.9, 11.9, 13.4, 12.9, 13.1, 14.1, 12.3, 12.7, 13.3, 11.4, 13.4, 12.8, 12.6, 12.6, 13.0, 13.0, 12.7, 13.0, 11.7, 11.9, 11.9, 12.3, 12.7, 13.8, 12.9], 8: [7.8, 10.2, 9.5, 11.9, 11.6, 10.8, 9.4, 10.0, 9.6, 10.5, 9.9, 9.9, 10.2, 9.4, 9.8, 8.7, 9.4, 8.8, 9.6, 8.2, 8.0, 8.7, 9.1, 8.8, 8.9, 10.2, 8.3, 8.4, 7.6, 8.6, 8.3, 7.2, 8.5, 8.7, 7.7, 8.7], 9: [10.4, 10.8, 9.5, 9.8, 8.9, 8.8, 8.5, 10.6, 9.6, 10.0, 6.8, 8.7, 10.7, 8.9, 9.7, 7.7, 9.0, 9.4, 10.0, 9.5, 9.7, 9.6, 9.4, 8.5, 7.3, 7.6, 9.7, 10.0, 8.1, 9.8, 11.0, 8.9, 10.3, 9.3, 10.3, 8.9]}
Epoch   1 | Client   0 | Train: loss=0.122, acc= 97.5% | time= 39.2ms | Valid: loss=1.904, acc= 60.0% |
Epoch   2 | Client   0 | Train: loss=0.018, acc= 99.2% | time= 38.3ms | Valid: loss=1.333, acc= 64.0% |
Epoch   3 | Client   0 | Train: loss=0.028, acc= 99.2% | time= 40.0ms | Valid: loss=1.444, acc= 60.0% |
Epoch   4 | Client   0 | Train: loss=0.009, acc= 99.8% | time= 40.2ms | Valid: loss=2.047, acc= 56.0% |
Epoch   5 | Client   0 | Train: loss=0.062, acc= 98.3% | time= 39.9ms | Valid: loss=1.721, acc= 68.0% |
Epoch   1 | Client   1 | Train: loss=0.034, acc= 98.5% | time= 47.1ms | Valid: loss=1.682, acc= 64.0% |
Epoch   2 | Client   1 | Train: loss=0.021, acc= 98.9% | time= 38.1ms | Valid: loss=1.600, acc= 64.0% |
Epoch   3 | Client   1 | Train: loss=0.021, acc= 99.4% | time= 39.2ms | Valid: loss=1.106, acc= 76.0% |
Epoch   4 | Client   1 | Train: loss=0.102, acc= 97.1% | time= 41.9ms | Valid: loss=1.712, acc= 64.0% |
Epoch   5 | Client   1 | Train: loss=0.237, acc= 92.6% | time= 40.8ms | Valid: loss=1.789, acc= 64.0% |
Epoch   1 | Client   2 | Train: loss=0.099, acc= 96.4% | time= 45.7ms | Valid: loss=3.096, acc= 44.0% |
Epoch   2 | Client   2 | Train: loss=0.007, acc= 99.8% | time= 40.9ms | Valid: loss=1.700, acc= 56.0% |
Epoch   3 | Client   2 | Train: loss=0.069, acc= 97.7% | time= 41.9ms | Valid: loss=2.794, acc= 52.0% |
Epoch   4 | Client   2 | Train: loss=0.095, acc= 97.1% | time= 42.0ms | Valid: loss=2.309, acc= 48.0% |
Epoch   5 | Client   2 | Train: loss=0.099, acc= 97.7% | time= 40.5ms | Valid: loss=3.326, acc= 40.0% |
Epoch   1 | Client   3 | Train: loss=0.031, acc= 98.7% | time= 47.0ms | Valid: loss=1.997, acc= 52.0% |
Epoch   2 | Client   3 | Train: loss=0.006, acc=100.0% | time= 45.7ms | Valid: loss=1.724, acc= 56.0% |
Epoch   3 | Client   3 | Train: loss=0.002, acc=100.0% | time= 43.4ms | Valid: loss=1.656, acc= 56.0% |
Epoch   4 | Client   3 | Train: loss=0.003, acc=100.0% | time= 41.7ms | Valid: loss=2.129, acc= 56.0% |
Epoch   5 | Client   3 | Train: loss=0.001, acc=100.0% | time= 40.4ms | Valid: loss=1.929, acc= 52.0% |
Epoch   1 | Client   4 | Train: loss=0.054, acc= 98.7% | time= 41.7ms | Valid: loss=2.255, acc= 64.0% |
Epoch   2 | Client   4 | Train: loss=0.005, acc=100.0% | time= 38.1ms | Valid: loss=1.857, acc= 60.0% |
Epoch   3 | Client   4 | Train: loss=0.008, acc= 99.8% | time= 37.5ms | Valid: loss=1.965, acc= 60.0% |
Epoch   4 | Client   4 | Train: loss=0.002, acc=100.0% | time= 37.0ms | Valid: loss=1.843, acc= 60.0% |
Epoch   5 | Client   4 | Train: loss=0.011, acc= 99.6% | time= 37.1ms | Valid: loss=1.929, acc= 60.0% |
Epoch   1 | Client   5 | Train: loss=0.555, acc= 85.9% | time= 38.8ms | Valid: loss=2.158, acc= 52.0% |
Epoch   2 | Client   5 | Train: loss=0.069, acc= 97.7% | time= 37.1ms | Valid: loss=1.366, acc= 72.0% |
Epoch   3 | Client   5 | Train: loss=0.118, acc= 95.4% | time= 37.1ms | Valid: loss=1.290, acc= 68.0% |
Epoch   4 | Client   5 | Train: loss=0.038, acc= 98.7% | time= 36.5ms | Valid: loss=1.338, acc= 68.0% |
Epoch   5 | Client   5 | Train: loss=0.003, acc=100.0% | time= 36.6ms | Valid: loss=1.129, acc= 76.0% |
Epoch   1 | Client   6 | Train: loss=0.038, acc= 99.4% | time= 38.2ms | Valid: loss=1.954, acc= 68.0% |
Epoch   2 | Client   6 | Train: loss=0.040, acc= 98.7% | time= 36.6ms | Valid: loss=1.586, acc= 68.0% |
Epoch   3 | Client   6 | Train: loss=0.020, acc= 99.2% | time= 36.4ms | Valid: loss=1.607, acc= 68.0% |
Epoch   4 | Client   6 | Train: loss=0.031, acc= 99.2% | time= 36.5ms | Valid: loss=1.867, acc= 64.0% |
Epoch   5 | Client   6 | Train: loss=0.100, acc= 97.1% | time= 34.9ms | Valid: loss=1.971, acc= 64.0% |
Epoch   1 | Client   7 | Train: loss=0.071, acc= 97.7% | time= 39.6ms | Valid: loss=2.139, acc= 56.0% |
Epoch   2 | Client   7 | Train: loss=0.023, acc= 99.4% | time= 36.9ms | Valid: loss=2.062, acc= 68.0% |
Epoch   3 | Client   7 | Train: loss=0.005, acc= 99.8% | time= 36.8ms | Valid: loss=1.651, acc= 68.0% |
Epoch   4 | Client   7 | Train: loss=0.015, acc= 99.6% | time= 36.8ms | Valid: loss=2.301, acc= 64.0% |
Epoch   5 | Client   7 | Train: loss=0.015, acc= 99.4% | time= 36.8ms | Valid: loss=2.343, acc= 60.0% |
Epoch   1 | Client   8 | Train: loss=0.029, acc= 98.7% | time= 45.0ms | Valid: loss=2.177, acc= 56.0% |
Epoch   2 | Client   8 | Train: loss=0.009, acc=100.0% | time= 37.8ms | Valid: loss=2.219, acc= 56.0% |
Epoch   3 | Client   8 | Train: loss=0.063, acc= 97.9% | time= 38.7ms | Valid: loss=2.029, acc= 60.0% |
Epoch   4 | Client   8 | Train: loss=0.350, acc= 87.8% | time= 38.1ms | Valid: loss=3.025, acc= 52.0% |
Epoch   5 | Client   8 | Train: loss=0.023, acc= 99.2% | time= 38.1ms | Valid: loss=2.701, acc= 52.0% |
Epoch   1 | Client   9 | Train: loss=0.009, acc= 99.8% | time= 37.9ms | Valid: loss=2.323, acc= 56.0% |
Epoch   2 | Client   9 | Train: loss=0.006, acc= 99.8% | time= 36.4ms | Valid: loss=2.075, acc= 48.0% |
Epoch   3 | Client   9 | Train: loss=0.039, acc= 98.5% | time= 36.5ms | Valid: loss=2.608, acc= 44.0% |
Epoch   4 | Client   9 | Train: loss=0.082, acc= 98.3% | time= 36.5ms | Valid: loss=3.247, acc= 44.0% |
Epoch   5 | Client   9 | Train: loss=0.072, acc= 97.3% | time= 36.5ms | Valid: loss=2.558, acc= 48.0% |
----------------------------------------
G-Epoch:  36, Test: loss=1.844 , acc= 62.8%
****************************************
Task:   0, G-Epoch:  36, Test: loss=1.831 , acc= 63.1%
Task:   1, G-Epoch:  36, Test: loss=2.316 , acc=  8.4%
Task:   2, G-Epoch:  36, Test: loss=2.318 , acc=  9.4%
Task:   3, G-Epoch:  36, Test: loss=2.307 , acc= 12.7%
Task:   4, G-Epoch:  36, Test: loss=2.308 , acc=  9.9%
Task:   5, G-Epoch:  36, Test: loss=2.301 , acc= 10.1%
Task:   6, G-Epoch:  36, Test: loss=2.307 , acc= 10.3%
Task:   7, G-Epoch:  36, Test: loss=2.308 , acc= 13.4%
Task:   8, G-Epoch:  36, Test: loss=2.306 , acc=  8.3%
Task:   9, G-Epoch:  36, Test: loss=2.316 , acc=  9.3%
{0: [39.3, 45.7, 48.7, 48.8, 51.1, 52.3, 53.9, 51.6, 55.6, 54.8, 53.3, 54.9, 58.1, 57.8, 55.8, 58.5, 58.6, 58.9, 57.4, 60.4, 61.3, 56.9, 60.1, 60.2, 60.8, 60.2, 60.8, 61.6, 61.5, 61.0, 62.5, 62.5, 64.4, 61.7, 62.6, 62.6, 63.1], 1: [10.2, 9.5, 11.1, 11.0, 9.3, 10.0, 10.6, 10.7, 11.2, 8.9, 9.1, 10.8, 10.8, 10.3, 9.9, 9.1, 11.7, 10.1, 10.2, 11.4, 8.8, 9.8, 10.9, 9.7, 9.2, 9.7, 10.1, 9.5, 9.9, 9.0, 9.4, 9.2, 9.6, 8.9, 9.1, 8.4, 8.4], 2: [10.3, 10.5, 9.7, 11.4, 11.1, 9.9, 8.6, 8.9, 9.1, 8.7, 9.4, 9.6, 7.7, 10.1, 10.4, 8.9, 9.1, 9.5, 10.8, 8.4, 8.5, 8.8, 9.1, 8.5, 9.7, 10.0, 9.4, 9.9, 9.9, 9.5, 8.9, 8.9, 9.1, 9.7, 9.7, 9.8, 9.4], 3: [10.3, 9.9, 8.6, 9.7, 9.2, 9.4, 9.3, 10.7, 11.6, 11.0, 11.6, 11.9, 11.3, 11.4, 12.4, 11.7, 11.1, 11.2, 11.9, 12.5, 13.1, 12.2, 13.1, 12.0, 12.6, 11.9, 12.0, 12.8, 13.5, 12.1, 12.1, 11.7, 11.8, 12.4, 12.6, 11.4, 12.7], 4: [11.0, 10.0, 10.7, 9.8, 10.8, 10.1, 10.0, 10.9, 10.2, 10.0, 10.2, 9.9, 9.6, 9.1, 8.8, 10.7, 9.8, 9.2, 9.6, 10.3, 8.5, 10.1, 9.6, 9.5, 9.6, 10.4, 10.6, 9.3, 8.9, 8.8, 9.3, 10.3, 10.1, 11.1, 9.8, 11.7, 9.9], 5: [9.1, 9.4, 10.6, 12.1, 10.5, 10.8, 11.3, 10.7, 10.6, 12.6, 12.5, 11.6, 11.5, 11.1, 10.8, 10.5, 11.1, 11.6, 10.7, 11.8, 10.6, 11.0, 10.2, 10.9, 9.6, 10.6, 9.6, 10.5, 9.3, 8.3, 9.5, 9.2, 9.6, 10.2, 9.2, 9.2, 10.1], 6: [10.1, 9.9, 12.1, 10.8, 10.4, 9.4, 9.2, 10.1, 11.1, 9.8, 10.4, 11.0, 10.9, 11.0, 13.0, 12.2, 10.5, 11.5, 10.0, 11.8, 9.6, 11.3, 10.6, 9.3, 9.4, 9.0, 10.5, 9.3, 10.4, 9.4, 9.4, 9.5, 10.3, 10.1, 8.4, 8.6, 10.3], 7: [9.2, 9.7, 10.3, 11.8, 11.8, 11.2, 12.2, 11.5, 10.8, 11.1, 12.2, 11.9, 11.9, 13.4, 12.9, 13.1, 14.1, 12.3, 12.7, 13.3, 11.4, 13.4, 12.8, 12.6, 12.6, 13.0, 13.0, 12.7, 13.0, 11.7, 11.9, 11.9, 12.3, 12.7, 13.8, 12.9, 13.4], 8: [7.8, 10.2, 9.5, 11.9, 11.6, 10.8, 9.4, 10.0, 9.6, 10.5, 9.9, 9.9, 10.2, 9.4, 9.8, 8.7, 9.4, 8.8, 9.6, 8.2, 8.0, 8.7, 9.1, 8.8, 8.9, 10.2, 8.3, 8.4, 7.6, 8.6, 8.3, 7.2, 8.5, 8.7, 7.7, 8.7, 8.3], 9: [10.4, 10.8, 9.5, 9.8, 8.9, 8.8, 8.5, 10.6, 9.6, 10.0, 6.8, 8.7, 10.7, 8.9, 9.7, 7.7, 9.0, 9.4, 10.0, 9.5, 9.7, 9.6, 9.4, 8.5, 7.3, 7.6, 9.7, 10.0, 8.1, 9.8, 11.0, 8.9, 10.3, 9.3, 10.3, 8.9, 9.3]}
Epoch   1 | Client   0 | Train: loss=0.329, acc= 91.4% | time= 40.0ms | Valid: loss=2.055, acc= 60.0% |
Epoch   2 | Client   0 | Train: loss=0.150, acc= 94.7% | time= 39.4ms | Valid: loss=1.493, acc= 60.0% |
Epoch   3 | Client   0 | Train: loss=0.076, acc= 97.9% | time= 39.7ms | Valid: loss=1.455, acc= 68.0% |
Epoch   4 | Client   0 | Train: loss=0.083, acc= 96.6% | time= 39.4ms | Valid: loss=1.288, acc= 68.0% |
Epoch   5 | Client   0 | Train: loss=0.038, acc= 99.4% | time= 38.0ms | Valid: loss=1.657, acc= 64.0% |
Epoch   1 | Client   1 | Train: loss=0.170, acc= 93.5% | time= 41.2ms | Valid: loss=2.191, acc= 64.0% |
Epoch   2 | Client   1 | Train: loss=0.039, acc= 98.3% | time= 39.6ms | Valid: loss=1.905, acc= 60.0% |
Epoch   3 | Client   1 | Train: loss=0.343, acc= 89.3% | time= 39.4ms | Valid: loss=2.585, acc= 60.0% |
Epoch   4 | Client   1 | Train: loss=0.031, acc= 98.5% | time= 38.5ms | Valid: loss=2.038, acc= 64.0% |
Epoch   5 | Client   1 | Train: loss=0.024, acc= 99.4% | time= 38.4ms | Valid: loss=2.147, acc= 52.0% |
Epoch   1 | Client   2 | Train: loss=0.027, acc= 99.2% | time= 41.0ms | Valid: loss=3.303, acc= 40.0% |
Epoch   2 | Client   2 | Train: loss=0.110, acc= 96.2% | time= 38.7ms | Valid: loss=2.990, acc= 48.0% |
Epoch   3 | Client   2 | Train: loss=0.026, acc= 99.4% | time= 37.8ms | Valid: loss=2.569, acc= 44.0% |
Epoch   4 | Client   2 | Train: loss=0.031, acc= 99.2% | time= 38.1ms | Valid: loss=2.776, acc= 56.0% |
Epoch   5 | Client   2 | Train: loss=0.007, acc=100.0% | time= 36.5ms | Valid: loss=2.242, acc= 64.0% |
Epoch   1 | Client   3 | Train: loss=0.001, acc=100.0% | time= 39.8ms | Valid: loss=2.164, acc= 48.0% |
Epoch   2 | Client   3 | Train: loss=0.032, acc= 99.2% | time= 38.2ms | Valid: loss=2.269, acc= 44.0% |
Epoch   3 | Client   3 | Train: loss=0.030, acc= 98.7% | time= 38.2ms | Valid: loss=2.083, acc= 64.0% |
Epoch   4 | Client   3 | Train: loss=0.013, acc= 99.8% | time= 37.5ms | Valid: loss=1.760, acc= 64.0% |
Epoch   5 | Client   3 | Train: loss=0.014, acc= 99.6% | time= 37.7ms | Valid: loss=1.868, acc= 56.0% |
Epoch   1 | Client   4 | Train: loss=0.409, acc= 89.9% | time= 39.6ms | Valid: loss=2.557, acc= 52.0% |
Epoch   2 | Client   4 | Train: loss=0.076, acc= 97.9% | time= 38.2ms | Valid: loss=1.921, acc= 60.0% |
Epoch   3 | Client   4 | Train: loss=0.026, acc= 98.9% | time= 38.3ms | Valid: loss=2.036, acc= 48.0% |
Epoch   4 | Client   4 | Train: loss=0.023, acc= 99.4% | time= 37.6ms | Valid: loss=2.752, acc= 60.0% |
Epoch   5 | Client   4 | Train: loss=0.085, acc= 97.9% | time= 36.6ms | Valid: loss=3.428, acc= 40.0% |
Epoch   1 | Client   5 | Train: loss=0.013, acc= 99.6% | time= 40.2ms | Valid: loss=0.981, acc= 76.0% |
Epoch   2 | Client   5 | Train: loss=0.013, acc= 99.6% | time= 36.9ms | Valid: loss=1.003, acc= 80.0% |
Epoch   3 | Client   5 | Train: loss=0.016, acc= 99.8% | time= 37.7ms | Valid: loss=1.035, acc= 76.0% |
Epoch   4 | Client   5 | Train: loss=0.003, acc=100.0% | time= 37.7ms | Valid: loss=1.115, acc= 76.0% |
Epoch   5 | Client   5 | Train: loss=0.001, acc=100.0% | time= 37.7ms | Valid: loss=1.049, acc= 72.0% |
Epoch   1 | Client   6 | Train: loss=0.078, acc= 97.9% | time= 39.8ms | Valid: loss=2.648, acc= 48.0% |
Epoch   2 | Client   6 | Train: loss=0.005, acc=100.0% | time= 38.3ms | Valid: loss=2.295, acc= 72.0% |
Epoch   3 | Client   6 | Train: loss=0.005, acc=100.0% | time= 38.0ms | Valid: loss=2.228, acc= 68.0% |
Epoch   4 | Client   6 | Train: loss=0.007, acc=100.0% | time= 37.2ms | Valid: loss=2.734, acc= 56.0% |
Epoch   5 | Client   6 | Train: loss=0.031, acc= 98.9% | time= 36.3ms | Valid: loss=2.675, acc= 64.0% |
Epoch   1 | Client   7 | Train: loss=0.039, acc= 98.5% | time= 40.4ms | Valid: loss=3.023, acc= 56.0% |
Epoch   2 | Client   7 | Train: loss=0.010, acc= 99.8% | time= 38.0ms | Valid: loss=1.975, acc= 60.0% |
Epoch   3 | Client   7 | Train: loss=0.002, acc=100.0% | time= 37.9ms | Valid: loss=2.335, acc= 56.0% |
Epoch   4 | Client   7 | Train: loss=0.007, acc= 99.8% | time= 37.8ms | Valid: loss=2.325, acc= 60.0% |
Epoch   5 | Client   7 | Train: loss=0.005, acc= 99.8% | time= 36.6ms | Valid: loss=2.264, acc= 60.0% |
Epoch   1 | Client   8 | Train: loss=0.029, acc= 98.9% | time= 40.0ms | Valid: loss=2.406, acc= 64.0% |
Epoch   2 | Client   8 | Train: loss=0.027, acc= 99.6% | time= 38.1ms | Valid: loss=2.770, acc= 52.0% |
Epoch   3 | Client   8 | Train: loss=0.002, acc=100.0% | time= 38.0ms | Valid: loss=2.172, acc= 64.0% |
Epoch   4 | Client   8 | Train: loss=0.026, acc= 98.9% | time= 37.9ms | Valid: loss=2.191, acc= 60.0% |
Epoch   5 | Client   8 | Train: loss=0.061, acc= 98.5% | time= 37.6ms | Valid: loss=2.400, acc= 64.0% |
Epoch   1 | Client   9 | Train: loss=0.028, acc= 98.9% | time= 39.8ms | Valid: loss=2.876, acc= 36.0% |
Epoch   2 | Client   9 | Train: loss=0.102, acc= 96.2% | time= 38.1ms | Valid: loss=2.705, acc= 32.0% |
Epoch   3 | Client   9 | Train: loss=0.295, acc= 92.8% | time= 38.0ms | Valid: loss=3.427, acc= 52.0% |
Epoch   4 | Client   9 | Train: loss=0.272, acc= 92.8% | time= 38.1ms | Valid: loss=3.887, acc= 32.0% |
Epoch   5 | Client   9 | Train: loss=0.148, acc= 96.0% | time= 37.8ms | Valid: loss=2.989, acc= 36.0% |
----------------------------------------
G-Epoch:  37, Test: loss=1.771 , acc= 63.3%
****************************************
Task:   0, G-Epoch:  37, Test: loss=1.743 , acc= 63.9%
Task:   1, G-Epoch:  37, Test: loss=2.313 , acc=  8.8%
Task:   2, G-Epoch:  37, Test: loss=2.314 , acc=  9.9%
Task:   3, G-Epoch:  37, Test: loss=2.308 , acc= 13.3%
Task:   4, G-Epoch:  37, Test: loss=2.311 , acc=  9.1%
Task:   5, G-Epoch:  37, Test: loss=2.294 , acc=  8.9%
Task:   6, G-Epoch:  37, Test: loss=2.310 , acc=  8.7%
Task:   7, G-Epoch:  37, Test: loss=2.308 , acc= 13.5%
Task:   8, G-Epoch:  37, Test: loss=2.309 , acc=  8.4%
Task:   9, G-Epoch:  37, Test: loss=2.313 , acc=  9.7%
{0: [39.3, 45.7, 48.7, 48.8, 51.1, 52.3, 53.9, 51.6, 55.6, 54.8, 53.3, 54.9, 58.1, 57.8, 55.8, 58.5, 58.6, 58.9, 57.4, 60.4, 61.3, 56.9, 60.1, 60.2, 60.8, 60.2, 60.8, 61.6, 61.5, 61.0, 62.5, 62.5, 64.4, 61.7, 62.6, 62.6, 63.1, 63.9], 1: [10.2, 9.5, 11.1, 11.0, 9.3, 10.0, 10.6, 10.7, 11.2, 8.9, 9.1, 10.8, 10.8, 10.3, 9.9, 9.1, 11.7, 10.1, 10.2, 11.4, 8.8, 9.8, 10.9, 9.7, 9.2, 9.7, 10.1, 9.5, 9.9, 9.0, 9.4, 9.2, 9.6, 8.9, 9.1, 8.4, 8.4, 8.8], 2: [10.3, 10.5, 9.7, 11.4, 11.1, 9.9, 8.6, 8.9, 9.1, 8.7, 9.4, 9.6, 7.7, 10.1, 10.4, 8.9, 9.1, 9.5, 10.8, 8.4, 8.5, 8.8, 9.1, 8.5, 9.7, 10.0, 9.4, 9.9, 9.9, 9.5, 8.9, 8.9, 9.1, 9.7, 9.7, 9.8, 9.4, 9.9], 3: [10.3, 9.9, 8.6, 9.7, 9.2, 9.4, 9.3, 10.7, 11.6, 11.0, 11.6, 11.9, 11.3, 11.4, 12.4, 11.7, 11.1, 11.2, 11.9, 12.5, 13.1, 12.2, 13.1, 12.0, 12.6, 11.9, 12.0, 12.8, 13.5, 12.1, 12.1, 11.7, 11.8, 12.4, 12.6, 11.4, 12.7, 13.3], 4: [11.0, 10.0, 10.7, 9.8, 10.8, 10.1, 10.0, 10.9, 10.2, 10.0, 10.2, 9.9, 9.6, 9.1, 8.8, 10.7, 9.8, 9.2, 9.6, 10.3, 8.5, 10.1, 9.6, 9.5, 9.6, 10.4, 10.6, 9.3, 8.9, 8.8, 9.3, 10.3, 10.1, 11.1, 9.8, 11.7, 9.9, 9.1], 5: [9.1, 9.4, 10.6, 12.1, 10.5, 10.8, 11.3, 10.7, 10.6, 12.6, 12.5, 11.6, 11.5, 11.1, 10.8, 10.5, 11.1, 11.6, 10.7, 11.8, 10.6, 11.0, 10.2, 10.9, 9.6, 10.6, 9.6, 10.5, 9.3, 8.3, 9.5, 9.2, 9.6, 10.2, 9.2, 9.2, 10.1, 8.9], 6: [10.1, 9.9, 12.1, 10.8, 10.4, 9.4, 9.2, 10.1, 11.1, 9.8, 10.4, 11.0, 10.9, 11.0, 13.0, 12.2, 10.5, 11.5, 10.0, 11.8, 9.6, 11.3, 10.6, 9.3, 9.4, 9.0, 10.5, 9.3, 10.4, 9.4, 9.4, 9.5, 10.3, 10.1, 8.4, 8.6, 10.3, 8.7], 7: [9.2, 9.7, 10.3, 11.8, 11.8, 11.2, 12.2, 11.5, 10.8, 11.1, 12.2, 11.9, 11.9, 13.4, 12.9, 13.1, 14.1, 12.3, 12.7, 13.3, 11.4, 13.4, 12.8, 12.6, 12.6, 13.0, 13.0, 12.7, 13.0, 11.7, 11.9, 11.9, 12.3, 12.7, 13.8, 12.9, 13.4, 13.5], 8: [7.8, 10.2, 9.5, 11.9, 11.6, 10.8, 9.4, 10.0, 9.6, 10.5, 9.9, 9.9, 10.2, 9.4, 9.8, 8.7, 9.4, 8.8, 9.6, 8.2, 8.0, 8.7, 9.1, 8.8, 8.9, 10.2, 8.3, 8.4, 7.6, 8.6, 8.3, 7.2, 8.5, 8.7, 7.7, 8.7, 8.3, 8.4], 9: [10.4, 10.8, 9.5, 9.8, 8.9, 8.8, 8.5, 10.6, 9.6, 10.0, 6.8, 8.7, 10.7, 8.9, 9.7, 7.7, 9.0, 9.4, 10.0, 9.5, 9.7, 9.6, 9.4, 8.5, 7.3, 7.6, 9.7, 10.0, 8.1, 9.8, 11.0, 8.9, 10.3, 9.3, 10.3, 8.9, 9.3, 9.7]}
Epoch   1 | Client   0 | Train: loss=0.039, acc= 98.9% | time= 38.7ms | Valid: loss=1.381, acc= 68.0% |
Epoch   2 | Client   0 | Train: loss=0.007, acc=100.0% | time= 37.9ms | Valid: loss=1.234, acc= 76.0% |
Epoch   3 | Client   0 | Train: loss=0.078, acc= 98.1% | time= 36.9ms | Valid: loss=1.300, acc= 68.0% |
Epoch   4 | Client   0 | Train: loss=0.101, acc= 97.5% | time= 36.9ms | Valid: loss=1.901, acc= 56.0% |
Epoch   5 | Client   0 | Train: loss=0.002, acc=100.0% | time= 37.3ms | Valid: loss=1.182, acc= 72.0% |
Epoch   1 | Client   1 | Train: loss=0.089, acc= 97.7% | time= 40.2ms | Valid: loss=1.558, acc= 64.0% |
Epoch   2 | Client   1 | Train: loss=0.025, acc= 99.2% | time= 38.1ms | Valid: loss=2.172, acc= 64.0% |
Epoch   3 | Client   1 | Train: loss=0.019, acc= 99.2% | time= 37.9ms | Valid: loss=2.218, acc= 52.0% |
Epoch   4 | Client   1 | Train: loss=0.013, acc= 99.4% | time= 38.2ms | Valid: loss=1.924, acc= 64.0% |
Epoch   5 | Client   1 | Train: loss=0.045, acc= 98.3% | time= 37.9ms | Valid: loss=2.071, acc= 60.0% |
Epoch   1 | Client   2 | Train: loss=0.134, acc= 96.6% | time= 41.6ms | Valid: loss=2.056, acc= 52.0% |
Epoch   2 | Client   2 | Train: loss=0.084, acc= 96.6% | time= 38.0ms | Valid: loss=3.066, acc= 52.0% |
Epoch   3 | Client   2 | Train: loss=0.032, acc= 98.7% | time= 38.4ms | Valid: loss=2.819, acc= 48.0% |
Epoch   4 | Client   2 | Train: loss=0.006, acc=100.0% | time= 37.8ms | Valid: loss=2.641, acc= 56.0% |
Epoch   5 | Client   2 | Train: loss=0.056, acc= 98.5% | time= 38.3ms | Valid: loss=3.447, acc= 48.0% |
Epoch   1 | Client   3 | Train: loss=0.005, acc=100.0% | time= 42.4ms | Valid: loss=1.669, acc= 64.0% |
Epoch   2 | Client   3 | Train: loss=0.061, acc= 97.9% | time= 36.6ms | Valid: loss=2.720, acc= 52.0% |
Epoch   3 | Client   3 | Train: loss=0.142, acc= 96.0% | time= 36.3ms | Valid: loss=2.533, acc= 56.0% |
Epoch   4 | Client   3 | Train: loss=0.005, acc= 99.8% | time= 36.3ms | Valid: loss=2.420, acc= 60.0% |
Epoch   5 | Client   3 | Train: loss=0.007, acc= 99.8% | time= 36.2ms | Valid: loss=1.820, acc= 64.0% |
Epoch   1 | Client   4 | Train: loss=0.047, acc= 97.9% | time= 39.3ms | Valid: loss=2.671, acc= 52.0% |
Epoch   2 | Client   4 | Train: loss=0.070, acc= 96.6% | time= 38.2ms | Valid: loss=2.221, acc= 60.0% |
Epoch   3 | Client   4 | Train: loss=0.056, acc= 98.3% | time= 38.0ms | Valid: loss=1.844, acc= 68.0% |
Epoch   4 | Client   4 | Train: loss=0.011, acc= 99.6% | time= 37.1ms | Valid: loss=2.069, acc= 64.0% |
Epoch   5 | Client   4 | Train: loss=0.005, acc= 99.8% | time= 37.3ms | Valid: loss=1.849, acc= 64.0% |
Epoch   1 | Client   5 | Train: loss=0.003, acc=100.0% | time= 52.4ms | Valid: loss=1.009, acc= 80.0% |
Epoch   2 | Client   5 | Train: loss=0.011, acc=100.0% | time= 42.6ms | Valid: loss=1.418, acc= 76.0% |
Epoch   3 | Client   5 | Train: loss=0.541, acc= 87.2% | time= 42.9ms | Valid: loss=2.880, acc= 68.0% |
Epoch   4 | Client   5 | Train: loss=0.017, acc= 99.2% | time= 42.2ms | Valid: loss=1.317, acc= 76.0% |
Epoch   5 | Client   5 | Train: loss=0.020, acc= 99.4% | time= 41.7ms | Valid: loss=1.189, acc= 72.0% |
Epoch   1 | Client   6 | Train: loss=0.128, acc= 96.4% | time= 46.2ms | Valid: loss=2.177, acc= 64.0% |
Epoch   2 | Client   6 | Train: loss=0.496, acc= 86.1% | time= 38.0ms | Valid: loss=2.771, acc= 56.0% |
Epoch   3 | Client   6 | Train: loss=0.172, acc= 95.2% | time= 37.8ms | Valid: loss=2.411, acc= 56.0% |
Epoch   4 | Client   6 | Train: loss=0.022, acc= 99.4% | time= 36.8ms | Valid: loss=2.158, acc= 64.0% |
Epoch   5 | Client   6 | Train: loss=0.023, acc= 99.4% | time= 37.0ms | Valid: loss=2.140, acc= 64.0% |
Epoch   1 | Client   7 | Train: loss=0.057, acc= 98.1% | time= 43.6ms | Valid: loss=2.189, acc= 60.0% |
Epoch   2 | Client   7 | Train: loss=0.020, acc= 99.4% | time= 36.8ms | Valid: loss=1.641, acc= 76.0% |
Epoch   3 | Client   7 | Train: loss=0.030, acc= 98.9% | time= 38.1ms | Valid: loss=2.670, acc= 52.0% |
Epoch   4 | Client   7 | Train: loss=0.012, acc= 99.6% | time= 42.0ms | Valid: loss=2.384, acc= 64.0% |
Epoch   5 | Client   7 | Train: loss=0.007, acc= 99.6% | time= 41.9ms | Valid: loss=2.584, acc= 60.0% |
Epoch   1 | Client   8 | Train: loss=0.010, acc= 99.8% | time= 39.5ms | Valid: loss=2.002, acc= 72.0% |
Epoch   2 | Client   8 | Train: loss=0.005, acc= 99.8% | time= 37.9ms | Valid: loss=1.776, acc= 76.0% |
Epoch   3 | Client   8 | Train: loss=0.019, acc= 99.2% | time= 37.8ms | Valid: loss=2.013, acc= 72.0% |
Epoch   4 | Client   8 | Train: loss=0.006, acc= 99.8% | time= 37.1ms | Valid: loss=2.219, acc= 60.0% |
Epoch   5 | Client   8 | Train: loss=0.002, acc=100.0% | time= 36.4ms | Valid: loss=2.040, acc= 68.0% |
Epoch   1 | Client   9 | Train: loss=0.017, acc= 99.4% | time= 43.6ms | Valid: loss=2.524, acc= 44.0% |
Epoch   2 | Client   9 | Train: loss=0.479, acc= 90.5% | time= 38.0ms | Valid: loss=3.558, acc= 32.0% |
Epoch   3 | Client   9 | Train: loss=0.013, acc= 99.8% | time= 37.8ms | Valid: loss=2.969, acc= 36.0% |
Epoch   4 | Client   9 | Train: loss=0.002, acc=100.0% | time= 38.0ms | Valid: loss=2.538, acc= 48.0% |
Epoch   5 | Client   9 | Train: loss=0.011, acc= 99.8% | time= 37.3ms | Valid: loss=2.973, acc= 40.0% |
----------------------------------------
G-Epoch:  38, Test: loss=1.743 , acc= 64.5%
****************************************
Task:   0, G-Epoch:  38, Test: loss=1.722 , acc= 65.4%
Task:   1, G-Epoch:  38, Test: loss=2.310 , acc= 10.2%
Task:   2, G-Epoch:  38, Test: loss=2.315 , acc=  9.1%
Task:   3, G-Epoch:  38, Test: loss=2.309 , acc= 13.2%
Task:   4, G-Epoch:  38, Test: loss=2.308 , acc= 10.5%
Task:   5, G-Epoch:  38, Test: loss=2.292 , acc=  9.3%
Task:   6, G-Epoch:  38, Test: loss=2.309 , acc=  9.1%
Task:   7, G-Epoch:  38, Test: loss=2.307 , acc= 12.5%
Task:   8, G-Epoch:  38, Test: loss=2.305 , acc=  8.6%
Task:   9, G-Epoch:  38, Test: loss=2.310 , acc= 10.8%
{0: [39.3, 45.7, 48.7, 48.8, 51.1, 52.3, 53.9, 51.6, 55.6, 54.8, 53.3, 54.9, 58.1, 57.8, 55.8, 58.5, 58.6, 58.9, 57.4, 60.4, 61.3, 56.9, 60.1, 60.2, 60.8, 60.2, 60.8, 61.6, 61.5, 61.0, 62.5, 62.5, 64.4, 61.7, 62.6, 62.6, 63.1, 63.9, 65.4], 1: [10.2, 9.5, 11.1, 11.0, 9.3, 10.0, 10.6, 10.7, 11.2, 8.9, 9.1, 10.8, 10.8, 10.3, 9.9, 9.1, 11.7, 10.1, 10.2, 11.4, 8.8, 9.8, 10.9, 9.7, 9.2, 9.7, 10.1, 9.5, 9.9, 9.0, 9.4, 9.2, 9.6, 8.9, 9.1, 8.4, 8.4, 8.8, 10.2], 2: [10.3, 10.5, 9.7, 11.4, 11.1, 9.9, 8.6, 8.9, 9.1, 8.7, 9.4, 9.6, 7.7, 10.1, 10.4, 8.9, 9.1, 9.5, 10.8, 8.4, 8.5, 8.8, 9.1, 8.5, 9.7, 10.0, 9.4, 9.9, 9.9, 9.5, 8.9, 8.9, 9.1, 9.7, 9.7, 9.8, 9.4, 9.9, 9.1], 3: [10.3, 9.9, 8.6, 9.7, 9.2, 9.4, 9.3, 10.7, 11.6, 11.0, 11.6, 11.9, 11.3, 11.4, 12.4, 11.7, 11.1, 11.2, 11.9, 12.5, 13.1, 12.2, 13.1, 12.0, 12.6, 11.9, 12.0, 12.8, 13.5, 12.1, 12.1, 11.7, 11.8, 12.4, 12.6, 11.4, 12.7, 13.3, 13.2], 4: [11.0, 10.0, 10.7, 9.8, 10.8, 10.1, 10.0, 10.9, 10.2, 10.0, 10.2, 9.9, 9.6, 9.1, 8.8, 10.7, 9.8, 9.2, 9.6, 10.3, 8.5, 10.1, 9.6, 9.5, 9.6, 10.4, 10.6, 9.3, 8.9, 8.8, 9.3, 10.3, 10.1, 11.1, 9.8, 11.7, 9.9, 9.1, 10.5], 5: [9.1, 9.4, 10.6, 12.1, 10.5, 10.8, 11.3, 10.7, 10.6, 12.6, 12.5, 11.6, 11.5, 11.1, 10.8, 10.5, 11.1, 11.6, 10.7, 11.8, 10.6, 11.0, 10.2, 10.9, 9.6, 10.6, 9.6, 10.5, 9.3, 8.3, 9.5, 9.2, 9.6, 10.2, 9.2, 9.2, 10.1, 8.9, 9.3], 6: [10.1, 9.9, 12.1, 10.8, 10.4, 9.4, 9.2, 10.1, 11.1, 9.8, 10.4, 11.0, 10.9, 11.0, 13.0, 12.2, 10.5, 11.5, 10.0, 11.8, 9.6, 11.3, 10.6, 9.3, 9.4, 9.0, 10.5, 9.3, 10.4, 9.4, 9.4, 9.5, 10.3, 10.1, 8.4, 8.6, 10.3, 8.7, 9.1], 7: [9.2, 9.7, 10.3, 11.8, 11.8, 11.2, 12.2, 11.5, 10.8, 11.1, 12.2, 11.9, 11.9, 13.4, 12.9, 13.1, 14.1, 12.3, 12.7, 13.3, 11.4, 13.4, 12.8, 12.6, 12.6, 13.0, 13.0, 12.7, 13.0, 11.7, 11.9, 11.9, 12.3, 12.7, 13.8, 12.9, 13.4, 13.5, 12.5], 8: [7.8, 10.2, 9.5, 11.9, 11.6, 10.8, 9.4, 10.0, 9.6, 10.5, 9.9, 9.9, 10.2, 9.4, 9.8, 8.7, 9.4, 8.8, 9.6, 8.2, 8.0, 8.7, 9.1, 8.8, 8.9, 10.2, 8.3, 8.4, 7.6, 8.6, 8.3, 7.2, 8.5, 8.7, 7.7, 8.7, 8.3, 8.4, 8.6], 9: [10.4, 10.8, 9.5, 9.8, 8.9, 8.8, 8.5, 10.6, 9.6, 10.0, 6.8, 8.7, 10.7, 8.9, 9.7, 7.7, 9.0, 9.4, 10.0, 9.5, 9.7, 9.6, 9.4, 8.5, 7.3, 7.6, 9.7, 10.0, 8.1, 9.8, 11.0, 8.9, 10.3, 9.3, 10.3, 8.9, 9.3, 9.7, 10.8]}
Epoch   1 | Client   0 | Train: loss=0.169, acc= 94.3% | time= 41.1ms | Valid: loss=1.944, acc= 52.0% |
Epoch   2 | Client   0 | Train: loss=0.133, acc= 96.2% | time= 40.5ms | Valid: loss=1.983, acc= 56.0% |
Epoch   3 | Client   0 | Train: loss=0.019, acc= 99.8% | time= 40.0ms | Valid: loss=1.092, acc= 76.0% |
Epoch   4 | Client   0 | Train: loss=0.017, acc= 99.4% | time= 39.9ms | Valid: loss=1.892, acc= 64.0% |
Epoch   5 | Client   0 | Train: loss=0.005, acc= 99.6% | time= 40.1ms | Valid: loss=1.594, acc= 68.0% |
Epoch   1 | Client   1 | Train: loss=0.018, acc= 99.6% | time= 42.1ms | Valid: loss=1.481, acc= 68.0% |
Epoch   2 | Client   1 | Train: loss=0.035, acc= 99.2% | time= 40.6ms | Valid: loss=1.665, acc= 64.0% |
Epoch   3 | Client   1 | Train: loss=0.073, acc= 97.5% | time= 40.7ms | Valid: loss=1.427, acc= 76.0% |
Epoch   4 | Client   1 | Train: loss=0.019, acc= 99.4% | time= 40.7ms | Valid: loss=1.604, acc= 72.0% |
Epoch   5 | Client   1 | Train: loss=0.080, acc= 97.9% | time= 39.5ms | Valid: loss=1.821, acc= 60.0% |
Epoch   1 | Client   2 | Train: loss=0.007, acc= 99.6% | time= 41.8ms | Valid: loss=2.207, acc= 64.0% |
Epoch   2 | Client   2 | Train: loss=0.050, acc= 97.9% | time= 40.6ms | Valid: loss=2.407, acc= 56.0% |
Epoch   3 | Client   2 | Train: loss=0.017, acc= 99.4% | time= 40.6ms | Valid: loss=2.038, acc= 64.0% |
Epoch   4 | Client   2 | Train: loss=0.010, acc= 99.6% | time= 39.7ms | Valid: loss=2.309, acc= 64.0% |
Epoch   5 | Client   2 | Train: loss=0.004, acc=100.0% | time= 39.4ms | Valid: loss=2.101, acc= 64.0% |
Epoch   1 | Client   3 | Train: loss=0.092, acc= 97.3% | time= 41.9ms | Valid: loss=1.979, acc= 52.0% |
Epoch   2 | Client   3 | Train: loss=0.057, acc= 98.5% | time= 40.6ms | Valid: loss=1.926, acc= 64.0% |
Epoch   3 | Client   3 | Train: loss=0.134, acc= 94.1% | time= 40.5ms | Valid: loss=1.558, acc= 80.0% |
Epoch   4 | Client   3 | Train: loss=0.036, acc= 98.7% | time= 40.5ms | Valid: loss=1.890, acc= 52.0% |
Epoch   5 | Client   3 | Train: loss=0.354, acc= 93.5% | time= 40.5ms | Valid: loss=2.330, acc= 60.0% |
Epoch   1 | Client   4 | Train: loss=0.051, acc= 98.1% | time= 43.1ms | Valid: loss=2.703, acc= 60.0% |
Epoch   2 | Client   4 | Train: loss=0.040, acc= 98.7% | time= 40.8ms | Valid: loss=2.253, acc= 56.0% |
Epoch   3 | Client   4 | Train: loss=0.008, acc=100.0% | time= 41.0ms | Valid: loss=2.408, acc= 52.0% |
Epoch   4 | Client   4 | Train: loss=0.003, acc=100.0% | time= 40.2ms | Valid: loss=2.121, acc= 60.0% |
Epoch   5 | Client   4 | Train: loss=0.009, acc= 99.8% | time= 40.4ms | Valid: loss=2.067, acc= 64.0% |
Epoch   1 | Client   5 | Train: loss=0.209, acc= 94.9% | time= 55.7ms | Valid: loss=1.946, acc= 60.0% |
Epoch   2 | Client   5 | Train: loss=0.113, acc= 96.0% | time= 42.1ms | Valid: loss=1.655, acc= 64.0% |
Epoch   3 | Client   5 | Train: loss=0.045, acc= 98.5% | time= 42.0ms | Valid: loss=1.294, acc= 56.0% |
Epoch   4 | Client   5 | Train: loss=0.008, acc= 99.8% | time= 41.8ms | Valid: loss=0.980, acc= 60.0% |
Epoch   5 | Client   5 | Train: loss=0.003, acc=100.0% | time= 40.8ms | Valid: loss=0.959, acc= 80.0% |
Epoch   1 | Client   6 | Train: loss=0.198, acc= 94.7% | time= 54.3ms | Valid: loss=2.067, acc= 64.0% |
Epoch   2 | Client   6 | Train: loss=0.042, acc= 98.7% | time= 36.3ms | Valid: loss=2.221, acc= 56.0% |
Epoch   3 | Client   6 | Train: loss=0.021, acc= 99.6% | time= 37.1ms | Valid: loss=2.084, acc= 64.0% |
Epoch   4 | Client   6 | Train: loss=0.004, acc=100.0% | time= 37.8ms | Valid: loss=1.688, acc= 68.0% |
Epoch   5 | Client   6 | Train: loss=0.005, acc=100.0% | time= 37.7ms | Valid: loss=1.938, acc= 68.0% |
Epoch   1 | Client   7 | Train: loss=0.042, acc= 97.9% | time= 50.2ms | Valid: loss=2.843, acc= 64.0% |
Epoch   2 | Client   7 | Train: loss=0.006, acc=100.0% | time= 36.6ms | Valid: loss=1.801, acc= 60.0% |
Epoch   3 | Client   7 | Train: loss=0.037, acc= 99.2% | time= 36.4ms | Valid: loss=2.142, acc= 68.0% |
Epoch   4 | Client   7 | Train: loss=0.017, acc= 99.4% | time= 36.6ms | Valid: loss=2.045, acc= 64.0% |
Epoch   5 | Client   7 | Train: loss=0.038, acc= 98.9% | time= 37.0ms | Valid: loss=1.450, acc= 72.0% |
Epoch   1 | Client   8 | Train: loss=0.021, acc= 99.4% | time= 42.0ms | Valid: loss=1.926, acc= 76.0% |
Epoch   2 | Client   8 | Train: loss=0.328, acc= 89.9% | time= 38.0ms | Valid: loss=3.230, acc= 44.0% |
Epoch   3 | Client   8 | Train: loss=0.069, acc= 97.5% | time= 37.9ms | Valid: loss=2.448, acc= 60.0% |
Epoch   4 | Client   8 | Train: loss=0.047, acc= 98.9% | time= 37.8ms | Valid: loss=1.836, acc= 60.0% |
Epoch   5 | Client   8 | Train: loss=0.002, acc=100.0% | time= 36.2ms | Valid: loss=2.265, acc= 72.0% |
Epoch   1 | Client   9 | Train: loss=0.012, acc= 99.6% | time= 39.1ms | Valid: loss=1.637, acc= 60.0% |
Epoch   2 | Client   9 | Train: loss=0.002, acc=100.0% | time= 37.9ms | Valid: loss=2.344, acc= 60.0% |
Epoch   3 | Client   9 | Train: loss=0.001, acc=100.0% | time= 38.0ms | Valid: loss=2.472, acc= 48.0% |
Epoch   4 | Client   9 | Train: loss=0.018, acc= 99.6% | time= 38.9ms | Valid: loss=2.511, acc= 56.0% |
Epoch   5 | Client   9 | Train: loss=0.005, acc=100.0% | time= 38.2ms | Valid: loss=2.496, acc= 48.0% |
----------------------------------------
G-Epoch:  39, Test: loss=1.801 , acc= 63.5%
****************************************
Task:   0, G-Epoch:  39, Test: loss=1.793 , acc= 63.5%
Task:   1, G-Epoch:  39, Test: loss=2.313 , acc=  8.7%
Task:   2, G-Epoch:  39, Test: loss=2.315 , acc=  9.1%
Task:   3, G-Epoch:  39, Test: loss=2.306 , acc= 12.1%
Task:   4, G-Epoch:  39, Test: loss=2.306 , acc= 10.7%
Task:   5, G-Epoch:  39, Test: loss=2.298 , acc=  8.5%
Task:   6, G-Epoch:  39, Test: loss=2.306 , acc=  9.7%
Task:   7, G-Epoch:  39, Test: loss=2.307 , acc= 12.3%
Task:   8, G-Epoch:  39, Test: loss=2.308 , acc=  8.4%
Task:   9, G-Epoch:  39, Test: loss=2.312 , acc= 10.0%
{0: [39.3, 45.7, 48.7, 48.8, 51.1, 52.3, 53.9, 51.6, 55.6, 54.8, 53.3, 54.9, 58.1, 57.8, 55.8, 58.5, 58.6, 58.9, 57.4, 60.4, 61.3, 56.9, 60.1, 60.2, 60.8, 60.2, 60.8, 61.6, 61.5, 61.0, 62.5, 62.5, 64.4, 61.7, 62.6, 62.6, 63.1, 63.9, 65.4, 63.5], 1: [10.2, 9.5, 11.1, 11.0, 9.3, 10.0, 10.6, 10.7, 11.2, 8.9, 9.1, 10.8, 10.8, 10.3, 9.9, 9.1, 11.7, 10.1, 10.2, 11.4, 8.8, 9.8, 10.9, 9.7, 9.2, 9.7, 10.1, 9.5, 9.9, 9.0, 9.4, 9.2, 9.6, 8.9, 9.1, 8.4, 8.4, 8.8, 10.2, 8.7], 2: [10.3, 10.5, 9.7, 11.4, 11.1, 9.9, 8.6, 8.9, 9.1, 8.7, 9.4, 9.6, 7.7, 10.1, 10.4, 8.9, 9.1, 9.5, 10.8, 8.4, 8.5, 8.8, 9.1, 8.5, 9.7, 10.0, 9.4, 9.9, 9.9, 9.5, 8.9, 8.9, 9.1, 9.7, 9.7, 9.8, 9.4, 9.9, 9.1, 9.1], 3: [10.3, 9.9, 8.6, 9.7, 9.2, 9.4, 9.3, 10.7, 11.6, 11.0, 11.6, 11.9, 11.3, 11.4, 12.4, 11.7, 11.1, 11.2, 11.9, 12.5, 13.1, 12.2, 13.1, 12.0, 12.6, 11.9, 12.0, 12.8, 13.5, 12.1, 12.1, 11.7, 11.8, 12.4, 12.6, 11.4, 12.7, 13.3, 13.2, 12.1], 4: [11.0, 10.0, 10.7, 9.8, 10.8, 10.1, 10.0, 10.9, 10.2, 10.0, 10.2, 9.9, 9.6, 9.1, 8.8, 10.7, 9.8, 9.2, 9.6, 10.3, 8.5, 10.1, 9.6, 9.5, 9.6, 10.4, 10.6, 9.3, 8.9, 8.8, 9.3, 10.3, 10.1, 11.1, 9.8, 11.7, 9.9, 9.1, 10.5, 10.7], 5: [9.1, 9.4, 10.6, 12.1, 10.5, 10.8, 11.3, 10.7, 10.6, 12.6, 12.5, 11.6, 11.5, 11.1, 10.8, 10.5, 11.1, 11.6, 10.7, 11.8, 10.6, 11.0, 10.2, 10.9, 9.6, 10.6, 9.6, 10.5, 9.3, 8.3, 9.5, 9.2, 9.6, 10.2, 9.2, 9.2, 10.1, 8.9, 9.3, 8.5], 6: [10.1, 9.9, 12.1, 10.8, 10.4, 9.4, 9.2, 10.1, 11.1, 9.8, 10.4, 11.0, 10.9, 11.0, 13.0, 12.2, 10.5, 11.5, 10.0, 11.8, 9.6, 11.3, 10.6, 9.3, 9.4, 9.0, 10.5, 9.3, 10.4, 9.4, 9.4, 9.5, 10.3, 10.1, 8.4, 8.6, 10.3, 8.7, 9.1, 9.7], 7: [9.2, 9.7, 10.3, 11.8, 11.8, 11.2, 12.2, 11.5, 10.8, 11.1, 12.2, 11.9, 11.9, 13.4, 12.9, 13.1, 14.1, 12.3, 12.7, 13.3, 11.4, 13.4, 12.8, 12.6, 12.6, 13.0, 13.0, 12.7, 13.0, 11.7, 11.9, 11.9, 12.3, 12.7, 13.8, 12.9, 13.4, 13.5, 12.5, 12.3], 8: [7.8, 10.2, 9.5, 11.9, 11.6, 10.8, 9.4, 10.0, 9.6, 10.5, 9.9, 9.9, 10.2, 9.4, 9.8, 8.7, 9.4, 8.8, 9.6, 8.2, 8.0, 8.7, 9.1, 8.8, 8.9, 10.2, 8.3, 8.4, 7.6, 8.6, 8.3, 7.2, 8.5, 8.7, 7.7, 8.7, 8.3, 8.4, 8.6, 8.4], 9: [10.4, 10.8, 9.5, 9.8, 8.9, 8.8, 8.5, 10.6, 9.6, 10.0, 6.8, 8.7, 10.7, 8.9, 9.7, 7.7, 9.0, 9.4, 10.0, 9.5, 9.7, 9.6, 9.4, 8.5, 7.3, 7.6, 9.7, 10.0, 8.1, 9.8, 11.0, 8.9, 10.3, 9.3, 10.3, 8.9, 9.3, 9.7, 10.8, 10.0]}
Epoch   1 | Client   0 | Train: loss=0.127, acc= 96.2% | time= 36.2ms | Valid: loss=1.947, acc= 72.0% |
Epoch   2 | Client   0 | Train: loss=0.107, acc= 97.5% | time= 35.8ms | Valid: loss=1.860, acc= 64.0% |
Epoch   3 | Client   0 | Train: loss=0.011, acc= 99.6% | time= 36.6ms | Valid: loss=1.554, acc= 68.0% |
Epoch   4 | Client   0 | Train: loss=0.005, acc= 99.8% | time= 39.8ms | Valid: loss=1.774, acc= 64.0% |
Epoch   5 | Client   0 | Train: loss=0.004, acc=100.0% | time= 37.7ms | Valid: loss=1.643, acc= 72.0% |
Epoch   1 | Client   1 | Train: loss=0.012, acc= 99.8% | time= 40.5ms | Valid: loss=1.978, acc= 68.0% |
Epoch   2 | Client   1 | Train: loss=0.013, acc= 99.6% | time= 38.7ms | Valid: loss=1.834, acc= 68.0% |
Epoch   3 | Client   1 | Train: loss=0.113, acc= 97.1% | time= 39.0ms | Valid: loss=1.971, acc= 60.0% |
Epoch   4 | Client   1 | Train: loss=0.012, acc= 99.6% | time= 38.2ms | Valid: loss=2.025, acc= 60.0% |
Epoch   5 | Client   1 | Train: loss=0.005, acc=100.0% | time= 38.2ms | Valid: loss=2.545, acc= 64.0% |
Epoch   1 | Client   2 | Train: loss=0.004, acc=100.0% | time= 39.3ms | Valid: loss=1.972, acc= 64.0% |
Epoch   2 | Client   2 | Train: loss=0.180, acc= 94.3% | time= 38.2ms | Valid: loss=2.329, acc= 64.0% |
Epoch   3 | Client   2 | Train: loss=0.002, acc=100.0% | time= 40.4ms | Valid: loss=2.023, acc= 52.0% |
Epoch   4 | Client   2 | Train: loss=0.013, acc= 99.6% | time= 46.8ms | Valid: loss=1.648, acc= 56.0% |
Epoch   5 | Client   2 | Train: loss=0.007, acc= 99.6% | time= 43.0ms | Valid: loss=1.979, acc= 52.0% |
Epoch   1 | Client   3 | Train: loss=0.432, acc= 86.5% | time= 58.9ms | Valid: loss=2.509, acc= 40.0% |
Epoch   2 | Client   3 | Train: loss=0.077, acc= 98.3% | time= 39.4ms | Valid: loss=2.864, acc= 56.0% |
Epoch   3 | Client   3 | Train: loss=0.075, acc= 98.1% | time= 38.0ms | Valid: loss=2.351, acc= 48.0% |
Epoch   4 | Client   3 | Train: loss=0.043, acc= 98.9% | time= 36.4ms | Valid: loss=2.667, acc= 52.0% |
Epoch   5 | Client   3 | Train: loss=0.174, acc= 93.9% | time= 37.0ms | Valid: loss=2.730, acc= 52.0% |
Epoch   1 | Client   4 | Train: loss=0.021, acc= 99.2% | time= 47.9ms | Valid: loss=2.343, acc= 60.0% |
Epoch   2 | Client   4 | Train: loss=0.009, acc= 99.8% | time= 46.4ms | Valid: loss=1.878, acc= 64.0% |
Epoch   3 | Client   4 | Train: loss=0.007, acc= 99.8% | time= 37.4ms | Valid: loss=2.123, acc= 56.0% |
Epoch   4 | Client   4 | Train: loss=0.054, acc= 98.1% | time= 37.4ms | Valid: loss=2.431, acc= 64.0% |
Epoch   5 | Client   4 | Train: loss=0.001, acc=100.0% | time= 41.5ms | Valid: loss=1.524, acc= 68.0% |
Epoch   1 | Client   5 | Train: loss=0.017, acc= 99.8% | time= 41.4ms | Valid: loss=0.595, acc= 80.0% |
Epoch   2 | Client   5 | Train: loss=0.074, acc= 97.3% | time= 40.0ms | Valid: loss=1.203, acc= 76.0% |
Epoch   3 | Client   5 | Train: loss=0.158, acc= 94.3% | time= 39.8ms | Valid: loss=1.616, acc= 68.0% |
Epoch   4 | Client   5 | Train: loss=0.508, acc= 84.2% | time= 41.6ms | Valid: loss=2.574, acc= 48.0% |
Epoch   5 | Client   5 | Train: loss=0.019, acc= 99.4% | time= 36.2ms | Valid: loss=1.162, acc= 68.0% |
Epoch   1 | Client   6 | Train: loss=0.267, acc= 94.1% | time= 37.4ms | Valid: loss=2.711, acc= 60.0% |
Epoch   2 | Client   6 | Train: loss=0.113, acc= 96.0% | time= 36.4ms | Valid: loss=2.296, acc= 56.0% |
Epoch   3 | Client   6 | Train: loss=0.111, acc= 97.3% | time= 36.2ms | Valid: loss=2.522, acc= 56.0% |
Epoch   4 | Client   6 | Train: loss=0.007, acc= 99.6% | time= 36.5ms | Valid: loss=2.383, acc= 64.0% |
Epoch   5 | Client   6 | Train: loss=0.003, acc=100.0% | time= 47.2ms | Valid: loss=1.952, acc= 68.0% |
Epoch   1 | Client   7 | Train: loss=0.023, acc= 99.6% | time= 49.4ms | Valid: loss=1.902, acc= 68.0% |
Epoch   2 | Client   7 | Train: loss=0.034, acc= 99.2% | time= 36.9ms | Valid: loss=1.938, acc= 64.0% |
Epoch   3 | Client   7 | Train: loss=0.012, acc= 99.6% | time= 38.1ms | Valid: loss=2.178, acc= 68.0% |
Epoch   4 | Client   7 | Train: loss=0.097, acc= 97.5% | time= 36.9ms | Valid: loss=2.568, acc= 48.0% |
Epoch   5 | Client   7 | Train: loss=0.056, acc= 98.5% | time= 36.6ms | Valid: loss=1.788, acc= 72.0% |
Epoch   1 | Client   8 | Train: loss=0.005, acc=100.0% | time= 54.7ms | Valid: loss=2.436, acc= 68.0% |
Epoch   2 | Client   8 | Train: loss=0.057, acc= 98.5% | time= 42.1ms | Valid: loss=2.300, acc= 64.0% |
Epoch   3 | Client   8 | Train: loss=0.125, acc= 97.9% | time= 45.0ms | Valid: loss=2.240, acc= 68.0% |
Epoch   4 | Client   8 | Train: loss=0.003, acc=100.0% | time= 42.0ms | Valid: loss=1.968, acc= 68.0% |
Epoch   5 | Client   8 | Train: loss=0.346, acc= 93.9% | time= 41.7ms | Valid: loss=3.407, acc= 52.0% |
Epoch   1 | Client   9 | Train: loss=0.016, acc= 99.6% | time= 39.9ms | Valid: loss=2.572, acc= 48.0% |
Epoch   2 | Client   9 | Train: loss=0.006, acc= 99.8% | time= 38.0ms | Valid: loss=2.014, acc= 60.0% |
Epoch   3 | Client   9 | Train: loss=0.028, acc= 99.2% | time= 37.8ms | Valid: loss=2.148, acc= 56.0% |
Epoch   4 | Client   9 | Train: loss=0.090, acc= 97.3% | time= 37.8ms | Valid: loss=3.337, acc= 52.0% |
Epoch   5 | Client   9 | Train: loss=0.003, acc=100.0% | time= 37.8ms | Valid: loss=2.842, acc= 48.0% |
----------------------------------------
G-Epoch:  40, Test: loss=1.808 , acc= 63.7%
****************************************
Task:   0, G-Epoch:  40, Test: loss=1.772 , acc= 65.0%
Task:   1, G-Epoch:  40, Test: loss=2.313 , acc=  8.9%
Task:   2, G-Epoch:  40, Test: loss=2.315 , acc=  9.2%
Task:   3, G-Epoch:  40, Test: loss=2.309 , acc= 12.3%
Task:   4, G-Epoch:  40, Test: loss=2.308 , acc= 10.0%
Task:   5, G-Epoch:  40, Test: loss=2.300 , acc=  8.8%
Task:   6, G-Epoch:  40, Test: loss=2.309 , acc=  8.6%
Task:   7, G-Epoch:  40, Test: loss=2.305 , acc= 12.5%
Task:   8, G-Epoch:  40, Test: loss=2.310 , acc=  8.8%
Task:   9, G-Epoch:  40, Test: loss=2.311 , acc=  9.6%
{0: [39.3, 45.7, 48.7, 48.8, 51.1, 52.3, 53.9, 51.6, 55.6, 54.8, 53.3, 54.9, 58.1, 57.8, 55.8, 58.5, 58.6, 58.9, 57.4, 60.4, 61.3, 56.9, 60.1, 60.2, 60.8, 60.2, 60.8, 61.6, 61.5, 61.0, 62.5, 62.5, 64.4, 61.7, 62.6, 62.6, 63.1, 63.9, 65.4, 63.5, 65.0], 1: [10.2, 9.5, 11.1, 11.0, 9.3, 10.0, 10.6, 10.7, 11.2, 8.9, 9.1, 10.8, 10.8, 10.3, 9.9, 9.1, 11.7, 10.1, 10.2, 11.4, 8.8, 9.8, 10.9, 9.7, 9.2, 9.7, 10.1, 9.5, 9.9, 9.0, 9.4, 9.2, 9.6, 8.9, 9.1, 8.4, 8.4, 8.8, 10.2, 8.7, 8.9], 2: [10.3, 10.5, 9.7, 11.4, 11.1, 9.9, 8.6, 8.9, 9.1, 8.7, 9.4, 9.6, 7.7, 10.1, 10.4, 8.9, 9.1, 9.5, 10.8, 8.4, 8.5, 8.8, 9.1, 8.5, 9.7, 10.0, 9.4, 9.9, 9.9, 9.5, 8.9, 8.9, 9.1, 9.7, 9.7, 9.8, 9.4, 9.9, 9.1, 9.1, 9.2], 3: [10.3, 9.9, 8.6, 9.7, 9.2, 9.4, 9.3, 10.7, 11.6, 11.0, 11.6, 11.9, 11.3, 11.4, 12.4, 11.7, 11.1, 11.2, 11.9, 12.5, 13.1, 12.2, 13.1, 12.0, 12.6, 11.9, 12.0, 12.8, 13.5, 12.1, 12.1, 11.7, 11.8, 12.4, 12.6, 11.4, 12.7, 13.3, 13.2, 12.1, 12.3], 4: [11.0, 10.0, 10.7, 9.8, 10.8, 10.1, 10.0, 10.9, 10.2, 10.0, 10.2, 9.9, 9.6, 9.1, 8.8, 10.7, 9.8, 9.2, 9.6, 10.3, 8.5, 10.1, 9.6, 9.5, 9.6, 10.4, 10.6, 9.3, 8.9, 8.8, 9.3, 10.3, 10.1, 11.1, 9.8, 11.7, 9.9, 9.1, 10.5, 10.7, 10.0], 5: [9.1, 9.4, 10.6, 12.1, 10.5, 10.8, 11.3, 10.7, 10.6, 12.6, 12.5, 11.6, 11.5, 11.1, 10.8, 10.5, 11.1, 11.6, 10.7, 11.8, 10.6, 11.0, 10.2, 10.9, 9.6, 10.6, 9.6, 10.5, 9.3, 8.3, 9.5, 9.2, 9.6, 10.2, 9.2, 9.2, 10.1, 8.9, 9.3, 8.5, 8.8], 6: [10.1, 9.9, 12.1, 10.8, 10.4, 9.4, 9.2, 10.1, 11.1, 9.8, 10.4, 11.0, 10.9, 11.0, 13.0, 12.2, 10.5, 11.5, 10.0, 11.8, 9.6, 11.3, 10.6, 9.3, 9.4, 9.0, 10.5, 9.3, 10.4, 9.4, 9.4, 9.5, 10.3, 10.1, 8.4, 8.6, 10.3, 8.7, 9.1, 9.7, 8.6], 7: [9.2, 9.7, 10.3, 11.8, 11.8, 11.2, 12.2, 11.5, 10.8, 11.1, 12.2, 11.9, 11.9, 13.4, 12.9, 13.1, 14.1, 12.3, 12.7, 13.3, 11.4, 13.4, 12.8, 12.6, 12.6, 13.0, 13.0, 12.7, 13.0, 11.7, 11.9, 11.9, 12.3, 12.7, 13.8, 12.9, 13.4, 13.5, 12.5, 12.3, 12.5], 8: [7.8, 10.2, 9.5, 11.9, 11.6, 10.8, 9.4, 10.0, 9.6, 10.5, 9.9, 9.9, 10.2, 9.4, 9.8, 8.7, 9.4, 8.8, 9.6, 8.2, 8.0, 8.7, 9.1, 8.8, 8.9, 10.2, 8.3, 8.4, 7.6, 8.6, 8.3, 7.2, 8.5, 8.7, 7.7, 8.7, 8.3, 8.4, 8.6, 8.4, 8.8], 9: [10.4, 10.8, 9.5, 9.8, 8.9, 8.8, 8.5, 10.6, 9.6, 10.0, 6.8, 8.7, 10.7, 8.9, 9.7, 7.7, 9.0, 9.4, 10.0, 9.5, 9.7, 9.6, 9.4, 8.5, 7.3, 7.6, 9.7, 10.0, 8.1, 9.8, 11.0, 8.9, 10.3, 9.3, 10.3, 8.9, 9.3, 9.7, 10.8, 10.0, 9.6]}
Epoch   1 | Client   0 | Train: loss=0.058, acc= 98.3% | time= 38.5ms | Valid: loss=1.742, acc= 68.0% |
Epoch   2 | Client   0 | Train: loss=0.016, acc= 99.4% | time= 37.1ms | Valid: loss=1.842, acc= 64.0% |
Epoch   3 | Client   0 | Train: loss=0.254, acc= 95.4% | time= 39.7ms | Valid: loss=1.806, acc= 60.0% |
Epoch   4 | Client   0 | Train: loss=0.023, acc= 99.2% | time= 37.7ms | Valid: loss=1.750, acc= 60.0% |
Epoch   5 | Client   0 | Train: loss=0.238, acc= 94.1% | time= 36.5ms | Valid: loss=2.719, acc= 60.0% |
Epoch   1 | Client   1 | Train: loss=0.011, acc= 99.8% | time= 39.6ms | Valid: loss=1.832, acc= 64.0% |
Epoch   2 | Client   1 | Train: loss=0.005, acc= 99.8% | time= 38.3ms | Valid: loss=1.604, acc= 72.0% |
Epoch   3 | Client   1 | Train: loss=0.002, acc=100.0% | time= 40.3ms | Valid: loss=1.950, acc= 64.0% |
Epoch   4 | Client   1 | Train: loss=0.012, acc= 99.4% | time= 37.4ms | Valid: loss=2.044, acc= 56.0% |
Epoch   5 | Client   1 | Train: loss=0.001, acc=100.0% | time= 37.2ms | Valid: loss=1.736, acc= 72.0% |
Epoch   1 | Client   2 | Train: loss=0.012, acc= 99.4% | time= 39.4ms | Valid: loss=2.034, acc= 64.0% |
Epoch   2 | Client   2 | Train: loss=0.053, acc= 98.1% | time= 38.0ms | Valid: loss=2.775, acc= 48.0% |
Epoch   3 | Client   2 | Train: loss=0.048, acc= 97.7% | time= 38.2ms | Valid: loss=3.060, acc= 52.0% |
Epoch   4 | Client   2 | Train: loss=0.020, acc= 99.2% | time= 39.3ms | Valid: loss=2.190, acc= 64.0% |
Epoch   5 | Client   2 | Train: loss=0.174, acc= 95.2% | time= 37.3ms | Valid: loss=2.625, acc= 56.0% |
Epoch   1 | Client   3 | Train: loss=0.030, acc= 98.5% | time= 39.5ms | Valid: loss=1.620, acc= 56.0% |
Epoch   2 | Client   3 | Train: loss=0.008, acc= 99.8% | time= 38.0ms | Valid: loss=2.098, acc= 56.0% |
Epoch   3 | Client   3 | Train: loss=0.021, acc= 99.4% | time= 38.1ms | Valid: loss=2.054, acc= 60.0% |
Epoch   4 | Client   3 | Train: loss=0.009, acc=100.0% | time= 37.9ms | Valid: loss=2.130, acc= 60.0% |
Epoch   5 | Client   3 | Train: loss=0.003, acc= 99.8% | time= 37.7ms | Valid: loss=2.269, acc= 48.0% |
Epoch   1 | Client   4 | Train: loss=0.031, acc= 98.5% | time= 39.5ms | Valid: loss=1.354, acc= 64.0% |
Epoch   2 | Client   4 | Train: loss=0.011, acc= 99.6% | time= 38.0ms | Valid: loss=2.047, acc= 56.0% |
Epoch   3 | Client   4 | Train: loss=0.131, acc= 97.1% | time= 37.8ms | Valid: loss=1.860, acc= 56.0% |
Epoch   4 | Client   4 | Train: loss=0.027, acc= 99.2% | time= 37.4ms | Valid: loss=1.331, acc= 72.0% |
Epoch   5 | Client   4 | Train: loss=0.010, acc= 99.6% | time= 37.1ms | Valid: loss=1.316, acc= 64.0% |
Epoch   1 | Client   5 | Train: loss=0.041, acc= 98.5% | time= 39.7ms | Valid: loss=2.217, acc= 68.0% |
Epoch   2 | Client   5 | Train: loss=0.003, acc=100.0% | time= 38.0ms | Valid: loss=0.974, acc= 72.0% |
Epoch   3 | Client   5 | Train: loss=0.312, acc= 92.8% | time= 37.8ms | Valid: loss=2.010, acc= 68.0% |
Epoch   4 | Client   5 | Train: loss=0.026, acc= 99.2% | time= 37.4ms | Valid: loss=1.488, acc= 72.0% |
Epoch   5 | Client   5 | Train: loss=0.021, acc= 99.6% | time= 36.6ms | Valid: loss=1.203, acc= 76.0% |
Epoch   1 | Client   6 | Train: loss=0.141, acc= 95.4% | time= 49.2ms | Valid: loss=1.943, acc= 72.0% |
Epoch   2 | Client   6 | Train: loss=0.074, acc= 97.9% | time= 36.1ms | Valid: loss=2.308, acc= 68.0% |
Epoch   3 | Client   6 | Train: loss=0.068, acc= 97.5% | time= 36.1ms | Valid: loss=2.163, acc= 60.0% |
Epoch   4 | Client   6 | Train: loss=0.005, acc=100.0% | time= 36.5ms | Valid: loss=2.356, acc= 60.0% |
Epoch   5 | Client   6 | Train: loss=0.111, acc= 95.6% | time= 34.3ms | Valid: loss=2.252, acc= 52.0% |
Epoch   1 | Client   7 | Train: loss=0.197, acc= 94.3% | time= 39.8ms | Valid: loss=2.595, acc= 64.0% |
Epoch   2 | Client   7 | Train: loss=0.011, acc= 99.8% | time= 37.6ms | Valid: loss=2.346, acc= 60.0% |
Epoch   3 | Client   7 | Train: loss=0.144, acc= 96.4% | time= 37.9ms | Valid: loss=2.312, acc= 68.0% |
Epoch   4 | Client   7 | Train: loss=0.099, acc= 96.8% | time= 37.8ms | Valid: loss=1.536, acc= 60.0% |
Epoch   5 | Client   7 | Train: loss=0.037, acc= 98.9% | time= 36.2ms | Valid: loss=2.387, acc= 68.0% |
Epoch   1 | Client   8 | Train: loss=0.044, acc= 98.1% | time= 40.2ms | Valid: loss=2.213, acc= 64.0% |
Epoch   2 | Client   8 | Train: loss=0.051, acc= 97.7% | time= 36.6ms | Valid: loss=3.182, acc= 60.0% |
Epoch   3 | Client   8 | Train: loss=0.151, acc= 94.9% | time= 36.6ms | Valid: loss=2.658, acc= 56.0% |
Epoch   4 | Client   8 | Train: loss=0.075, acc= 98.3% | time= 35.7ms | Valid: loss=2.776, acc= 64.0% |
Epoch   5 | Client   8 | Train: loss=0.282, acc= 93.5% | time= 35.6ms | Valid: loss=2.583, acc= 52.0% |
Epoch   1 | Client   9 | Train: loss=0.026, acc= 98.7% | time= 37.8ms | Valid: loss=2.636, acc= 48.0% |
Epoch   2 | Client   9 | Train: loss=0.005, acc=100.0% | time= 36.6ms | Valid: loss=2.376, acc= 48.0% |
Epoch   3 | Client   9 | Train: loss=0.240, acc= 94.5% | time= 36.2ms | Valid: loss=3.223, acc= 40.0% |
Epoch   4 | Client   9 | Train: loss=0.283, acc= 92.0% | time= 38.1ms | Valid: loss=3.199, acc= 48.0% |
Epoch   5 | Client   9 | Train: loss=0.029, acc= 99.4% | time= 36.8ms | Valid: loss=2.226, acc= 56.0% |
----------------------------------------
G-Epoch:  41, Test: loss=1.907 , acc= 63.3%
****************************************
Task:   0, G-Epoch:  41, Test: loss=1.922 , acc= 63.8%
Task:   1, G-Epoch:  41, Test: loss=2.313 , acc= 10.8%
Task:   2, G-Epoch:  41, Test: loss=2.313 , acc=  9.9%
Task:   3, G-Epoch:  41, Test: loss=2.310 , acc= 12.5%
Task:   4, G-Epoch:  41, Test: loss=2.308 , acc= 10.0%
Task:   5, G-Epoch:  41, Test: loss=2.296 , acc=  9.3%
Task:   6, G-Epoch:  41, Test: loss=2.305 , acc=  9.3%
Task:   7, G-Epoch:  41, Test: loss=2.305 , acc= 12.8%
Task:   8, G-Epoch:  41, Test: loss=2.308 , acc=  7.8%
Task:   9, G-Epoch:  41, Test: loss=2.312 , acc=  9.6%
{0: [39.3, 45.7, 48.7, 48.8, 51.1, 52.3, 53.9, 51.6, 55.6, 54.8, 53.3, 54.9, 58.1, 57.8, 55.8, 58.5, 58.6, 58.9, 57.4, 60.4, 61.3, 56.9, 60.1, 60.2, 60.8, 60.2, 60.8, 61.6, 61.5, 61.0, 62.5, 62.5, 64.4, 61.7, 62.6, 62.6, 63.1, 63.9, 65.4, 63.5, 65.0, 63.8], 1: [10.2, 9.5, 11.1, 11.0, 9.3, 10.0, 10.6, 10.7, 11.2, 8.9, 9.1, 10.8, 10.8, 10.3, 9.9, 9.1, 11.7, 10.1, 10.2, 11.4, 8.8, 9.8, 10.9, 9.7, 9.2, 9.7, 10.1, 9.5, 9.9, 9.0, 9.4, 9.2, 9.6, 8.9, 9.1, 8.4, 8.4, 8.8, 10.2, 8.7, 8.9, 10.8], 2: [10.3, 10.5, 9.7, 11.4, 11.1, 9.9, 8.6, 8.9, 9.1, 8.7, 9.4, 9.6, 7.7, 10.1, 10.4, 8.9, 9.1, 9.5, 10.8, 8.4, 8.5, 8.8, 9.1, 8.5, 9.7, 10.0, 9.4, 9.9, 9.9, 9.5, 8.9, 8.9, 9.1, 9.7, 9.7, 9.8, 9.4, 9.9, 9.1, 9.1, 9.2, 9.9], 3: [10.3, 9.9, 8.6, 9.7, 9.2, 9.4, 9.3, 10.7, 11.6, 11.0, 11.6, 11.9, 11.3, 11.4, 12.4, 11.7, 11.1, 11.2, 11.9, 12.5, 13.1, 12.2, 13.1, 12.0, 12.6, 11.9, 12.0, 12.8, 13.5, 12.1, 12.1, 11.7, 11.8, 12.4, 12.6, 11.4, 12.7, 13.3, 13.2, 12.1, 12.3, 12.5], 4: [11.0, 10.0, 10.7, 9.8, 10.8, 10.1, 10.0, 10.9, 10.2, 10.0, 10.2, 9.9, 9.6, 9.1, 8.8, 10.7, 9.8, 9.2, 9.6, 10.3, 8.5, 10.1, 9.6, 9.5, 9.6, 10.4, 10.6, 9.3, 8.9, 8.8, 9.3, 10.3, 10.1, 11.1, 9.8, 11.7, 9.9, 9.1, 10.5, 10.7, 10.0, 10.0], 5: [9.1, 9.4, 10.6, 12.1, 10.5, 10.8, 11.3, 10.7, 10.6, 12.6, 12.5, 11.6, 11.5, 11.1, 10.8, 10.5, 11.1, 11.6, 10.7, 11.8, 10.6, 11.0, 10.2, 10.9, 9.6, 10.6, 9.6, 10.5, 9.3, 8.3, 9.5, 9.2, 9.6, 10.2, 9.2, 9.2, 10.1, 8.9, 9.3, 8.5, 8.8, 9.3], 6: [10.1, 9.9, 12.1, 10.8, 10.4, 9.4, 9.2, 10.1, 11.1, 9.8, 10.4, 11.0, 10.9, 11.0, 13.0, 12.2, 10.5, 11.5, 10.0, 11.8, 9.6, 11.3, 10.6, 9.3, 9.4, 9.0, 10.5, 9.3, 10.4, 9.4, 9.4, 9.5, 10.3, 10.1, 8.4, 8.6, 10.3, 8.7, 9.1, 9.7, 8.6, 9.3], 7: [9.2, 9.7, 10.3, 11.8, 11.8, 11.2, 12.2, 11.5, 10.8, 11.1, 12.2, 11.9, 11.9, 13.4, 12.9, 13.1, 14.1, 12.3, 12.7, 13.3, 11.4, 13.4, 12.8, 12.6, 12.6, 13.0, 13.0, 12.7, 13.0, 11.7, 11.9, 11.9, 12.3, 12.7, 13.8, 12.9, 13.4, 13.5, 12.5, 12.3, 12.5, 12.8], 8: [7.8, 10.2, 9.5, 11.9, 11.6, 10.8, 9.4, 10.0, 9.6, 10.5, 9.9, 9.9, 10.2, 9.4, 9.8, 8.7, 9.4, 8.8, 9.6, 8.2, 8.0, 8.7, 9.1, 8.8, 8.9, 10.2, 8.3, 8.4, 7.6, 8.6, 8.3, 7.2, 8.5, 8.7, 7.7, 8.7, 8.3, 8.4, 8.6, 8.4, 8.8, 7.8], 9: [10.4, 10.8, 9.5, 9.8, 8.9, 8.8, 8.5, 10.6, 9.6, 10.0, 6.8, 8.7, 10.7, 8.9, 9.7, 7.7, 9.0, 9.4, 10.0, 9.5, 9.7, 9.6, 9.4, 8.5, 7.3, 7.6, 9.7, 10.0, 8.1, 9.8, 11.0, 8.9, 10.3, 9.3, 10.3, 8.9, 9.3, 9.7, 10.8, 10.0, 9.6, 9.6]}
Epoch   1 | Client   0 | Train: loss=0.098, acc= 96.8% | time= 46.8ms | Valid: loss=1.752, acc= 68.0% |
Epoch   2 | Client   0 | Train: loss=0.015, acc= 99.8% | time= 47.3ms | Valid: loss=1.383, acc= 68.0% |
Epoch   3 | Client   0 | Train: loss=0.008, acc=100.0% | time= 47.4ms | Valid: loss=1.232, acc= 80.0% |
Epoch   4 | Client   0 | Train: loss=0.071, acc= 98.1% | time= 47.3ms | Valid: loss=1.938, acc= 68.0% |
Epoch   5 | Client   0 | Train: loss=0.008, acc= 99.8% | time= 37.0ms | Valid: loss=1.609, acc= 76.0% |
Epoch   1 | Client   1 | Train: loss=0.027, acc= 99.6% | time= 42.7ms | Valid: loss=1.171, acc= 72.0% |
Epoch   2 | Client   1 | Train: loss=0.100, acc= 97.3% | time= 41.1ms | Valid: loss=2.003, acc= 60.0% |
Epoch   3 | Client   1 | Train: loss=0.007, acc= 99.8% | time= 43.2ms | Valid: loss=2.060, acc= 64.0% |
Epoch   4 | Client   1 | Train: loss=0.195, acc= 94.5% | time= 41.5ms | Valid: loss=2.712, acc= 56.0% |
Epoch   5 | Client   1 | Train: loss=0.142, acc= 95.8% | time= 42.6ms | Valid: loss=1.265, acc= 64.0% |
Epoch   1 | Client   2 | Train: loss=0.003, acc=100.0% | time= 45.4ms | Valid: loss=2.404, acc= 52.0% |
Epoch   2 | Client   2 | Train: loss=0.035, acc= 99.2% | time= 38.0ms | Valid: loss=3.066, acc= 52.0% |
Epoch   3 | Client   2 | Train: loss=0.282, acc= 93.3% | time= 39.8ms | Valid: loss=4.132, acc= 44.0% |
Epoch   4 | Client   2 | Train: loss=0.176, acc= 94.7% | time= 37.4ms | Valid: loss=3.336, acc= 40.0% |
Epoch   5 | Client   2 | Train: loss=0.031, acc= 98.7% | time= 37.1ms | Valid: loss=2.971, acc= 32.0% |
Epoch   1 | Client   3 | Train: loss=0.002, acc=100.0% | time= 47.1ms | Valid: loss=2.194, acc= 56.0% |
Epoch   2 | Client   3 | Train: loss=0.006, acc= 99.8% | time= 57.0ms | Valid: loss=2.561, acc= 56.0% |
Epoch   3 | Client   3 | Train: loss=0.002, acc=100.0% | time= 45.7ms | Valid: loss=1.884, acc= 56.0% |
Epoch   4 | Client   3 | Train: loss=0.199, acc= 95.8% | time= 38.4ms | Valid: loss=2.825, acc= 56.0% |
Epoch   5 | Client   3 | Train: loss=0.006, acc= 99.8% | time= 38.0ms | Valid: loss=2.339, acc= 56.0% |
Epoch   1 | Client   4 | Train: loss=0.039, acc= 98.9% | time= 40.9ms | Valid: loss=1.393, acc= 76.0% |
Epoch   2 | Client   4 | Train: loss=0.027, acc= 98.9% | time= 37.9ms | Valid: loss=2.306, acc= 52.0% |
Epoch   3 | Client   4 | Train: loss=0.002, acc=100.0% | time= 37.9ms | Valid: loss=2.216, acc= 60.0% |
Epoch   4 | Client   4 | Train: loss=0.005, acc= 99.8% | time= 37.8ms | Valid: loss=1.948, acc= 68.0% |
Epoch   5 | Client   4 | Train: loss=0.002, acc=100.0% | time= 36.6ms | Valid: loss=2.118, acc= 68.0% |
Epoch   1 | Client   5 | Train: loss=0.026, acc= 98.7% | time= 47.9ms | Valid: loss=1.259, acc= 80.0% |
Epoch   2 | Client   5 | Train: loss=0.070, acc= 98.1% | time= 39.8ms | Valid: loss=1.226, acc= 76.0% |
Epoch   3 | Client   5 | Train: loss=0.008, acc= 99.8% | time= 39.6ms | Valid: loss=1.120, acc= 72.0% |
Epoch   4 | Client   5 | Train: loss=0.006, acc=100.0% | time= 39.5ms | Valid: loss=0.833, acc= 80.0% |
Epoch   5 | Client   5 | Train: loss=0.025, acc= 99.4% | time= 41.2ms | Valid: loss=0.705, acc= 76.0% |
Epoch   1 | Client   6 | Train: loss=0.308, acc= 94.1% | time= 39.0ms | Valid: loss=2.706, acc= 56.0% |
Epoch   2 | Client   6 | Train: loss=0.070, acc= 98.7% | time= 48.0ms | Valid: loss=2.155, acc= 64.0% |
Epoch   3 | Client   6 | Train: loss=0.140, acc= 95.2% | time= 47.7ms | Valid: loss=2.529, acc= 52.0% |
Epoch   4 | Client   6 | Train: loss=0.016, acc= 99.6% | time= 48.0ms | Valid: loss=2.316, acc= 68.0% |
Epoch   5 | Client   6 | Train: loss=0.004, acc=100.0% | time= 47.7ms | Valid: loss=2.467, acc= 68.0% |
Epoch   1 | Client   7 | Train: loss=0.070, acc= 97.9% | time= 38.2ms | Valid: loss=3.152, acc= 56.0% |
Epoch   2 | Client   7 | Train: loss=0.005, acc= 99.8% | time= 37.8ms | Valid: loss=1.970, acc= 68.0% |
Epoch   3 | Client   7 | Train: loss=0.021, acc= 99.4% | time= 36.9ms | Valid: loss=2.249, acc= 68.0% |
Epoch   4 | Client   7 | Train: loss=0.004, acc=100.0% | time= 37.8ms | Valid: loss=2.198, acc= 68.0% |
Epoch   5 | Client   7 | Train: loss=0.008, acc= 99.8% | time= 35.3ms | Valid: loss=2.250, acc= 64.0% |
Epoch   1 | Client   8 | Train: loss=0.039, acc= 98.7% | time= 38.8ms | Valid: loss=2.182, acc= 64.0% |
Epoch   2 | Client   8 | Train: loss=0.025, acc= 98.9% | time= 37.2ms | Valid: loss=2.118, acc= 56.0% |
Epoch   3 | Client   8 | Train: loss=0.010, acc= 99.8% | time= 40.4ms | Valid: loss=2.143, acc= 72.0% |
Epoch   4 | Client   8 | Train: loss=0.013, acc= 99.6% | time= 47.4ms | Valid: loss=1.964, acc= 68.0% |
Epoch   5 | Client   8 | Train: loss=0.015, acc= 99.6% | time= 47.2ms | Valid: loss=2.711, acc= 60.0% |
Epoch   1 | Client   9 | Train: loss=0.065, acc= 98.1% | time= 38.9ms | Valid: loss=1.578, acc= 60.0% |
Epoch   2 | Client   9 | Train: loss=0.274, acc= 93.5% | time= 36.9ms | Valid: loss=2.711, acc= 32.0% |
Epoch   3 | Client   9 | Train: loss=0.033, acc= 98.5% | time= 38.4ms | Valid: loss=2.807, acc= 48.0% |
Epoch   4 | Client   9 | Train: loss=0.402, acc= 86.9% | time= 37.1ms | Valid: loss=3.059, acc= 52.0% |
Epoch   5 | Client   9 | Train: loss=0.023, acc= 98.9% | time= 34.8ms | Valid: loss=2.871, acc= 48.0% |
----------------------------------------
G-Epoch:  42, Test: loss=1.773 , acc= 63.3%
****************************************
Task:   0, G-Epoch:  42, Test: loss=1.742 , acc= 64.1%
Task:   1, G-Epoch:  42, Test: loss=2.316 , acc=  8.1%
Task:   2, G-Epoch:  42, Test: loss=2.315 , acc=  9.7%
Task:   3, G-Epoch:  42, Test: loss=2.306 , acc= 13.4%
Task:   4, G-Epoch:  42, Test: loss=2.306 , acc=  9.9%
Task:   5, G-Epoch:  42, Test: loss=2.297 , acc=  9.1%
Task:   6, G-Epoch:  42, Test: loss=2.305 , acc=  9.1%
Task:   7, G-Epoch:  42, Test: loss=2.307 , acc= 11.2%
Task:   8, G-Epoch:  42, Test: loss=2.307 , acc=  8.8%
Task:   9, G-Epoch:  42, Test: loss=2.310 , acc= 10.1%
{0: [39.3, 45.7, 48.7, 48.8, 51.1, 52.3, 53.9, 51.6, 55.6, 54.8, 53.3, 54.9, 58.1, 57.8, 55.8, 58.5, 58.6, 58.9, 57.4, 60.4, 61.3, 56.9, 60.1, 60.2, 60.8, 60.2, 60.8, 61.6, 61.5, 61.0, 62.5, 62.5, 64.4, 61.7, 62.6, 62.6, 63.1, 63.9, 65.4, 63.5, 65.0, 63.8, 64.1], 1: [10.2, 9.5, 11.1, 11.0, 9.3, 10.0, 10.6, 10.7, 11.2, 8.9, 9.1, 10.8, 10.8, 10.3, 9.9, 9.1, 11.7, 10.1, 10.2, 11.4, 8.8, 9.8, 10.9, 9.7, 9.2, 9.7, 10.1, 9.5, 9.9, 9.0, 9.4, 9.2, 9.6, 8.9, 9.1, 8.4, 8.4, 8.8, 10.2, 8.7, 8.9, 10.8, 8.1], 2: [10.3, 10.5, 9.7, 11.4, 11.1, 9.9, 8.6, 8.9, 9.1, 8.7, 9.4, 9.6, 7.7, 10.1, 10.4, 8.9, 9.1, 9.5, 10.8, 8.4, 8.5, 8.8, 9.1, 8.5, 9.7, 10.0, 9.4, 9.9, 9.9, 9.5, 8.9, 8.9, 9.1, 9.7, 9.7, 9.8, 9.4, 9.9, 9.1, 9.1, 9.2, 9.9, 9.7], 3: [10.3, 9.9, 8.6, 9.7, 9.2, 9.4, 9.3, 10.7, 11.6, 11.0, 11.6, 11.9, 11.3, 11.4, 12.4, 11.7, 11.1, 11.2, 11.9, 12.5, 13.1, 12.2, 13.1, 12.0, 12.6, 11.9, 12.0, 12.8, 13.5, 12.1, 12.1, 11.7, 11.8, 12.4, 12.6, 11.4, 12.7, 13.3, 13.2, 12.1, 12.3, 12.5, 13.4], 4: [11.0, 10.0, 10.7, 9.8, 10.8, 10.1, 10.0, 10.9, 10.2, 10.0, 10.2, 9.9, 9.6, 9.1, 8.8, 10.7, 9.8, 9.2, 9.6, 10.3, 8.5, 10.1, 9.6, 9.5, 9.6, 10.4, 10.6, 9.3, 8.9, 8.8, 9.3, 10.3, 10.1, 11.1, 9.8, 11.7, 9.9, 9.1, 10.5, 10.7, 10.0, 10.0, 9.9], 5: [9.1, 9.4, 10.6, 12.1, 10.5, 10.8, 11.3, 10.7, 10.6, 12.6, 12.5, 11.6, 11.5, 11.1, 10.8, 10.5, 11.1, 11.6, 10.7, 11.8, 10.6, 11.0, 10.2, 10.9, 9.6, 10.6, 9.6, 10.5, 9.3, 8.3, 9.5, 9.2, 9.6, 10.2, 9.2, 9.2, 10.1, 8.9, 9.3, 8.5, 8.8, 9.3, 9.1], 6: [10.1, 9.9, 12.1, 10.8, 10.4, 9.4, 9.2, 10.1, 11.1, 9.8, 10.4, 11.0, 10.9, 11.0, 13.0, 12.2, 10.5, 11.5, 10.0, 11.8, 9.6, 11.3, 10.6, 9.3, 9.4, 9.0, 10.5, 9.3, 10.4, 9.4, 9.4, 9.5, 10.3, 10.1, 8.4, 8.6, 10.3, 8.7, 9.1, 9.7, 8.6, 9.3, 9.1], 7: [9.2, 9.7, 10.3, 11.8, 11.8, 11.2, 12.2, 11.5, 10.8, 11.1, 12.2, 11.9, 11.9, 13.4, 12.9, 13.1, 14.1, 12.3, 12.7, 13.3, 11.4, 13.4, 12.8, 12.6, 12.6, 13.0, 13.0, 12.7, 13.0, 11.7, 11.9, 11.9, 12.3, 12.7, 13.8, 12.9, 13.4, 13.5, 12.5, 12.3, 12.5, 12.8, 11.2], 8: [7.8, 10.2, 9.5, 11.9, 11.6, 10.8, 9.4, 10.0, 9.6, 10.5, 9.9, 9.9, 10.2, 9.4, 9.8, 8.7, 9.4, 8.8, 9.6, 8.2, 8.0, 8.7, 9.1, 8.8, 8.9, 10.2, 8.3, 8.4, 7.6, 8.6, 8.3, 7.2, 8.5, 8.7, 7.7, 8.7, 8.3, 8.4, 8.6, 8.4, 8.8, 7.8, 8.8], 9: [10.4, 10.8, 9.5, 9.8, 8.9, 8.8, 8.5, 10.6, 9.6, 10.0, 6.8, 8.7, 10.7, 8.9, 9.7, 7.7, 9.0, 9.4, 10.0, 9.5, 9.7, 9.6, 9.4, 8.5, 7.3, 7.6, 9.7, 10.0, 8.1, 9.8, 11.0, 8.9, 10.3, 9.3, 10.3, 8.9, 9.3, 9.7, 10.8, 10.0, 9.6, 9.6, 10.1]}
Epoch   1 | Client   0 | Train: loss=0.016, acc= 99.6% | time= 36.8ms | Valid: loss=1.592, acc= 72.0% |
Epoch   2 | Client   0 | Train: loss=0.067, acc= 98.3% | time= 35.7ms | Valid: loss=1.314, acc= 68.0% |
Epoch   3 | Client   0 | Train: loss=0.003, acc=100.0% | time= 36.6ms | Valid: loss=1.770, acc= 68.0% |
Epoch   4 | Client   0 | Train: loss=0.039, acc= 98.9% | time= 37.3ms | Valid: loss=1.703, acc= 76.0% |
Epoch   5 | Client   0 | Train: loss=0.011, acc= 99.8% | time= 36.8ms | Valid: loss=1.615, acc= 68.0% |
Epoch   1 | Client   1 | Train: loss=0.049, acc= 98.1% | time= 39.3ms | Valid: loss=2.141, acc= 56.0% |
Epoch   2 | Client   1 | Train: loss=0.071, acc= 97.7% | time= 38.0ms | Valid: loss=1.775, acc= 56.0% |
Epoch   3 | Client   1 | Train: loss=0.021, acc= 99.6% | time= 37.9ms | Valid: loss=2.057, acc= 60.0% |
Epoch   4 | Client   1 | Train: loss=0.009, acc= 99.8% | time= 37.2ms | Valid: loss=1.797, acc= 60.0% |
Epoch   5 | Client   1 | Train: loss=0.015, acc= 99.8% | time= 39.9ms | Valid: loss=1.859, acc= 60.0% |
Epoch   1 | Client   2 | Train: loss=0.042, acc= 98.7% | time= 39.7ms | Valid: loss=2.354, acc= 60.0% |
Epoch   2 | Client   2 | Train: loss=0.010, acc= 99.8% | time= 38.7ms | Valid: loss=2.332, acc= 60.0% |
Epoch   3 | Client   2 | Train: loss=0.003, acc=100.0% | time= 39.7ms | Valid: loss=1.991, acc= 64.0% |
Epoch   4 | Client   2 | Train: loss=0.001, acc=100.0% | time= 40.9ms | Valid: loss=2.166, acc= 56.0% |
Epoch   5 | Client   2 | Train: loss=0.013, acc= 99.4% | time= 41.1ms | Valid: loss=1.963, acc= 64.0% |
Epoch   1 | Client   3 | Train: loss=0.026, acc= 98.7% | time= 49.8ms | Valid: loss=2.188, acc= 56.0% |
Epoch   2 | Client   3 | Train: loss=0.024, acc= 99.6% | time= 38.8ms | Valid: loss=1.682, acc= 68.0% |
Epoch   3 | Client   3 | Train: loss=0.282, acc= 93.7% | time= 41.4ms | Valid: loss=2.665, acc= 52.0% |
Epoch   4 | Client   3 | Train: loss=0.042, acc= 97.9% | time= 40.8ms | Valid: loss=1.494, acc= 64.0% |
Epoch   5 | Client   3 | Train: loss=0.031, acc= 99.2% | time= 40.9ms | Valid: loss=1.743, acc= 60.0% |
Epoch   1 | Client   4 | Train: loss=0.134, acc= 95.8% | time= 40.5ms | Valid: loss=1.903, acc= 68.0% |
Epoch   2 | Client   4 | Train: loss=0.014, acc= 99.8% | time= 39.1ms | Valid: loss=1.627, acc= 60.0% |
Epoch   3 | Client   4 | Train: loss=0.170, acc= 94.3% | time= 39.0ms | Valid: loss=2.303, acc= 56.0% |
Epoch   4 | Client   4 | Train: loss=0.090, acc= 97.7% | time= 38.7ms | Valid: loss=2.243, acc= 60.0% |
Epoch   5 | Client   4 | Train: loss=0.188, acc= 95.2% | time= 41.1ms | Valid: loss=2.088, acc= 56.0% |
Epoch   1 | Client   5 | Train: loss=0.010, acc= 99.8% | time= 40.5ms | Valid: loss=1.141, acc= 76.0% |
Epoch   2 | Client   5 | Train: loss=0.003, acc=100.0% | time= 39.4ms | Valid: loss=1.035, acc= 76.0% |
Epoch   3 | Client   5 | Train: loss=0.002, acc=100.0% | time= 36.7ms | Valid: loss=1.056, acc= 80.0% |
Epoch   4 | Client   5 | Train: loss=0.010, acc= 99.8% | time= 35.9ms | Valid: loss=1.285, acc= 72.0% |
Epoch   5 | Client   5 | Train: loss=0.019, acc= 99.2% | time= 47.1ms | Valid: loss=1.969, acc= 68.0% |
Epoch   1 | Client   6 | Train: loss=0.041, acc= 98.7% | time= 41.6ms | Valid: loss=2.532, acc= 64.0% |
Epoch   2 | Client   6 | Train: loss=0.308, acc= 92.8% | time= 45.1ms | Valid: loss=2.662, acc= 56.0% |
Epoch   3 | Client   6 | Train: loss=0.054, acc= 98.3% | time= 38.8ms | Valid: loss=2.549, acc= 56.0% |
Epoch   4 | Client   6 | Train: loss=0.086, acc= 96.6% | time= 38.3ms | Valid: loss=2.382, acc= 64.0% |
Epoch   5 | Client   6 | Train: loss=0.018, acc= 99.8% | time= 38.0ms | Valid: loss=2.269, acc= 64.0% |
Epoch   1 | Client   7 | Train: loss=0.051, acc= 98.3% | time= 38.8ms | Valid: loss=2.331, acc= 76.0% |
Epoch   2 | Client   7 | Train: loss=0.007, acc= 99.8% | time= 36.5ms | Valid: loss=2.472, acc= 68.0% |
Epoch   3 | Client   7 | Train: loss=0.002, acc=100.0% | time= 36.4ms | Valid: loss=2.470, acc= 64.0% |
Epoch   4 | Client   7 | Train: loss=0.005, acc=100.0% | time= 35.6ms | Valid: loss=2.358, acc= 60.0% |
Epoch   5 | Client   7 | Train: loss=0.009, acc= 99.6% | time= 35.6ms | Valid: loss=1.799, acc= 76.0% |
Epoch   1 | Client   8 | Train: loss=0.018, acc= 99.4% | time= 39.0ms | Valid: loss=1.727, acc= 72.0% |
Epoch   2 | Client   8 | Train: loss=0.009, acc= 99.6% | time= 36.4ms | Valid: loss=2.409, acc= 60.0% |
Epoch   3 | Client   8 | Train: loss=0.013, acc= 99.6% | time= 39.5ms | Valid: loss=2.089, acc= 60.0% |
Epoch   4 | Client   8 | Train: loss=0.003, acc=100.0% | time= 38.3ms | Valid: loss=1.801, acc= 76.0% |
Epoch   5 | Client   8 | Train: loss=0.002, acc=100.0% | time= 37.7ms | Valid: loss=1.940, acc= 60.0% |
Epoch   1 | Client   9 | Train: loss=0.054, acc= 98.5% | time= 43.2ms | Valid: loss=2.721, acc= 52.0% |
Epoch   2 | Client   9 | Train: loss=0.009, acc= 99.6% | time= 41.4ms | Valid: loss=2.605, acc= 60.0% |
Epoch   3 | Client   9 | Train: loss=0.013, acc= 99.4% | time= 44.0ms | Valid: loss=2.753, acc= 48.0% |
Epoch   4 | Client   9 | Train: loss=0.014, acc= 99.4% | time= 50.8ms | Valid: loss=2.653, acc= 48.0% |
Epoch   5 | Client   9 | Train: loss=0.005, acc= 99.8% | time= 60.1ms | Valid: loss=2.216, acc= 48.0% |
----------------------------------------
G-Epoch:  43, Test: loss=1.754 , acc= 65.6%
****************************************
Task:   0, G-Epoch:  43, Test: loss=1.720 , acc= 65.7%
Task:   1, G-Epoch:  43, Test: loss=2.311 , acc=  9.5%
Task:   2, G-Epoch:  43, Test: loss=2.315 , acc=  9.4%
Task:   3, G-Epoch:  43, Test: loss=2.305 , acc= 13.2%
Task:   4, G-Epoch:  43, Test: loss=2.309 , acc=  9.4%
Task:   5, G-Epoch:  43, Test: loss=2.296 , acc=  8.6%
Task:   6, G-Epoch:  43, Test: loss=2.304 , acc=  8.7%
Task:   7, G-Epoch:  43, Test: loss=2.304 , acc= 12.4%
Task:   8, G-Epoch:  43, Test: loss=2.310 , acc=  8.7%
Task:   9, G-Epoch:  43, Test: loss=2.311 , acc= 10.1%
{0: [39.3, 45.7, 48.7, 48.8, 51.1, 52.3, 53.9, 51.6, 55.6, 54.8, 53.3, 54.9, 58.1, 57.8, 55.8, 58.5, 58.6, 58.9, 57.4, 60.4, 61.3, 56.9, 60.1, 60.2, 60.8, 60.2, 60.8, 61.6, 61.5, 61.0, 62.5, 62.5, 64.4, 61.7, 62.6, 62.6, 63.1, 63.9, 65.4, 63.5, 65.0, 63.8, 64.1, 65.7], 1: [10.2, 9.5, 11.1, 11.0, 9.3, 10.0, 10.6, 10.7, 11.2, 8.9, 9.1, 10.8, 10.8, 10.3, 9.9, 9.1, 11.7, 10.1, 10.2, 11.4, 8.8, 9.8, 10.9, 9.7, 9.2, 9.7, 10.1, 9.5, 9.9, 9.0, 9.4, 9.2, 9.6, 8.9, 9.1, 8.4, 8.4, 8.8, 10.2, 8.7, 8.9, 10.8, 8.1, 9.5], 2: [10.3, 10.5, 9.7, 11.4, 11.1, 9.9, 8.6, 8.9, 9.1, 8.7, 9.4, 9.6, 7.7, 10.1, 10.4, 8.9, 9.1, 9.5, 10.8, 8.4, 8.5, 8.8, 9.1, 8.5, 9.7, 10.0, 9.4, 9.9, 9.9, 9.5, 8.9, 8.9, 9.1, 9.7, 9.7, 9.8, 9.4, 9.9, 9.1, 9.1, 9.2, 9.9, 9.7, 9.4], 3: [10.3, 9.9, 8.6, 9.7, 9.2, 9.4, 9.3, 10.7, 11.6, 11.0, 11.6, 11.9, 11.3, 11.4, 12.4, 11.7, 11.1, 11.2, 11.9, 12.5, 13.1, 12.2, 13.1, 12.0, 12.6, 11.9, 12.0, 12.8, 13.5, 12.1, 12.1, 11.7, 11.8, 12.4, 12.6, 11.4, 12.7, 13.3, 13.2, 12.1, 12.3, 12.5, 13.4, 13.2], 4: [11.0, 10.0, 10.7, 9.8, 10.8, 10.1, 10.0, 10.9, 10.2, 10.0, 10.2, 9.9, 9.6, 9.1, 8.8, 10.7, 9.8, 9.2, 9.6, 10.3, 8.5, 10.1, 9.6, 9.5, 9.6, 10.4, 10.6, 9.3, 8.9, 8.8, 9.3, 10.3, 10.1, 11.1, 9.8, 11.7, 9.9, 9.1, 10.5, 10.7, 10.0, 10.0, 9.9, 9.4], 5: [9.1, 9.4, 10.6, 12.1, 10.5, 10.8, 11.3, 10.7, 10.6, 12.6, 12.5, 11.6, 11.5, 11.1, 10.8, 10.5, 11.1, 11.6, 10.7, 11.8, 10.6, 11.0, 10.2, 10.9, 9.6, 10.6, 9.6, 10.5, 9.3, 8.3, 9.5, 9.2, 9.6, 10.2, 9.2, 9.2, 10.1, 8.9, 9.3, 8.5, 8.8, 9.3, 9.1, 8.6], 6: [10.1, 9.9, 12.1, 10.8, 10.4, 9.4, 9.2, 10.1, 11.1, 9.8, 10.4, 11.0, 10.9, 11.0, 13.0, 12.2, 10.5, 11.5, 10.0, 11.8, 9.6, 11.3, 10.6, 9.3, 9.4, 9.0, 10.5, 9.3, 10.4, 9.4, 9.4, 9.5, 10.3, 10.1, 8.4, 8.6, 10.3, 8.7, 9.1, 9.7, 8.6, 9.3, 9.1, 8.7], 7: [9.2, 9.7, 10.3, 11.8, 11.8, 11.2, 12.2, 11.5, 10.8, 11.1, 12.2, 11.9, 11.9, 13.4, 12.9, 13.1, 14.1, 12.3, 12.7, 13.3, 11.4, 13.4, 12.8, 12.6, 12.6, 13.0, 13.0, 12.7, 13.0, 11.7, 11.9, 11.9, 12.3, 12.7, 13.8, 12.9, 13.4, 13.5, 12.5, 12.3, 12.5, 12.8, 11.2, 12.4], 8: [7.8, 10.2, 9.5, 11.9, 11.6, 10.8, 9.4, 10.0, 9.6, 10.5, 9.9, 9.9, 10.2, 9.4, 9.8, 8.7, 9.4, 8.8, 9.6, 8.2, 8.0, 8.7, 9.1, 8.8, 8.9, 10.2, 8.3, 8.4, 7.6, 8.6, 8.3, 7.2, 8.5, 8.7, 7.7, 8.7, 8.3, 8.4, 8.6, 8.4, 8.8, 7.8, 8.8, 8.7], 9: [10.4, 10.8, 9.5, 9.8, 8.9, 8.8, 8.5, 10.6, 9.6, 10.0, 6.8, 8.7, 10.7, 8.9, 9.7, 7.7, 9.0, 9.4, 10.0, 9.5, 9.7, 9.6, 9.4, 8.5, 7.3, 7.6, 9.7, 10.0, 8.1, 9.8, 11.0, 8.9, 10.3, 9.3, 10.3, 8.9, 9.3, 9.7, 10.8, 10.0, 9.6, 9.6, 10.1, 10.1]}
Epoch   1 | Client   0 | Train: loss=0.266, acc= 93.3% | time= 40.7ms | Valid: loss=1.765, acc= 68.0% |
Epoch   2 | Client   0 | Train: loss=0.059, acc= 97.7% | time= 42.5ms | Valid: loss=1.654, acc= 68.0% |
Epoch   3 | Client   0 | Train: loss=0.020, acc= 99.4% | time= 39.8ms | Valid: loss=1.765, acc= 64.0% |
Epoch   4 | Client   0 | Train: loss=0.036, acc= 98.9% | time= 42.1ms | Valid: loss=1.553, acc= 72.0% |
Epoch   5 | Client   0 | Train: loss=0.032, acc= 98.9% | time= 38.7ms | Valid: loss=1.427, acc= 72.0% |
Epoch   1 | Client   1 | Train: loss=0.009, acc= 99.8% | time= 40.4ms | Valid: loss=1.920, acc= 72.0% |
Epoch   2 | Client   1 | Train: loss=0.045, acc= 98.7% | time= 39.3ms | Valid: loss=1.640, acc= 56.0% |
Epoch   3 | Client   1 | Train: loss=0.063, acc= 98.5% | time= 38.2ms | Valid: loss=0.943, acc= 76.0% |
Epoch   4 | Client   1 | Train: loss=0.012, acc= 99.8% | time= 38.5ms | Valid: loss=1.756, acc= 72.0% |
Epoch   5 | Client   1 | Train: loss=0.005, acc=100.0% | time= 36.7ms | Valid: loss=1.303, acc= 76.0% |
Epoch   1 | Client   2 | Train: loss=0.001, acc=100.0% | time= 39.7ms | Valid: loss=1.741, acc= 56.0% |
Epoch   2 | Client   2 | Train: loss=0.174, acc= 95.6% | time= 38.0ms | Valid: loss=1.955, acc= 48.0% |
Epoch   3 | Client   2 | Train: loss=0.047, acc= 97.7% | time= 38.1ms | Valid: loss=2.050, acc= 60.0% |
Epoch   4 | Client   2 | Train: loss=0.158, acc= 95.8% | time= 39.2ms | Valid: loss=2.236, acc= 60.0% |
Epoch   5 | Client   2 | Train: loss=0.007, acc= 99.8% | time= 38.2ms | Valid: loss=1.086, acc= 72.0% |
Epoch   1 | Client   3 | Train: loss=0.029, acc= 98.9% | time= 40.2ms | Valid: loss=1.616, acc= 60.0% |
Epoch   2 | Client   3 | Train: loss=0.151, acc= 95.8% | time= 38.2ms | Valid: loss=2.723, acc= 48.0% |
Epoch   3 | Client   3 | Train: loss=0.305, acc= 91.8% | time= 38.1ms | Valid: loss=3.065, acc= 44.0% |
Epoch   4 | Client   3 | Train: loss=0.430, acc= 89.1% | time= 38.0ms | Valid: loss=1.709, acc= 52.0% |
Epoch   5 | Client   3 | Train: loss=0.073, acc= 96.4% | time= 38.8ms | Valid: loss=2.220, acc= 56.0% |
Epoch   1 | Client   4 | Train: loss=0.046, acc= 98.3% | time= 39.6ms | Valid: loss=2.455, acc= 64.0% |
Epoch   2 | Client   4 | Train: loss=0.173, acc= 95.6% | time= 38.0ms | Valid: loss=1.794, acc= 68.0% |
Epoch   3 | Client   4 | Train: loss=0.036, acc= 98.5% | time= 37.8ms | Valid: loss=1.877, acc= 76.0% |
Epoch   4 | Client   4 | Train: loss=0.009, acc= 99.8% | time= 36.9ms | Valid: loss=1.829, acc= 76.0% |
Epoch   5 | Client   4 | Train: loss=0.067, acc= 97.9% | time= 36.5ms | Valid: loss=2.581, acc= 56.0% |
Epoch   1 | Client   5 | Train: loss=0.002, acc=100.0% | time= 39.6ms | Valid: loss=1.174, acc= 72.0% |
Epoch   2 | Client   5 | Train: loss=0.049, acc= 97.7% | time= 38.0ms | Valid: loss=1.779, acc= 72.0% |
Epoch   3 | Client   5 | Train: loss=0.070, acc= 98.3% | time= 37.9ms | Valid: loss=2.725, acc= 60.0% |
Epoch   4 | Client   5 | Train: loss=0.017, acc= 99.2% | time= 38.0ms | Valid: loss=1.914, acc= 72.0% |
Epoch   5 | Client   5 | Train: loss=0.011, acc= 99.6% | time= 38.8ms | Valid: loss=1.527, acc= 72.0% |
Epoch   1 | Client   6 | Train: loss=0.047, acc= 98.9% | time= 39.7ms | Valid: loss=2.245, acc= 64.0% |
Epoch   2 | Client   6 | Train: loss=0.002, acc=100.0% | time= 38.1ms | Valid: loss=2.157, acc= 64.0% |
Epoch   3 | Client   6 | Train: loss=0.002, acc=100.0% | time= 38.1ms | Valid: loss=2.320, acc= 68.0% |
Epoch   4 | Client   6 | Train: loss=0.002, acc=100.0% | time= 38.4ms | Valid: loss=2.427, acc= 60.0% |
Epoch   5 | Client   6 | Train: loss=0.003, acc=100.0% | time= 37.9ms | Valid: loss=2.107, acc= 68.0% |
Epoch   1 | Client   7 | Train: loss=0.071, acc= 98.1% | time= 39.4ms | Valid: loss=2.267, acc= 56.0% |
Epoch   2 | Client   7 | Train: loss=0.013, acc= 99.8% | time= 38.3ms | Valid: loss=2.933, acc= 60.0% |
Epoch   3 | Client   7 | Train: loss=0.050, acc= 98.7% | time= 37.9ms | Valid: loss=2.735, acc= 56.0% |
Epoch   4 | Client   7 | Train: loss=0.063, acc= 98.5% | time= 38.1ms | Valid: loss=2.393, acc= 60.0% |
Epoch   5 | Client   7 | Train: loss=0.002, acc=100.0% | time= 36.2ms | Valid: loss=1.860, acc= 64.0% |
Epoch   1 | Client   8 | Train: loss=0.079, acc= 97.3% | time= 39.5ms | Valid: loss=1.895, acc= 60.0% |
Epoch   2 | Client   8 | Train: loss=0.093, acc= 97.1% | time= 38.1ms | Valid: loss=2.078, acc= 64.0% |
Epoch   3 | Client   8 | Train: loss=0.090, acc= 97.3% | time= 38.2ms | Valid: loss=3.157, acc= 48.0% |
Epoch   4 | Client   8 | Train: loss=0.056, acc= 97.9% | time= 37.7ms | Valid: loss=2.260, acc= 56.0% |
Epoch   5 | Client   8 | Train: loss=0.060, acc= 98.1% | time= 39.0ms | Valid: loss=2.828, acc= 68.0% |
Epoch   1 | Client   9 | Train: loss=0.002, acc= 99.8% | time= 41.8ms | Valid: loss=2.651, acc= 40.0% |
Epoch   2 | Client   9 | Train: loss=0.003, acc= 99.8% | time= 39.4ms | Valid: loss=2.211, acc= 52.0% |
Epoch   3 | Client   9 | Train: loss=0.217, acc= 95.2% | time= 39.3ms | Valid: loss=3.326, acc= 48.0% |
Epoch   4 | Client   9 | Train: loss=0.004, acc= 99.8% | time= 38.5ms | Valid: loss=1.979, acc= 60.0% |
Epoch   5 | Client   9 | Train: loss=0.026, acc= 99.2% | time= 37.9ms | Valid: loss=2.258, acc= 52.0% |
----------------------------------------
G-Epoch:  44, Test: loss=1.749 , acc= 66.6%
****************************************
Task:   0, G-Epoch:  44, Test: loss=1.768 , acc= 66.4%
Task:   1, G-Epoch:  44, Test: loss=2.311 , acc=  9.5%
Task:   2, G-Epoch:  44, Test: loss=2.318 , acc=  8.0%
Task:   3, G-Epoch:  44, Test: loss=2.305 , acc= 13.5%
Task:   4, G-Epoch:  44, Test: loss=2.306 , acc=  9.2%
Task:   5, G-Epoch:  44, Test: loss=2.292 , acc=  9.9%
Task:   6, G-Epoch:  44, Test: loss=2.307 , acc=  8.4%
Task:   7, G-Epoch:  44, Test: loss=2.305 , acc= 13.8%
Task:   8, G-Epoch:  44, Test: loss=2.307 , acc=  8.0%
Task:   9, G-Epoch:  44, Test: loss=2.309 , acc=  9.2%
{0: [39.3, 45.7, 48.7, 48.8, 51.1, 52.3, 53.9, 51.6, 55.6, 54.8, 53.3, 54.9, 58.1, 57.8, 55.8, 58.5, 58.6, 58.9, 57.4, 60.4, 61.3, 56.9, 60.1, 60.2, 60.8, 60.2, 60.8, 61.6, 61.5, 61.0, 62.5, 62.5, 64.4, 61.7, 62.6, 62.6, 63.1, 63.9, 65.4, 63.5, 65.0, 63.8, 64.1, 65.7, 66.4], 1: [10.2, 9.5, 11.1, 11.0, 9.3, 10.0, 10.6, 10.7, 11.2, 8.9, 9.1, 10.8, 10.8, 10.3, 9.9, 9.1, 11.7, 10.1, 10.2, 11.4, 8.8, 9.8, 10.9, 9.7, 9.2, 9.7, 10.1, 9.5, 9.9, 9.0, 9.4, 9.2, 9.6, 8.9, 9.1, 8.4, 8.4, 8.8, 10.2, 8.7, 8.9, 10.8, 8.1, 9.5, 9.5], 2: [10.3, 10.5, 9.7, 11.4, 11.1, 9.9, 8.6, 8.9, 9.1, 8.7, 9.4, 9.6, 7.7, 10.1, 10.4, 8.9, 9.1, 9.5, 10.8, 8.4, 8.5, 8.8, 9.1, 8.5, 9.7, 10.0, 9.4, 9.9, 9.9, 9.5, 8.9, 8.9, 9.1, 9.7, 9.7, 9.8, 9.4, 9.9, 9.1, 9.1, 9.2, 9.9, 9.7, 9.4, 8.0], 3: [10.3, 9.9, 8.6, 9.7, 9.2, 9.4, 9.3, 10.7, 11.6, 11.0, 11.6, 11.9, 11.3, 11.4, 12.4, 11.7, 11.1, 11.2, 11.9, 12.5, 13.1, 12.2, 13.1, 12.0, 12.6, 11.9, 12.0, 12.8, 13.5, 12.1, 12.1, 11.7, 11.8, 12.4, 12.6, 11.4, 12.7, 13.3, 13.2, 12.1, 12.3, 12.5, 13.4, 13.2, 13.5], 4: [11.0, 10.0, 10.7, 9.8, 10.8, 10.1, 10.0, 10.9, 10.2, 10.0, 10.2, 9.9, 9.6, 9.1, 8.8, 10.7, 9.8, 9.2, 9.6, 10.3, 8.5, 10.1, 9.6, 9.5, 9.6, 10.4, 10.6, 9.3, 8.9, 8.8, 9.3, 10.3, 10.1, 11.1, 9.8, 11.7, 9.9, 9.1, 10.5, 10.7, 10.0, 10.0, 9.9, 9.4, 9.2], 5: [9.1, 9.4, 10.6, 12.1, 10.5, 10.8, 11.3, 10.7, 10.6, 12.6, 12.5, 11.6, 11.5, 11.1, 10.8, 10.5, 11.1, 11.6, 10.7, 11.8, 10.6, 11.0, 10.2, 10.9, 9.6, 10.6, 9.6, 10.5, 9.3, 8.3, 9.5, 9.2, 9.6, 10.2, 9.2, 9.2, 10.1, 8.9, 9.3, 8.5, 8.8, 9.3, 9.1, 8.6, 9.9], 6: [10.1, 9.9, 12.1, 10.8, 10.4, 9.4, 9.2, 10.1, 11.1, 9.8, 10.4, 11.0, 10.9, 11.0, 13.0, 12.2, 10.5, 11.5, 10.0, 11.8, 9.6, 11.3, 10.6, 9.3, 9.4, 9.0, 10.5, 9.3, 10.4, 9.4, 9.4, 9.5, 10.3, 10.1, 8.4, 8.6, 10.3, 8.7, 9.1, 9.7, 8.6, 9.3, 9.1, 8.7, 8.4], 7: [9.2, 9.7, 10.3, 11.8, 11.8, 11.2, 12.2, 11.5, 10.8, 11.1, 12.2, 11.9, 11.9, 13.4, 12.9, 13.1, 14.1, 12.3, 12.7, 13.3, 11.4, 13.4, 12.8, 12.6, 12.6, 13.0, 13.0, 12.7, 13.0, 11.7, 11.9, 11.9, 12.3, 12.7, 13.8, 12.9, 13.4, 13.5, 12.5, 12.3, 12.5, 12.8, 11.2, 12.4, 13.8], 8: [7.8, 10.2, 9.5, 11.9, 11.6, 10.8, 9.4, 10.0, 9.6, 10.5, 9.9, 9.9, 10.2, 9.4, 9.8, 8.7, 9.4, 8.8, 9.6, 8.2, 8.0, 8.7, 9.1, 8.8, 8.9, 10.2, 8.3, 8.4, 7.6, 8.6, 8.3, 7.2, 8.5, 8.7, 7.7, 8.7, 8.3, 8.4, 8.6, 8.4, 8.8, 7.8, 8.8, 8.7, 8.0], 9: [10.4, 10.8, 9.5, 9.8, 8.9, 8.8, 8.5, 10.6, 9.6, 10.0, 6.8, 8.7, 10.7, 8.9, 9.7, 7.7, 9.0, 9.4, 10.0, 9.5, 9.7, 9.6, 9.4, 8.5, 7.3, 7.6, 9.7, 10.0, 8.1, 9.8, 11.0, 8.9, 10.3, 9.3, 10.3, 8.9, 9.3, 9.7, 10.8, 10.0, 9.6, 9.6, 10.1, 10.1, 9.2]}
Epoch   1 | Client   0 | Train: loss=0.084, acc= 97.7% | time= 38.6ms | Valid: loss=2.000, acc= 56.0% |
Epoch   2 | Client   0 | Train: loss=0.019, acc= 99.2% | time= 37.8ms | Valid: loss=1.419, acc= 68.0% |
Epoch   3 | Client   0 | Train: loss=0.011, acc= 99.8% | time= 37.3ms | Valid: loss=1.425, acc= 80.0% |
Epoch   4 | Client   0 | Train: loss=0.072, acc= 97.5% | time= 36.4ms | Valid: loss=1.682, acc= 72.0% |
Epoch   5 | Client   0 | Train: loss=0.009, acc= 99.8% | time= 37.0ms | Valid: loss=1.597, acc= 68.0% |
Epoch   1 | Client   1 | Train: loss=0.397, acc= 93.9% | time= 39.3ms | Valid: loss=2.308, acc= 56.0% |
Epoch   2 | Client   1 | Train: loss=0.021, acc= 98.5% | time= 38.3ms | Valid: loss=1.788, acc= 68.0% |
Epoch   3 | Client   1 | Train: loss=0.223, acc= 94.1% | time= 37.8ms | Valid: loss=2.934, acc= 64.0% |
Epoch   4 | Client   1 | Train: loss=0.152, acc= 96.8% | time= 38.0ms | Valid: loss=3.362, acc= 48.0% |
Epoch   5 | Client   1 | Train: loss=0.013, acc= 99.8% | time= 37.6ms | Valid: loss=2.030, acc= 56.0% |
Epoch   1 | Client   2 | Train: loss=0.043, acc= 98.9% | time= 38.0ms | Valid: loss=2.175, acc= 60.0% |
Epoch   2 | Client   2 | Train: loss=0.005, acc=100.0% | time= 42.8ms | Valid: loss=1.471, acc= 76.0% |
Epoch   3 | Client   2 | Train: loss=0.002, acc=100.0% | time= 38.8ms | Valid: loss=2.591, acc= 56.0% |
Epoch   4 | Client   2 | Train: loss=0.018, acc= 99.2% | time= 36.7ms | Valid: loss=2.446, acc= 52.0% |
Epoch   5 | Client   2 | Train: loss=0.055, acc= 98.5% | time= 36.7ms | Valid: loss=2.303, acc= 72.0% |
Epoch   1 | Client   3 | Train: loss=0.183, acc= 95.4% | time= 43.5ms | Valid: loss=3.095, acc= 56.0% |
Epoch   2 | Client   3 | Train: loss=0.017, acc= 99.4% | time= 36.6ms | Valid: loss=1.877, acc= 64.0% |
Epoch   3 | Client   3 | Train: loss=0.008, acc= 99.8% | time= 36.5ms | Valid: loss=1.910, acc= 60.0% |
Epoch   4 | Client   3 | Train: loss=0.043, acc= 98.5% | time= 35.8ms | Valid: loss=2.346, acc= 44.0% |
Epoch   5 | Client   3 | Train: loss=0.010, acc= 99.8% | time= 34.8ms | Valid: loss=2.085, acc= 64.0% |
Epoch   1 | Client   4 | Train: loss=0.024, acc= 99.6% | time= 41.0ms | Valid: loss=1.728, acc= 72.0% |
Epoch   2 | Client   4 | Train: loss=0.026, acc= 99.4% | time= 38.4ms | Valid: loss=2.054, acc= 64.0% |
Epoch   3 | Client   4 | Train: loss=0.030, acc= 99.2% | time= 38.0ms | Valid: loss=1.918, acc= 72.0% |
Epoch   4 | Client   4 | Train: loss=0.004, acc= 99.8% | time= 37.9ms | Valid: loss=1.633, acc= 68.0% |
Epoch   5 | Client   4 | Train: loss=0.002, acc=100.0% | time= 37.8ms | Valid: loss=1.896, acc= 64.0% |
Epoch   1 | Client   5 | Train: loss=0.201, acc= 94.7% | time= 38.1ms | Valid: loss=2.000, acc= 68.0% |
Epoch   2 | Client   5 | Train: loss=0.028, acc= 99.2% | time= 37.2ms | Valid: loss=1.289, acc= 64.0% |
Epoch   3 | Client   5 | Train: loss=0.104, acc= 97.3% | time= 36.7ms | Valid: loss=1.878, acc= 64.0% |
Epoch   4 | Client   5 | Train: loss=0.103, acc= 96.6% | time= 36.6ms | Valid: loss=2.019, acc= 68.0% |
Epoch   5 | Client   5 | Train: loss=0.007, acc=100.0% | time= 37.9ms | Valid: loss=1.436, acc= 68.0% |
Epoch   1 | Client   6 | Train: loss=0.002, acc=100.0% | time= 39.5ms | Valid: loss=2.423, acc= 64.0% |
Epoch   2 | Client   6 | Train: loss=0.006, acc= 99.8% | time= 38.0ms | Valid: loss=2.361, acc= 64.0% |
Epoch   3 | Client   6 | Train: loss=0.001, acc=100.0% | time= 37.9ms | Valid: loss=2.657, acc= 64.0% |
Epoch   4 | Client   6 | Train: loss=0.052, acc= 98.9% | time= 38.1ms | Valid: loss=2.576, acc= 60.0% |
Epoch   5 | Client   6 | Train: loss=0.006, acc= 99.8% | time= 37.2ms | Valid: loss=2.293, acc= 64.0% |
Epoch   1 | Client   7 | Train: loss=0.026, acc= 98.9% | time= 43.1ms | Valid: loss=2.353, acc= 60.0% |
Epoch   2 | Client   7 | Train: loss=0.012, acc= 99.6% | time= 36.5ms | Valid: loss=2.156, acc= 64.0% |
Epoch   3 | Client   7 | Train: loss=0.044, acc= 98.5% | time= 36.3ms | Valid: loss=2.219, acc= 60.0% |
Epoch   4 | Client   7 | Train: loss=0.009, acc= 99.6% | time= 36.1ms | Valid: loss=1.589, acc= 68.0% |
Epoch   5 | Client   7 | Train: loss=0.003, acc= 99.8% | time= 34.8ms | Valid: loss=1.790, acc= 72.0% |
Epoch   1 | Client   8 | Train: loss=0.078, acc= 98.1% | time= 43.8ms | Valid: loss=2.939, acc= 48.0% |
Epoch   2 | Client   8 | Train: loss=0.002, acc=100.0% | time= 37.9ms | Valid: loss=2.231, acc= 72.0% |
Epoch   3 | Client   8 | Train: loss=0.001, acc=100.0% | time= 37.7ms | Valid: loss=2.338, acc= 72.0% |
Epoch   4 | Client   8 | Train: loss=0.012, acc= 99.8% | time= 37.6ms | Valid: loss=2.093, acc= 72.0% |
Epoch   5 | Client   8 | Train: loss=0.001, acc=100.0% | time= 36.1ms | Valid: loss=2.067, acc= 72.0% |
Epoch   1 | Client   9 | Train: loss=0.051, acc= 98.3% | time= 39.1ms | Valid: loss=1.946, acc= 68.0% |
Epoch   2 | Client   9 | Train: loss=0.005, acc=100.0% | time= 37.9ms | Valid: loss=2.178, acc= 48.0% |
Epoch   3 | Client   9 | Train: loss=0.096, acc= 96.8% | time= 38.5ms | Valid: loss=2.072, acc= 52.0% |
Epoch   4 | Client   9 | Train: loss=0.024, acc= 99.4% | time= 37.9ms | Valid: loss=2.298, acc= 60.0% |
Epoch   5 | Client   9 | Train: loss=0.258, acc= 95.6% | time= 39.7ms | Valid: loss=2.940, acc= 56.0% |
----------------------------------------
G-Epoch:  45, Test: loss=1.833 , acc= 64.5%
****************************************
Task:   0, G-Epoch:  45, Test: loss=1.857 , acc= 65.1%
Task:   1, G-Epoch:  45, Test: loss=2.312 , acc=  9.3%
Task:   2, G-Epoch:  45, Test: loss=2.314 , acc= 10.1%
Task:   3, G-Epoch:  45, Test: loss=2.310 , acc= 12.3%
Task:   4, G-Epoch:  45, Test: loss=2.306 , acc=  9.0%
Task:   5, G-Epoch:  45, Test: loss=2.298 , acc= 10.1%
Task:   6, G-Epoch:  45, Test: loss=2.304 , acc= 10.4%
Task:   7, G-Epoch:  45, Test: loss=2.307 , acc= 12.4%
Task:   8, G-Epoch:  45, Test: loss=2.308 , acc=  8.1%
Task:   9, G-Epoch:  45, Test: loss=2.312 , acc=  9.4%
{0: [39.3, 45.7, 48.7, 48.8, 51.1, 52.3, 53.9, 51.6, 55.6, 54.8, 53.3, 54.9, 58.1, 57.8, 55.8, 58.5, 58.6, 58.9, 57.4, 60.4, 61.3, 56.9, 60.1, 60.2, 60.8, 60.2, 60.8, 61.6, 61.5, 61.0, 62.5, 62.5, 64.4, 61.7, 62.6, 62.6, 63.1, 63.9, 65.4, 63.5, 65.0, 63.8, 64.1, 65.7, 66.4, 65.1], 1: [10.2, 9.5, 11.1, 11.0, 9.3, 10.0, 10.6, 10.7, 11.2, 8.9, 9.1, 10.8, 10.8, 10.3, 9.9, 9.1, 11.7, 10.1, 10.2, 11.4, 8.8, 9.8, 10.9, 9.7, 9.2, 9.7, 10.1, 9.5, 9.9, 9.0, 9.4, 9.2, 9.6, 8.9, 9.1, 8.4, 8.4, 8.8, 10.2, 8.7, 8.9, 10.8, 8.1, 9.5, 9.5, 9.3], 2: [10.3, 10.5, 9.7, 11.4, 11.1, 9.9, 8.6, 8.9, 9.1, 8.7, 9.4, 9.6, 7.7, 10.1, 10.4, 8.9, 9.1, 9.5, 10.8, 8.4, 8.5, 8.8, 9.1, 8.5, 9.7, 10.0, 9.4, 9.9, 9.9, 9.5, 8.9, 8.9, 9.1, 9.7, 9.7, 9.8, 9.4, 9.9, 9.1, 9.1, 9.2, 9.9, 9.7, 9.4, 8.0, 10.1], 3: [10.3, 9.9, 8.6, 9.7, 9.2, 9.4, 9.3, 10.7, 11.6, 11.0, 11.6, 11.9, 11.3, 11.4, 12.4, 11.7, 11.1, 11.2, 11.9, 12.5, 13.1, 12.2, 13.1, 12.0, 12.6, 11.9, 12.0, 12.8, 13.5, 12.1, 12.1, 11.7, 11.8, 12.4, 12.6, 11.4, 12.7, 13.3, 13.2, 12.1, 12.3, 12.5, 13.4, 13.2, 13.5, 12.3], 4: [11.0, 10.0, 10.7, 9.8, 10.8, 10.1, 10.0, 10.9, 10.2, 10.0, 10.2, 9.9, 9.6, 9.1, 8.8, 10.7, 9.8, 9.2, 9.6, 10.3, 8.5, 10.1, 9.6, 9.5, 9.6, 10.4, 10.6, 9.3, 8.9, 8.8, 9.3, 10.3, 10.1, 11.1, 9.8, 11.7, 9.9, 9.1, 10.5, 10.7, 10.0, 10.0, 9.9, 9.4, 9.2, 9.0], 5: [9.1, 9.4, 10.6, 12.1, 10.5, 10.8, 11.3, 10.7, 10.6, 12.6, 12.5, 11.6, 11.5, 11.1, 10.8, 10.5, 11.1, 11.6, 10.7, 11.8, 10.6, 11.0, 10.2, 10.9, 9.6, 10.6, 9.6, 10.5, 9.3, 8.3, 9.5, 9.2, 9.6, 10.2, 9.2, 9.2, 10.1, 8.9, 9.3, 8.5, 8.8, 9.3, 9.1, 8.6, 9.9, 10.1], 6: [10.1, 9.9, 12.1, 10.8, 10.4, 9.4, 9.2, 10.1, 11.1, 9.8, 10.4, 11.0, 10.9, 11.0, 13.0, 12.2, 10.5, 11.5, 10.0, 11.8, 9.6, 11.3, 10.6, 9.3, 9.4, 9.0, 10.5, 9.3, 10.4, 9.4, 9.4, 9.5, 10.3, 10.1, 8.4, 8.6, 10.3, 8.7, 9.1, 9.7, 8.6, 9.3, 9.1, 8.7, 8.4, 10.4], 7: [9.2, 9.7, 10.3, 11.8, 11.8, 11.2, 12.2, 11.5, 10.8, 11.1, 12.2, 11.9, 11.9, 13.4, 12.9, 13.1, 14.1, 12.3, 12.7, 13.3, 11.4, 13.4, 12.8, 12.6, 12.6, 13.0, 13.0, 12.7, 13.0, 11.7, 11.9, 11.9, 12.3, 12.7, 13.8, 12.9, 13.4, 13.5, 12.5, 12.3, 12.5, 12.8, 11.2, 12.4, 13.8, 12.4], 8: [7.8, 10.2, 9.5, 11.9, 11.6, 10.8, 9.4, 10.0, 9.6, 10.5, 9.9, 9.9, 10.2, 9.4, 9.8, 8.7, 9.4, 8.8, 9.6, 8.2, 8.0, 8.7, 9.1, 8.8, 8.9, 10.2, 8.3, 8.4, 7.6, 8.6, 8.3, 7.2, 8.5, 8.7, 7.7, 8.7, 8.3, 8.4, 8.6, 8.4, 8.8, 7.8, 8.8, 8.7, 8.0, 8.1], 9: [10.4, 10.8, 9.5, 9.8, 8.9, 8.8, 8.5, 10.6, 9.6, 10.0, 6.8, 8.7, 10.7, 8.9, 9.7, 7.7, 9.0, 9.4, 10.0, 9.5, 9.7, 9.6, 9.4, 8.5, 7.3, 7.6, 9.7, 10.0, 8.1, 9.8, 11.0, 8.9, 10.3, 9.3, 10.3, 8.9, 9.3, 9.7, 10.8, 10.0, 9.6, 9.6, 10.1, 10.1, 9.2, 9.4]}
Epoch   1 | Client   0 | Train: loss=0.016, acc= 99.4% | time= 39.5ms | Valid: loss=1.600, acc= 72.0% |
Epoch   2 | Client   0 | Train: loss=0.047, acc= 97.9% | time= 46.8ms | Valid: loss=1.559, acc= 68.0% |
Epoch   3 | Client   0 | Train: loss=0.126, acc= 96.8% | time= 51.7ms | Valid: loss=2.212, acc= 56.0% |
Epoch   4 | Client   0 | Train: loss=0.039, acc= 98.5% | time= 45.7ms | Valid: loss=2.067, acc= 60.0% |
Epoch   5 | Client   0 | Train: loss=0.056, acc= 98.3% | time= 47.1ms | Valid: loss=1.774, acc= 68.0% |
Epoch   1 | Client   1 | Train: loss=0.020, acc= 99.4% | time= 39.6ms | Valid: loss=1.682, acc= 64.0% |
Epoch   2 | Client   1 | Train: loss=0.014, acc= 99.6% | time= 38.0ms | Valid: loss=1.519, acc= 72.0% |
Epoch   3 | Client   1 | Train: loss=0.056, acc= 98.9% | time= 38.2ms | Valid: loss=1.896, acc= 68.0% |
Epoch   4 | Client   1 | Train: loss=0.095, acc= 97.5% | time= 38.1ms | Valid: loss=2.380, acc= 64.0% |
Epoch   5 | Client   1 | Train: loss=0.040, acc= 98.9% | time= 37.7ms | Valid: loss=2.158, acc= 60.0% |
Epoch   1 | Client   2 | Train: loss=0.029, acc= 99.2% | time= 39.7ms | Valid: loss=2.090, acc= 68.0% |
Epoch   2 | Client   2 | Train: loss=0.014, acc=100.0% | time= 38.2ms | Valid: loss=1.573, acc= 76.0% |
Epoch   3 | Client   2 | Train: loss=0.074, acc= 96.8% | time= 38.2ms | Valid: loss=1.625, acc= 68.0% |
Epoch   4 | Client   2 | Train: loss=0.038, acc= 98.7% | time= 38.9ms | Valid: loss=2.450, acc= 60.0% |
Epoch   5 | Client   2 | Train: loss=0.005, acc= 99.8% | time= 38.1ms | Valid: loss=1.958, acc= 68.0% |
Epoch   1 | Client   3 | Train: loss=0.017, acc= 99.2% | time= 43.4ms | Valid: loss=1.787, acc= 52.0% |
Epoch   2 | Client   3 | Train: loss=0.005, acc=100.0% | time= 39.4ms | Valid: loss=2.259, acc= 56.0% |
Epoch   3 | Client   3 | Train: loss=0.098, acc= 97.5% | time= 39.4ms | Valid: loss=2.562, acc= 48.0% |
Epoch   4 | Client   3 | Train: loss=0.053, acc= 98.1% | time= 39.2ms | Valid: loss=2.265, acc= 64.0% |
Epoch   5 | Client   3 | Train: loss=0.011, acc= 99.6% | time= 37.9ms | Valid: loss=2.034, acc= 60.0% |
Epoch   1 | Client   4 | Train: loss=0.009, acc= 99.8% | time= 45.3ms | Valid: loss=1.662, acc= 76.0% |
Epoch   2 | Client   4 | Train: loss=0.006, acc= 99.6% | time= 39.8ms | Valid: loss=1.802, acc= 64.0% |
Epoch   3 | Client   4 | Train: loss=0.001, acc=100.0% | time= 39.9ms | Valid: loss=1.459, acc= 72.0% |
Epoch   4 | Client   4 | Train: loss=0.006, acc= 99.8% | time= 40.1ms | Valid: loss=1.697, acc= 68.0% |
Epoch   5 | Client   4 | Train: loss=0.201, acc= 94.7% | time= 38.1ms | Valid: loss=2.173, acc= 60.0% |
Epoch   1 | Client   5 | Train: loss=0.007, acc= 99.8% | time= 44.8ms | Valid: loss=1.320, acc= 68.0% |
Epoch   2 | Client   5 | Train: loss=0.005, acc= 99.8% | time= 39.7ms | Valid: loss=1.501, acc= 72.0% |
Epoch   3 | Client   5 | Train: loss=0.018, acc= 99.4% | time= 38.1ms | Valid: loss=1.831, acc= 68.0% |
Epoch   4 | Client   5 | Train: loss=0.004, acc= 99.8% | time= 38.1ms | Valid: loss=1.680, acc= 68.0% |
Epoch   5 | Client   5 | Train: loss=0.006, acc= 99.8% | time= 38.2ms | Valid: loss=1.471, acc= 68.0% |
Epoch   1 | Client   6 | Train: loss=0.016, acc= 99.2% | time= 39.3ms | Valid: loss=1.983, acc= 64.0% |
Epoch   2 | Client   6 | Train: loss=0.049, acc= 97.9% | time= 39.9ms | Valid: loss=2.476, acc= 60.0% |
Epoch   3 | Client   6 | Train: loss=0.007, acc=100.0% | time= 38.7ms | Valid: loss=2.423, acc= 60.0% |
Epoch   4 | Client   6 | Train: loss=0.086, acc= 97.5% | time= 38.4ms | Valid: loss=1.626, acc= 80.0% |
Epoch   5 | Client   6 | Train: loss=0.020, acc= 99.4% | time= 38.3ms | Valid: loss=2.557, acc= 56.0% |
Epoch   1 | Client   7 | Train: loss=0.051, acc= 98.3% | time= 39.0ms | Valid: loss=2.497, acc= 64.0% |
Epoch   2 | Client   7 | Train: loss=0.054, acc= 98.5% | time= 41.2ms | Valid: loss=1.962, acc= 60.0% |
Epoch   3 | Client   7 | Train: loss=0.121, acc= 96.8% | time= 38.3ms | Valid: loss=1.604, acc= 72.0% |
Epoch   4 | Client   7 | Train: loss=0.033, acc= 98.9% | time= 38.2ms | Valid: loss=1.569, acc= 72.0% |
Epoch   5 | Client   7 | Train: loss=0.011, acc= 99.4% | time= 38.2ms | Valid: loss=1.912, acc= 64.0% |
Epoch   1 | Client   8 | Train: loss=0.001, acc=100.0% | time= 49.1ms | Valid: loss=2.010, acc= 72.0% |
Epoch   2 | Client   8 | Train: loss=0.014, acc= 99.6% | time= 36.6ms | Valid: loss=2.358, acc= 64.0% |
Epoch   3 | Client   8 | Train: loss=0.021, acc= 99.2% | time= 36.4ms | Valid: loss=2.335, acc= 72.0% |
Epoch   4 | Client   8 | Train: loss=0.034, acc= 99.2% | time= 42.3ms | Valid: loss=2.929, acc= 56.0% |
Epoch   5 | Client   8 | Train: loss=0.053, acc= 98.1% | time= 44.9ms | Valid: loss=2.639, acc= 64.0% |
Epoch   1 | Client   9 | Train: loss=0.370, acc= 90.3% | time= 41.2ms | Valid: loss=3.367, acc= 40.0% |
Epoch   2 | Client   9 | Train: loss=0.184, acc= 94.9% | time= 39.5ms | Valid: loss=2.794, acc= 40.0% |
Epoch   3 | Client   9 | Train: loss=0.058, acc= 98.3% | time= 39.5ms | Valid: loss=2.294, acc= 52.0% |
Epoch   4 | Client   9 | Train: loss=0.016, acc= 99.6% | time= 38.5ms | Valid: loss=2.767, acc= 52.0% |
Epoch   5 | Client   9 | Train: loss=0.026, acc= 98.7% | time= 40.8ms | Valid: loss=2.345, acc= 56.0% |
----------------------------------------
G-Epoch:  46, Test: loss=1.732 , acc= 64.8%
****************************************
Task:   0, G-Epoch:  46, Test: loss=1.774 , acc= 63.0%
Task:   1, G-Epoch:  46, Test: loss=2.312 , acc= 10.3%
Task:   2, G-Epoch:  46, Test: loss=2.309 , acc= 10.6%
Task:   3, G-Epoch:  46, Test: loss=2.311 , acc= 11.5%
Task:   4, G-Epoch:  46, Test: loss=2.306 , acc= 10.6%
Task:   5, G-Epoch:  46, Test: loss=2.295 , acc=  9.0%
Task:   6, G-Epoch:  46, Test: loss=2.304 , acc=  8.9%
Task:   7, G-Epoch:  46, Test: loss=2.310 , acc= 10.7%
Task:   8, G-Epoch:  46, Test: loss=2.311 , acc=  7.1%
Task:   9, G-Epoch:  46, Test: loss=2.307 , acc= 11.1%
{0: [39.3, 45.7, 48.7, 48.8, 51.1, 52.3, 53.9, 51.6, 55.6, 54.8, 53.3, 54.9, 58.1, 57.8, 55.8, 58.5, 58.6, 58.9, 57.4, 60.4, 61.3, 56.9, 60.1, 60.2, 60.8, 60.2, 60.8, 61.6, 61.5, 61.0, 62.5, 62.5, 64.4, 61.7, 62.6, 62.6, 63.1, 63.9, 65.4, 63.5, 65.0, 63.8, 64.1, 65.7, 66.4, 65.1, 63.0], 1: [10.2, 9.5, 11.1, 11.0, 9.3, 10.0, 10.6, 10.7, 11.2, 8.9, 9.1, 10.8, 10.8, 10.3, 9.9, 9.1, 11.7, 10.1, 10.2, 11.4, 8.8, 9.8, 10.9, 9.7, 9.2, 9.7, 10.1, 9.5, 9.9, 9.0, 9.4, 9.2, 9.6, 8.9, 9.1, 8.4, 8.4, 8.8, 10.2, 8.7, 8.9, 10.8, 8.1, 9.5, 9.5, 9.3, 10.3], 2: [10.3, 10.5, 9.7, 11.4, 11.1, 9.9, 8.6, 8.9, 9.1, 8.7, 9.4, 9.6, 7.7, 10.1, 10.4, 8.9, 9.1, 9.5, 10.8, 8.4, 8.5, 8.8, 9.1, 8.5, 9.7, 10.0, 9.4, 9.9, 9.9, 9.5, 8.9, 8.9, 9.1, 9.7, 9.7, 9.8, 9.4, 9.9, 9.1, 9.1, 9.2, 9.9, 9.7, 9.4, 8.0, 10.1, 10.6], 3: [10.3, 9.9, 8.6, 9.7, 9.2, 9.4, 9.3, 10.7, 11.6, 11.0, 11.6, 11.9, 11.3, 11.4, 12.4, 11.7, 11.1, 11.2, 11.9, 12.5, 13.1, 12.2, 13.1, 12.0, 12.6, 11.9, 12.0, 12.8, 13.5, 12.1, 12.1, 11.7, 11.8, 12.4, 12.6, 11.4, 12.7, 13.3, 13.2, 12.1, 12.3, 12.5, 13.4, 13.2, 13.5, 12.3, 11.5], 4: [11.0, 10.0, 10.7, 9.8, 10.8, 10.1, 10.0, 10.9, 10.2, 10.0, 10.2, 9.9, 9.6, 9.1, 8.8, 10.7, 9.8, 9.2, 9.6, 10.3, 8.5, 10.1, 9.6, 9.5, 9.6, 10.4, 10.6, 9.3, 8.9, 8.8, 9.3, 10.3, 10.1, 11.1, 9.8, 11.7, 9.9, 9.1, 10.5, 10.7, 10.0, 10.0, 9.9, 9.4, 9.2, 9.0, 10.6], 5: [9.1, 9.4, 10.6, 12.1, 10.5, 10.8, 11.3, 10.7, 10.6, 12.6, 12.5, 11.6, 11.5, 11.1, 10.8, 10.5, 11.1, 11.6, 10.7, 11.8, 10.6, 11.0, 10.2, 10.9, 9.6, 10.6, 9.6, 10.5, 9.3, 8.3, 9.5, 9.2, 9.6, 10.2, 9.2, 9.2, 10.1, 8.9, 9.3, 8.5, 8.8, 9.3, 9.1, 8.6, 9.9, 10.1, 9.0], 6: [10.1, 9.9, 12.1, 10.8, 10.4, 9.4, 9.2, 10.1, 11.1, 9.8, 10.4, 11.0, 10.9, 11.0, 13.0, 12.2, 10.5, 11.5, 10.0, 11.8, 9.6, 11.3, 10.6, 9.3, 9.4, 9.0, 10.5, 9.3, 10.4, 9.4, 9.4, 9.5, 10.3, 10.1, 8.4, 8.6, 10.3, 8.7, 9.1, 9.7, 8.6, 9.3, 9.1, 8.7, 8.4, 10.4, 8.9], 7: [9.2, 9.7, 10.3, 11.8, 11.8, 11.2, 12.2, 11.5, 10.8, 11.1, 12.2, 11.9, 11.9, 13.4, 12.9, 13.1, 14.1, 12.3, 12.7, 13.3, 11.4, 13.4, 12.8, 12.6, 12.6, 13.0, 13.0, 12.7, 13.0, 11.7, 11.9, 11.9, 12.3, 12.7, 13.8, 12.9, 13.4, 13.5, 12.5, 12.3, 12.5, 12.8, 11.2, 12.4, 13.8, 12.4, 10.7], 8: [7.8, 10.2, 9.5, 11.9, 11.6, 10.8, 9.4, 10.0, 9.6, 10.5, 9.9, 9.9, 10.2, 9.4, 9.8, 8.7, 9.4, 8.8, 9.6, 8.2, 8.0, 8.7, 9.1, 8.8, 8.9, 10.2, 8.3, 8.4, 7.6, 8.6, 8.3, 7.2, 8.5, 8.7, 7.7, 8.7, 8.3, 8.4, 8.6, 8.4, 8.8, 7.8, 8.8, 8.7, 8.0, 8.1, 7.1], 9: [10.4, 10.8, 9.5, 9.8, 8.9, 8.8, 8.5, 10.6, 9.6, 10.0, 6.8, 8.7, 10.7, 8.9, 9.7, 7.7, 9.0, 9.4, 10.0, 9.5, 9.7, 9.6, 9.4, 8.5, 7.3, 7.6, 9.7, 10.0, 8.1, 9.8, 11.0, 8.9, 10.3, 9.3, 10.3, 8.9, 9.3, 9.7, 10.8, 10.0, 9.6, 9.6, 10.1, 10.1, 9.2, 9.4, 11.1]}
Epoch   1 | Client   0 | Train: loss=0.004, acc=100.0% | time= 39.8ms | Valid: loss=1.928, acc= 68.0% |
Epoch   2 | Client   0 | Train: loss=0.011, acc= 99.6% | time= 39.6ms | Valid: loss=1.961, acc= 72.0% |
Epoch   3 | Client   0 | Train: loss=0.037, acc= 98.9% | time= 39.4ms | Valid: loss=1.749, acc= 72.0% |
Epoch   4 | Client   0 | Train: loss=0.004, acc=100.0% | time= 38.4ms | Valid: loss=1.848, acc= 72.0% |
Epoch   5 | Client   0 | Train: loss=0.030, acc= 98.3% | time= 38.4ms | Valid: loss=1.931, acc= 68.0% |
Epoch   1 | Client   1 | Train: loss=0.089, acc= 97.5% | time= 41.2ms | Valid: loss=2.545, acc= 64.0% |
Epoch   2 | Client   1 | Train: loss=0.004, acc=100.0% | time= 39.4ms | Valid: loss=1.731, acc= 68.0% |
Epoch   3 | Client   1 | Train: loss=0.011, acc= 99.6% | time= 46.4ms | Valid: loss=2.164, acc= 64.0% |
Epoch   4 | Client   1 | Train: loss=0.003, acc=100.0% | time= 47.0ms | Valid: loss=1.877, acc= 64.0% |
Epoch   5 | Client   1 | Train: loss=0.003, acc=100.0% | time= 46.3ms | Valid: loss=1.852, acc= 68.0% |
Epoch   1 | Client   2 | Train: loss=0.101, acc= 96.6% | time= 42.5ms | Valid: loss=2.708, acc= 52.0% |
Epoch   2 | Client   2 | Train: loss=0.010, acc= 99.6% | time= 41.1ms | Valid: loss=2.604, acc= 44.0% |
Epoch   3 | Client   2 | Train: loss=0.005, acc= 99.8% | time= 41.1ms | Valid: loss=2.204, acc= 60.0% |
Epoch   4 | Client   2 | Train: loss=0.013, acc= 99.8% | time= 40.3ms | Valid: loss=1.776, acc= 64.0% |
Epoch   5 | Client   2 | Train: loss=0.095, acc= 97.7% | time= 40.3ms | Valid: loss=2.604, acc= 60.0% |
Epoch   1 | Client   3 | Train: loss=0.072, acc= 97.9% | time= 43.0ms | Valid: loss=2.913, acc= 60.0% |
Epoch   2 | Client   3 | Train: loss=0.364, acc= 91.6% | time= 40.7ms | Valid: loss=1.794, acc= 56.0% |
Epoch   3 | Client   3 | Train: loss=0.089, acc= 96.8% | time= 37.0ms | Valid: loss=2.137, acc= 52.0% |
Epoch   4 | Client   3 | Train: loss=0.126, acc= 95.8% | time= 47.5ms | Valid: loss=1.530, acc= 56.0% |
Epoch   5 | Client   3 | Train: loss=0.035, acc= 98.9% | time= 47.3ms | Valid: loss=2.794, acc= 56.0% |
Epoch   1 | Client   4 | Train: loss=0.037, acc= 98.9% | time= 38.0ms | Valid: loss=2.285, acc= 60.0% |
Epoch   2 | Client   4 | Train: loss=0.037, acc= 98.9% | time= 37.6ms | Valid: loss=2.060, acc= 72.0% |
Epoch   3 | Client   4 | Train: loss=0.052, acc= 97.9% | time= 38.0ms | Valid: loss=2.318, acc= 60.0% |
Epoch   4 | Client   4 | Train: loss=0.373, acc= 90.3% | time= 37.4ms | Valid: loss=2.663, acc= 60.0% |
Epoch   5 | Client   4 | Train: loss=0.010, acc= 99.6% | time= 37.2ms | Valid: loss=2.185, acc= 68.0% |
Epoch   1 | Client   5 | Train: loss=0.004, acc=100.0% | time= 44.4ms | Valid: loss=1.606, acc= 80.0% |
Epoch   2 | Client   5 | Train: loss=0.002, acc=100.0% | time= 42.8ms | Valid: loss=1.640, acc= 68.0% |
Epoch   3 | Client   5 | Train: loss=0.005, acc= 99.8% | time= 42.2ms | Valid: loss=1.614, acc= 72.0% |
Epoch   4 | Client   5 | Train: loss=0.046, acc= 98.5% | time= 42.1ms | Valid: loss=2.333, acc= 64.0% |
Epoch   5 | Client   5 | Train: loss=0.005, acc= 99.8% | time= 40.9ms | Valid: loss=1.491, acc= 72.0% |
Epoch   1 | Client   6 | Train: loss=0.307, acc= 92.2% | time= 43.3ms | Valid: loss=2.911, acc= 56.0% |
Epoch   2 | Client   6 | Train: loss=0.094, acc= 96.2% | time= 44.5ms | Valid: loss=2.761, acc= 64.0% |
Epoch   3 | Client   6 | Train: loss=0.131, acc= 95.8% | time= 42.5ms | Valid: loss=2.838, acc= 64.0% |
Epoch   4 | Client   6 | Train: loss=0.136, acc= 96.6% | time= 42.1ms | Valid: loss=2.780, acc= 64.0% |
Epoch   5 | Client   6 | Train: loss=0.016, acc= 99.4% | time= 41.9ms | Valid: loss=2.249, acc= 64.0% |
Epoch   1 | Client   7 | Train: loss=0.016, acc= 99.2% | time= 42.6ms | Valid: loss=1.811, acc= 72.0% |
Epoch   2 | Client   7 | Train: loss=0.237, acc= 93.7% | time= 44.7ms | Valid: loss=1.783, acc= 64.0% |
Epoch   3 | Client   7 | Train: loss=0.121, acc= 96.2% | time= 41.8ms | Valid: loss=1.707, acc= 68.0% |
Epoch   4 | Client   7 | Train: loss=0.011, acc= 99.6% | time= 40.6ms | Valid: loss=1.608, acc= 72.0% |
Epoch   5 | Client   7 | Train: loss=0.039, acc= 98.7% | time= 38.0ms | Valid: loss=2.031, acc= 56.0% |
Epoch   1 | Client   8 | Train: loss=0.027, acc= 98.7% | time= 43.5ms | Valid: loss=1.733, acc= 68.0% |
Epoch   2 | Client   8 | Train: loss=0.207, acc= 94.1% | time= 40.1ms | Valid: loss=2.799, acc= 52.0% |
Epoch   3 | Client   8 | Train: loss=0.082, acc= 97.3% | time= 39.3ms | Valid: loss=2.433, acc= 60.0% |
Epoch   4 | Client   8 | Train: loss=0.005, acc= 99.8% | time= 38.0ms | Valid: loss=2.047, acc= 68.0% |
Epoch   5 | Client   8 | Train: loss=0.019, acc= 99.4% | time= 39.4ms | Valid: loss=2.361, acc= 72.0% |
Epoch   1 | Client   9 | Train: loss=0.011, acc= 99.8% | time= 41.8ms | Valid: loss=2.452, acc= 52.0% |
Epoch   2 | Client   9 | Train: loss=0.009, acc=100.0% | time= 40.4ms | Valid: loss=3.382, acc= 52.0% |
Epoch   3 | Client   9 | Train: loss=0.003, acc=100.0% | time= 39.6ms | Valid: loss=2.474, acc= 52.0% |
Epoch   4 | Client   9 | Train: loss=0.000, acc=100.0% | time= 39.3ms | Valid: loss=2.107, acc= 56.0% |
Epoch   5 | Client   9 | Train: loss=0.002, acc=100.0% | time= 38.1ms | Valid: loss=2.153, acc= 52.0% |
----------------------------------------
G-Epoch:  47, Test: loss=1.747 , acc= 67.3%
****************************************
Task:   0, G-Epoch:  47, Test: loss=1.726 , acc= 66.9%
Task:   1, G-Epoch:  47, Test: loss=2.310 , acc= 10.0%
Task:   2, G-Epoch:  47, Test: loss=2.310 , acc=  9.1%
Task:   3, G-Epoch:  47, Test: loss=2.309 , acc= 12.1%
Task:   4, G-Epoch:  47, Test: loss=2.306 , acc=  9.4%
Task:   5, G-Epoch:  47, Test: loss=2.296 , acc= 10.0%
Task:   6, G-Epoch:  47, Test: loss=2.305 , acc=  9.8%
Task:   7, G-Epoch:  47, Test: loss=2.308 , acc= 12.0%
Task:   8, G-Epoch:  47, Test: loss=2.313 , acc=  7.0%
Task:   9, G-Epoch:  47, Test: loss=2.311 , acc=  8.7%
{0: [39.3, 45.7, 48.7, 48.8, 51.1, 52.3, 53.9, 51.6, 55.6, 54.8, 53.3, 54.9, 58.1, 57.8, 55.8, 58.5, 58.6, 58.9, 57.4, 60.4, 61.3, 56.9, 60.1, 60.2, 60.8, 60.2, 60.8, 61.6, 61.5, 61.0, 62.5, 62.5, 64.4, 61.7, 62.6, 62.6, 63.1, 63.9, 65.4, 63.5, 65.0, 63.8, 64.1, 65.7, 66.4, 65.1, 63.0, 66.9], 1: [10.2, 9.5, 11.1, 11.0, 9.3, 10.0, 10.6, 10.7, 11.2, 8.9, 9.1, 10.8, 10.8, 10.3, 9.9, 9.1, 11.7, 10.1, 10.2, 11.4, 8.8, 9.8, 10.9, 9.7, 9.2, 9.7, 10.1, 9.5, 9.9, 9.0, 9.4, 9.2, 9.6, 8.9, 9.1, 8.4, 8.4, 8.8, 10.2, 8.7, 8.9, 10.8, 8.1, 9.5, 9.5, 9.3, 10.3, 10.0], 2: [10.3, 10.5, 9.7, 11.4, 11.1, 9.9, 8.6, 8.9, 9.1, 8.7, 9.4, 9.6, 7.7, 10.1, 10.4, 8.9, 9.1, 9.5, 10.8, 8.4, 8.5, 8.8, 9.1, 8.5, 9.7, 10.0, 9.4, 9.9, 9.9, 9.5, 8.9, 8.9, 9.1, 9.7, 9.7, 9.8, 9.4, 9.9, 9.1, 9.1, 9.2, 9.9, 9.7, 9.4, 8.0, 10.1, 10.6, 9.1], 3: [10.3, 9.9, 8.6, 9.7, 9.2, 9.4, 9.3, 10.7, 11.6, 11.0, 11.6, 11.9, 11.3, 11.4, 12.4, 11.7, 11.1, 11.2, 11.9, 12.5, 13.1, 12.2, 13.1, 12.0, 12.6, 11.9, 12.0, 12.8, 13.5, 12.1, 12.1, 11.7, 11.8, 12.4, 12.6, 11.4, 12.7, 13.3, 13.2, 12.1, 12.3, 12.5, 13.4, 13.2, 13.5, 12.3, 11.5, 12.1], 4: [11.0, 10.0, 10.7, 9.8, 10.8, 10.1, 10.0, 10.9, 10.2, 10.0, 10.2, 9.9, 9.6, 9.1, 8.8, 10.7, 9.8, 9.2, 9.6, 10.3, 8.5, 10.1, 9.6, 9.5, 9.6, 10.4, 10.6, 9.3, 8.9, 8.8, 9.3, 10.3, 10.1, 11.1, 9.8, 11.7, 9.9, 9.1, 10.5, 10.7, 10.0, 10.0, 9.9, 9.4, 9.2, 9.0, 10.6, 9.4], 5: [9.1, 9.4, 10.6, 12.1, 10.5, 10.8, 11.3, 10.7, 10.6, 12.6, 12.5, 11.6, 11.5, 11.1, 10.8, 10.5, 11.1, 11.6, 10.7, 11.8, 10.6, 11.0, 10.2, 10.9, 9.6, 10.6, 9.6, 10.5, 9.3, 8.3, 9.5, 9.2, 9.6, 10.2, 9.2, 9.2, 10.1, 8.9, 9.3, 8.5, 8.8, 9.3, 9.1, 8.6, 9.9, 10.1, 9.0, 10.0], 6: [10.1, 9.9, 12.1, 10.8, 10.4, 9.4, 9.2, 10.1, 11.1, 9.8, 10.4, 11.0, 10.9, 11.0, 13.0, 12.2, 10.5, 11.5, 10.0, 11.8, 9.6, 11.3, 10.6, 9.3, 9.4, 9.0, 10.5, 9.3, 10.4, 9.4, 9.4, 9.5, 10.3, 10.1, 8.4, 8.6, 10.3, 8.7, 9.1, 9.7, 8.6, 9.3, 9.1, 8.7, 8.4, 10.4, 8.9, 9.8], 7: [9.2, 9.7, 10.3, 11.8, 11.8, 11.2, 12.2, 11.5, 10.8, 11.1, 12.2, 11.9, 11.9, 13.4, 12.9, 13.1, 14.1, 12.3, 12.7, 13.3, 11.4, 13.4, 12.8, 12.6, 12.6, 13.0, 13.0, 12.7, 13.0, 11.7, 11.9, 11.9, 12.3, 12.7, 13.8, 12.9, 13.4, 13.5, 12.5, 12.3, 12.5, 12.8, 11.2, 12.4, 13.8, 12.4, 10.7, 12.0], 8: [7.8, 10.2, 9.5, 11.9, 11.6, 10.8, 9.4, 10.0, 9.6, 10.5, 9.9, 9.9, 10.2, 9.4, 9.8, 8.7, 9.4, 8.8, 9.6, 8.2, 8.0, 8.7, 9.1, 8.8, 8.9, 10.2, 8.3, 8.4, 7.6, 8.6, 8.3, 7.2, 8.5, 8.7, 7.7, 8.7, 8.3, 8.4, 8.6, 8.4, 8.8, 7.8, 8.8, 8.7, 8.0, 8.1, 7.1, 7.0], 9: [10.4, 10.8, 9.5, 9.8, 8.9, 8.8, 8.5, 10.6, 9.6, 10.0, 6.8, 8.7, 10.7, 8.9, 9.7, 7.7, 9.0, 9.4, 10.0, 9.5, 9.7, 9.6, 9.4, 8.5, 7.3, 7.6, 9.7, 10.0, 8.1, 9.8, 11.0, 8.9, 10.3, 9.3, 10.3, 8.9, 9.3, 9.7, 10.8, 10.0, 9.6, 9.6, 10.1, 10.1, 9.2, 9.4, 11.1, 8.7]}
Epoch   1 | Client   0 | Train: loss=0.048, acc= 98.5% | time= 47.8ms | Valid: loss=2.125, acc= 60.0% |
Epoch   2 | Client   0 | Train: loss=0.036, acc= 98.7% | time= 42.8ms | Valid: loss=1.438, acc= 64.0% |
Epoch   3 | Client   0 | Train: loss=0.008, acc= 99.8% | time= 35.8ms | Valid: loss=1.582, acc= 72.0% |
Epoch   4 | Client   0 | Train: loss=0.004, acc= 99.8% | time= 35.9ms | Valid: loss=1.796, acc= 72.0% |
Epoch   5 | Client   0 | Train: loss=0.022, acc= 98.9% | time= 35.6ms | Valid: loss=1.976, acc= 68.0% |
Epoch   1 | Client   1 | Train: loss=0.001, acc=100.0% | time= 39.3ms | Valid: loss=1.721, acc= 64.0% |
Epoch   2 | Client   1 | Train: loss=0.020, acc= 99.6% | time= 38.0ms | Valid: loss=2.047, acc= 68.0% |
Epoch   3 | Client   1 | Train: loss=0.052, acc= 98.7% | time= 38.3ms | Valid: loss=2.061, acc= 64.0% |
Epoch   4 | Client   1 | Train: loss=0.074, acc= 98.1% | time= 37.9ms | Valid: loss=2.453, acc= 56.0% |
Epoch   5 | Client   1 | Train: loss=0.358, acc= 92.2% | time= 37.8ms | Valid: loss=2.862, acc= 56.0% |
Epoch   1 | Client   2 | Train: loss=0.048, acc= 97.9% | time= 47.1ms | Valid: loss=1.943, acc= 68.0% |
Epoch   2 | Client   2 | Train: loss=0.020, acc= 99.4% | time= 39.8ms | Valid: loss=2.101, acc= 56.0% |
Epoch   3 | Client   2 | Train: loss=0.019, acc= 99.6% | time= 39.6ms | Valid: loss=2.733, acc= 60.0% |
Epoch   4 | Client   2 | Train: loss=0.010, acc= 99.6% | time= 39.1ms | Valid: loss=2.606, acc= 48.0% |
Epoch   5 | Client   2 | Train: loss=0.037, acc= 98.5% | time= 39.0ms | Valid: loss=1.931, acc= 56.0% |
Epoch   1 | Client   3 | Train: loss=0.017, acc= 99.4% | time= 41.2ms | Valid: loss=1.519, acc= 68.0% |
Epoch   2 | Client   3 | Train: loss=0.002, acc=100.0% | time= 40.8ms | Valid: loss=1.539, acc= 72.0% |
Epoch   3 | Client   3 | Train: loss=0.001, acc=100.0% | time= 39.0ms | Valid: loss=1.764, acc= 60.0% |
Epoch   4 | Client   3 | Train: loss=0.002, acc=100.0% | time= 37.9ms | Valid: loss=1.514, acc= 60.0% |
Epoch   5 | Client   3 | Train: loss=0.010, acc= 99.6% | time= 36.2ms | Valid: loss=1.511, acc= 68.0% |
Epoch   1 | Client   4 | Train: loss=0.160, acc= 95.4% | time= 39.8ms | Valid: loss=2.349, acc= 72.0% |
Epoch   2 | Client   4 | Train: loss=0.011, acc= 99.8% | time= 38.2ms | Valid: loss=1.882, acc= 76.0% |
Epoch   3 | Client   4 | Train: loss=0.055, acc= 98.7% | time= 38.1ms | Valid: loss=2.060, acc= 64.0% |
Epoch   4 | Client   4 | Train: loss=0.005, acc= 99.8% | time= 37.3ms | Valid: loss=1.598, acc= 68.0% |
Epoch   5 | Client   4 | Train: loss=0.003, acc= 99.8% | time= 37.6ms | Valid: loss=1.790, acc= 64.0% |
Epoch   1 | Client   5 | Train: loss=0.016, acc= 99.6% | time= 44.2ms | Valid: loss=1.236, acc= 64.0% |
Epoch   2 | Client   5 | Train: loss=0.045, acc= 98.9% | time= 39.5ms | Valid: loss=1.457, acc= 72.0% |
Epoch   3 | Client   5 | Train: loss=0.023, acc= 99.2% | time= 39.4ms | Valid: loss=1.515, acc= 76.0% |
Epoch   4 | Client   5 | Train: loss=0.035, acc= 98.7% | time= 39.2ms | Valid: loss=1.061, acc= 72.0% |
Epoch   5 | Client   5 | Train: loss=0.058, acc= 98.1% | time= 38.8ms | Valid: loss=2.067, acc= 64.0% |
Epoch   1 | Client   6 | Train: loss=0.083, acc= 96.8% | time= 61.4ms | Valid: loss=3.229, acc= 52.0% |
Epoch   2 | Client   6 | Train: loss=0.011, acc= 99.6% | time= 56.9ms | Valid: loss=2.161, acc= 60.0% |
Epoch   3 | Client   6 | Train: loss=0.018, acc= 99.2% | time= 37.9ms | Valid: loss=1.580, acc= 76.0% |
Epoch   4 | Client   6 | Train: loss=0.018, acc= 98.9% | time= 37.7ms | Valid: loss=2.314, acc= 64.0% |
Epoch   5 | Client   6 | Train: loss=0.004, acc=100.0% | time= 37.6ms | Valid: loss=2.584, acc= 64.0% |
Epoch   1 | Client   7 | Train: loss=0.152, acc= 96.4% | time= 39.3ms | Valid: loss=2.462, acc= 56.0% |
Epoch   2 | Client   7 | Train: loss=0.052, acc= 98.3% | time= 38.0ms | Valid: loss=1.740, acc= 68.0% |
Epoch   3 | Client   7 | Train: loss=0.017, acc= 99.6% | time= 37.9ms | Valid: loss=1.803, acc= 60.0% |
Epoch   4 | Client   7 | Train: loss=0.006, acc= 99.8% | time= 37.0ms | Valid: loss=2.321, acc= 68.0% |
Epoch   5 | Client   7 | Train: loss=0.019, acc= 99.6% | time= 36.4ms | Valid: loss=1.754, acc= 68.0% |
Epoch   1 | Client   8 | Train: loss=0.008, acc= 99.8% | time= 39.4ms | Valid: loss=1.620, acc= 64.0% |
Epoch   2 | Client   8 | Train: loss=0.002, acc=100.0% | time= 38.1ms | Valid: loss=2.228, acc= 68.0% |
Epoch   3 | Client   8 | Train: loss=0.003, acc=100.0% | time= 37.9ms | Valid: loss=2.022, acc= 68.0% |
Epoch   4 | Client   8 | Train: loss=0.013, acc= 99.4% | time= 37.5ms | Valid: loss=1.847, acc= 64.0% |
Epoch   5 | Client   8 | Train: loss=0.004, acc=100.0% | time= 37.4ms | Valid: loss=1.812, acc= 72.0% |
Epoch   1 | Client   9 | Train: loss=0.009, acc= 99.8% | time= 42.0ms | Valid: loss=2.360, acc= 52.0% |
Epoch   2 | Client   9 | Train: loss=0.149, acc= 96.6% | time= 41.2ms | Valid: loss=2.716, acc= 52.0% |
Epoch   3 | Client   9 | Train: loss=0.051, acc= 98.7% | time= 42.0ms | Valid: loss=2.952, acc= 44.0% |
Epoch   4 | Client   9 | Train: loss=0.092, acc= 97.1% | time= 41.2ms | Valid: loss=2.884, acc= 48.0% |
Epoch   5 | Client   9 | Train: loss=0.065, acc= 97.7% | time= 41.9ms | Valid: loss=2.554, acc= 52.0% |
----------------------------------------
G-Epoch:  48, Test: loss=1.755 , acc= 65.0%
****************************************
Task:   0, G-Epoch:  48, Test: loss=1.736 , acc= 65.3%
Task:   1, G-Epoch:  48, Test: loss=2.310 , acc=  9.3%
Task:   2, G-Epoch:  48, Test: loss=2.308 , acc=  9.6%
Task:   3, G-Epoch:  48, Test: loss=2.310 , acc= 12.0%
Task:   4, G-Epoch:  48, Test: loss=2.305 , acc= 10.1%
Task:   5, G-Epoch:  48, Test: loss=2.293 , acc=  8.2%
Task:   6, G-Epoch:  48, Test: loss=2.302 , acc= 10.6%
Task:   7, G-Epoch:  48, Test: loss=2.307 , acc= 11.9%
Task:   8, G-Epoch:  48, Test: loss=2.312 , acc=  6.9%
Task:   9, G-Epoch:  48, Test: loss=2.307 , acc= 10.7%
{0: [39.3, 45.7, 48.7, 48.8, 51.1, 52.3, 53.9, 51.6, 55.6, 54.8, 53.3, 54.9, 58.1, 57.8, 55.8, 58.5, 58.6, 58.9, 57.4, 60.4, 61.3, 56.9, 60.1, 60.2, 60.8, 60.2, 60.8, 61.6, 61.5, 61.0, 62.5, 62.5, 64.4, 61.7, 62.6, 62.6, 63.1, 63.9, 65.4, 63.5, 65.0, 63.8, 64.1, 65.7, 66.4, 65.1, 63.0, 66.9, 65.3], 1: [10.2, 9.5, 11.1, 11.0, 9.3, 10.0, 10.6, 10.7, 11.2, 8.9, 9.1, 10.8, 10.8, 10.3, 9.9, 9.1, 11.7, 10.1, 10.2, 11.4, 8.8, 9.8, 10.9, 9.7, 9.2, 9.7, 10.1, 9.5, 9.9, 9.0, 9.4, 9.2, 9.6, 8.9, 9.1, 8.4, 8.4, 8.8, 10.2, 8.7, 8.9, 10.8, 8.1, 9.5, 9.5, 9.3, 10.3, 10.0, 9.3], 2: [10.3, 10.5, 9.7, 11.4, 11.1, 9.9, 8.6, 8.9, 9.1, 8.7, 9.4, 9.6, 7.7, 10.1, 10.4, 8.9, 9.1, 9.5, 10.8, 8.4, 8.5, 8.8, 9.1, 8.5, 9.7, 10.0, 9.4, 9.9, 9.9, 9.5, 8.9, 8.9, 9.1, 9.7, 9.7, 9.8, 9.4, 9.9, 9.1, 9.1, 9.2, 9.9, 9.7, 9.4, 8.0, 10.1, 10.6, 9.1, 9.6], 3: [10.3, 9.9, 8.6, 9.7, 9.2, 9.4, 9.3, 10.7, 11.6, 11.0, 11.6, 11.9, 11.3, 11.4, 12.4, 11.7, 11.1, 11.2, 11.9, 12.5, 13.1, 12.2, 13.1, 12.0, 12.6, 11.9, 12.0, 12.8, 13.5, 12.1, 12.1, 11.7, 11.8, 12.4, 12.6, 11.4, 12.7, 13.3, 13.2, 12.1, 12.3, 12.5, 13.4, 13.2, 13.5, 12.3, 11.5, 12.1, 12.0], 4: [11.0, 10.0, 10.7, 9.8, 10.8, 10.1, 10.0, 10.9, 10.2, 10.0, 10.2, 9.9, 9.6, 9.1, 8.8, 10.7, 9.8, 9.2, 9.6, 10.3, 8.5, 10.1, 9.6, 9.5, 9.6, 10.4, 10.6, 9.3, 8.9, 8.8, 9.3, 10.3, 10.1, 11.1, 9.8, 11.7, 9.9, 9.1, 10.5, 10.7, 10.0, 10.0, 9.9, 9.4, 9.2, 9.0, 10.6, 9.4, 10.1], 5: [9.1, 9.4, 10.6, 12.1, 10.5, 10.8, 11.3, 10.7, 10.6, 12.6, 12.5, 11.6, 11.5, 11.1, 10.8, 10.5, 11.1, 11.6, 10.7, 11.8, 10.6, 11.0, 10.2, 10.9, 9.6, 10.6, 9.6, 10.5, 9.3, 8.3, 9.5, 9.2, 9.6, 10.2, 9.2, 9.2, 10.1, 8.9, 9.3, 8.5, 8.8, 9.3, 9.1, 8.6, 9.9, 10.1, 9.0, 10.0, 8.2], 6: [10.1, 9.9, 12.1, 10.8, 10.4, 9.4, 9.2, 10.1, 11.1, 9.8, 10.4, 11.0, 10.9, 11.0, 13.0, 12.2, 10.5, 11.5, 10.0, 11.8, 9.6, 11.3, 10.6, 9.3, 9.4, 9.0, 10.5, 9.3, 10.4, 9.4, 9.4, 9.5, 10.3, 10.1, 8.4, 8.6, 10.3, 8.7, 9.1, 9.7, 8.6, 9.3, 9.1, 8.7, 8.4, 10.4, 8.9, 9.8, 10.6], 7: [9.2, 9.7, 10.3, 11.8, 11.8, 11.2, 12.2, 11.5, 10.8, 11.1, 12.2, 11.9, 11.9, 13.4, 12.9, 13.1, 14.1, 12.3, 12.7, 13.3, 11.4, 13.4, 12.8, 12.6, 12.6, 13.0, 13.0, 12.7, 13.0, 11.7, 11.9, 11.9, 12.3, 12.7, 13.8, 12.9, 13.4, 13.5, 12.5, 12.3, 12.5, 12.8, 11.2, 12.4, 13.8, 12.4, 10.7, 12.0, 11.9], 8: [7.8, 10.2, 9.5, 11.9, 11.6, 10.8, 9.4, 10.0, 9.6, 10.5, 9.9, 9.9, 10.2, 9.4, 9.8, 8.7, 9.4, 8.8, 9.6, 8.2, 8.0, 8.7, 9.1, 8.8, 8.9, 10.2, 8.3, 8.4, 7.6, 8.6, 8.3, 7.2, 8.5, 8.7, 7.7, 8.7, 8.3, 8.4, 8.6, 8.4, 8.8, 7.8, 8.8, 8.7, 8.0, 8.1, 7.1, 7.0, 6.9], 9: [10.4, 10.8, 9.5, 9.8, 8.9, 8.8, 8.5, 10.6, 9.6, 10.0, 6.8, 8.7, 10.7, 8.9, 9.7, 7.7, 9.0, 9.4, 10.0, 9.5, 9.7, 9.6, 9.4, 8.5, 7.3, 7.6, 9.7, 10.0, 8.1, 9.8, 11.0, 8.9, 10.3, 9.3, 10.3, 8.9, 9.3, 9.7, 10.8, 10.0, 9.6, 9.6, 10.1, 10.1, 9.2, 9.4, 11.1, 8.7, 10.7]}
Epoch   1 | Client   0 | Train: loss=0.021, acc= 99.8% | time= 36.5ms | Valid: loss=1.638, acc= 72.0% |
Epoch   2 | Client   0 | Train: loss=0.007, acc= 99.8% | time= 35.3ms | Valid: loss=1.564, acc= 72.0% |
Epoch   3 | Client   0 | Train: loss=0.010, acc= 99.6% | time= 35.5ms | Valid: loss=1.546, acc= 72.0% |
Epoch   4 | Client   0 | Train: loss=0.007, acc= 99.6% | time= 35.2ms | Valid: loss=1.611, acc= 76.0% |
Epoch   5 | Client   0 | Train: loss=0.005, acc= 99.8% | time= 35.5ms | Valid: loss=1.574, acc= 72.0% |
Epoch   1 | Client   1 | Train: loss=0.056, acc= 97.7% | time= 37.5ms | Valid: loss=1.549, acc= 76.0% |
Epoch   2 | Client   1 | Train: loss=0.034, acc= 98.3% | time= 36.4ms | Valid: loss=2.408, acc= 48.0% |
Epoch   3 | Client   1 | Train: loss=0.018, acc= 99.6% | time= 36.1ms | Valid: loss=2.139, acc= 68.0% |
Epoch   4 | Client   1 | Train: loss=0.041, acc= 98.7% | time= 36.4ms | Valid: loss=1.238, acc= 72.0% |
Epoch   5 | Client   1 | Train: loss=0.006, acc= 99.8% | time= 36.3ms | Valid: loss=2.073, acc= 72.0% |
Epoch   1 | Client   2 | Train: loss=0.173, acc= 95.4% | time= 45.9ms | Valid: loss=2.035, acc= 60.0% |
Epoch   2 | Client   2 | Train: loss=0.074, acc= 98.7% | time= 42.0ms | Valid: loss=2.321, acc= 56.0% |
Epoch   3 | Client   2 | Train: loss=0.075, acc= 98.1% | time= 41.8ms | Valid: loss=2.788, acc= 56.0% |
Epoch   4 | Client   2 | Train: loss=0.065, acc= 97.7% | time= 41.7ms | Valid: loss=2.465, acc= 48.0% |
Epoch   5 | Client   2 | Train: loss=0.001, acc=100.0% | time= 41.7ms | Valid: loss=1.917, acc= 68.0% |
Epoch   1 | Client   3 | Train: loss=0.031, acc= 98.9% | time= 44.4ms | Valid: loss=1.837, acc= 68.0% |
Epoch   2 | Client   3 | Train: loss=0.034, acc= 98.7% | time= 45.6ms | Valid: loss=1.639, acc= 64.0% |
Epoch   3 | Client   3 | Train: loss=0.012, acc= 99.6% | time= 42.4ms | Valid: loss=2.000, acc= 60.0% |
Epoch   4 | Client   3 | Train: loss=0.061, acc= 98.1% | time= 40.6ms | Valid: loss=2.244, acc= 60.0% |
Epoch   5 | Client   3 | Train: loss=0.001, acc=100.0% | time= 39.5ms | Valid: loss=1.949, acc= 56.0% |
Epoch   1 | Client   4 | Train: loss=0.008, acc= 99.8% | time= 40.5ms | Valid: loss=1.824, acc= 64.0% |
Epoch   2 | Client   4 | Train: loss=0.051, acc= 97.9% | time= 39.4ms | Valid: loss=2.814, acc= 56.0% |
Epoch   3 | Client   4 | Train: loss=0.070, acc= 98.5% | time= 39.3ms | Valid: loss=1.698, acc= 60.0% |
Epoch   4 | Client   4 | Train: loss=0.022, acc= 99.2% | time= 39.4ms | Valid: loss=2.232, acc= 64.0% |
Epoch   5 | Client   4 | Train: loss=0.002, acc=100.0% | time= 38.4ms | Valid: loss=1.817, acc= 72.0% |
Epoch   1 | Client   5 | Train: loss=0.017, acc= 99.6% | time= 40.4ms | Valid: loss=1.344, acc= 80.0% |
Epoch   2 | Client   5 | Train: loss=0.292, acc= 93.5% | time= 39.4ms | Valid: loss=3.244, acc= 64.0% |
Epoch   3 | Client   5 | Train: loss=0.023, acc= 99.2% | time= 39.3ms | Valid: loss=1.514, acc= 76.0% |
Epoch   4 | Client   5 | Train: loss=0.033, acc= 99.4% | time= 39.3ms | Valid: loss=1.697, acc= 76.0% |
Epoch   5 | Client   5 | Train: loss=0.019, acc= 99.4% | time= 38.8ms | Valid: loss=1.491, acc= 76.0% |
Epoch   1 | Client   6 | Train: loss=0.002, acc=100.0% | time= 39.3ms | Valid: loss=2.325, acc= 68.0% |
Epoch   2 | Client   6 | Train: loss=0.002, acc=100.0% | time= 38.1ms | Valid: loss=2.211, acc= 68.0% |
Epoch   3 | Client   6 | Train: loss=0.001, acc=100.0% | time= 37.9ms | Valid: loss=2.645, acc= 60.0% |
Epoch   4 | Client   6 | Train: loss=0.219, acc= 94.7% | time= 37.0ms | Valid: loss=2.932, acc= 68.0% |
Epoch   5 | Client   6 | Train: loss=0.005, acc= 99.8% | time= 36.6ms | Valid: loss=2.303, acc= 64.0% |
Epoch   1 | Client   7 | Train: loss=0.043, acc= 99.4% | time= 37.9ms | Valid: loss=2.289, acc= 60.0% |
Epoch   2 | Client   7 | Train: loss=0.010, acc= 99.8% | time= 36.7ms | Valid: loss=1.991, acc= 76.0% |
Epoch   3 | Client   7 | Train: loss=0.013, acc= 99.6% | time= 36.5ms | Valid: loss=1.757, acc= 64.0% |
Epoch   4 | Client   7 | Train: loss=0.008, acc= 99.8% | time= 36.6ms | Valid: loss=1.315, acc= 64.0% |
Epoch   5 | Client   7 | Train: loss=0.021, acc= 99.4% | time= 36.8ms | Valid: loss=1.414, acc= 64.0% |
Epoch   1 | Client   8 | Train: loss=0.017, acc= 99.6% | time= 41.6ms | Valid: loss=2.158, acc= 72.0% |
Epoch   2 | Client   8 | Train: loss=0.026, acc= 99.2% | time= 42.7ms | Valid: loss=1.608, acc= 76.0% |
Epoch   3 | Client   8 | Train: loss=0.028, acc= 98.9% | time= 39.8ms | Valid: loss=1.689, acc= 68.0% |
Epoch   4 | Client   8 | Train: loss=0.004, acc=100.0% | time= 38.4ms | Valid: loss=1.707, acc= 68.0% |
Epoch   5 | Client   8 | Train: loss=0.003, acc=100.0% | time= 37.7ms | Valid: loss=2.346, acc= 64.0% |
Epoch   1 | Client   9 | Train: loss=0.068, acc= 97.5% | time= 39.3ms | Valid: loss=2.984, acc= 48.0% |
Epoch   2 | Client   9 | Train: loss=0.140, acc= 96.2% | time= 37.3ms | Valid: loss=2.327, acc= 52.0% |
Epoch   3 | Client   9 | Train: loss=0.029, acc= 98.9% | time= 36.4ms | Valid: loss=2.466, acc= 44.0% |
Epoch   4 | Client   9 | Train: loss=0.051, acc= 99.4% | time= 36.5ms | Valid: loss=2.264, acc= 52.0% |
Epoch   5 | Client   9 | Train: loss=0.016, acc= 99.6% | time= 40.1ms | Valid: loss=2.284, acc= 56.0% |
----------------------------------------
G-Epoch:  49, Test: loss=1.696 , acc= 66.5%
****************************************
Task:   0, G-Epoch:  49, Test: loss=1.740 , acc= 66.5%
Task:   1, G-Epoch:  49, Test: loss=2.313 , acc=  9.6%
Task:   2, G-Epoch:  49, Test: loss=2.313 , acc=  9.0%
Task:   3, G-Epoch:  49, Test: loss=2.310 , acc= 13.0%
Task:   4, G-Epoch:  49, Test: loss=2.308 , acc= 10.3%
Task:   5, G-Epoch:  49, Test: loss=2.297 , acc=  8.3%
Task:   6, G-Epoch:  49, Test: loss=2.307 , acc= 10.7%
Task:   7, G-Epoch:  49, Test: loss=2.309 , acc= 11.7%
Task:   8, G-Epoch:  49, Test: loss=2.307 , acc=  8.4%
Task:   9, G-Epoch:  49, Test: loss=2.305 , acc= 10.9%
{0: [39.3, 45.7, 48.7, 48.8, 51.1, 52.3, 53.9, 51.6, 55.6, 54.8, 53.3, 54.9, 58.1, 57.8, 55.8, 58.5, 58.6, 58.9, 57.4, 60.4, 61.3, 56.9, 60.1, 60.2, 60.8, 60.2, 60.8, 61.6, 61.5, 61.0, 62.5, 62.5, 64.4, 61.7, 62.6, 62.6, 63.1, 63.9, 65.4, 63.5, 65.0, 63.8, 64.1, 65.7, 66.4, 65.1, 63.0, 66.9, 65.3, 66.5], 1: [10.2, 9.5, 11.1, 11.0, 9.3, 10.0, 10.6, 10.7, 11.2, 8.9, 9.1, 10.8, 10.8, 10.3, 9.9, 9.1, 11.7, 10.1, 10.2, 11.4, 8.8, 9.8, 10.9, 9.7, 9.2, 9.7, 10.1, 9.5, 9.9, 9.0, 9.4, 9.2, 9.6, 8.9, 9.1, 8.4, 8.4, 8.8, 10.2, 8.7, 8.9, 10.8, 8.1, 9.5, 9.5, 9.3, 10.3, 10.0, 9.3, 9.6], 2: [10.3, 10.5, 9.7, 11.4, 11.1, 9.9, 8.6, 8.9, 9.1, 8.7, 9.4, 9.6, 7.7, 10.1, 10.4, 8.9, 9.1, 9.5, 10.8, 8.4, 8.5, 8.8, 9.1, 8.5, 9.7, 10.0, 9.4, 9.9, 9.9, 9.5, 8.9, 8.9, 9.1, 9.7, 9.7, 9.8, 9.4, 9.9, 9.1, 9.1, 9.2, 9.9, 9.7, 9.4, 8.0, 10.1, 10.6, 9.1, 9.6, 9.0], 3: [10.3, 9.9, 8.6, 9.7, 9.2, 9.4, 9.3, 10.7, 11.6, 11.0, 11.6, 11.9, 11.3, 11.4, 12.4, 11.7, 11.1, 11.2, 11.9, 12.5, 13.1, 12.2, 13.1, 12.0, 12.6, 11.9, 12.0, 12.8, 13.5, 12.1, 12.1, 11.7, 11.8, 12.4, 12.6, 11.4, 12.7, 13.3, 13.2, 12.1, 12.3, 12.5, 13.4, 13.2, 13.5, 12.3, 11.5, 12.1, 12.0, 13.0], 4: [11.0, 10.0, 10.7, 9.8, 10.8, 10.1, 10.0, 10.9, 10.2, 10.0, 10.2, 9.9, 9.6, 9.1, 8.8, 10.7, 9.8, 9.2, 9.6, 10.3, 8.5, 10.1, 9.6, 9.5, 9.6, 10.4, 10.6, 9.3, 8.9, 8.8, 9.3, 10.3, 10.1, 11.1, 9.8, 11.7, 9.9, 9.1, 10.5, 10.7, 10.0, 10.0, 9.9, 9.4, 9.2, 9.0, 10.6, 9.4, 10.1, 10.3], 5: [9.1, 9.4, 10.6, 12.1, 10.5, 10.8, 11.3, 10.7, 10.6, 12.6, 12.5, 11.6, 11.5, 11.1, 10.8, 10.5, 11.1, 11.6, 10.7, 11.8, 10.6, 11.0, 10.2, 10.9, 9.6, 10.6, 9.6, 10.5, 9.3, 8.3, 9.5, 9.2, 9.6, 10.2, 9.2, 9.2, 10.1, 8.9, 9.3, 8.5, 8.8, 9.3, 9.1, 8.6, 9.9, 10.1, 9.0, 10.0, 8.2, 8.3], 6: [10.1, 9.9, 12.1, 10.8, 10.4, 9.4, 9.2, 10.1, 11.1, 9.8, 10.4, 11.0, 10.9, 11.0, 13.0, 12.2, 10.5, 11.5, 10.0, 11.8, 9.6, 11.3, 10.6, 9.3, 9.4, 9.0, 10.5, 9.3, 10.4, 9.4, 9.4, 9.5, 10.3, 10.1, 8.4, 8.6, 10.3, 8.7, 9.1, 9.7, 8.6, 9.3, 9.1, 8.7, 8.4, 10.4, 8.9, 9.8, 10.6, 10.7], 7: [9.2, 9.7, 10.3, 11.8, 11.8, 11.2, 12.2, 11.5, 10.8, 11.1, 12.2, 11.9, 11.9, 13.4, 12.9, 13.1, 14.1, 12.3, 12.7, 13.3, 11.4, 13.4, 12.8, 12.6, 12.6, 13.0, 13.0, 12.7, 13.0, 11.7, 11.9, 11.9, 12.3, 12.7, 13.8, 12.9, 13.4, 13.5, 12.5, 12.3, 12.5, 12.8, 11.2, 12.4, 13.8, 12.4, 10.7, 12.0, 11.9, 11.7], 8: [7.8, 10.2, 9.5, 11.9, 11.6, 10.8, 9.4, 10.0, 9.6, 10.5, 9.9, 9.9, 10.2, 9.4, 9.8, 8.7, 9.4, 8.8, 9.6, 8.2, 8.0, 8.7, 9.1, 8.8, 8.9, 10.2, 8.3, 8.4, 7.6, 8.6, 8.3, 7.2, 8.5, 8.7, 7.7, 8.7, 8.3, 8.4, 8.6, 8.4, 8.8, 7.8, 8.8, 8.7, 8.0, 8.1, 7.1, 7.0, 6.9, 8.4], 9: [10.4, 10.8, 9.5, 9.8, 8.9, 8.8, 8.5, 10.6, 9.6, 10.0, 6.8, 8.7, 10.7, 8.9, 9.7, 7.7, 9.0, 9.4, 10.0, 9.5, 9.7, 9.6, 9.4, 8.5, 7.3, 7.6, 9.7, 10.0, 8.1, 9.8, 11.0, 8.9, 10.3, 9.3, 10.3, 8.9, 9.3, 9.7, 10.8, 10.0, 9.6, 9.6, 10.1, 10.1, 9.2, 9.4, 11.1, 8.7, 10.7, 10.9]}
Accuracies =
	 66.7%   0.0%   0.0%   0.0%   0.0%   0.0%   0.0%   0.0%   0.0%   0.0% 
----------------------------------------------------------------------------------------------------
Task ID :1 | Learning Rate : 0.01
----------------------------------------------------------------------------------------------------
----------------------------------------
Epoch   1 | Client   0 | Train: loss=1.926, acc= 38.3% | time=144.5ms | Valid: loss=1.935, acc= 36.0% |
Epoch   2 | Client   0 | Train: loss=1.615, acc= 47.6% | time= 95.8ms | Valid: loss=1.720, acc= 36.0% |
Epoch   3 | Client   0 | Train: loss=1.377, acc= 61.7% | time= 85.6ms | Valid: loss=1.665, acc= 44.0% |
Epoch   4 | Client   0 | Train: loss=1.207, acc= 62.3% | time= 84.2ms | Valid: loss=1.484, acc= 48.0% |
Epoch   5 | Client   0 | Train: loss=1.036, acc= 68.8% | time= 83.1ms | Valid: loss=1.533, acc= 32.0% |
----------------------------------------
Epoch   1 | Client   1 | Train: loss=1.923, acc= 43.2% | time=135.9ms | Valid: loss=2.161, acc=  8.0% |
Epoch   2 | Client   1 | Train: loss=1.608, acc= 54.7% | time= 85.1ms | Valid: loss=1.932, acc= 36.0% |
Epoch   3 | Client   1 | Train: loss=1.350, acc= 58.3% | time= 84.3ms | Valid: loss=1.856, acc= 40.0% |
Epoch   4 | Client   1 | Train: loss=1.164, acc= 62.7% | time= 74.9ms | Valid: loss=1.775, acc= 36.0% |
Epoch   5 | Client   1 | Train: loss=1.007, acc= 68.4% | time= 74.7ms | Valid: loss=1.733, acc= 44.0% |
----------------------------------------
Epoch   1 | Client   2 | Train: loss=1.924, acc= 40.6% | time=160.5ms | Valid: loss=2.146, acc= 20.0% |
Epoch   2 | Client   2 | Train: loss=1.615, acc= 50.5% | time= 86.4ms | Valid: loss=1.968, acc= 32.0% |
Epoch   3 | Client   2 | Train: loss=1.374, acc= 57.5% | time= 80.0ms | Valid: loss=1.799, acc= 40.0% |
Epoch   4 | Client   2 | Train: loss=1.157, acc= 67.2% | time= 76.9ms | Valid: loss=1.727, acc= 36.0% |
Epoch   5 | Client   2 | Train: loss=1.016, acc= 67.4% | time= 75.4ms | Valid: loss=1.695, acc= 36.0% |
----------------------------------------
Epoch   1 | Client   3 | Train: loss=1.895, acc= 33.1% | time=155.5ms | Valid: loss=2.184, acc= 24.0% |
Epoch   2 | Client   3 | Train: loss=1.590, acc= 50.1% | time= 95.8ms | Valid: loss=2.157, acc= 28.0% |
Epoch   3 | Client   3 | Train: loss=1.355, acc= 55.2% | time= 89.3ms | Valid: loss=2.074, acc= 24.0% |
Epoch   4 | Client   3 | Train: loss=1.156, acc= 63.4% | time= 87.3ms | Valid: loss=2.054, acc= 32.0% |
Epoch   5 | Client   3 | Train: loss=0.999, acc= 68.2% | time= 87.5ms | Valid: loss=2.100, acc= 32.0% |
----------------------------------------
Epoch   1 | Client   4 | Train: loss=1.862, acc= 37.5% | time=155.4ms | Valid: loss=2.025, acc= 20.0% |
Epoch   2 | Client   4 | Train: loss=1.575, acc= 49.7% | time=121.0ms | Valid: loss=1.842, acc= 28.0% |
Epoch   3 | Client   4 | Train: loss=1.389, acc= 57.1% | time=126.4ms | Valid: loss=1.697, acc= 52.0% |
Epoch   4 | Client   4 | Train: loss=1.158, acc= 64.0% | time=120.2ms | Valid: loss=1.494, acc= 52.0% |
Epoch   5 | Client   4 | Train: loss=0.976, acc= 70.7% | time= 88.5ms | Valid: loss=1.611, acc= 40.0% |
----------------------------------------
Epoch   1 | Client   5 | Train: loss=1.869, acc= 40.0% | time=175.5ms | Valid: loss=2.073, acc= 20.0% |
Epoch   2 | Client   5 | Train: loss=1.567, acc= 51.8% | time= 88.5ms | Valid: loss=1.968, acc= 28.0% |
Epoch   3 | Client   5 | Train: loss=1.366, acc= 57.9% | time= 81.2ms | Valid: loss=2.085, acc= 24.0% |
Epoch   4 | Client   5 | Train: loss=1.209, acc= 59.4% | time= 78.1ms | Valid: loss=2.055, acc= 28.0% |
Epoch   5 | Client   5 | Train: loss=0.992, acc= 69.3% | time= 77.8ms | Valid: loss=1.880, acc= 40.0% |
----------------------------------------
Epoch   1 | Client   6 | Train: loss=1.924, acc= 41.7% | time=163.4ms | Valid: loss=1.939, acc= 40.0% |
Epoch   2 | Client   6 | Train: loss=1.587, acc= 53.7% | time= 85.8ms | Valid: loss=1.744, acc= 40.0% |
Epoch   3 | Client   6 | Train: loss=1.353, acc= 57.5% | time= 82.8ms | Valid: loss=1.644, acc= 44.0% |
Epoch   4 | Client   6 | Train: loss=1.149, acc= 62.5% | time= 81.2ms | Valid: loss=1.522, acc= 44.0% |
Epoch   5 | Client   6 | Train: loss=0.970, acc= 71.4% | time= 79.8ms | Valid: loss=1.467, acc= 40.0% |
----------------------------------------
Epoch   1 | Client   7 | Train: loss=1.874, acc= 39.6% | time=165.7ms | Valid: loss=2.089, acc= 16.0% |
Epoch   2 | Client   7 | Train: loss=1.582, acc= 52.0% | time= 93.2ms | Valid: loss=2.075, acc= 12.0% |
Epoch   3 | Client   7 | Train: loss=1.338, acc= 52.6% | time= 97.1ms | Valid: loss=1.959, acc= 20.0% |
Epoch   4 | Client   7 | Train: loss=1.159, acc= 59.2% | time= 84.3ms | Valid: loss=1.873, acc= 28.0% |
Epoch   5 | Client   7 | Train: loss=0.966, acc= 70.5% | time= 80.5ms | Valid: loss=1.817, acc= 28.0% |
----------------------------------------
Epoch   1 | Client   8 | Train: loss=1.912, acc= 40.0% | time=168.0ms | Valid: loss=2.084, acc= 20.0% |
Epoch   2 | Client   8 | Train: loss=1.627, acc= 46.9% | time= 92.9ms | Valid: loss=1.840, acc= 36.0% |
Epoch   3 | Client   8 | Train: loss=1.398, acc= 57.7% | time= 83.3ms | Valid: loss=1.698, acc= 36.0% |
Epoch   4 | Client   8 | Train: loss=1.199, acc= 63.2% | time= 82.5ms | Valid: loss=1.629, acc= 48.0% |
Epoch   5 | Client   8 | Train: loss=1.051, acc= 66.9% | time= 82.0ms | Valid: loss=1.526, acc= 48.0% |
----------------------------------------
Epoch   1 | Client   9 | Train: loss=1.885, acc= 46.5% | time=163.2ms | Valid: loss=2.018, acc= 40.0% |
Epoch   2 | Client   9 | Train: loss=1.590, acc= 46.3% | time= 90.7ms | Valid: loss=1.846, acc= 40.0% |
Epoch   3 | Client   9 | Train: loss=1.361, acc= 53.7% | time= 83.5ms | Valid: loss=1.661, acc= 52.0% |
Epoch   4 | Client   9 | Train: loss=1.141, acc= 63.6% | time= 81.5ms | Valid: loss=1.566, acc= 48.0% |
Epoch   5 | Client   9 | Train: loss=0.987, acc= 69.5% | time= 80.4ms | Valid: loss=1.519, acc= 48.0% |
----------------------------------------
G-Epoch:   0, Test: loss=1.473 , acc= 50.3%
****************************************
Task:   0, G-Epoch:   0, Test: loss=1.668 , acc= 68.2%
Task:   1, G-Epoch:   0, Test: loss=1.464 , acc= 49.7%
Task:   2, G-Epoch:   0, Test: loss=2.318 , acc=  9.4%
Task:   3, G-Epoch:   0, Test: loss=2.314 , acc= 10.4%
Task:   4, G-Epoch:   0, Test: loss=2.312 , acc= 12.5%
Task:   5, G-Epoch:   0, Test: loss=2.293 , acc=  8.9%
Task:   6, G-Epoch:   0, Test: loss=2.306 , acc=  9.3%
Task:   7, G-Epoch:   0, Test: loss=2.307 , acc= 14.4%
Task:   8, G-Epoch:   0, Test: loss=2.321 , acc=  6.1%
Task:   9, G-Epoch:   0, Test: loss=2.303 , acc=  9.8%
{0: [39.3, 45.7, 48.7, 48.8, 51.1, 52.3, 53.9, 51.6, 55.6, 54.8, 53.3, 54.9, 58.1, 57.8, 55.8, 58.5, 58.6, 58.9, 57.4, 60.4, 61.3, 56.9, 60.1, 60.2, 60.8, 60.2, 60.8, 61.6, 61.5, 61.0, 62.5, 62.5, 64.4, 61.7, 62.6, 62.6, 63.1, 63.9, 65.4, 63.5, 65.0, 63.8, 64.1, 65.7, 66.4, 65.1, 63.0, 66.9, 65.3, 66.5, 68.2], 1: [10.2, 9.5, 11.1, 11.0, 9.3, 10.0, 10.6, 10.7, 11.2, 8.9, 9.1, 10.8, 10.8, 10.3, 9.9, 9.1, 11.7, 10.1, 10.2, 11.4, 8.8, 9.8, 10.9, 9.7, 9.2, 9.7, 10.1, 9.5, 9.9, 9.0, 9.4, 9.2, 9.6, 8.9, 9.1, 8.4, 8.4, 8.8, 10.2, 8.7, 8.9, 10.8, 8.1, 9.5, 9.5, 9.3, 10.3, 10.0, 9.3, 9.6, 49.7], 2: [10.3, 10.5, 9.7, 11.4, 11.1, 9.9, 8.6, 8.9, 9.1, 8.7, 9.4, 9.6, 7.7, 10.1, 10.4, 8.9, 9.1, 9.5, 10.8, 8.4, 8.5, 8.8, 9.1, 8.5, 9.7, 10.0, 9.4, 9.9, 9.9, 9.5, 8.9, 8.9, 9.1, 9.7, 9.7, 9.8, 9.4, 9.9, 9.1, 9.1, 9.2, 9.9, 9.7, 9.4, 8.0, 10.1, 10.6, 9.1, 9.6, 9.0, 9.4], 3: [10.3, 9.9, 8.6, 9.7, 9.2, 9.4, 9.3, 10.7, 11.6, 11.0, 11.6, 11.9, 11.3, 11.4, 12.4, 11.7, 11.1, 11.2, 11.9, 12.5, 13.1, 12.2, 13.1, 12.0, 12.6, 11.9, 12.0, 12.8, 13.5, 12.1, 12.1, 11.7, 11.8, 12.4, 12.6, 11.4, 12.7, 13.3, 13.2, 12.1, 12.3, 12.5, 13.4, 13.2, 13.5, 12.3, 11.5, 12.1, 12.0, 13.0, 10.4], 4: [11.0, 10.0, 10.7, 9.8, 10.8, 10.1, 10.0, 10.9, 10.2, 10.0, 10.2, 9.9, 9.6, 9.1, 8.8, 10.7, 9.8, 9.2, 9.6, 10.3, 8.5, 10.1, 9.6, 9.5, 9.6, 10.4, 10.6, 9.3, 8.9, 8.8, 9.3, 10.3, 10.1, 11.1, 9.8, 11.7, 9.9, 9.1, 10.5, 10.7, 10.0, 10.0, 9.9, 9.4, 9.2, 9.0, 10.6, 9.4, 10.1, 10.3, 12.5], 5: [9.1, 9.4, 10.6, 12.1, 10.5, 10.8, 11.3, 10.7, 10.6, 12.6, 12.5, 11.6, 11.5, 11.1, 10.8, 10.5, 11.1, 11.6, 10.7, 11.8, 10.6, 11.0, 10.2, 10.9, 9.6, 10.6, 9.6, 10.5, 9.3, 8.3, 9.5, 9.2, 9.6, 10.2, 9.2, 9.2, 10.1, 8.9, 9.3, 8.5, 8.8, 9.3, 9.1, 8.6, 9.9, 10.1, 9.0, 10.0, 8.2, 8.3, 8.9], 6: [10.1, 9.9, 12.1, 10.8, 10.4, 9.4, 9.2, 10.1, 11.1, 9.8, 10.4, 11.0, 10.9, 11.0, 13.0, 12.2, 10.5, 11.5, 10.0, 11.8, 9.6, 11.3, 10.6, 9.3, 9.4, 9.0, 10.5, 9.3, 10.4, 9.4, 9.4, 9.5, 10.3, 10.1, 8.4, 8.6, 10.3, 8.7, 9.1, 9.7, 8.6, 9.3, 9.1, 8.7, 8.4, 10.4, 8.9, 9.8, 10.6, 10.7, 9.3], 7: [9.2, 9.7, 10.3, 11.8, 11.8, 11.2, 12.2, 11.5, 10.8, 11.1, 12.2, 11.9, 11.9, 13.4, 12.9, 13.1, 14.1, 12.3, 12.7, 13.3, 11.4, 13.4, 12.8, 12.6, 12.6, 13.0, 13.0, 12.7, 13.0, 11.7, 11.9, 11.9, 12.3, 12.7, 13.8, 12.9, 13.4, 13.5, 12.5, 12.3, 12.5, 12.8, 11.2, 12.4, 13.8, 12.4, 10.7, 12.0, 11.9, 11.7, 14.4], 8: [7.8, 10.2, 9.5, 11.9, 11.6, 10.8, 9.4, 10.0, 9.6, 10.5, 9.9, 9.9, 10.2, 9.4, 9.8, 8.7, 9.4, 8.8, 9.6, 8.2, 8.0, 8.7, 9.1, 8.8, 8.9, 10.2, 8.3, 8.4, 7.6, 8.6, 8.3, 7.2, 8.5, 8.7, 7.7, 8.7, 8.3, 8.4, 8.6, 8.4, 8.8, 7.8, 8.8, 8.7, 8.0, 8.1, 7.1, 7.0, 6.9, 8.4, 6.1], 9: [10.4, 10.8, 9.5, 9.8, 8.9, 8.8, 8.5, 10.6, 9.6, 10.0, 6.8, 8.7, 10.7, 8.9, 9.7, 7.7, 9.0, 9.4, 10.0, 9.5, 9.7, 9.6, 9.4, 8.5, 7.3, 7.6, 9.7, 10.0, 8.1, 9.8, 11.0, 8.9, 10.3, 9.3, 10.3, 8.9, 9.3, 9.7, 10.8, 10.0, 9.6, 9.6, 10.1, 10.1, 9.2, 9.4, 11.1, 8.7, 10.7, 10.9, 9.8]}
----------------------------------------
Epoch   1 | Client   0 | Train: loss=0.984, acc= 69.7% | time=149.8ms | Valid: loss=1.493, acc= 44.0% |
Epoch   2 | Client   0 | Train: loss=0.877, acc= 72.0% | time= 99.2ms | Valid: loss=1.493, acc= 48.0% |
Epoch   3 | Client   0 | Train: loss=0.751, acc= 77.1% | time= 88.6ms | Valid: loss=1.367, acc= 52.0% |
Epoch   4 | Client   0 | Train: loss=0.671, acc= 79.8% | time= 80.5ms | Valid: loss=1.376, acc= 52.0% |
Epoch   5 | Client   0 | Train: loss=0.553, acc= 82.9% | time= 79.5ms | Valid: loss=1.402, acc= 48.0% |
----------------------------------------
Epoch   1 | Client   1 | Train: loss=0.952, acc= 68.2% | time=178.4ms | Valid: loss=1.724, acc= 40.0% |
Epoch   2 | Client   1 | Train: loss=0.828, acc= 72.8% | time=123.5ms | Valid: loss=1.771, acc= 40.0% |
Epoch   3 | Client   1 | Train: loss=0.737, acc= 77.3% | time=124.0ms | Valid: loss=1.722, acc= 36.0% |
Epoch   4 | Client   1 | Train: loss=0.608, acc= 81.1% | time=120.1ms | Valid: loss=1.748, acc= 40.0% |
Epoch   5 | Client   1 | Train: loss=0.544, acc= 85.3% | time=121.0ms | Valid: loss=1.781, acc= 40.0% |
----------------------------------------
Epoch   1 | Client   2 | Train: loss=0.939, acc= 72.2% | time=161.3ms | Valid: loss=1.581, acc= 36.0% |
Epoch   2 | Client   2 | Train: loss=0.811, acc= 76.8% | time= 95.6ms | Valid: loss=1.596, acc= 36.0% |
Epoch   3 | Client   2 | Train: loss=0.717, acc= 78.5% | time= 84.4ms | Valid: loss=1.555, acc= 40.0% |
Epoch   4 | Client   2 | Train: loss=0.628, acc= 81.5% | time= 80.4ms | Valid: loss=1.484, acc= 44.0% |
Epoch   5 | Client   2 | Train: loss=0.548, acc= 84.2% | time= 81.0ms | Valid: loss=1.517, acc= 48.0% |
----------------------------------------
Epoch   1 | Client   3 | Train: loss=0.928, acc= 68.8% | time=147.5ms | Valid: loss=2.091, acc= 40.0% |
Epoch   2 | Client   3 | Train: loss=0.809, acc= 75.2% | time= 87.0ms | Valid: loss=2.170, acc= 32.0% |
Epoch   3 | Client   3 | Train: loss=0.698, acc= 80.6% | time= 87.3ms | Valid: loss=2.158, acc= 32.0% |
Epoch   4 | Client   3 | Train: loss=0.629, acc= 82.3% | time= 84.5ms | Valid: loss=2.279, acc= 32.0% |
Epoch   5 | Client   3 | Train: loss=0.495, acc= 87.2% | time= 84.9ms | Valid: loss=2.197, acc= 36.0% |
----------------------------------------
Epoch   1 | Client   4 | Train: loss=0.929, acc= 70.5% | time=152.2ms | Valid: loss=1.498, acc= 44.0% |
Epoch   2 | Client   4 | Train: loss=0.803, acc= 76.0% | time= 95.3ms | Valid: loss=1.591, acc= 48.0% |
Epoch   3 | Client   4 | Train: loss=0.680, acc= 79.8% | time= 96.8ms | Valid: loss=1.571, acc= 52.0% |
Epoch   4 | Client   4 | Train: loss=0.557, acc= 84.8% | time=109.8ms | Valid: loss=1.515, acc= 52.0% |
Epoch   5 | Client   4 | Train: loss=0.485, acc= 86.9% | time= 92.8ms | Valid: loss=1.467, acc= 48.0% |
----------------------------------------
Epoch   1 | Client   5 | Train: loss=0.933, acc= 73.9% | time=161.5ms | Valid: loss=1.844, acc= 40.0% |
Epoch   2 | Client   5 | Train: loss=0.808, acc= 76.6% | time= 92.3ms | Valid: loss=1.923, acc= 40.0% |
Epoch   3 | Client   5 | Train: loss=0.683, acc= 81.7% | time= 79.6ms | Valid: loss=1.955, acc= 40.0% |
Epoch   4 | Client   5 | Train: loss=0.592, acc= 82.5% | time= 78.6ms | Valid: loss=1.981, acc= 40.0% |
Epoch   5 | Client   5 | Train: loss=0.501, acc= 85.7% | time= 78.3ms | Valid: loss=1.972, acc= 44.0% |
----------------------------------------
Epoch   1 | Client   6 | Train: loss=0.928, acc= 72.8% | time=165.2ms | Valid: loss=1.297, acc= 44.0% |
Epoch   2 | Client   6 | Train: loss=0.815, acc= 74.9% | time= 89.3ms | Valid: loss=1.341, acc= 36.0% |
Epoch   3 | Client   6 | Train: loss=0.709, acc= 77.7% | time= 89.6ms | Valid: loss=1.292, acc= 40.0% |
Epoch   4 | Client   6 | Train: loss=0.597, acc= 82.7% | time= 80.0ms | Valid: loss=1.279, acc= 40.0% |
Epoch   5 | Client   6 | Train: loss=0.500, acc= 86.3% | time= 80.0ms | Valid: loss=1.227, acc= 44.0% |
----------------------------------------
Epoch   1 | Client   7 | Train: loss=0.920, acc= 68.8% | time=158.9ms | Valid: loss=1.644, acc= 28.0% |
Epoch   2 | Client   7 | Train: loss=0.838, acc= 70.5% | time= 95.0ms | Valid: loss=1.658, acc= 36.0% |
Epoch   3 | Client   7 | Train: loss=0.703, acc= 77.3% | time= 85.4ms | Valid: loss=1.783, acc= 28.0% |
Epoch   4 | Client   7 | Train: loss=0.603, acc= 81.7% | time= 87.3ms | Valid: loss=1.591, acc= 36.0% |
Epoch   5 | Client   7 | Train: loss=0.505, acc= 87.8% | time= 88.2ms | Valid: loss=1.752, acc= 36.0% |
----------------------------------------
Epoch   1 | Client   8 | Train: loss=1.014, acc= 65.3% | time=172.1ms | Valid: loss=1.479, acc= 48.0% |
Epoch   2 | Client   8 | Train: loss=0.856, acc= 73.9% | time= 97.5ms | Valid: loss=1.432, acc= 52.0% |
Epoch   3 | Client   8 | Train: loss=0.758, acc= 76.2% | time= 77.2ms | Valid: loss=1.472, acc= 56.0% |
Epoch   4 | Client   8 | Train: loss=0.638, acc= 82.1% | time= 78.6ms | Valid: loss=1.478, acc= 52.0% |
Epoch   5 | Client   8 | Train: loss=0.561, acc= 84.6% | time= 79.7ms | Valid: loss=1.496, acc= 52.0% |
----------------------------------------
Epoch   1 | Client   9 | Train: loss=0.923, acc= 71.8% | time=165.6ms | Valid: loss=1.410, acc= 56.0% |
Epoch   2 | Client   9 | Train: loss=0.801, acc= 76.4% | time= 96.8ms | Valid: loss=1.416, acc= 40.0% |
Epoch   3 | Client   9 | Train: loss=0.705, acc= 78.7% | time=115.5ms | Valid: loss=1.363, acc= 44.0% |
Epoch   4 | Client   9 | Train: loss=0.607, acc= 80.6% | time=115.8ms | Valid: loss=1.382, acc= 48.0% |
Epoch   5 | Client   9 | Train: loss=0.504, acc= 87.4% | time=112.6ms | Valid: loss=1.352, acc= 44.0% |
----------------------------------------
G-Epoch:   1, Test: loss=1.343 , acc= 55.9%
****************************************
Task:   0, G-Epoch:   1, Test: loss=1.629 , acc= 66.5%
Task:   1, G-Epoch:   1, Test: loss=1.349 , acc= 53.7%
Task:   2, G-Epoch:   1, Test: loss=2.316 , acc= 11.1%
Task:   3, G-Epoch:   1, Test: loss=2.313 , acc= 11.3%
Task:   4, G-Epoch:   1, Test: loss=2.311 , acc= 12.4%
Task:   5, G-Epoch:   1, Test: loss=2.293 , acc=  8.6%
Task:   6, G-Epoch:   1, Test: loss=2.308 , acc=  9.2%
Task:   7, G-Epoch:   1, Test: loss=2.308 , acc= 14.5%
Task:   8, G-Epoch:   1, Test: loss=2.325 , acc=  6.1%
Task:   9, G-Epoch:   1, Test: loss=2.301 , acc= 10.1%
{0: [39.3, 45.7, 48.7, 48.8, 51.1, 52.3, 53.9, 51.6, 55.6, 54.8, 53.3, 54.9, 58.1, 57.8, 55.8, 58.5, 58.6, 58.9, 57.4, 60.4, 61.3, 56.9, 60.1, 60.2, 60.8, 60.2, 60.8, 61.6, 61.5, 61.0, 62.5, 62.5, 64.4, 61.7, 62.6, 62.6, 63.1, 63.9, 65.4, 63.5, 65.0, 63.8, 64.1, 65.7, 66.4, 65.1, 63.0, 66.9, 65.3, 66.5, 68.2, 66.5], 1: [10.2, 9.5, 11.1, 11.0, 9.3, 10.0, 10.6, 10.7, 11.2, 8.9, 9.1, 10.8, 10.8, 10.3, 9.9, 9.1, 11.7, 10.1, 10.2, 11.4, 8.8, 9.8, 10.9, 9.7, 9.2, 9.7, 10.1, 9.5, 9.9, 9.0, 9.4, 9.2, 9.6, 8.9, 9.1, 8.4, 8.4, 8.8, 10.2, 8.7, 8.9, 10.8, 8.1, 9.5, 9.5, 9.3, 10.3, 10.0, 9.3, 9.6, 49.7, 53.7], 2: [10.3, 10.5, 9.7, 11.4, 11.1, 9.9, 8.6, 8.9, 9.1, 8.7, 9.4, 9.6, 7.7, 10.1, 10.4, 8.9, 9.1, 9.5, 10.8, 8.4, 8.5, 8.8, 9.1, 8.5, 9.7, 10.0, 9.4, 9.9, 9.9, 9.5, 8.9, 8.9, 9.1, 9.7, 9.7, 9.8, 9.4, 9.9, 9.1, 9.1, 9.2, 9.9, 9.7, 9.4, 8.0, 10.1, 10.6, 9.1, 9.6, 9.0, 9.4, 11.1], 3: [10.3, 9.9, 8.6, 9.7, 9.2, 9.4, 9.3, 10.7, 11.6, 11.0, 11.6, 11.9, 11.3, 11.4, 12.4, 11.7, 11.1, 11.2, 11.9, 12.5, 13.1, 12.2, 13.1, 12.0, 12.6, 11.9, 12.0, 12.8, 13.5, 12.1, 12.1, 11.7, 11.8, 12.4, 12.6, 11.4, 12.7, 13.3, 13.2, 12.1, 12.3, 12.5, 13.4, 13.2, 13.5, 12.3, 11.5, 12.1, 12.0, 13.0, 10.4, 11.3], 4: [11.0, 10.0, 10.7, 9.8, 10.8, 10.1, 10.0, 10.9, 10.2, 10.0, 10.2, 9.9, 9.6, 9.1, 8.8, 10.7, 9.8, 9.2, 9.6, 10.3, 8.5, 10.1, 9.6, 9.5, 9.6, 10.4, 10.6, 9.3, 8.9, 8.8, 9.3, 10.3, 10.1, 11.1, 9.8, 11.7, 9.9, 9.1, 10.5, 10.7, 10.0, 10.0, 9.9, 9.4, 9.2, 9.0, 10.6, 9.4, 10.1, 10.3, 12.5, 12.4], 5: [9.1, 9.4, 10.6, 12.1, 10.5, 10.8, 11.3, 10.7, 10.6, 12.6, 12.5, 11.6, 11.5, 11.1, 10.8, 10.5, 11.1, 11.6, 10.7, 11.8, 10.6, 11.0, 10.2, 10.9, 9.6, 10.6, 9.6, 10.5, 9.3, 8.3, 9.5, 9.2, 9.6, 10.2, 9.2, 9.2, 10.1, 8.9, 9.3, 8.5, 8.8, 9.3, 9.1, 8.6, 9.9, 10.1, 9.0, 10.0, 8.2, 8.3, 8.9, 8.6], 6: [10.1, 9.9, 12.1, 10.8, 10.4, 9.4, 9.2, 10.1, 11.1, 9.8, 10.4, 11.0, 10.9, 11.0, 13.0, 12.2, 10.5, 11.5, 10.0, 11.8, 9.6, 11.3, 10.6, 9.3, 9.4, 9.0, 10.5, 9.3, 10.4, 9.4, 9.4, 9.5, 10.3, 10.1, 8.4, 8.6, 10.3, 8.7, 9.1, 9.7, 8.6, 9.3, 9.1, 8.7, 8.4, 10.4, 8.9, 9.8, 10.6, 10.7, 9.3, 9.2], 7: [9.2, 9.7, 10.3, 11.8, 11.8, 11.2, 12.2, 11.5, 10.8, 11.1, 12.2, 11.9, 11.9, 13.4, 12.9, 13.1, 14.1, 12.3, 12.7, 13.3, 11.4, 13.4, 12.8, 12.6, 12.6, 13.0, 13.0, 12.7, 13.0, 11.7, 11.9, 11.9, 12.3, 12.7, 13.8, 12.9, 13.4, 13.5, 12.5, 12.3, 12.5, 12.8, 11.2, 12.4, 13.8, 12.4, 10.7, 12.0, 11.9, 11.7, 14.4, 14.5], 8: [7.8, 10.2, 9.5, 11.9, 11.6, 10.8, 9.4, 10.0, 9.6, 10.5, 9.9, 9.9, 10.2, 9.4, 9.8, 8.7, 9.4, 8.8, 9.6, 8.2, 8.0, 8.7, 9.1, 8.8, 8.9, 10.2, 8.3, 8.4, 7.6, 8.6, 8.3, 7.2, 8.5, 8.7, 7.7, 8.7, 8.3, 8.4, 8.6, 8.4, 8.8, 7.8, 8.8, 8.7, 8.0, 8.1, 7.1, 7.0, 6.9, 8.4, 6.1, 6.1], 9: [10.4, 10.8, 9.5, 9.8, 8.9, 8.8, 8.5, 10.6, 9.6, 10.0, 6.8, 8.7, 10.7, 8.9, 9.7, 7.7, 9.0, 9.4, 10.0, 9.5, 9.7, 9.6, 9.4, 8.5, 7.3, 7.6, 9.7, 10.0, 8.1, 9.8, 11.0, 8.9, 10.3, 9.3, 10.3, 8.9, 9.3, 9.7, 10.8, 10.0, 9.6, 9.6, 10.1, 10.1, 9.2, 9.4, 11.1, 8.7, 10.7, 10.9, 9.8, 10.1]}
----------------------------------------
Epoch   1 | Client   0 | Train: loss=0.591, acc= 81.7% | time=161.5ms | Valid: loss=1.301, acc= 48.0% |
Epoch   2 | Client   0 | Train: loss=0.467, acc= 85.3% | time= 86.4ms | Valid: loss=1.335, acc= 52.0% |
Epoch   3 | Client   0 | Train: loss=0.401, acc= 87.8% | time= 86.5ms | Valid: loss=1.334, acc= 52.0% |
Epoch   4 | Client   0 | Train: loss=0.294, acc= 94.1% | time= 78.6ms | Valid: loss=1.355, acc= 52.0% |
Epoch   5 | Client   0 | Train: loss=0.250, acc= 95.2% | time= 95.1ms | Valid: loss=1.438, acc= 48.0% |
----------------------------------------
Epoch   1 | Client   1 | Train: loss=0.512, acc= 85.9% | time=174.3ms | Valid: loss=1.675, acc= 40.0% |
Epoch   2 | Client   1 | Train: loss=0.418, acc= 90.5% | time=110.8ms | Valid: loss=1.830, acc= 40.0% |
Epoch   3 | Client   1 | Train: loss=0.336, acc= 92.2% | time=113.5ms | Valid: loss=1.735, acc= 44.0% |
Epoch   4 | Client   1 | Train: loss=0.272, acc= 94.1% | time= 98.7ms | Valid: loss=1.672, acc= 48.0% |
Epoch   5 | Client   1 | Train: loss=0.232, acc= 95.2% | time= 79.5ms | Valid: loss=1.853, acc= 40.0% |
Skip Updating GPM for layer: 1
----------------------------------------
Epoch   1 | Client   2 | Train: loss=0.540, acc= 85.1% | time=138.2ms | Valid: loss=1.404, acc= 56.0% |
Epoch   2 | Client   2 | Train: loss=0.454, acc= 87.4% | time= 87.8ms | Valid: loss=1.507, acc= 48.0% |
Epoch   3 | Client   2 | Train: loss=0.340, acc= 91.6% | time= 94.5ms | Valid: loss=1.441, acc= 52.0% |
Epoch   4 | Client   2 | Train: loss=0.295, acc= 93.5% | time= 77.6ms | Valid: loss=1.515, acc= 44.0% |
Epoch   5 | Client   2 | Train: loss=0.244, acc= 94.7% | time= 77.5ms | Valid: loss=1.490, acc= 52.0% |
Skip Updating GPM for layer: 1
----------------------------------------
Epoch   1 | Client   3 | Train: loss=0.498, acc= 86.1% | time=154.7ms | Valid: loss=2.250, acc= 36.0% |
Epoch   2 | Client   3 | Train: loss=0.416, acc= 90.1% | time= 94.1ms | Valid: loss=2.120, acc= 36.0% |
Epoch   3 | Client   3 | Train: loss=0.345, acc= 91.2% | time= 88.4ms | Valid: loss=2.031, acc= 48.0% |
Epoch   4 | Client   3 | Train: loss=0.272, acc= 94.3% | time= 84.8ms | Valid: loss=2.234, acc= 44.0% |
Epoch   5 | Client   3 | Train: loss=0.218, acc= 96.8% | time=110.1ms | Valid: loss=2.318, acc= 36.0% |
Skip Updating GPM for layer: 1
----------------------------------------
Epoch   1 | Client   4 | Train: loss=0.506, acc= 86.1% | time=156.4ms | Valid: loss=1.530, acc= 52.0% |
Epoch   2 | Client   4 | Train: loss=0.401, acc= 90.9% | time= 93.5ms | Valid: loss=1.624, acc= 52.0% |
Epoch   3 | Client   4 | Train: loss=0.321, acc= 93.3% | time=109.9ms | Valid: loss=1.689, acc= 52.0% |
Epoch   4 | Client   4 | Train: loss=0.260, acc= 94.3% | time= 98.2ms | Valid: loss=1.633, acc= 48.0% |
Epoch   5 | Client   4 | Train: loss=0.217, acc= 95.2% | time= 98.5ms | Valid: loss=1.645, acc= 48.0% |
----------------------------------------
Epoch   1 | Client   5 | Train: loss=0.523, acc= 85.5% | time=150.8ms | Valid: loss=1.847, acc= 44.0% |
Epoch   2 | Client   5 | Train: loss=0.396, acc= 89.3% | time=116.3ms | Valid: loss=1.963, acc= 44.0% |
Epoch   3 | Client   5 | Train: loss=0.286, acc= 94.7% | time=124.5ms | Valid: loss=1.929, acc= 48.0% |
Epoch   4 | Client   5 | Train: loss=0.223, acc= 96.8% | time= 92.7ms | Valid: loss=1.938, acc= 48.0% |
Epoch   5 | Client   5 | Train: loss=0.208, acc= 96.8% | time= 85.6ms | Valid: loss=1.880, acc= 52.0% |
----------------------------------------
Epoch   1 | Client   6 | Train: loss=0.526, acc= 83.6% | time=161.0ms | Valid: loss=1.218, acc= 44.0% |
Epoch   2 | Client   6 | Train: loss=0.425, acc= 89.3% | time= 96.9ms | Valid: loss=1.221, acc= 48.0% |
Epoch   3 | Client   6 | Train: loss=0.356, acc= 90.1% | time= 94.0ms | Valid: loss=1.204, acc= 48.0% |
Epoch   4 | Client   6 | Train: loss=0.282, acc= 93.7% | time= 82.7ms | Valid: loss=1.292, acc= 40.0% |
Epoch   5 | Client   6 | Train: loss=0.249, acc= 94.9% | time= 81.6ms | Valid: loss=1.315, acc= 48.0% |
Skip Updating GPM for layer: 1
----------------------------------------
Epoch   1 | Client   7 | Train: loss=0.531, acc= 82.7% | time=150.5ms | Valid: loss=1.800, acc= 28.0% |
Epoch   2 | Client   7 | Train: loss=0.499, acc= 85.9% | time=110.2ms | Valid: loss=2.041, acc= 20.0% |
Epoch   3 | Client   7 | Train: loss=0.340, acc= 92.4% | time= 82.0ms | Valid: loss=1.767, acc= 36.0% |
Epoch   4 | Client   7 | Train: loss=0.290, acc= 92.0% | time= 77.3ms | Valid: loss=1.618, acc= 28.0% |
Epoch   5 | Client   7 | Train: loss=0.226, acc= 94.9% | time= 75.5ms | Valid: loss=1.581, acc= 44.0% |
----------------------------------------
Epoch   1 | Client   8 | Train: loss=0.542, acc= 82.5% | time=158.8ms | Valid: loss=1.358, acc= 56.0% |
Epoch   2 | Client   8 | Train: loss=0.432, acc= 88.0% | time=124.7ms | Valid: loss=1.369, acc= 56.0% |
Epoch   3 | Client   8 | Train: loss=0.347, acc= 90.7% | time=119.1ms | Valid: loss=1.389, acc= 52.0% |
Epoch   4 | Client   8 | Train: loss=0.292, acc= 92.6% | time=122.8ms | Valid: loss=1.571, acc= 48.0% |
Epoch   5 | Client   8 | Train: loss=0.208, acc= 95.4% | time=118.5ms | Valid: loss=1.598, acc= 52.0% |
----------------------------------------
Epoch   1 | Client   9 | Train: loss=0.549, acc= 84.4% | time=182.1ms | Valid: loss=1.376, acc= 44.0% |
Epoch   2 | Client   9 | Train: loss=0.435, acc= 89.1% | time=114.1ms | Valid: loss=1.297, acc= 56.0% |
Epoch   3 | Client   9 | Train: loss=0.372, acc= 89.1% | time= 86.9ms | Valid: loss=1.322, acc= 48.0% |
Epoch   4 | Client   9 | Train: loss=0.314, acc= 92.8% | time= 80.2ms | Valid: loss=1.402, acc= 40.0% |
Epoch   5 | Client   9 | Train: loss=0.254, acc= 94.5% | time= 81.6ms | Valid: loss=1.380, acc= 40.0% |
----------------------------------------
G-Epoch:   2, Test: loss=1.362 , acc= 57.0%
****************************************
Task:   0, G-Epoch:   2, Test: loss=1.710 , acc= 65.4%
Task:   1, G-Epoch:   2, Test: loss=1.353 , acc= 57.3%
Task:   2, G-Epoch:   2, Test: loss=2.316 , acc= 11.1%
Task:   3, G-Epoch:   2, Test: loss=2.312 , acc= 11.9%
Task:   4, G-Epoch:   2, Test: loss=2.310 , acc= 12.1%
Task:   5, G-Epoch:   2, Test: loss=2.293 , acc=  8.5%
Task:   6, G-Epoch:   2, Test: loss=2.311 , acc=  7.6%
Task:   7, G-Epoch:   2, Test: loss=2.309 , acc= 12.1%
Task:   8, G-Epoch:   2, Test: loss=2.328 , acc=  5.5%
Task:   9, G-Epoch:   2, Test: loss=2.303 , acc= 10.9%
{0: [39.3, 45.7, 48.7, 48.8, 51.1, 52.3, 53.9, 51.6, 55.6, 54.8, 53.3, 54.9, 58.1, 57.8, 55.8, 58.5, 58.6, 58.9, 57.4, 60.4, 61.3, 56.9, 60.1, 60.2, 60.8, 60.2, 60.8, 61.6, 61.5, 61.0, 62.5, 62.5, 64.4, 61.7, 62.6, 62.6, 63.1, 63.9, 65.4, 63.5, 65.0, 63.8, 64.1, 65.7, 66.4, 65.1, 63.0, 66.9, 65.3, 66.5, 68.2, 66.5, 65.4], 1: [10.2, 9.5, 11.1, 11.0, 9.3, 10.0, 10.6, 10.7, 11.2, 8.9, 9.1, 10.8, 10.8, 10.3, 9.9, 9.1, 11.7, 10.1, 10.2, 11.4, 8.8, 9.8, 10.9, 9.7, 9.2, 9.7, 10.1, 9.5, 9.9, 9.0, 9.4, 9.2, 9.6, 8.9, 9.1, 8.4, 8.4, 8.8, 10.2, 8.7, 8.9, 10.8, 8.1, 9.5, 9.5, 9.3, 10.3, 10.0, 9.3, 9.6, 49.7, 53.7, 57.3], 2: [10.3, 10.5, 9.7, 11.4, 11.1, 9.9, 8.6, 8.9, 9.1, 8.7, 9.4, 9.6, 7.7, 10.1, 10.4, 8.9, 9.1, 9.5, 10.8, 8.4, 8.5, 8.8, 9.1, 8.5, 9.7, 10.0, 9.4, 9.9, 9.9, 9.5, 8.9, 8.9, 9.1, 9.7, 9.7, 9.8, 9.4, 9.9, 9.1, 9.1, 9.2, 9.9, 9.7, 9.4, 8.0, 10.1, 10.6, 9.1, 9.6, 9.0, 9.4, 11.1, 11.1], 3: [10.3, 9.9, 8.6, 9.7, 9.2, 9.4, 9.3, 10.7, 11.6, 11.0, 11.6, 11.9, 11.3, 11.4, 12.4, 11.7, 11.1, 11.2, 11.9, 12.5, 13.1, 12.2, 13.1, 12.0, 12.6, 11.9, 12.0, 12.8, 13.5, 12.1, 12.1, 11.7, 11.8, 12.4, 12.6, 11.4, 12.7, 13.3, 13.2, 12.1, 12.3, 12.5, 13.4, 13.2, 13.5, 12.3, 11.5, 12.1, 12.0, 13.0, 10.4, 11.3, 11.9], 4: [11.0, 10.0, 10.7, 9.8, 10.8, 10.1, 10.0, 10.9, 10.2, 10.0, 10.2, 9.9, 9.6, 9.1, 8.8, 10.7, 9.8, 9.2, 9.6, 10.3, 8.5, 10.1, 9.6, 9.5, 9.6, 10.4, 10.6, 9.3, 8.9, 8.8, 9.3, 10.3, 10.1, 11.1, 9.8, 11.7, 9.9, 9.1, 10.5, 10.7, 10.0, 10.0, 9.9, 9.4, 9.2, 9.0, 10.6, 9.4, 10.1, 10.3, 12.5, 12.4, 12.1], 5: [9.1, 9.4, 10.6, 12.1, 10.5, 10.8, 11.3, 10.7, 10.6, 12.6, 12.5, 11.6, 11.5, 11.1, 10.8, 10.5, 11.1, 11.6, 10.7, 11.8, 10.6, 11.0, 10.2, 10.9, 9.6, 10.6, 9.6, 10.5, 9.3, 8.3, 9.5, 9.2, 9.6, 10.2, 9.2, 9.2, 10.1, 8.9, 9.3, 8.5, 8.8, 9.3, 9.1, 8.6, 9.9, 10.1, 9.0, 10.0, 8.2, 8.3, 8.9, 8.6, 8.5], 6: [10.1, 9.9, 12.1, 10.8, 10.4, 9.4, 9.2, 10.1, 11.1, 9.8, 10.4, 11.0, 10.9, 11.0, 13.0, 12.2, 10.5, 11.5, 10.0, 11.8, 9.6, 11.3, 10.6, 9.3, 9.4, 9.0, 10.5, 9.3, 10.4, 9.4, 9.4, 9.5, 10.3, 10.1, 8.4, 8.6, 10.3, 8.7, 9.1, 9.7, 8.6, 9.3, 9.1, 8.7, 8.4, 10.4, 8.9, 9.8, 10.6, 10.7, 9.3, 9.2, 7.6], 7: [9.2, 9.7, 10.3, 11.8, 11.8, 11.2, 12.2, 11.5, 10.8, 11.1, 12.2, 11.9, 11.9, 13.4, 12.9, 13.1, 14.1, 12.3, 12.7, 13.3, 11.4, 13.4, 12.8, 12.6, 12.6, 13.0, 13.0, 12.7, 13.0, 11.7, 11.9, 11.9, 12.3, 12.7, 13.8, 12.9, 13.4, 13.5, 12.5, 12.3, 12.5, 12.8, 11.2, 12.4, 13.8, 12.4, 10.7, 12.0, 11.9, 11.7, 14.4, 14.5, 12.1], 8: [7.8, 10.2, 9.5, 11.9, 11.6, 10.8, 9.4, 10.0, 9.6, 10.5, 9.9, 9.9, 10.2, 9.4, 9.8, 8.7, 9.4, 8.8, 9.6, 8.2, 8.0, 8.7, 9.1, 8.8, 8.9, 10.2, 8.3, 8.4, 7.6, 8.6, 8.3, 7.2, 8.5, 8.7, 7.7, 8.7, 8.3, 8.4, 8.6, 8.4, 8.8, 7.8, 8.8, 8.7, 8.0, 8.1, 7.1, 7.0, 6.9, 8.4, 6.1, 6.1, 5.5], 9: [10.4, 10.8, 9.5, 9.8, 8.9, 8.8, 8.5, 10.6, 9.6, 10.0, 6.8, 8.7, 10.7, 8.9, 9.7, 7.7, 9.0, 9.4, 10.0, 9.5, 9.7, 9.6, 9.4, 8.5, 7.3, 7.6, 9.7, 10.0, 8.1, 9.8, 11.0, 8.9, 10.3, 9.3, 10.3, 8.9, 9.3, 9.7, 10.8, 10.0, 9.6, 9.6, 10.1, 10.1, 9.2, 9.4, 11.1, 8.7, 10.7, 10.9, 9.8, 10.1, 10.9]}
----------------------------------------
Epoch   1 | Client   0 | Train: loss=0.271, acc= 94.5% | time=170.4ms | Valid: loss=1.401, acc= 52.0% |
Epoch   2 | Client   0 | Train: loss=0.211, acc= 95.8% | time= 96.9ms | Valid: loss=1.412, acc= 52.0% |
Epoch   3 | Client   0 | Train: loss=0.168, acc= 97.5% | time= 94.2ms | Valid: loss=1.507, acc= 48.0% |
Epoch   4 | Client   0 | Train: loss=0.129, acc= 98.7% | time= 91.5ms | Valid: loss=1.466, acc= 56.0% |
Epoch   5 | Client   0 | Train: loss=0.118, acc= 98.7% | time= 92.1ms | Valid: loss=1.492, acc= 48.0% |
----------------------------------------
Epoch   1 | Client   1 | Train: loss=0.248, acc= 94.1% | time=158.4ms | Valid: loss=1.694, acc= 40.0% |
Epoch   2 | Client   1 | Train: loss=0.181, acc= 96.6% | time=102.1ms | Valid: loss=1.619, acc= 44.0% |
Epoch   3 | Client   1 | Train: loss=0.146, acc= 98.1% | time= 99.7ms | Valid: loss=1.696, acc= 40.0% |
Epoch   4 | Client   1 | Train: loss=0.114, acc= 98.3% | time= 94.3ms | Valid: loss=1.654, acc= 48.0% |
Epoch   5 | Client   1 | Train: loss=0.088, acc= 98.5% | time= 92.6ms | Valid: loss=1.622, acc= 48.0% |
----------------------------------------
Epoch   1 | Client   2 | Train: loss=0.262, acc= 95.4% | time=166.6ms | Valid: loss=1.439, acc= 52.0% |
Epoch   2 | Client   2 | Train: loss=0.202, acc= 97.3% | time=136.8ms | Valid: loss=1.440, acc= 56.0% |
Epoch   3 | Client   2 | Train: loss=0.172, acc= 97.3% | time=122.6ms | Valid: loss=1.380, acc= 52.0% |
Epoch   4 | Client   2 | Train: loss=0.132, acc= 98.7% | time= 90.0ms | Valid: loss=1.437, acc= 48.0% |
Epoch   5 | Client   2 | Train: loss=0.100, acc= 98.5% | time= 83.1ms | Valid: loss=1.334, acc= 52.0% |
----------------------------------------
Epoch   1 | Client   3 | Train: loss=0.240, acc= 94.7% | time=172.3ms | Valid: loss=2.307, acc= 40.0% |
Epoch   2 | Client   3 | Train: loss=0.215, acc= 94.9% | time=100.9ms | Valid: loss=2.150, acc= 48.0% |
Epoch   3 | Client   3 | Train: loss=0.148, acc= 97.5% | time=104.1ms | Valid: loss=2.380, acc= 36.0% |
Epoch   4 | Client   3 | Train: loss=0.123, acc= 97.5% | time=101.7ms | Valid: loss=2.501, acc= 40.0% |
Epoch   5 | Client   3 | Train: loss=0.083, acc= 99.2% | time=109.0ms | Valid: loss=2.458, acc= 40.0% |
Skip Updating GPM for layer: 1
----------------------------------------
Epoch   1 | Client   4 | Train: loss=0.228, acc= 94.9% | time=168.2ms | Valid: loss=1.572, acc= 44.0% |
Epoch   2 | Client   4 | Train: loss=0.162, acc= 97.1% | time=118.9ms | Valid: loss=1.704, acc= 52.0% |
Epoch   3 | Client   4 | Train: loss=0.168, acc= 96.6% | time=134.6ms | Valid: loss=1.651, acc= 52.0% |
Epoch   4 | Client   4 | Train: loss=0.098, acc= 98.5% | time=138.6ms | Valid: loss=1.708, acc= 48.0% |
Epoch   5 | Client   4 | Train: loss=0.090, acc= 99.2% | time=138.1ms | Valid: loss=1.686, acc= 48.0% |
Skip Updating GPM for layer: 1
----------------------------------------
Epoch   1 | Client   5 | Train: loss=0.236, acc= 95.6% | time=189.3ms | Valid: loss=2.070, acc= 52.0% |
Epoch   2 | Client   5 | Train: loss=0.168, acc= 97.1% | time=145.1ms | Valid: loss=1.977, acc= 48.0% |
Epoch   3 | Client   5 | Train: loss=0.119, acc= 98.7% | time=147.3ms | Valid: loss=2.035, acc= 48.0% |
Epoch   4 | Client   5 | Train: loss=0.103, acc= 98.7% | time=139.7ms | Valid: loss=1.847, acc= 44.0% |
Epoch   5 | Client   5 | Train: loss=0.073, acc= 98.9% | time=135.9ms | Valid: loss=1.881, acc= 48.0% |
Skip Updating GPM for layer: 1
----------------------------------------
Epoch   1 | Client   6 | Train: loss=0.251, acc= 95.2% | time=184.7ms | Valid: loss=1.274, acc= 52.0% |
Epoch   2 | Client   6 | Train: loss=0.197, acc= 97.1% | time= 95.8ms | Valid: loss=1.353, acc= 52.0% |
Epoch   3 | Client   6 | Train: loss=0.152, acc= 98.1% | time= 87.5ms | Valid: loss=1.291, acc= 52.0% |
Epoch   4 | Client   6 | Train: loss=0.127, acc= 98.3% | time= 88.4ms | Valid: loss=1.296, acc= 48.0% |
Epoch   5 | Client   6 | Train: loss=0.096, acc= 99.4% | time= 89.6ms | Valid: loss=1.317, acc= 56.0% |
Skip Updating GPM for layer: 1
----------------------------------------
Epoch   1 | Client   7 | Train: loss=0.246, acc= 94.9% | time=171.1ms | Valid: loss=1.760, acc= 28.0% |
Epoch   2 | Client   7 | Train: loss=0.216, acc= 96.2% | time= 99.7ms | Valid: loss=1.795, acc= 28.0% |
Epoch   3 | Client   7 | Train: loss=0.162, acc= 97.5% | time= 99.9ms | Valid: loss=1.812, acc= 32.0% |
Epoch   4 | Client   7 | Train: loss=0.129, acc= 97.3% | time= 87.3ms | Valid: loss=1.829, acc= 36.0% |
Epoch   5 | Client   7 | Train: loss=0.096, acc= 98.5% | time= 82.9ms | Valid: loss=1.873, acc= 32.0% |
----------------------------------------
Epoch   1 | Client   8 | Train: loss=0.237, acc= 94.3% | time=147.1ms | Valid: loss=1.648, acc= 44.0% |
Epoch   2 | Client   8 | Train: loss=0.181, acc= 95.8% | time= 97.2ms | Valid: loss=1.539, acc= 48.0% |
Epoch   3 | Client   8 | Train: loss=0.136, acc= 97.9% | time=113.4ms | Valid: loss=1.551, acc= 44.0% |
Epoch   4 | Client   8 | Train: loss=0.106, acc= 98.7% | time= 82.4ms | Valid: loss=1.594, acc= 44.0% |
Epoch   5 | Client   8 | Train: loss=0.074, acc=100.0% | time= 76.2ms | Valid: loss=1.659, acc= 52.0% |
Skip Updating GPM for layer: 1
----------------------------------------
Epoch   1 | Client   9 | Train: loss=0.259, acc= 94.9% | time=149.1ms | Valid: loss=1.507, acc= 44.0% |
Epoch   2 | Client   9 | Train: loss=0.228, acc= 94.7% | time= 88.4ms | Valid: loss=1.328, acc= 52.0% |
Epoch   3 | Client   9 | Train: loss=0.166, acc= 97.5% | time= 86.4ms | Valid: loss=1.581, acc= 48.0% |
Epoch   4 | Client   9 | Train: loss=0.140, acc= 97.7% | time= 76.2ms | Valid: loss=1.473, acc= 44.0% |
Epoch   5 | Client   9 | Train: loss=0.111, acc= 98.3% | time= 75.8ms | Valid: loss=1.613, acc= 40.0% |
Skip Updating GPM for layer: 1
----------------------------------------
G-Epoch:   3, Test: loss=1.379 , acc= 57.6%
****************************************
Task:   0, G-Epoch:   3, Test: loss=1.814 , acc= 65.8%
Task:   1, G-Epoch:   3, Test: loss=1.395 , acc= 56.8%
Task:   2, G-Epoch:   3, Test: loss=2.315 , acc=  9.6%
Task:   3, G-Epoch:   3, Test: loss=2.312 , acc= 10.9%
Task:   4, G-Epoch:   3, Test: loss=2.311 , acc= 11.4%
Task:   5, G-Epoch:   3, Test: loss=2.295 , acc=  9.5%
Task:   6, G-Epoch:   3, Test: loss=2.310 , acc=  9.3%
Task:   7, G-Epoch:   3, Test: loss=2.310 , acc= 13.1%
Task:   8, G-Epoch:   3, Test: loss=2.326 , acc=  6.3%
Task:   9, G-Epoch:   3, Test: loss=2.304 , acc=  9.9%
{0: [39.3, 45.7, 48.7, 48.8, 51.1, 52.3, 53.9, 51.6, 55.6, 54.8, 53.3, 54.9, 58.1, 57.8, 55.8, 58.5, 58.6, 58.9, 57.4, 60.4, 61.3, 56.9, 60.1, 60.2, 60.8, 60.2, 60.8, 61.6, 61.5, 61.0, 62.5, 62.5, 64.4, 61.7, 62.6, 62.6, 63.1, 63.9, 65.4, 63.5, 65.0, 63.8, 64.1, 65.7, 66.4, 65.1, 63.0, 66.9, 65.3, 66.5, 68.2, 66.5, 65.4, 65.8], 1: [10.2, 9.5, 11.1, 11.0, 9.3, 10.0, 10.6, 10.7, 11.2, 8.9, 9.1, 10.8, 10.8, 10.3, 9.9, 9.1, 11.7, 10.1, 10.2, 11.4, 8.8, 9.8, 10.9, 9.7, 9.2, 9.7, 10.1, 9.5, 9.9, 9.0, 9.4, 9.2, 9.6, 8.9, 9.1, 8.4, 8.4, 8.8, 10.2, 8.7, 8.9, 10.8, 8.1, 9.5, 9.5, 9.3, 10.3, 10.0, 9.3, 9.6, 49.7, 53.7, 57.3, 56.8], 2: [10.3, 10.5, 9.7, 11.4, 11.1, 9.9, 8.6, 8.9, 9.1, 8.7, 9.4, 9.6, 7.7, 10.1, 10.4, 8.9, 9.1, 9.5, 10.8, 8.4, 8.5, 8.8, 9.1, 8.5, 9.7, 10.0, 9.4, 9.9, 9.9, 9.5, 8.9, 8.9, 9.1, 9.7, 9.7, 9.8, 9.4, 9.9, 9.1, 9.1, 9.2, 9.9, 9.7, 9.4, 8.0, 10.1, 10.6, 9.1, 9.6, 9.0, 9.4, 11.1, 11.1, 9.6], 3: [10.3, 9.9, 8.6, 9.7, 9.2, 9.4, 9.3, 10.7, 11.6, 11.0, 11.6, 11.9, 11.3, 11.4, 12.4, 11.7, 11.1, 11.2, 11.9, 12.5, 13.1, 12.2, 13.1, 12.0, 12.6, 11.9, 12.0, 12.8, 13.5, 12.1, 12.1, 11.7, 11.8, 12.4, 12.6, 11.4, 12.7, 13.3, 13.2, 12.1, 12.3, 12.5, 13.4, 13.2, 13.5, 12.3, 11.5, 12.1, 12.0, 13.0, 10.4, 11.3, 11.9, 10.9], 4: [11.0, 10.0, 10.7, 9.8, 10.8, 10.1, 10.0, 10.9, 10.2, 10.0, 10.2, 9.9, 9.6, 9.1, 8.8, 10.7, 9.8, 9.2, 9.6, 10.3, 8.5, 10.1, 9.6, 9.5, 9.6, 10.4, 10.6, 9.3, 8.9, 8.8, 9.3, 10.3, 10.1, 11.1, 9.8, 11.7, 9.9, 9.1, 10.5, 10.7, 10.0, 10.0, 9.9, 9.4, 9.2, 9.0, 10.6, 9.4, 10.1, 10.3, 12.5, 12.4, 12.1, 11.4], 5: [9.1, 9.4, 10.6, 12.1, 10.5, 10.8, 11.3, 10.7, 10.6, 12.6, 12.5, 11.6, 11.5, 11.1, 10.8, 10.5, 11.1, 11.6, 10.7, 11.8, 10.6, 11.0, 10.2, 10.9, 9.6, 10.6, 9.6, 10.5, 9.3, 8.3, 9.5, 9.2, 9.6, 10.2, 9.2, 9.2, 10.1, 8.9, 9.3, 8.5, 8.8, 9.3, 9.1, 8.6, 9.9, 10.1, 9.0, 10.0, 8.2, 8.3, 8.9, 8.6, 8.5, 9.5], 6: [10.1, 9.9, 12.1, 10.8, 10.4, 9.4, 9.2, 10.1, 11.1, 9.8, 10.4, 11.0, 10.9, 11.0, 13.0, 12.2, 10.5, 11.5, 10.0, 11.8, 9.6, 11.3, 10.6, 9.3, 9.4, 9.0, 10.5, 9.3, 10.4, 9.4, 9.4, 9.5, 10.3, 10.1, 8.4, 8.6, 10.3, 8.7, 9.1, 9.7, 8.6, 9.3, 9.1, 8.7, 8.4, 10.4, 8.9, 9.8, 10.6, 10.7, 9.3, 9.2, 7.6, 9.3], 7: [9.2, 9.7, 10.3, 11.8, 11.8, 11.2, 12.2, 11.5, 10.8, 11.1, 12.2, 11.9, 11.9, 13.4, 12.9, 13.1, 14.1, 12.3, 12.7, 13.3, 11.4, 13.4, 12.8, 12.6, 12.6, 13.0, 13.0, 12.7, 13.0, 11.7, 11.9, 11.9, 12.3, 12.7, 13.8, 12.9, 13.4, 13.5, 12.5, 12.3, 12.5, 12.8, 11.2, 12.4, 13.8, 12.4, 10.7, 12.0, 11.9, 11.7, 14.4, 14.5, 12.1, 13.1], 8: [7.8, 10.2, 9.5, 11.9, 11.6, 10.8, 9.4, 10.0, 9.6, 10.5, 9.9, 9.9, 10.2, 9.4, 9.8, 8.7, 9.4, 8.8, 9.6, 8.2, 8.0, 8.7, 9.1, 8.8, 8.9, 10.2, 8.3, 8.4, 7.6, 8.6, 8.3, 7.2, 8.5, 8.7, 7.7, 8.7, 8.3, 8.4, 8.6, 8.4, 8.8, 7.8, 8.8, 8.7, 8.0, 8.1, 7.1, 7.0, 6.9, 8.4, 6.1, 6.1, 5.5, 6.3], 9: [10.4, 10.8, 9.5, 9.8, 8.9, 8.8, 8.5, 10.6, 9.6, 10.0, 6.8, 8.7, 10.7, 8.9, 9.7, 7.7, 9.0, 9.4, 10.0, 9.5, 9.7, 9.6, 9.4, 8.5, 7.3, 7.6, 9.7, 10.0, 8.1, 9.8, 11.0, 8.9, 10.3, 9.3, 10.3, 8.9, 9.3, 9.7, 10.8, 10.0, 9.6, 9.6, 10.1, 10.1, 9.2, 9.4, 11.1, 8.7, 10.7, 10.9, 9.8, 10.1, 10.9, 9.9]}
----------------------------------------
Epoch   1 | Client   0 | Train: loss=0.138, acc= 97.9% | time=152.6ms | Valid: loss=1.485, acc= 52.0% |
Epoch   2 | Client   0 | Train: loss=0.096, acc= 98.9% | time= 84.4ms | Valid: loss=1.311, acc= 52.0% |
Epoch   3 | Client   0 | Train: loss=0.093, acc= 98.9% | time= 86.8ms | Valid: loss=1.459, acc= 52.0% |
Epoch   4 | Client   0 | Train: loss=0.067, acc= 99.4% | time= 79.4ms | Valid: loss=1.486, acc= 52.0% |
Epoch   5 | Client   0 | Train: loss=0.058, acc= 99.2% | time= 77.8ms | Valid: loss=1.432, acc= 52.0% |
----------------------------------------
Epoch   1 | Client   1 | Train: loss=0.132, acc= 97.5% | time=165.1ms | Valid: loss=1.619, acc= 56.0% |
Epoch   2 | Client   1 | Train: loss=0.094, acc= 98.9% | time= 95.6ms | Valid: loss=1.590, acc= 52.0% |
Epoch   3 | Client   1 | Train: loss=0.067, acc= 98.9% | time= 91.6ms | Valid: loss=1.713, acc= 56.0% |
Epoch   4 | Client   1 | Train: loss=0.066, acc= 99.2% | time= 89.1ms | Valid: loss=1.847, acc= 52.0% |
Epoch   5 | Client   1 | Train: loss=0.040, acc= 99.8% | time= 87.2ms | Valid: loss=1.726, acc= 60.0% |
Skip Updating GPM for layer: 1
----------------------------------------
Epoch   1 | Client   2 | Train: loss=0.122, acc= 98.7% | time=161.8ms | Valid: loss=1.301, acc= 56.0% |
Epoch   2 | Client   2 | Train: loss=0.108, acc= 98.7% | time= 89.3ms | Valid: loss=1.543, acc= 52.0% |
Epoch   3 | Client   2 | Train: loss=0.076, acc= 99.2% | time= 78.2ms | Valid: loss=1.520, acc= 48.0% |
Epoch   4 | Client   2 | Train: loss=0.063, acc= 99.6% | time= 77.5ms | Valid: loss=1.460, acc= 52.0% |
Epoch   5 | Client   2 | Train: loss=0.044, acc= 99.8% | time= 77.4ms | Valid: loss=1.447, acc= 52.0% |
----------------------------------------
Epoch   1 | Client   3 | Train: loss=0.106, acc= 98.7% | time=166.4ms | Valid: loss=2.557, acc= 40.0% |
Epoch   2 | Client   3 | Train: loss=0.087, acc= 98.3% | time=119.1ms | Valid: loss=2.650, acc= 40.0% |
Epoch   3 | Client   3 | Train: loss=0.072, acc= 99.2% | time=141.0ms | Valid: loss=2.658, acc= 48.0% |
Epoch   4 | Client   3 | Train: loss=0.058, acc= 99.2% | time=143.8ms | Valid: loss=2.630, acc= 40.0% |
Epoch   5 | Client   3 | Train: loss=0.046, acc= 99.6% | time=139.8ms | Valid: loss=2.525, acc= 48.0% |
Skip Updating GPM for layer: 1
----------------------------------------
Epoch   1 | Client   4 | Train: loss=0.100, acc= 98.5% | time=162.3ms | Valid: loss=1.551, acc= 48.0% |
Epoch   2 | Client   4 | Train: loss=0.080, acc= 98.9% | time= 90.8ms | Valid: loss=1.601, acc= 48.0% |
Epoch   3 | Client   4 | Train: loss=0.079, acc= 98.9% | time= 82.9ms | Valid: loss=1.643, acc= 56.0% |
Epoch   4 | Client   4 | Train: loss=0.060, acc= 98.9% | time= 81.2ms | Valid: loss=1.688, acc= 48.0% |
Epoch   5 | Client   4 | Train: loss=0.050, acc= 99.2% | time= 79.3ms | Valid: loss=1.653, acc= 52.0% |
Skip Updating GPM for layer: 1
----------------------------------------
Epoch   1 | Client   5 | Train: loss=0.103, acc= 98.9% | time=159.7ms | Valid: loss=1.838, acc= 60.0% |
Epoch   2 | Client   5 | Train: loss=0.079, acc= 99.4% | time= 90.5ms | Valid: loss=1.942, acc= 52.0% |
Epoch   3 | Client   5 | Train: loss=0.070, acc= 99.4% | time= 79.6ms | Valid: loss=2.260, acc= 52.0% |
Epoch   4 | Client   5 | Train: loss=0.040, acc=100.0% | time= 78.8ms | Valid: loss=2.096, acc= 60.0% |
Epoch   5 | Client   5 | Train: loss=0.036, acc= 99.8% | time= 77.8ms | Valid: loss=2.183, acc= 48.0% |
----------------------------------------
Epoch   1 | Client   6 | Train: loss=0.142, acc= 98.1% | time=157.9ms | Valid: loss=1.320, acc= 44.0% |
Epoch   2 | Client   6 | Train: loss=0.103, acc= 98.9% | time=144.0ms | Valid: loss=1.436, acc= 56.0% |
Epoch   3 | Client   6 | Train: loss=0.076, acc= 99.8% | time=134.6ms | Valid: loss=1.583, acc= 52.0% |
Epoch   4 | Client   6 | Train: loss=0.071, acc= 99.6% | time=145.1ms | Valid: loss=1.575, acc= 48.0% |
Epoch   5 | Client   6 | Train: loss=0.046, acc= 99.6% | time=144.9ms | Valid: loss=1.434, acc= 48.0% |
Skip Updating GPM for layer: 1
----------------------------------------
Epoch   1 | Client   7 | Train: loss=0.145, acc= 97.3% | time=165.7ms | Valid: loss=1.607, acc= 44.0% |
Epoch   2 | Client   7 | Train: loss=0.098, acc= 98.9% | time=133.7ms | Valid: loss=1.806, acc= 36.0% |
Epoch   3 | Client   7 | Train: loss=0.086, acc= 99.2% | time=140.2ms | Valid: loss=1.963, acc= 40.0% |
Epoch   4 | Client   7 | Train: loss=0.070, acc= 99.2% | time=142.9ms | Valid: loss=2.013, acc= 36.0% |
Epoch   5 | Client   7 | Train: loss=0.055, acc= 99.4% | time=102.6ms | Valid: loss=1.885, acc= 36.0% |
----------------------------------------
Epoch   1 | Client   8 | Train: loss=0.129, acc= 97.7% | time=162.5ms | Valid: loss=1.651, acc= 48.0% |
Epoch   2 | Client   8 | Train: loss=0.097, acc= 98.9% | time= 98.8ms | Valid: loss=1.745, acc= 44.0% |
Epoch   3 | Client   8 | Train: loss=0.089, acc= 98.3% | time=116.5ms | Valid: loss=1.940, acc= 44.0% |
Epoch   4 | Client   8 | Train: loss=0.057, acc= 99.4% | time=113.0ms | Valid: loss=1.752, acc= 48.0% |
Epoch   5 | Client   8 | Train: loss=0.049, acc= 99.8% | time= 92.0ms | Valid: loss=1.855, acc= 52.0% |
Skip Updating GPM for layer: 1
----------------------------------------
Epoch   1 | Client   9 | Train: loss=0.139, acc= 97.1% | time=149.4ms | Valid: loss=1.681, acc= 44.0% |
Epoch   2 | Client   9 | Train: loss=0.110, acc= 98.5% | time= 99.4ms | Valid: loss=1.585, acc= 40.0% |
Epoch   3 | Client   9 | Train: loss=0.094, acc= 98.1% | time=109.4ms | Valid: loss=1.656, acc= 48.0% |
Epoch   4 | Client   9 | Train: loss=0.073, acc= 98.3% | time=124.8ms | Valid: loss=1.656, acc= 40.0% |
Epoch   5 | Client   9 | Train: loss=0.054, acc= 99.6% | time= 76.6ms | Valid: loss=1.674, acc= 44.0% |
Skip Updating GPM for layer: 1
----------------------------------------
G-Epoch:   4, Test: loss=1.433 , acc= 59.5%
****************************************
Task:   0, G-Epoch:   4, Test: loss=1.794 , acc= 64.3%
Task:   1, G-Epoch:   4, Test: loss=1.442 , acc= 58.2%
Task:   2, G-Epoch:   4, Test: loss=2.317 , acc=  9.4%
Task:   3, G-Epoch:   4, Test: loss=2.312 , acc= 10.6%
Task:   4, G-Epoch:   4, Test: loss=2.315 , acc= 11.1%
Task:   5, G-Epoch:   4, Test: loss=2.292 , acc=  9.6%
Task:   6, G-Epoch:   4, Test: loss=2.309 , acc=  8.3%
Task:   7, G-Epoch:   4, Test: loss=2.311 , acc= 13.4%
Task:   8, G-Epoch:   4, Test: loss=2.328 , acc=  6.4%
Task:   9, G-Epoch:   4, Test: loss=2.306 , acc= 10.9%
{0: [39.3, 45.7, 48.7, 48.8, 51.1, 52.3, 53.9, 51.6, 55.6, 54.8, 53.3, 54.9, 58.1, 57.8, 55.8, 58.5, 58.6, 58.9, 57.4, 60.4, 61.3, 56.9, 60.1, 60.2, 60.8, 60.2, 60.8, 61.6, 61.5, 61.0, 62.5, 62.5, 64.4, 61.7, 62.6, 62.6, 63.1, 63.9, 65.4, 63.5, 65.0, 63.8, 64.1, 65.7, 66.4, 65.1, 63.0, 66.9, 65.3, 66.5, 68.2, 66.5, 65.4, 65.8, 64.3], 1: [10.2, 9.5, 11.1, 11.0, 9.3, 10.0, 10.6, 10.7, 11.2, 8.9, 9.1, 10.8, 10.8, 10.3, 9.9, 9.1, 11.7, 10.1, 10.2, 11.4, 8.8, 9.8, 10.9, 9.7, 9.2, 9.7, 10.1, 9.5, 9.9, 9.0, 9.4, 9.2, 9.6, 8.9, 9.1, 8.4, 8.4, 8.8, 10.2, 8.7, 8.9, 10.8, 8.1, 9.5, 9.5, 9.3, 10.3, 10.0, 9.3, 9.6, 49.7, 53.7, 57.3, 56.8, 58.2], 2: [10.3, 10.5, 9.7, 11.4, 11.1, 9.9, 8.6, 8.9, 9.1, 8.7, 9.4, 9.6, 7.7, 10.1, 10.4, 8.9, 9.1, 9.5, 10.8, 8.4, 8.5, 8.8, 9.1, 8.5, 9.7, 10.0, 9.4, 9.9, 9.9, 9.5, 8.9, 8.9, 9.1, 9.7, 9.7, 9.8, 9.4, 9.9, 9.1, 9.1, 9.2, 9.9, 9.7, 9.4, 8.0, 10.1, 10.6, 9.1, 9.6, 9.0, 9.4, 11.1, 11.1, 9.6, 9.4], 3: [10.3, 9.9, 8.6, 9.7, 9.2, 9.4, 9.3, 10.7, 11.6, 11.0, 11.6, 11.9, 11.3, 11.4, 12.4, 11.7, 11.1, 11.2, 11.9, 12.5, 13.1, 12.2, 13.1, 12.0, 12.6, 11.9, 12.0, 12.8, 13.5, 12.1, 12.1, 11.7, 11.8, 12.4, 12.6, 11.4, 12.7, 13.3, 13.2, 12.1, 12.3, 12.5, 13.4, 13.2, 13.5, 12.3, 11.5, 12.1, 12.0, 13.0, 10.4, 11.3, 11.9, 10.9, 10.6], 4: [11.0, 10.0, 10.7, 9.8, 10.8, 10.1, 10.0, 10.9, 10.2, 10.0, 10.2, 9.9, 9.6, 9.1, 8.8, 10.7, 9.8, 9.2, 9.6, 10.3, 8.5, 10.1, 9.6, 9.5, 9.6, 10.4, 10.6, 9.3, 8.9, 8.8, 9.3, 10.3, 10.1, 11.1, 9.8, 11.7, 9.9, 9.1, 10.5, 10.7, 10.0, 10.0, 9.9, 9.4, 9.2, 9.0, 10.6, 9.4, 10.1, 10.3, 12.5, 12.4, 12.1, 11.4, 11.1], 5: [9.1, 9.4, 10.6, 12.1, 10.5, 10.8, 11.3, 10.7, 10.6, 12.6, 12.5, 11.6, 11.5, 11.1, 10.8, 10.5, 11.1, 11.6, 10.7, 11.8, 10.6, 11.0, 10.2, 10.9, 9.6, 10.6, 9.6, 10.5, 9.3, 8.3, 9.5, 9.2, 9.6, 10.2, 9.2, 9.2, 10.1, 8.9, 9.3, 8.5, 8.8, 9.3, 9.1, 8.6, 9.9, 10.1, 9.0, 10.0, 8.2, 8.3, 8.9, 8.6, 8.5, 9.5, 9.6], 6: [10.1, 9.9, 12.1, 10.8, 10.4, 9.4, 9.2, 10.1, 11.1, 9.8, 10.4, 11.0, 10.9, 11.0, 13.0, 12.2, 10.5, 11.5, 10.0, 11.8, 9.6, 11.3, 10.6, 9.3, 9.4, 9.0, 10.5, 9.3, 10.4, 9.4, 9.4, 9.5, 10.3, 10.1, 8.4, 8.6, 10.3, 8.7, 9.1, 9.7, 8.6, 9.3, 9.1, 8.7, 8.4, 10.4, 8.9, 9.8, 10.6, 10.7, 9.3, 9.2, 7.6, 9.3, 8.3], 7: [9.2, 9.7, 10.3, 11.8, 11.8, 11.2, 12.2, 11.5, 10.8, 11.1, 12.2, 11.9, 11.9, 13.4, 12.9, 13.1, 14.1, 12.3, 12.7, 13.3, 11.4, 13.4, 12.8, 12.6, 12.6, 13.0, 13.0, 12.7, 13.0, 11.7, 11.9, 11.9, 12.3, 12.7, 13.8, 12.9, 13.4, 13.5, 12.5, 12.3, 12.5, 12.8, 11.2, 12.4, 13.8, 12.4, 10.7, 12.0, 11.9, 11.7, 14.4, 14.5, 12.1, 13.1, 13.4], 8: [7.8, 10.2, 9.5, 11.9, 11.6, 10.8, 9.4, 10.0, 9.6, 10.5, 9.9, 9.9, 10.2, 9.4, 9.8, 8.7, 9.4, 8.8, 9.6, 8.2, 8.0, 8.7, 9.1, 8.8, 8.9, 10.2, 8.3, 8.4, 7.6, 8.6, 8.3, 7.2, 8.5, 8.7, 7.7, 8.7, 8.3, 8.4, 8.6, 8.4, 8.8, 7.8, 8.8, 8.7, 8.0, 8.1, 7.1, 7.0, 6.9, 8.4, 6.1, 6.1, 5.5, 6.3, 6.4], 9: [10.4, 10.8, 9.5, 9.8, 8.9, 8.8, 8.5, 10.6, 9.6, 10.0, 6.8, 8.7, 10.7, 8.9, 9.7, 7.7, 9.0, 9.4, 10.0, 9.5, 9.7, 9.6, 9.4, 8.5, 7.3, 7.6, 9.7, 10.0, 8.1, 9.8, 11.0, 8.9, 10.3, 9.3, 10.3, 8.9, 9.3, 9.7, 10.8, 10.0, 9.6, 9.6, 10.1, 10.1, 9.2, 9.4, 11.1, 8.7, 10.7, 10.9, 9.8, 10.1, 10.9, 9.9, 10.9]}
----------------------------------------
Epoch   1 | Client   0 | Train: loss=0.072, acc= 99.6% | time=156.3ms | Valid: loss=1.480, acc= 48.0% |
Epoch   2 | Client   0 | Train: loss=0.065, acc= 99.4% | time= 97.5ms | Valid: loss=1.478, acc= 52.0% |
Epoch   3 | Client   0 | Train: loss=0.041, acc= 99.6% | time= 92.6ms | Valid: loss=1.545, acc= 44.0% |
Epoch   4 | Client   0 | Train: loss=0.033, acc=100.0% | time= 96.3ms | Valid: loss=1.544, acc= 52.0% |
Epoch   5 | Client   0 | Train: loss=0.031, acc=100.0% | time= 88.7ms | Valid: loss=1.590, acc= 52.0% |
----------------------------------------
Epoch   1 | Client   1 | Train: loss=0.078, acc= 98.7% | time=166.9ms | Valid: loss=1.810, acc= 56.0% |
Epoch   2 | Client   1 | Train: loss=0.106, acc= 98.1% | time= 92.9ms | Valid: loss=1.744, acc= 60.0% |
Epoch   3 | Client   1 | Train: loss=0.046, acc= 99.2% | time= 82.1ms | Valid: loss=1.799, acc= 48.0% |
Epoch   4 | Client   1 | Train: loss=0.040, acc= 99.6% | time= 81.7ms | Valid: loss=1.892, acc= 52.0% |
Epoch   5 | Client   1 | Train: loss=0.032, acc= 99.8% | time= 79.2ms | Valid: loss=1.668, acc= 52.0% |
Skip Updating GPM for layer: 1
----------------------------------------
Epoch   1 | Client   2 | Train: loss=0.072, acc= 99.4% | time=162.0ms | Valid: loss=1.434, acc= 52.0% |
Epoch   2 | Client   2 | Train: loss=0.058, acc= 98.9% | time= 93.5ms | Valid: loss=1.496, acc= 48.0% |
Epoch   3 | Client   2 | Train: loss=0.036, acc= 99.8% | time= 80.4ms | Valid: loss=1.562, acc= 52.0% |
Epoch   4 | Client   2 | Train: loss=0.066, acc= 98.3% | time= 78.6ms | Valid: loss=1.689, acc= 52.0% |
Epoch   5 | Client   2 | Train: loss=0.024, acc=100.0% | time= 78.6ms | Valid: loss=1.555, acc= 52.0% |
----------------------------------------
Epoch   1 | Client   3 | Train: loss=0.079, acc= 99.2% | time=160.4ms | Valid: loss=2.372, acc= 48.0% |
Epoch   2 | Client   3 | Train: loss=0.047, acc= 99.6% | time=116.4ms | Valid: loss=2.546, acc= 44.0% |
Epoch   3 | Client   3 | Train: loss=0.045, acc= 99.8% | time= 90.5ms | Valid: loss=2.537, acc= 40.0% |
Epoch   4 | Client   3 | Train: loss=0.082, acc= 97.7% | time= 82.8ms | Valid: loss=2.823, acc= 32.0% |
Epoch   5 | Client   3 | Train: loss=0.021, acc=100.0% | time= 83.6ms | Valid: loss=2.720, acc= 36.0% |
Skip Updating GPM for layer: 1
----------------------------------------
Epoch   1 | Client   4 | Train: loss=0.093, acc= 99.4% | time=153.6ms | Valid: loss=1.645, acc= 56.0% |
Epoch   2 | Client   4 | Train: loss=0.053, acc= 99.6% | time=113.2ms | Valid: loss=1.726, acc= 60.0% |
Epoch   3 | Client   4 | Train: loss=0.040, acc= 99.6% | time=104.0ms | Valid: loss=1.914, acc= 48.0% |
Epoch   4 | Client   4 | Train: loss=0.039, acc= 99.6% | time= 83.4ms | Valid: loss=1.810, acc= 56.0% |
Epoch   5 | Client   4 | Train: loss=0.036, acc= 99.6% | time= 75.7ms | Valid: loss=1.730, acc= 52.0% |
Skip Updating GPM for layer: 1
----------------------------------------
Epoch   1 | Client   5 | Train: loss=0.085, acc= 98.9% | time=149.4ms | Valid: loss=2.192, acc= 52.0% |
Epoch   2 | Client   5 | Train: loss=0.044, acc=100.0% | time= 93.1ms | Valid: loss=2.070, acc= 52.0% |
Epoch   3 | Client   5 | Train: loss=0.045, acc= 99.8% | time=104.6ms | Valid: loss=2.037, acc= 52.0% |
Epoch   4 | Client   5 | Train: loss=0.028, acc=100.0% | time=116.4ms | Valid: loss=2.081, acc= 52.0% |
Epoch   5 | Client   5 | Train: loss=0.034, acc= 99.4% | time=112.7ms | Valid: loss=2.084, acc= 48.0% |
Skip Updating GPM for layer: 1
----------------------------------------
Epoch   1 | Client   6 | Train: loss=0.070, acc=100.0% | time=178.1ms | Valid: loss=1.302, acc= 56.0% |
Epoch   2 | Client   6 | Train: loss=0.051, acc= 99.8% | time= 98.3ms | Valid: loss=1.492, acc= 52.0% |
Epoch   3 | Client   6 | Train: loss=0.051, acc= 99.8% | time= 87.7ms | Valid: loss=1.474, acc= 44.0% |
Epoch   4 | Client   6 | Train: loss=0.034, acc=100.0% | time= 83.3ms | Valid: loss=1.397, acc= 56.0% |
Epoch   5 | Client   6 | Train: loss=0.025, acc=100.0% | time= 83.7ms | Valid: loss=1.409, acc= 56.0% |
Skip Updating GPM for layer: 1
----------------------------------------
Epoch   1 | Client   7 | Train: loss=0.069, acc= 99.6% | time=154.3ms | Valid: loss=1.836, acc= 40.0% |
Epoch   2 | Client   7 | Train: loss=0.067, acc= 98.7% | time= 94.6ms | Valid: loss=1.993, acc= 40.0% |
Epoch   3 | Client   7 | Train: loss=0.042, acc= 99.8% | time= 94.1ms | Valid: loss=2.034, acc= 48.0% |
Epoch   4 | Client   7 | Train: loss=0.043, acc= 99.6% | time= 88.3ms | Valid: loss=2.205, acc= 36.0% |
Epoch   5 | Client   7 | Train: loss=0.025, acc= 99.8% | time= 85.6ms | Valid: loss=2.051, acc= 36.0% |
----------------------------------------
Epoch   1 | Client   8 | Train: loss=0.076, acc= 99.2% | time=149.5ms | Valid: loss=1.990, acc= 44.0% |
Epoch   2 | Client   8 | Train: loss=0.061, acc= 99.6% | time= 94.0ms | Valid: loss=1.814, acc= 60.0% |
Epoch   3 | Client   8 | Train: loss=0.038, acc=100.0% | time= 80.6ms | Valid: loss=2.057, acc= 40.0% |
Epoch   4 | Client   8 | Train: loss=0.038, acc=100.0% | time= 79.9ms | Valid: loss=1.901, acc= 44.0% |
Epoch   5 | Client   8 | Train: loss=0.033, acc= 99.6% | time= 79.5ms | Valid: loss=2.070, acc= 56.0% |
Skip Updating GPM for layer: 1
----------------------------------------
Epoch   1 | Client   9 | Train: loss=0.090, acc= 98.7% | time=166.5ms | Valid: loss=1.903, acc= 32.0% |
Epoch   2 | Client   9 | Train: loss=0.071, acc= 98.5% | time= 91.4ms | Valid: loss=1.675, acc= 44.0% |
Epoch   3 | Client   9 | Train: loss=0.049, acc= 99.6% | time= 84.2ms | Valid: loss=1.624, acc= 48.0% |
Epoch   4 | Client   9 | Train: loss=0.035, acc= 99.6% | time= 78.9ms | Valid: loss=1.769, acc= 44.0% |
Epoch   5 | Client   9 | Train: loss=0.038, acc= 99.6% | time= 95.9ms | Valid: loss=1.774, acc= 48.0% |
Skip Updating GPM for layer: 1
----------------------------------------
G-Epoch:   5, Test: loss=1.497 , acc= 58.7%
****************************************
Task:   0, G-Epoch:   5, Test: loss=1.825 , acc= 63.8%
Task:   1, G-Epoch:   5, Test: loss=1.511 , acc= 56.9%
Task:   2, G-Epoch:   5, Test: loss=2.313 , acc= 11.5%
Task:   3, G-Epoch:   5, Test: loss=2.310 , acc= 11.5%
Task:   4, G-Epoch:   5, Test: loss=2.312 , acc= 10.9%
Task:   5, G-Epoch:   5, Test: loss=2.291 , acc=  8.6%
Task:   6, G-Epoch:   5, Test: loss=2.308 , acc=  8.0%
Task:   7, G-Epoch:   5, Test: loss=2.311 , acc= 13.6%
Task:   8, G-Epoch:   5, Test: loss=2.328 , acc=  7.2%
Task:   9, G-Epoch:   5, Test: loss=2.306 , acc= 10.6%
{0: [39.3, 45.7, 48.7, 48.8, 51.1, 52.3, 53.9, 51.6, 55.6, 54.8, 53.3, 54.9, 58.1, 57.8, 55.8, 58.5, 58.6, 58.9, 57.4, 60.4, 61.3, 56.9, 60.1, 60.2, 60.8, 60.2, 60.8, 61.6, 61.5, 61.0, 62.5, 62.5, 64.4, 61.7, 62.6, 62.6, 63.1, 63.9, 65.4, 63.5, 65.0, 63.8, 64.1, 65.7, 66.4, 65.1, 63.0, 66.9, 65.3, 66.5, 68.2, 66.5, 65.4, 65.8, 64.3, 63.8], 1: [10.2, 9.5, 11.1, 11.0, 9.3, 10.0, 10.6, 10.7, 11.2, 8.9, 9.1, 10.8, 10.8, 10.3, 9.9, 9.1, 11.7, 10.1, 10.2, 11.4, 8.8, 9.8, 10.9, 9.7, 9.2, 9.7, 10.1, 9.5, 9.9, 9.0, 9.4, 9.2, 9.6, 8.9, 9.1, 8.4, 8.4, 8.8, 10.2, 8.7, 8.9, 10.8, 8.1, 9.5, 9.5, 9.3, 10.3, 10.0, 9.3, 9.6, 49.7, 53.7, 57.3, 56.8, 58.2, 56.9], 2: [10.3, 10.5, 9.7, 11.4, 11.1, 9.9, 8.6, 8.9, 9.1, 8.7, 9.4, 9.6, 7.7, 10.1, 10.4, 8.9, 9.1, 9.5, 10.8, 8.4, 8.5, 8.8, 9.1, 8.5, 9.7, 10.0, 9.4, 9.9, 9.9, 9.5, 8.9, 8.9, 9.1, 9.7, 9.7, 9.8, 9.4, 9.9, 9.1, 9.1, 9.2, 9.9, 9.7, 9.4, 8.0, 10.1, 10.6, 9.1, 9.6, 9.0, 9.4, 11.1, 11.1, 9.6, 9.4, 11.5], 3: [10.3, 9.9, 8.6, 9.7, 9.2, 9.4, 9.3, 10.7, 11.6, 11.0, 11.6, 11.9, 11.3, 11.4, 12.4, 11.7, 11.1, 11.2, 11.9, 12.5, 13.1, 12.2, 13.1, 12.0, 12.6, 11.9, 12.0, 12.8, 13.5, 12.1, 12.1, 11.7, 11.8, 12.4, 12.6, 11.4, 12.7, 13.3, 13.2, 12.1, 12.3, 12.5, 13.4, 13.2, 13.5, 12.3, 11.5, 12.1, 12.0, 13.0, 10.4, 11.3, 11.9, 10.9, 10.6, 11.5], 4: [11.0, 10.0, 10.7, 9.8, 10.8, 10.1, 10.0, 10.9, 10.2, 10.0, 10.2, 9.9, 9.6, 9.1, 8.8, 10.7, 9.8, 9.2, 9.6, 10.3, 8.5, 10.1, 9.6, 9.5, 9.6, 10.4, 10.6, 9.3, 8.9, 8.8, 9.3, 10.3, 10.1, 11.1, 9.8, 11.7, 9.9, 9.1, 10.5, 10.7, 10.0, 10.0, 9.9, 9.4, 9.2, 9.0, 10.6, 9.4, 10.1, 10.3, 12.5, 12.4, 12.1, 11.4, 11.1, 10.9], 5: [9.1, 9.4, 10.6, 12.1, 10.5, 10.8, 11.3, 10.7, 10.6, 12.6, 12.5, 11.6, 11.5, 11.1, 10.8, 10.5, 11.1, 11.6, 10.7, 11.8, 10.6, 11.0, 10.2, 10.9, 9.6, 10.6, 9.6, 10.5, 9.3, 8.3, 9.5, 9.2, 9.6, 10.2, 9.2, 9.2, 10.1, 8.9, 9.3, 8.5, 8.8, 9.3, 9.1, 8.6, 9.9, 10.1, 9.0, 10.0, 8.2, 8.3, 8.9, 8.6, 8.5, 9.5, 9.6, 8.6], 6: [10.1, 9.9, 12.1, 10.8, 10.4, 9.4, 9.2, 10.1, 11.1, 9.8, 10.4, 11.0, 10.9, 11.0, 13.0, 12.2, 10.5, 11.5, 10.0, 11.8, 9.6, 11.3, 10.6, 9.3, 9.4, 9.0, 10.5, 9.3, 10.4, 9.4, 9.4, 9.5, 10.3, 10.1, 8.4, 8.6, 10.3, 8.7, 9.1, 9.7, 8.6, 9.3, 9.1, 8.7, 8.4, 10.4, 8.9, 9.8, 10.6, 10.7, 9.3, 9.2, 7.6, 9.3, 8.3, 8.0], 7: [9.2, 9.7, 10.3, 11.8, 11.8, 11.2, 12.2, 11.5, 10.8, 11.1, 12.2, 11.9, 11.9, 13.4, 12.9, 13.1, 14.1, 12.3, 12.7, 13.3, 11.4, 13.4, 12.8, 12.6, 12.6, 13.0, 13.0, 12.7, 13.0, 11.7, 11.9, 11.9, 12.3, 12.7, 13.8, 12.9, 13.4, 13.5, 12.5, 12.3, 12.5, 12.8, 11.2, 12.4, 13.8, 12.4, 10.7, 12.0, 11.9, 11.7, 14.4, 14.5, 12.1, 13.1, 13.4, 13.6], 8: [7.8, 10.2, 9.5, 11.9, 11.6, 10.8, 9.4, 10.0, 9.6, 10.5, 9.9, 9.9, 10.2, 9.4, 9.8, 8.7, 9.4, 8.8, 9.6, 8.2, 8.0, 8.7, 9.1, 8.8, 8.9, 10.2, 8.3, 8.4, 7.6, 8.6, 8.3, 7.2, 8.5, 8.7, 7.7, 8.7, 8.3, 8.4, 8.6, 8.4, 8.8, 7.8, 8.8, 8.7, 8.0, 8.1, 7.1, 7.0, 6.9, 8.4, 6.1, 6.1, 5.5, 6.3, 6.4, 7.2], 9: [10.4, 10.8, 9.5, 9.8, 8.9, 8.8, 8.5, 10.6, 9.6, 10.0, 6.8, 8.7, 10.7, 8.9, 9.7, 7.7, 9.0, 9.4, 10.0, 9.5, 9.7, 9.6, 9.4, 8.5, 7.3, 7.6, 9.7, 10.0, 8.1, 9.8, 11.0, 8.9, 10.3, 9.3, 10.3, 8.9, 9.3, 9.7, 10.8, 10.0, 9.6, 9.6, 10.1, 10.1, 9.2, 9.4, 11.1, 8.7, 10.7, 10.9, 9.8, 10.1, 10.9, 9.9, 10.9, 10.6]}
----------------------------------------
Epoch   1 | Client   0 | Train: loss=0.051, acc= 99.4% | time=148.4ms | Valid: loss=1.347, acc= 56.0% |
Epoch   2 | Client   0 | Train: loss=0.040, acc= 99.6% | time=115.3ms | Valid: loss=1.522, acc= 52.0% |
Epoch   3 | Client   0 | Train: loss=0.023, acc=100.0% | time= 90.0ms | Valid: loss=1.588, acc= 52.0% |
Epoch   4 | Client   0 | Train: loss=0.037, acc= 99.2% | time= 85.6ms | Valid: loss=1.567, acc= 60.0% |
Epoch   5 | Client   0 | Train: loss=0.017, acc=100.0% | time= 87.0ms | Valid: loss=1.439, acc= 60.0% |
----------------------------------------
Epoch   1 | Client   1 | Train: loss=0.036, acc= 99.8% | time=173.3ms | Valid: loss=1.703, acc= 56.0% |
Epoch   2 | Client   1 | Train: loss=0.032, acc= 99.8% | time=108.9ms | Valid: loss=1.663, acc= 60.0% |
Epoch   3 | Client   1 | Train: loss=0.029, acc= 99.8% | time=105.9ms | Valid: loss=1.657, acc= 56.0% |
Epoch   4 | Client   1 | Train: loss=0.020, acc=100.0% | time=100.5ms | Valid: loss=1.754, acc= 56.0% |
Epoch   5 | Client   1 | Train: loss=0.014, acc=100.0% | time= 99.2ms | Valid: loss=1.736, acc= 60.0% |
Skip Updating GPM for layer: 1
----------------------------------------
Epoch   1 | Client   2 | Train: loss=0.043, acc= 99.6% | time=159.1ms | Valid: loss=1.449, acc= 56.0% |
Epoch   2 | Client   2 | Train: loss=0.033, acc=100.0% | time=101.8ms | Valid: loss=1.522, acc= 56.0% |
Epoch   3 | Client   2 | Train: loss=0.030, acc= 99.8% | time=120.7ms | Valid: loss=1.433, acc= 56.0% |
Epoch   4 | Client   2 | Train: loss=0.025, acc=100.0% | time=118.5ms | Valid: loss=1.733, acc= 48.0% |
Epoch   5 | Client   2 | Train: loss=0.016, acc=100.0% | time=126.9ms | Valid: loss=1.625, acc= 52.0% |
----------------------------------------
Epoch   1 | Client   3 | Train: loss=0.037, acc= 99.8% | time=164.6ms | Valid: loss=2.798, acc= 36.0% |
Epoch   2 | Client   3 | Train: loss=0.027, acc=100.0% | time=117.2ms | Valid: loss=2.703, acc= 36.0% |
Epoch   3 | Client   3 | Train: loss=0.028, acc= 99.6% | time=121.9ms | Valid: loss=2.644, acc= 36.0% |
Epoch   4 | Client   3 | Train: loss=0.017, acc=100.0% | time=121.7ms | Valid: loss=2.786, acc= 40.0% |
Epoch   5 | Client   3 | Train: loss=0.013, acc=100.0% | time=121.3ms | Valid: loss=2.678, acc= 40.0% |
Skip Updating GPM for layer: 1
----------------------------------------
Epoch   1 | Client   4 | Train: loss=0.048, acc= 99.8% | time=151.5ms | Valid: loss=1.632, acc= 56.0% |
Epoch   2 | Client   4 | Train: loss=0.043, acc= 99.4% | time= 89.4ms | Valid: loss=1.788, acc= 56.0% |
Epoch   3 | Client   4 | Train: loss=0.025, acc= 99.6% | time= 81.7ms | Valid: loss=1.852, acc= 64.0% |
Epoch   4 | Client   4 | Train: loss=0.023, acc=100.0% | time=114.1ms | Valid: loss=1.727, acc= 56.0% |
Epoch   5 | Client   4 | Train: loss=0.016, acc=100.0% | time=118.3ms | Valid: loss=1.849, acc= 56.0% |
----------------------------------------
Epoch   1 | Client   5 | Train: loss=0.038, acc=100.0% | time=164.9ms | Valid: loss=2.033, acc= 56.0% |
Epoch   2 | Client   5 | Train: loss=0.035, acc= 99.6% | time=136.5ms | Valid: loss=2.104, acc= 56.0% |
Epoch   3 | Client   5 | Train: loss=0.023, acc=100.0% | time=110.3ms | Valid: loss=2.066, acc= 52.0% |
Epoch   4 | Client   5 | Train: loss=0.019, acc= 99.8% | time= 92.5ms | Valid: loss=2.019, acc= 52.0% |
Epoch   5 | Client   5 | Train: loss=0.015, acc= 99.8% | time= 85.8ms | Valid: loss=2.191, acc= 52.0% |
Skip Updating GPM for layer: 1
----------------------------------------
Epoch   1 | Client   6 | Train: loss=0.044, acc= 99.6% | time=158.3ms | Valid: loss=1.230, acc= 60.0% |
Epoch   2 | Client   6 | Train: loss=0.038, acc= 99.8% | time= 88.6ms | Valid: loss=1.303, acc= 56.0% |
Epoch   3 | Client   6 | Train: loss=0.028, acc=100.0% | time= 83.0ms | Valid: loss=1.304, acc= 60.0% |
Epoch   4 | Client   6 | Train: loss=0.019, acc=100.0% | time=100.4ms | Valid: loss=1.259, acc= 60.0% |
Epoch   5 | Client   6 | Train: loss=0.023, acc=100.0% | time=117.0ms | Valid: loss=1.307, acc= 56.0% |
Skip Updating GPM for layer: 1
----------------------------------------
Epoch   1 | Client   7 | Train: loss=0.063, acc= 99.4% | time=147.7ms | Valid: loss=2.241, acc= 44.0% |
Epoch   2 | Client   7 | Train: loss=0.029, acc=100.0% | time=116.0ms | Valid: loss=1.961, acc= 40.0% |
Epoch   3 | Client   7 | Train: loss=0.044, acc= 99.6% | time=127.7ms | Valid: loss=2.258, acc= 36.0% |
Epoch   4 | Client   7 | Train: loss=0.026, acc= 99.8% | time= 98.1ms | Valid: loss=2.293, acc= 40.0% |
Epoch   5 | Client   7 | Train: loss=0.044, acc= 98.9% | time=130.1ms | Valid: loss=2.227, acc= 32.0% |
----------------------------------------
Epoch   1 | Client   8 | Train: loss=0.057, acc= 99.2% | time=149.3ms | Valid: loss=1.694, acc= 68.0% |
Epoch   2 | Client   8 | Train: loss=0.036, acc= 99.4% | time=118.0ms | Valid: loss=2.012, acc= 56.0% |
Epoch   3 | Client   8 | Train: loss=0.027, acc= 99.6% | time=122.9ms | Valid: loss=1.982, acc= 56.0% |
Epoch   4 | Client   8 | Train: loss=0.019, acc=100.0% | time=113.9ms | Valid: loss=1.952, acc= 60.0% |
Epoch   5 | Client   8 | Train: loss=0.022, acc=100.0% | time=122.2ms | Valid: loss=2.031, acc= 56.0% |
Skip Updating GPM for layer: 1
----------------------------------------
Epoch   1 | Client   9 | Train: loss=0.075, acc= 98.7% | time=182.0ms | Valid: loss=1.733, acc= 44.0% |
Epoch   2 | Client   9 | Train: loss=0.033, acc= 99.8% | time=124.0ms | Valid: loss=1.688, acc= 40.0% |
Epoch   3 | Client   9 | Train: loss=0.035, acc= 99.8% | time=126.5ms | Valid: loss=1.807, acc= 40.0% |
Epoch   4 | Client   9 | Train: loss=0.024, acc=100.0% | time=123.7ms | Valid: loss=1.904, acc= 36.0% |
Epoch   5 | Client   9 | Train: loss=0.029, acc= 99.4% | time=122.8ms | Valid: loss=1.891, acc= 32.0% |
----------------------------------------
G-Epoch:   6, Test: loss=1.517 , acc= 59.7%
****************************************
Task:   0, G-Epoch:   6, Test: loss=1.845 , acc= 64.5%
Task:   1, G-Epoch:   6, Test: loss=1.514 , acc= 59.3%
Task:   2, G-Epoch:   6, Test: loss=2.314 , acc= 10.8%
Task:   3, G-Epoch:   6, Test: loss=2.310 , acc= 10.8%
Task:   4, G-Epoch:   6, Test: loss=2.316 , acc= 10.9%
Task:   5, G-Epoch:   6, Test: loss=2.294 , acc=  9.0%
Task:   6, G-Epoch:   6, Test: loss=2.308 , acc=  8.5%
Task:   7, G-Epoch:   6, Test: loss=2.308 , acc= 12.6%
Task:   8, G-Epoch:   6, Test: loss=2.326 , acc=  7.2%
Task:   9, G-Epoch:   6, Test: loss=2.307 , acc=  9.7%
{0: [39.3, 45.7, 48.7, 48.8, 51.1, 52.3, 53.9, 51.6, 55.6, 54.8, 53.3, 54.9, 58.1, 57.8, 55.8, 58.5, 58.6, 58.9, 57.4, 60.4, 61.3, 56.9, 60.1, 60.2, 60.8, 60.2, 60.8, 61.6, 61.5, 61.0, 62.5, 62.5, 64.4, 61.7, 62.6, 62.6, 63.1, 63.9, 65.4, 63.5, 65.0, 63.8, 64.1, 65.7, 66.4, 65.1, 63.0, 66.9, 65.3, 66.5, 68.2, 66.5, 65.4, 65.8, 64.3, 63.8, 64.5], 1: [10.2, 9.5, 11.1, 11.0, 9.3, 10.0, 10.6, 10.7, 11.2, 8.9, 9.1, 10.8, 10.8, 10.3, 9.9, 9.1, 11.7, 10.1, 10.2, 11.4, 8.8, 9.8, 10.9, 9.7, 9.2, 9.7, 10.1, 9.5, 9.9, 9.0, 9.4, 9.2, 9.6, 8.9, 9.1, 8.4, 8.4, 8.8, 10.2, 8.7, 8.9, 10.8, 8.1, 9.5, 9.5, 9.3, 10.3, 10.0, 9.3, 9.6, 49.7, 53.7, 57.3, 56.8, 58.2, 56.9, 59.3], 2: [10.3, 10.5, 9.7, 11.4, 11.1, 9.9, 8.6, 8.9, 9.1, 8.7, 9.4, 9.6, 7.7, 10.1, 10.4, 8.9, 9.1, 9.5, 10.8, 8.4, 8.5, 8.8, 9.1, 8.5, 9.7, 10.0, 9.4, 9.9, 9.9, 9.5, 8.9, 8.9, 9.1, 9.7, 9.7, 9.8, 9.4, 9.9, 9.1, 9.1, 9.2, 9.9, 9.7, 9.4, 8.0, 10.1, 10.6, 9.1, 9.6, 9.0, 9.4, 11.1, 11.1, 9.6, 9.4, 11.5, 10.8], 3: [10.3, 9.9, 8.6, 9.7, 9.2, 9.4, 9.3, 10.7, 11.6, 11.0, 11.6, 11.9, 11.3, 11.4, 12.4, 11.7, 11.1, 11.2, 11.9, 12.5, 13.1, 12.2, 13.1, 12.0, 12.6, 11.9, 12.0, 12.8, 13.5, 12.1, 12.1, 11.7, 11.8, 12.4, 12.6, 11.4, 12.7, 13.3, 13.2, 12.1, 12.3, 12.5, 13.4, 13.2, 13.5, 12.3, 11.5, 12.1, 12.0, 13.0, 10.4, 11.3, 11.9, 10.9, 10.6, 11.5, 10.8], 4: [11.0, 10.0, 10.7, 9.8, 10.8, 10.1, 10.0, 10.9, 10.2, 10.0, 10.2, 9.9, 9.6, 9.1, 8.8, 10.7, 9.8, 9.2, 9.6, 10.3, 8.5, 10.1, 9.6, 9.5, 9.6, 10.4, 10.6, 9.3, 8.9, 8.8, 9.3, 10.3, 10.1, 11.1, 9.8, 11.7, 9.9, 9.1, 10.5, 10.7, 10.0, 10.0, 9.9, 9.4, 9.2, 9.0, 10.6, 9.4, 10.1, 10.3, 12.5, 12.4, 12.1, 11.4, 11.1, 10.9, 10.9], 5: [9.1, 9.4, 10.6, 12.1, 10.5, 10.8, 11.3, 10.7, 10.6, 12.6, 12.5, 11.6, 11.5, 11.1, 10.8, 10.5, 11.1, 11.6, 10.7, 11.8, 10.6, 11.0, 10.2, 10.9, 9.6, 10.6, 9.6, 10.5, 9.3, 8.3, 9.5, 9.2, 9.6, 10.2, 9.2, 9.2, 10.1, 8.9, 9.3, 8.5, 8.8, 9.3, 9.1, 8.6, 9.9, 10.1, 9.0, 10.0, 8.2, 8.3, 8.9, 8.6, 8.5, 9.5, 9.6, 8.6, 9.0], 6: [10.1, 9.9, 12.1, 10.8, 10.4, 9.4, 9.2, 10.1, 11.1, 9.8, 10.4, 11.0, 10.9, 11.0, 13.0, 12.2, 10.5, 11.5, 10.0, 11.8, 9.6, 11.3, 10.6, 9.3, 9.4, 9.0, 10.5, 9.3, 10.4, 9.4, 9.4, 9.5, 10.3, 10.1, 8.4, 8.6, 10.3, 8.7, 9.1, 9.7, 8.6, 9.3, 9.1, 8.7, 8.4, 10.4, 8.9, 9.8, 10.6, 10.7, 9.3, 9.2, 7.6, 9.3, 8.3, 8.0, 8.5], 7: [9.2, 9.7, 10.3, 11.8, 11.8, 11.2, 12.2, 11.5, 10.8, 11.1, 12.2, 11.9, 11.9, 13.4, 12.9, 13.1, 14.1, 12.3, 12.7, 13.3, 11.4, 13.4, 12.8, 12.6, 12.6, 13.0, 13.0, 12.7, 13.0, 11.7, 11.9, 11.9, 12.3, 12.7, 13.8, 12.9, 13.4, 13.5, 12.5, 12.3, 12.5, 12.8, 11.2, 12.4, 13.8, 12.4, 10.7, 12.0, 11.9, 11.7, 14.4, 14.5, 12.1, 13.1, 13.4, 13.6, 12.6], 8: [7.8, 10.2, 9.5, 11.9, 11.6, 10.8, 9.4, 10.0, 9.6, 10.5, 9.9, 9.9, 10.2, 9.4, 9.8, 8.7, 9.4, 8.8, 9.6, 8.2, 8.0, 8.7, 9.1, 8.8, 8.9, 10.2, 8.3, 8.4, 7.6, 8.6, 8.3, 7.2, 8.5, 8.7, 7.7, 8.7, 8.3, 8.4, 8.6, 8.4, 8.8, 7.8, 8.8, 8.7, 8.0, 8.1, 7.1, 7.0, 6.9, 8.4, 6.1, 6.1, 5.5, 6.3, 6.4, 7.2, 7.2], 9: [10.4, 10.8, 9.5, 9.8, 8.9, 8.8, 8.5, 10.6, 9.6, 10.0, 6.8, 8.7, 10.7, 8.9, 9.7, 7.7, 9.0, 9.4, 10.0, 9.5, 9.7, 9.6, 9.4, 8.5, 7.3, 7.6, 9.7, 10.0, 8.1, 9.8, 11.0, 8.9, 10.3, 9.3, 10.3, 8.9, 9.3, 9.7, 10.8, 10.0, 9.6, 9.6, 10.1, 10.1, 9.2, 9.4, 11.1, 8.7, 10.7, 10.9, 9.8, 10.1, 10.9, 9.9, 10.9, 10.6, 9.7]}
----------------------------------------
Epoch   1 | Client   0 | Train: loss=0.055, acc= 98.9% | time=160.4ms | Valid: loss=1.280, acc= 56.0% |
Epoch   2 | Client   0 | Train: loss=0.032, acc= 99.8% | time= 91.1ms | Valid: loss=1.187, acc= 64.0% |
Epoch   3 | Client   0 | Train: loss=0.022, acc=100.0% | time= 84.9ms | Valid: loss=1.332, acc= 60.0% |
Epoch   4 | Client   0 | Train: loss=0.017, acc=100.0% | time= 85.1ms | Valid: loss=1.341, acc= 68.0% |
Epoch   5 | Client   0 | Train: loss=0.009, acc=100.0% | time= 85.0ms | Valid: loss=1.471, acc= 56.0% |
----------------------------------------
Epoch   1 | Client   1 | Train: loss=0.039, acc= 99.6% | time=155.1ms | Valid: loss=1.815, acc= 60.0% |
Epoch   2 | Client   1 | Train: loss=0.029, acc= 99.6% | time=111.5ms | Valid: loss=1.806, acc= 48.0% |
Epoch   3 | Client   1 | Train: loss=0.019, acc=100.0% | time=124.5ms | Valid: loss=1.665, acc= 52.0% |
Epoch   4 | Client   1 | Train: loss=0.036, acc= 99.2% | time=122.6ms | Valid: loss=1.712, acc= 52.0% |
Epoch   5 | Client   1 | Train: loss=0.012, acc=100.0% | time=123.6ms | Valid: loss=1.650, acc= 60.0% |
Skip Updating GPM for layer: 1
----------------------------------------
Epoch   1 | Client   2 | Train: loss=0.038, acc=100.0% | time=164.9ms | Valid: loss=1.797, acc= 56.0% |
Epoch   2 | Client   2 | Train: loss=0.063, acc= 98.7% | time=105.2ms | Valid: loss=1.543, acc= 56.0% |
Epoch   3 | Client   2 | Train: loss=0.019, acc= 99.8% | time=114.1ms | Valid: loss=1.585, acc= 52.0% |
Epoch   4 | Client   2 | Train: loss=0.015, acc=100.0% | time= 93.4ms | Valid: loss=1.531, acc= 52.0% |
Epoch   5 | Client   2 | Train: loss=0.011, acc=100.0% | time= 86.7ms | Valid: loss=1.487, acc= 52.0% |
----------------------------------------
Epoch   1 | Client   3 | Train: loss=0.036, acc= 99.6% | time=172.0ms | Valid: loss=2.683, acc= 40.0% |
Epoch   2 | Client   3 | Train: loss=0.033, acc= 99.8% | time=127.8ms | Valid: loss=2.965, acc= 40.0% |
Epoch   3 | Client   3 | Train: loss=0.013, acc=100.0% | time=118.6ms | Valid: loss=2.698, acc= 40.0% |
Epoch   4 | Client   3 | Train: loss=0.045, acc= 99.4% | time=125.4ms | Valid: loss=2.892, acc= 36.0% |
Epoch   5 | Client   3 | Train: loss=0.014, acc=100.0% | time= 94.9ms | Valid: loss=2.891, acc= 44.0% |
Skip Updating GPM for layer: 1
----------------------------------------
Epoch   1 | Client   4 | Train: loss=0.034, acc= 99.6% | time=174.1ms | Valid: loss=1.749, acc= 56.0% |
Epoch   2 | Client   4 | Train: loss=0.023, acc= 99.8% | time= 92.3ms | Valid: loss=1.728, acc= 56.0% |
Epoch   3 | Client   4 | Train: loss=0.022, acc= 99.8% | time= 82.6ms | Valid: loss=1.998, acc= 52.0% |
Epoch   4 | Client   4 | Train: loss=0.025, acc= 99.8% | time= 78.7ms | Valid: loss=2.041, acc= 52.0% |
Epoch   5 | Client   4 | Train: loss=0.013, acc=100.0% | time= 77.0ms | Valid: loss=1.839, acc= 60.0% |
----------------------------------------
Epoch   1 | Client   5 | Train: loss=0.046, acc= 98.9% | time=168.2ms | Valid: loss=2.119, acc= 56.0% |
Epoch   2 | Client   5 | Train: loss=0.104, acc= 96.6% | time=107.7ms | Valid: loss=2.201, acc= 52.0% |
Epoch   3 | Client   5 | Train: loss=0.018, acc= 99.8% | time=120.6ms | Valid: loss=2.324, acc= 52.0% |
Epoch   4 | Client   5 | Train: loss=0.046, acc= 98.9% | time= 96.7ms | Valid: loss=2.265, acc= 56.0% |
Epoch   5 | Client   5 | Train: loss=0.084, acc= 97.5% | time= 94.6ms | Valid: loss=2.108, acc= 56.0% |
Skip Updating GPM for layer: 1
----------------------------------------
Epoch   1 | Client   6 | Train: loss=0.042, acc= 99.8% | time=187.3ms | Valid: loss=1.345, acc= 44.0% |
Epoch   2 | Client   6 | Train: loss=0.029, acc=100.0% | time=106.8ms | Valid: loss=1.289, acc= 56.0% |
Epoch   3 | Client   6 | Train: loss=0.029, acc= 99.8% | time=120.8ms | Valid: loss=1.522, acc= 52.0% |
Epoch   4 | Client   6 | Train: loss=0.043, acc= 99.2% | time=107.9ms | Valid: loss=1.518, acc= 48.0% |
Epoch   5 | Client   6 | Train: loss=0.016, acc=100.0% | time=118.2ms | Valid: loss=1.333, acc= 60.0% |
Skip Updating GPM for layer: 1
----------------------------------------
Epoch   1 | Client   7 | Train: loss=0.156, acc= 95.8% | time=180.5ms | Valid: loss=2.627, acc= 36.0% |
Epoch   2 | Client   7 | Train: loss=0.093, acc= 98.3% | time=121.4ms | Valid: loss=2.876, acc= 28.0% |
Epoch   3 | Client   7 | Train: loss=0.132, acc= 96.6% | time=113.6ms | Valid: loss=2.961, acc= 28.0% |
Epoch   4 | Client   7 | Train: loss=0.190, acc= 93.7% | time=119.2ms | Valid: loss=3.090, acc= 36.0% |
Epoch   5 | Client   7 | Train: loss=0.194, acc= 93.9% | time=116.5ms | Valid: loss=2.816, acc= 36.0% |
----------------------------------------
Epoch   1 | Client   8 | Train: loss=0.039, acc= 99.4% | time=175.8ms | Valid: loss=1.933, acc= 56.0% |
Epoch   2 | Client   8 | Train: loss=0.026, acc= 99.6% | time=113.5ms | Valid: loss=2.046, acc= 56.0% |
Epoch   3 | Client   8 | Train: loss=0.023, acc= 99.8% | time=121.1ms | Valid: loss=1.981, acc= 56.0% |
Epoch   4 | Client   8 | Train: loss=0.021, acc= 99.6% | time=120.7ms | Valid: loss=2.000, acc= 52.0% |
Epoch   5 | Client   8 | Train: loss=0.029, acc= 99.4% | time=120.8ms | Valid: loss=2.121, acc= 64.0% |
Skip Updating GPM for layer: 1
----------------------------------------
Epoch   1 | Client   9 | Train: loss=0.036, acc= 99.8% | time=159.5ms | Valid: loss=1.526, acc= 48.0% |
Epoch   2 | Client   9 | Train: loss=0.028, acc=100.0% | time=121.4ms | Valid: loss=1.552, acc= 44.0% |
Epoch   3 | Client   9 | Train: loss=0.024, acc= 99.8% | time=118.2ms | Valid: loss=1.598, acc= 48.0% |
Epoch   4 | Client   9 | Train: loss=0.015, acc=100.0% | time=119.0ms | Valid: loss=1.611, acc= 48.0% |
Epoch   5 | Client   9 | Train: loss=0.013, acc=100.0% | time=120.9ms | Valid: loss=1.658, acc= 48.0% |
Skip Updating GPM for layer: 1
----------------------------------------
G-Epoch:   7, Test: loss=1.548 , acc= 59.1%
****************************************
Task:   0, G-Epoch:   7, Test: loss=1.950 , acc= 62.4%
Task:   1, G-Epoch:   7, Test: loss=1.574 , acc= 58.9%
Task:   2, G-Epoch:   7, Test: loss=2.316 , acc=  9.3%
Task:   3, G-Epoch:   7, Test: loss=2.311 , acc=  9.7%
Task:   4, G-Epoch:   7, Test: loss=2.317 , acc=  9.9%
Task:   5, G-Epoch:   7, Test: loss=2.292 , acc=  9.4%
Task:   6, G-Epoch:   7, Test: loss=2.310 , acc=  8.5%
Task:   7, G-Epoch:   7, Test: loss=2.308 , acc= 13.3%
Task:   8, G-Epoch:   7, Test: loss=2.325 , acc=  7.0%
Task:   9, G-Epoch:   7, Test: loss=2.309 , acc=  9.8%
{0: [39.3, 45.7, 48.7, 48.8, 51.1, 52.3, 53.9, 51.6, 55.6, 54.8, 53.3, 54.9, 58.1, 57.8, 55.8, 58.5, 58.6, 58.9, 57.4, 60.4, 61.3, 56.9, 60.1, 60.2, 60.8, 60.2, 60.8, 61.6, 61.5, 61.0, 62.5, 62.5, 64.4, 61.7, 62.6, 62.6, 63.1, 63.9, 65.4, 63.5, 65.0, 63.8, 64.1, 65.7, 66.4, 65.1, 63.0, 66.9, 65.3, 66.5, 68.2, 66.5, 65.4, 65.8, 64.3, 63.8, 64.5, 62.4], 1: [10.2, 9.5, 11.1, 11.0, 9.3, 10.0, 10.6, 10.7, 11.2, 8.9, 9.1, 10.8, 10.8, 10.3, 9.9, 9.1, 11.7, 10.1, 10.2, 11.4, 8.8, 9.8, 10.9, 9.7, 9.2, 9.7, 10.1, 9.5, 9.9, 9.0, 9.4, 9.2, 9.6, 8.9, 9.1, 8.4, 8.4, 8.8, 10.2, 8.7, 8.9, 10.8, 8.1, 9.5, 9.5, 9.3, 10.3, 10.0, 9.3, 9.6, 49.7, 53.7, 57.3, 56.8, 58.2, 56.9, 59.3, 58.9], 2: [10.3, 10.5, 9.7, 11.4, 11.1, 9.9, 8.6, 8.9, 9.1, 8.7, 9.4, 9.6, 7.7, 10.1, 10.4, 8.9, 9.1, 9.5, 10.8, 8.4, 8.5, 8.8, 9.1, 8.5, 9.7, 10.0, 9.4, 9.9, 9.9, 9.5, 8.9, 8.9, 9.1, 9.7, 9.7, 9.8, 9.4, 9.9, 9.1, 9.1, 9.2, 9.9, 9.7, 9.4, 8.0, 10.1, 10.6, 9.1, 9.6, 9.0, 9.4, 11.1, 11.1, 9.6, 9.4, 11.5, 10.8, 9.3], 3: [10.3, 9.9, 8.6, 9.7, 9.2, 9.4, 9.3, 10.7, 11.6, 11.0, 11.6, 11.9, 11.3, 11.4, 12.4, 11.7, 11.1, 11.2, 11.9, 12.5, 13.1, 12.2, 13.1, 12.0, 12.6, 11.9, 12.0, 12.8, 13.5, 12.1, 12.1, 11.7, 11.8, 12.4, 12.6, 11.4, 12.7, 13.3, 13.2, 12.1, 12.3, 12.5, 13.4, 13.2, 13.5, 12.3, 11.5, 12.1, 12.0, 13.0, 10.4, 11.3, 11.9, 10.9, 10.6, 11.5, 10.8, 9.7], 4: [11.0, 10.0, 10.7, 9.8, 10.8, 10.1, 10.0, 10.9, 10.2, 10.0, 10.2, 9.9, 9.6, 9.1, 8.8, 10.7, 9.8, 9.2, 9.6, 10.3, 8.5, 10.1, 9.6, 9.5, 9.6, 10.4, 10.6, 9.3, 8.9, 8.8, 9.3, 10.3, 10.1, 11.1, 9.8, 11.7, 9.9, 9.1, 10.5, 10.7, 10.0, 10.0, 9.9, 9.4, 9.2, 9.0, 10.6, 9.4, 10.1, 10.3, 12.5, 12.4, 12.1, 11.4, 11.1, 10.9, 10.9, 9.9], 5: [9.1, 9.4, 10.6, 12.1, 10.5, 10.8, 11.3, 10.7, 10.6, 12.6, 12.5, 11.6, 11.5, 11.1, 10.8, 10.5, 11.1, 11.6, 10.7, 11.8, 10.6, 11.0, 10.2, 10.9, 9.6, 10.6, 9.6, 10.5, 9.3, 8.3, 9.5, 9.2, 9.6, 10.2, 9.2, 9.2, 10.1, 8.9, 9.3, 8.5, 8.8, 9.3, 9.1, 8.6, 9.9, 10.1, 9.0, 10.0, 8.2, 8.3, 8.9, 8.6, 8.5, 9.5, 9.6, 8.6, 9.0, 9.4], 6: [10.1, 9.9, 12.1, 10.8, 10.4, 9.4, 9.2, 10.1, 11.1, 9.8, 10.4, 11.0, 10.9, 11.0, 13.0, 12.2, 10.5, 11.5, 10.0, 11.8, 9.6, 11.3, 10.6, 9.3, 9.4, 9.0, 10.5, 9.3, 10.4, 9.4, 9.4, 9.5, 10.3, 10.1, 8.4, 8.6, 10.3, 8.7, 9.1, 9.7, 8.6, 9.3, 9.1, 8.7, 8.4, 10.4, 8.9, 9.8, 10.6, 10.7, 9.3, 9.2, 7.6, 9.3, 8.3, 8.0, 8.5, 8.5], 7: [9.2, 9.7, 10.3, 11.8, 11.8, 11.2, 12.2, 11.5, 10.8, 11.1, 12.2, 11.9, 11.9, 13.4, 12.9, 13.1, 14.1, 12.3, 12.7, 13.3, 11.4, 13.4, 12.8, 12.6, 12.6, 13.0, 13.0, 12.7, 13.0, 11.7, 11.9, 11.9, 12.3, 12.7, 13.8, 12.9, 13.4, 13.5, 12.5, 12.3, 12.5, 12.8, 11.2, 12.4, 13.8, 12.4, 10.7, 12.0, 11.9, 11.7, 14.4, 14.5, 12.1, 13.1, 13.4, 13.6, 12.6, 13.3], 8: [7.8, 10.2, 9.5, 11.9, 11.6, 10.8, 9.4, 10.0, 9.6, 10.5, 9.9, 9.9, 10.2, 9.4, 9.8, 8.7, 9.4, 8.8, 9.6, 8.2, 8.0, 8.7, 9.1, 8.8, 8.9, 10.2, 8.3, 8.4, 7.6, 8.6, 8.3, 7.2, 8.5, 8.7, 7.7, 8.7, 8.3, 8.4, 8.6, 8.4, 8.8, 7.8, 8.8, 8.7, 8.0, 8.1, 7.1, 7.0, 6.9, 8.4, 6.1, 6.1, 5.5, 6.3, 6.4, 7.2, 7.2, 7.0], 9: [10.4, 10.8, 9.5, 9.8, 8.9, 8.8, 8.5, 10.6, 9.6, 10.0, 6.8, 8.7, 10.7, 8.9, 9.7, 7.7, 9.0, 9.4, 10.0, 9.5, 9.7, 9.6, 9.4, 8.5, 7.3, 7.6, 9.7, 10.0, 8.1, 9.8, 11.0, 8.9, 10.3, 9.3, 10.3, 8.9, 9.3, 9.7, 10.8, 10.0, 9.6, 9.6, 10.1, 10.1, 9.2, 9.4, 11.1, 8.7, 10.7, 10.9, 9.8, 10.1, 10.9, 9.9, 10.9, 10.6, 9.7, 9.8]}
----------------------------------------
Epoch   1 | Client   0 | Train: loss=0.031, acc= 99.6% | time=179.8ms | Valid: loss=1.414, acc= 56.0% |
Epoch   2 | Client   0 | Train: loss=0.018, acc=100.0% | time=101.5ms | Valid: loss=1.479, acc= 60.0% |
Epoch   3 | Client   0 | Train: loss=0.038, acc= 99.2% | time= 95.8ms | Valid: loss=1.643, acc= 56.0% |
Epoch   4 | Client   0 | Train: loss=0.019, acc= 99.6% | time=100.6ms | Valid: loss=1.294, acc= 68.0% |
Epoch   5 | Client   0 | Train: loss=0.029, acc= 99.2% | time= 98.8ms | Valid: loss=1.730, acc= 56.0% |
----------------------------------------
Epoch   1 | Client   1 | Train: loss=0.027, acc= 99.6% | time=173.0ms | Valid: loss=1.614, acc= 60.0% |
Epoch   2 | Client   1 | Train: loss=0.022, acc= 99.6% | time= 94.3ms | Valid: loss=1.741, acc= 64.0% |
Epoch   3 | Client   1 | Train: loss=0.015, acc= 99.8% | time= 94.4ms | Valid: loss=1.781, acc= 56.0% |
Epoch   4 | Client   1 | Train: loss=0.011, acc=100.0% | time= 84.5ms | Valid: loss=1.889, acc= 56.0% |
Epoch   5 | Client   1 | Train: loss=0.014, acc=100.0% | time= 87.7ms | Valid: loss=1.697, acc= 68.0% |
Skip Updating GPM for layer: 1
----------------------------------------
Epoch   1 | Client   2 | Train: loss=0.027, acc= 99.8% | time=173.9ms | Valid: loss=1.567, acc= 52.0% |
Epoch   2 | Client   2 | Train: loss=0.017, acc=100.0% | time=132.4ms | Valid: loss=1.434, acc= 56.0% |
Epoch   3 | Client   2 | Train: loss=0.011, acc=100.0% | time=129.8ms | Valid: loss=1.480, acc= 60.0% |
Epoch   4 | Client   2 | Train: loss=0.011, acc=100.0% | time=131.4ms | Valid: loss=1.503, acc= 60.0% |
Epoch   5 | Client   2 | Train: loss=0.018, acc= 99.8% | time=131.5ms | Valid: loss=1.664, acc= 60.0% |
----------------------------------------
Epoch   1 | Client   3 | Train: loss=0.018, acc=100.0% | time=159.3ms | Valid: loss=2.882, acc= 40.0% |
Epoch   2 | Client   3 | Train: loss=0.021, acc= 99.8% | time=122.3ms | Valid: loss=2.758, acc= 40.0% |
Epoch   3 | Client   3 | Train: loss=0.009, acc=100.0% | time=123.1ms | Valid: loss=2.745, acc= 40.0% |
Epoch   4 | Client   3 | Train: loss=0.013, acc=100.0% | time=122.4ms | Valid: loss=2.781, acc= 44.0% |
Epoch   5 | Client   3 | Train: loss=0.008, acc=100.0% | time=122.8ms | Valid: loss=2.712, acc= 40.0% |
Skip Updating GPM for layer: 1
----------------------------------------
Epoch   1 | Client   4 | Train: loss=0.031, acc= 99.6% | time=169.6ms | Valid: loss=1.685, acc= 56.0% |
Epoch   2 | Client   4 | Train: loss=0.018, acc=100.0% | time= 99.7ms | Valid: loss=1.703, acc= 60.0% |
Epoch   3 | Client   4 | Train: loss=0.071, acc= 98.5% | time=118.8ms | Valid: loss=1.890, acc= 56.0% |
Epoch   4 | Client   4 | Train: loss=0.011, acc=100.0% | time=121.8ms | Valid: loss=1.919, acc= 56.0% |
Epoch   5 | Client   4 | Train: loss=0.008, acc=100.0% | time=119.5ms | Valid: loss=2.030, acc= 52.0% |
----------------------------------------
Epoch   1 | Client   5 | Train: loss=0.044, acc= 99.4% | time=154.9ms | Valid: loss=1.893, acc= 60.0% |
Epoch   2 | Client   5 | Train: loss=0.023, acc=100.0% | time= 85.6ms | Valid: loss=2.134, acc= 56.0% |
Epoch   3 | Client   5 | Train: loss=0.026, acc=100.0% | time= 82.4ms | Valid: loss=2.168, acc= 52.0% |
Epoch   4 | Client   5 | Train: loss=0.012, acc=100.0% | time= 80.4ms | Valid: loss=2.128, acc= 56.0% |
Epoch   5 | Client   5 | Train: loss=0.006, acc=100.0% | time= 80.8ms | Valid: loss=2.135, acc= 56.0% |
Skip Updating GPM for layer: 1
----------------------------------------
Epoch   1 | Client   6 | Train: loss=0.027, acc=100.0% | time=161.3ms | Valid: loss=1.132, acc= 60.0% |
Epoch   2 | Client   6 | Train: loss=0.024, acc=100.0% | time= 97.0ms | Valid: loss=1.284, acc= 60.0% |
Epoch   3 | Client   6 | Train: loss=0.019, acc= 99.8% | time= 86.8ms | Valid: loss=1.368, acc= 52.0% |
Epoch   4 | Client   6 | Train: loss=0.014, acc=100.0% | time= 88.3ms | Valid: loss=1.221, acc= 56.0% |
Epoch   5 | Client   6 | Train: loss=0.016, acc= 99.8% | time= 86.5ms | Valid: loss=1.393, acc= 60.0% |
Skip Updating GPM for layer: 1
----------------------------------------
Epoch   1 | Client   7 | Train: loss=0.182, acc= 94.7% | time=163.6ms | Valid: loss=2.556, acc= 40.0% |
Epoch   2 | Client   7 | Train: loss=0.188, acc= 94.1% | time= 91.9ms | Valid: loss=2.796, acc= 48.0% |
Epoch   3 | Client   7 | Train: loss=0.103, acc= 97.3% | time= 83.2ms | Valid: loss=2.265, acc= 44.0% |
Epoch   4 | Client   7 | Train: loss=0.188, acc= 93.7% | time= 83.1ms | Valid: loss=2.764, acc= 40.0% |
Epoch   5 | Client   7 | Train: loss=0.088, acc= 97.3% | time= 82.5ms | Valid: loss=2.799, acc= 32.0% |
----------------------------------------
Epoch   1 | Client   8 | Train: loss=0.030, acc= 99.8% | time=166.9ms | Valid: loss=1.801, acc= 56.0% |
Epoch   2 | Client   8 | Train: loss=0.023, acc=100.0% | time=103.7ms | Valid: loss=2.133, acc= 52.0% |
Epoch   3 | Client   8 | Train: loss=0.009, acc=100.0% | time= 98.7ms | Valid: loss=2.170, acc= 48.0% |
Epoch   4 | Client   8 | Train: loss=0.016, acc= 99.8% | time= 95.8ms | Valid: loss=2.169, acc= 60.0% |
Epoch   5 | Client   8 | Train: loss=0.007, acc=100.0% | time= 92.0ms | Valid: loss=1.993, acc= 64.0% |
Skip Updating GPM for layer: 1
----------------------------------------
Epoch   1 | Client   9 | Train: loss=0.027, acc= 99.6% | time=168.9ms | Valid: loss=1.593, acc= 48.0% |
Epoch   2 | Client   9 | Train: loss=0.028, acc= 99.8% | time=123.2ms | Valid: loss=1.488, acc= 52.0% |
Epoch   3 | Client   9 | Train: loss=0.018, acc=100.0% | time=122.9ms | Valid: loss=1.728, acc= 44.0% |
Epoch   4 | Client   9 | Train: loss=0.013, acc= 99.8% | time=122.0ms | Valid: loss=1.774, acc= 48.0% |
Epoch   5 | Client   9 | Train: loss=0.010, acc=100.0% | time=121.2ms | Valid: loss=1.696, acc= 48.0% |
Skip Updating GPM for layer: 1
----------------------------------------
G-Epoch:   8, Test: loss=1.626 , acc= 59.8%
****************************************
Task:   0, G-Epoch:   8, Test: loss=2.060 , acc= 61.7%
Task:   1, G-Epoch:   8, Test: loss=1.644 , acc= 59.6%
Task:   2, G-Epoch:   8, Test: loss=2.313 , acc= 10.8%
Task:   3, G-Epoch:   8, Test: loss=2.310 , acc= 12.1%
Task:   4, G-Epoch:   8, Test: loss=2.321 , acc= 10.6%
Task:   5, G-Epoch:   8, Test: loss=2.295 , acc=  9.4%
Task:   6, G-Epoch:   8, Test: loss=2.310 , acc=  8.1%
Task:   7, G-Epoch:   8, Test: loss=2.306 , acc= 13.3%
Task:   8, G-Epoch:   8, Test: loss=2.324 , acc=  7.3%
Task:   9, G-Epoch:   8, Test: loss=2.310 , acc=  9.9%
{0: [39.3, 45.7, 48.7, 48.8, 51.1, 52.3, 53.9, 51.6, 55.6, 54.8, 53.3, 54.9, 58.1, 57.8, 55.8, 58.5, 58.6, 58.9, 57.4, 60.4, 61.3, 56.9, 60.1, 60.2, 60.8, 60.2, 60.8, 61.6, 61.5, 61.0, 62.5, 62.5, 64.4, 61.7, 62.6, 62.6, 63.1, 63.9, 65.4, 63.5, 65.0, 63.8, 64.1, 65.7, 66.4, 65.1, 63.0, 66.9, 65.3, 66.5, 68.2, 66.5, 65.4, 65.8, 64.3, 63.8, 64.5, 62.4, 61.7], 1: [10.2, 9.5, 11.1, 11.0, 9.3, 10.0, 10.6, 10.7, 11.2, 8.9, 9.1, 10.8, 10.8, 10.3, 9.9, 9.1, 11.7, 10.1, 10.2, 11.4, 8.8, 9.8, 10.9, 9.7, 9.2, 9.7, 10.1, 9.5, 9.9, 9.0, 9.4, 9.2, 9.6, 8.9, 9.1, 8.4, 8.4, 8.8, 10.2, 8.7, 8.9, 10.8, 8.1, 9.5, 9.5, 9.3, 10.3, 10.0, 9.3, 9.6, 49.7, 53.7, 57.3, 56.8, 58.2, 56.9, 59.3, 58.9, 59.6], 2: [10.3, 10.5, 9.7, 11.4, 11.1, 9.9, 8.6, 8.9, 9.1, 8.7, 9.4, 9.6, 7.7, 10.1, 10.4, 8.9, 9.1, 9.5, 10.8, 8.4, 8.5, 8.8, 9.1, 8.5, 9.7, 10.0, 9.4, 9.9, 9.9, 9.5, 8.9, 8.9, 9.1, 9.7, 9.7, 9.8, 9.4, 9.9, 9.1, 9.1, 9.2, 9.9, 9.7, 9.4, 8.0, 10.1, 10.6, 9.1, 9.6, 9.0, 9.4, 11.1, 11.1, 9.6, 9.4, 11.5, 10.8, 9.3, 10.8], 3: [10.3, 9.9, 8.6, 9.7, 9.2, 9.4, 9.3, 10.7, 11.6, 11.0, 11.6, 11.9, 11.3, 11.4, 12.4, 11.7, 11.1, 11.2, 11.9, 12.5, 13.1, 12.2, 13.1, 12.0, 12.6, 11.9, 12.0, 12.8, 13.5, 12.1, 12.1, 11.7, 11.8, 12.4, 12.6, 11.4, 12.7, 13.3, 13.2, 12.1, 12.3, 12.5, 13.4, 13.2, 13.5, 12.3, 11.5, 12.1, 12.0, 13.0, 10.4, 11.3, 11.9, 10.9, 10.6, 11.5, 10.8, 9.7, 12.1], 4: [11.0, 10.0, 10.7, 9.8, 10.8, 10.1, 10.0, 10.9, 10.2, 10.0, 10.2, 9.9, 9.6, 9.1, 8.8, 10.7, 9.8, 9.2, 9.6, 10.3, 8.5, 10.1, 9.6, 9.5, 9.6, 10.4, 10.6, 9.3, 8.9, 8.8, 9.3, 10.3, 10.1, 11.1, 9.8, 11.7, 9.9, 9.1, 10.5, 10.7, 10.0, 10.0, 9.9, 9.4, 9.2, 9.0, 10.6, 9.4, 10.1, 10.3, 12.5, 12.4, 12.1, 11.4, 11.1, 10.9, 10.9, 9.9, 10.6], 5: [9.1, 9.4, 10.6, 12.1, 10.5, 10.8, 11.3, 10.7, 10.6, 12.6, 12.5, 11.6, 11.5, 11.1, 10.8, 10.5, 11.1, 11.6, 10.7, 11.8, 10.6, 11.0, 10.2, 10.9, 9.6, 10.6, 9.6, 10.5, 9.3, 8.3, 9.5, 9.2, 9.6, 10.2, 9.2, 9.2, 10.1, 8.9, 9.3, 8.5, 8.8, 9.3, 9.1, 8.6, 9.9, 10.1, 9.0, 10.0, 8.2, 8.3, 8.9, 8.6, 8.5, 9.5, 9.6, 8.6, 9.0, 9.4, 9.4], 6: [10.1, 9.9, 12.1, 10.8, 10.4, 9.4, 9.2, 10.1, 11.1, 9.8, 10.4, 11.0, 10.9, 11.0, 13.0, 12.2, 10.5, 11.5, 10.0, 11.8, 9.6, 11.3, 10.6, 9.3, 9.4, 9.0, 10.5, 9.3, 10.4, 9.4, 9.4, 9.5, 10.3, 10.1, 8.4, 8.6, 10.3, 8.7, 9.1, 9.7, 8.6, 9.3, 9.1, 8.7, 8.4, 10.4, 8.9, 9.8, 10.6, 10.7, 9.3, 9.2, 7.6, 9.3, 8.3, 8.0, 8.5, 8.5, 8.1], 7: [9.2, 9.7, 10.3, 11.8, 11.8, 11.2, 12.2, 11.5, 10.8, 11.1, 12.2, 11.9, 11.9, 13.4, 12.9, 13.1, 14.1, 12.3, 12.7, 13.3, 11.4, 13.4, 12.8, 12.6, 12.6, 13.0, 13.0, 12.7, 13.0, 11.7, 11.9, 11.9, 12.3, 12.7, 13.8, 12.9, 13.4, 13.5, 12.5, 12.3, 12.5, 12.8, 11.2, 12.4, 13.8, 12.4, 10.7, 12.0, 11.9, 11.7, 14.4, 14.5, 12.1, 13.1, 13.4, 13.6, 12.6, 13.3, 13.3], 8: [7.8, 10.2, 9.5, 11.9, 11.6, 10.8, 9.4, 10.0, 9.6, 10.5, 9.9, 9.9, 10.2, 9.4, 9.8, 8.7, 9.4, 8.8, 9.6, 8.2, 8.0, 8.7, 9.1, 8.8, 8.9, 10.2, 8.3, 8.4, 7.6, 8.6, 8.3, 7.2, 8.5, 8.7, 7.7, 8.7, 8.3, 8.4, 8.6, 8.4, 8.8, 7.8, 8.8, 8.7, 8.0, 8.1, 7.1, 7.0, 6.9, 8.4, 6.1, 6.1, 5.5, 6.3, 6.4, 7.2, 7.2, 7.0, 7.3], 9: [10.4, 10.8, 9.5, 9.8, 8.9, 8.8, 8.5, 10.6, 9.6, 10.0, 6.8, 8.7, 10.7, 8.9, 9.7, 7.7, 9.0, 9.4, 10.0, 9.5, 9.7, 9.6, 9.4, 8.5, 7.3, 7.6, 9.7, 10.0, 8.1, 9.8, 11.0, 8.9, 10.3, 9.3, 10.3, 8.9, 9.3, 9.7, 10.8, 10.0, 9.6, 9.6, 10.1, 10.1, 9.2, 9.4, 11.1, 8.7, 10.7, 10.9, 9.8, 10.1, 10.9, 9.9, 10.9, 10.6, 9.7, 9.8, 9.9]}
----------------------------------------
Epoch   1 | Client   0 | Train: loss=0.073, acc= 98.3% | time=175.0ms | Valid: loss=1.667, acc= 52.0% |
Epoch   2 | Client   0 | Train: loss=0.017, acc=100.0% | time=119.4ms | Valid: loss=1.494, acc= 60.0% |
Epoch   3 | Client   0 | Train: loss=0.061, acc= 98.5% | time= 93.2ms | Valid: loss=1.371, acc= 56.0% |
Epoch   4 | Client   0 | Train: loss=0.013, acc=100.0% | time= 78.8ms | Valid: loss=1.298, acc= 68.0% |
Epoch   5 | Client   0 | Train: loss=0.010, acc=100.0% | time= 76.3ms | Valid: loss=1.290, acc= 56.0% |
----------------------------------------
Epoch   1 | Client   1 | Train: loss=0.125, acc= 96.4% | time=158.9ms | Valid: loss=2.104, acc= 56.0% |
Epoch   2 | Client   1 | Train: loss=0.021, acc= 99.6% | time= 86.5ms | Valid: loss=1.782, acc= 52.0% |
Epoch   3 | Client   1 | Train: loss=0.012, acc= 99.8% | time= 81.4ms | Valid: loss=1.872, acc= 52.0% |
Epoch   4 | Client   1 | Train: loss=0.010, acc=100.0% | time=102.4ms | Valid: loss=1.902, acc= 60.0% |
Epoch   5 | Client   1 | Train: loss=0.007, acc=100.0% | time=107.0ms | Valid: loss=1.786, acc= 60.0% |
Skip Updating GPM for layer: 1
----------------------------------------
Epoch   1 | Client   2 | Train: loss=0.053, acc= 98.7% | time=151.7ms | Valid: loss=1.874, acc= 60.0% |
Epoch   2 | Client   2 | Train: loss=0.020, acc=100.0% | time=113.6ms | Valid: loss=1.466, acc= 60.0% |
Epoch   3 | Client   2 | Train: loss=0.016, acc=100.0% | time= 99.6ms | Valid: loss=1.376, acc= 68.0% |
Epoch   4 | Client   2 | Train: loss=0.008, acc=100.0% | time= 84.6ms | Valid: loss=1.730, acc= 52.0% |
Epoch   5 | Client   2 | Train: loss=0.023, acc= 99.6% | time= 82.2ms | Valid: loss=1.689, acc= 60.0% |
----------------------------------------
Epoch   1 | Client   3 | Train: loss=0.023, acc=100.0% | time=150.9ms | Valid: loss=2.781, acc= 52.0% |
Epoch   2 | Client   3 | Train: loss=0.021, acc= 99.8% | time= 88.2ms | Valid: loss=2.935, acc= 44.0% |
Epoch   3 | Client   3 | Train: loss=0.016, acc= 99.8% | time=119.3ms | Valid: loss=2.786, acc= 44.0% |
Epoch   4 | Client   3 | Train: loss=0.008, acc=100.0% | time=119.4ms | Valid: loss=2.632, acc= 40.0% |
Epoch   5 | Client   3 | Train: loss=0.008, acc=100.0% | time=125.7ms | Valid: loss=2.759, acc= 36.0% |
Skip Updating GPM for layer: 1
----------------------------------------
Epoch   1 | Client   4 | Train: loss=0.241, acc= 91.6% | time=171.6ms | Valid: loss=2.327, acc= 48.0% |
Epoch   2 | Client   4 | Train: loss=0.038, acc= 99.2% | time=105.5ms | Valid: loss=2.268, acc= 64.0% |
Epoch   3 | Client   4 | Train: loss=0.015, acc=100.0% | time=128.6ms | Valid: loss=1.984, acc= 52.0% |
Epoch   4 | Client   4 | Train: loss=0.011, acc=100.0% | time=129.5ms | Valid: loss=1.883, acc= 56.0% |
Epoch   5 | Client   4 | Train: loss=0.011, acc= 99.8% | time=130.2ms | Valid: loss=2.008, acc= 60.0% |
----------------------------------------
Epoch   1 | Client   5 | Train: loss=0.021, acc= 99.6% | time=151.9ms | Valid: loss=2.451, acc= 44.0% |
Epoch   2 | Client   5 | Train: loss=0.022, acc= 99.6% | time=109.9ms | Valid: loss=2.749, acc= 48.0% |
Epoch   3 | Client   5 | Train: loss=0.064, acc= 98.1% | time=124.5ms | Valid: loss=2.278, acc= 56.0% |
Epoch   4 | Client   5 | Train: loss=0.017, acc= 99.6% | time=126.7ms | Valid: loss=2.060, acc= 52.0% |
Epoch   5 | Client   5 | Train: loss=0.014, acc=100.0% | time=128.3ms | Valid: loss=2.201, acc= 52.0% |
Skip Updating GPM for layer: 1
----------------------------------------
Epoch   1 | Client   6 | Train: loss=0.082, acc= 97.5% | time=184.8ms | Valid: loss=1.346, acc= 60.0% |
Epoch   2 | Client   6 | Train: loss=0.020, acc=100.0% | time=122.9ms | Valid: loss=1.204, acc= 56.0% |
Epoch   3 | Client   6 | Train: loss=0.022, acc= 99.2% | time=121.7ms | Valid: loss=1.223, acc= 64.0% |
Epoch   4 | Client   6 | Train: loss=0.010, acc=100.0% | time=117.3ms | Valid: loss=1.264, acc= 60.0% |
Epoch   5 | Client   6 | Train: loss=0.012, acc=100.0% | time=117.7ms | Valid: loss=1.086, acc= 64.0% |
Skip Updating GPM for layer: 1
----------------------------------------
Epoch   1 | Client   7 | Train: loss=0.159, acc= 94.1% | time=159.3ms | Valid: loss=2.909, acc= 40.0% |
Epoch   2 | Client   7 | Train: loss=0.071, acc= 98.7% | time= 87.7ms | Valid: loss=2.641, acc= 48.0% |
Epoch   3 | Client   7 | Train: loss=0.106, acc= 98.1% | time= 83.6ms | Valid: loss=2.608, acc= 48.0% |
Epoch   4 | Client   7 | Train: loss=0.090, acc= 98.1% | time= 80.2ms | Valid: loss=2.800, acc= 52.0% |
Epoch   5 | Client   7 | Train: loss=0.024, acc= 99.8% | time= 77.7ms | Valid: loss=2.623, acc= 44.0% |
----------------------------------------
Epoch   1 | Client   8 | Train: loss=0.024, acc= 99.6% | time=176.5ms | Valid: loss=1.745, acc= 64.0% |
Epoch   2 | Client   8 | Train: loss=0.018, acc= 99.6% | time= 95.5ms | Valid: loss=1.934, acc= 68.0% |
Epoch   3 | Client   8 | Train: loss=0.013, acc=100.0% | time=115.2ms | Valid: loss=1.936, acc= 60.0% |
Epoch   4 | Client   8 | Train: loss=0.011, acc= 99.8% | time=113.1ms | Valid: loss=2.270, acc= 56.0% |
Epoch   5 | Client   8 | Train: loss=0.006, acc=100.0% | time=122.4ms | Valid: loss=2.109, acc= 56.0% |
Skip Updating GPM for layer: 1
----------------------------------------
Epoch   1 | Client   9 | Train: loss=0.017, acc=100.0% | time=115.3ms | Valid: loss=1.668, acc= 40.0% |
Epoch   2 | Client   9 | Train: loss=0.013, acc=100.0% | time=120.6ms | Valid: loss=1.865, acc= 36.0% |
Epoch   3 | Client   9 | Train: loss=0.019, acc= 99.8% | time=124.2ms | Valid: loss=1.652, acc= 48.0% |
Epoch   4 | Client   9 | Train: loss=0.015, acc= 99.8% | time=124.6ms | Valid: loss=1.741, acc= 44.0% |
Epoch   5 | Client   9 | Train: loss=0.010, acc=100.0% | time=130.1ms | Valid: loss=1.995, acc= 44.0% |
Skip Updating GPM for layer: 1
----------------------------------------
G-Epoch:   9, Test: loss=1.681 , acc= 58.2%
****************************************
Task:   0, G-Epoch:   9, Test: loss=2.066 , acc= 61.1%
Task:   1, G-Epoch:   9, Test: loss=1.685 , acc= 58.5%
Task:   2, G-Epoch:   9, Test: loss=2.316 , acc=  8.4%
Task:   3, G-Epoch:   9, Test: loss=2.310 , acc= 11.0%
Task:   4, G-Epoch:   9, Test: loss=2.319 , acc= 11.1%
Task:   5, G-Epoch:   9, Test: loss=2.298 , acc=  8.0%
Task:   6, G-Epoch:   9, Test: loss=2.312 , acc=  8.0%
Task:   7, G-Epoch:   9, Test: loss=2.304 , acc= 14.9%
Task:   8, G-Epoch:   9, Test: loss=2.324 , acc=  7.6%
Task:   9, G-Epoch:   9, Test: loss=2.310 , acc=  9.9%
{0: [39.3, 45.7, 48.7, 48.8, 51.1, 52.3, 53.9, 51.6, 55.6, 54.8, 53.3, 54.9, 58.1, 57.8, 55.8, 58.5, 58.6, 58.9, 57.4, 60.4, 61.3, 56.9, 60.1, 60.2, 60.8, 60.2, 60.8, 61.6, 61.5, 61.0, 62.5, 62.5, 64.4, 61.7, 62.6, 62.6, 63.1, 63.9, 65.4, 63.5, 65.0, 63.8, 64.1, 65.7, 66.4, 65.1, 63.0, 66.9, 65.3, 66.5, 68.2, 66.5, 65.4, 65.8, 64.3, 63.8, 64.5, 62.4, 61.7, 61.1], 1: [10.2, 9.5, 11.1, 11.0, 9.3, 10.0, 10.6, 10.7, 11.2, 8.9, 9.1, 10.8, 10.8, 10.3, 9.9, 9.1, 11.7, 10.1, 10.2, 11.4, 8.8, 9.8, 10.9, 9.7, 9.2, 9.7, 10.1, 9.5, 9.9, 9.0, 9.4, 9.2, 9.6, 8.9, 9.1, 8.4, 8.4, 8.8, 10.2, 8.7, 8.9, 10.8, 8.1, 9.5, 9.5, 9.3, 10.3, 10.0, 9.3, 9.6, 49.7, 53.7, 57.3, 56.8, 58.2, 56.9, 59.3, 58.9, 59.6, 58.5], 2: [10.3, 10.5, 9.7, 11.4, 11.1, 9.9, 8.6, 8.9, 9.1, 8.7, 9.4, 9.6, 7.7, 10.1, 10.4, 8.9, 9.1, 9.5, 10.8, 8.4, 8.5, 8.8, 9.1, 8.5, 9.7, 10.0, 9.4, 9.9, 9.9, 9.5, 8.9, 8.9, 9.1, 9.7, 9.7, 9.8, 9.4, 9.9, 9.1, 9.1, 9.2, 9.9, 9.7, 9.4, 8.0, 10.1, 10.6, 9.1, 9.6, 9.0, 9.4, 11.1, 11.1, 9.6, 9.4, 11.5, 10.8, 9.3, 10.8, 8.4], 3: [10.3, 9.9, 8.6, 9.7, 9.2, 9.4, 9.3, 10.7, 11.6, 11.0, 11.6, 11.9, 11.3, 11.4, 12.4, 11.7, 11.1, 11.2, 11.9, 12.5, 13.1, 12.2, 13.1, 12.0, 12.6, 11.9, 12.0, 12.8, 13.5, 12.1, 12.1, 11.7, 11.8, 12.4, 12.6, 11.4, 12.7, 13.3, 13.2, 12.1, 12.3, 12.5, 13.4, 13.2, 13.5, 12.3, 11.5, 12.1, 12.0, 13.0, 10.4, 11.3, 11.9, 10.9, 10.6, 11.5, 10.8, 9.7, 12.1, 11.0], 4: [11.0, 10.0, 10.7, 9.8, 10.8, 10.1, 10.0, 10.9, 10.2, 10.0, 10.2, 9.9, 9.6, 9.1, 8.8, 10.7, 9.8, 9.2, 9.6, 10.3, 8.5, 10.1, 9.6, 9.5, 9.6, 10.4, 10.6, 9.3, 8.9, 8.8, 9.3, 10.3, 10.1, 11.1, 9.8, 11.7, 9.9, 9.1, 10.5, 10.7, 10.0, 10.0, 9.9, 9.4, 9.2, 9.0, 10.6, 9.4, 10.1, 10.3, 12.5, 12.4, 12.1, 11.4, 11.1, 10.9, 10.9, 9.9, 10.6, 11.1], 5: [9.1, 9.4, 10.6, 12.1, 10.5, 10.8, 11.3, 10.7, 10.6, 12.6, 12.5, 11.6, 11.5, 11.1, 10.8, 10.5, 11.1, 11.6, 10.7, 11.8, 10.6, 11.0, 10.2, 10.9, 9.6, 10.6, 9.6, 10.5, 9.3, 8.3, 9.5, 9.2, 9.6, 10.2, 9.2, 9.2, 10.1, 8.9, 9.3, 8.5, 8.8, 9.3, 9.1, 8.6, 9.9, 10.1, 9.0, 10.0, 8.2, 8.3, 8.9, 8.6, 8.5, 9.5, 9.6, 8.6, 9.0, 9.4, 9.4, 8.0], 6: [10.1, 9.9, 12.1, 10.8, 10.4, 9.4, 9.2, 10.1, 11.1, 9.8, 10.4, 11.0, 10.9, 11.0, 13.0, 12.2, 10.5, 11.5, 10.0, 11.8, 9.6, 11.3, 10.6, 9.3, 9.4, 9.0, 10.5, 9.3, 10.4, 9.4, 9.4, 9.5, 10.3, 10.1, 8.4, 8.6, 10.3, 8.7, 9.1, 9.7, 8.6, 9.3, 9.1, 8.7, 8.4, 10.4, 8.9, 9.8, 10.6, 10.7, 9.3, 9.2, 7.6, 9.3, 8.3, 8.0, 8.5, 8.5, 8.1, 8.0], 7: [9.2, 9.7, 10.3, 11.8, 11.8, 11.2, 12.2, 11.5, 10.8, 11.1, 12.2, 11.9, 11.9, 13.4, 12.9, 13.1, 14.1, 12.3, 12.7, 13.3, 11.4, 13.4, 12.8, 12.6, 12.6, 13.0, 13.0, 12.7, 13.0, 11.7, 11.9, 11.9, 12.3, 12.7, 13.8, 12.9, 13.4, 13.5, 12.5, 12.3, 12.5, 12.8, 11.2, 12.4, 13.8, 12.4, 10.7, 12.0, 11.9, 11.7, 14.4, 14.5, 12.1, 13.1, 13.4, 13.6, 12.6, 13.3, 13.3, 14.9], 8: [7.8, 10.2, 9.5, 11.9, 11.6, 10.8, 9.4, 10.0, 9.6, 10.5, 9.9, 9.9, 10.2, 9.4, 9.8, 8.7, 9.4, 8.8, 9.6, 8.2, 8.0, 8.7, 9.1, 8.8, 8.9, 10.2, 8.3, 8.4, 7.6, 8.6, 8.3, 7.2, 8.5, 8.7, 7.7, 8.7, 8.3, 8.4, 8.6, 8.4, 8.8, 7.8, 8.8, 8.7, 8.0, 8.1, 7.1, 7.0, 6.9, 8.4, 6.1, 6.1, 5.5, 6.3, 6.4, 7.2, 7.2, 7.0, 7.3, 7.6], 9: [10.4, 10.8, 9.5, 9.8, 8.9, 8.8, 8.5, 10.6, 9.6, 10.0, 6.8, 8.7, 10.7, 8.9, 9.7, 7.7, 9.0, 9.4, 10.0, 9.5, 9.7, 9.6, 9.4, 8.5, 7.3, 7.6, 9.7, 10.0, 8.1, 9.8, 11.0, 8.9, 10.3, 9.3, 10.3, 8.9, 9.3, 9.7, 10.8, 10.0, 9.6, 9.6, 10.1, 10.1, 9.2, 9.4, 11.1, 8.7, 10.7, 10.9, 9.8, 10.1, 10.9, 9.9, 10.9, 10.6, 9.7, 9.8, 9.9, 9.9]}
----------------------------------------
Epoch   1 | Client   0 | Train: loss=0.024, acc= 99.6% | time=168.8ms | Valid: loss=1.377, acc= 64.0% |
Epoch   2 | Client   0 | Train: loss=0.027, acc= 99.2% | time=114.9ms | Valid: loss=1.354, acc= 64.0% |
Epoch   3 | Client   0 | Train: loss=0.010, acc=100.0% | time=121.2ms | Valid: loss=1.544, acc= 68.0% |
Epoch   4 | Client   0 | Train: loss=0.023, acc= 99.6% | time=120.5ms | Valid: loss=1.562, acc= 64.0% |
Epoch   5 | Client   0 | Train: loss=0.007, acc=100.0% | time=124.3ms | Valid: loss=1.572, acc= 64.0% |
----------------------------------------
Epoch   1 | Client   1 | Train: loss=0.014, acc=100.0% | time=172.7ms | Valid: loss=1.994, acc= 52.0% |
Epoch   2 | Client   1 | Train: loss=0.024, acc= 99.6% | time=127.3ms | Valid: loss=1.747, acc= 56.0% |
Epoch   3 | Client   1 | Train: loss=0.027, acc= 99.6% | time=128.2ms | Valid: loss=1.805, acc= 52.0% |
Epoch   4 | Client   1 | Train: loss=0.017, acc= 99.8% | time=124.3ms | Valid: loss=2.166, acc= 48.0% |
Epoch   5 | Client   1 | Train: loss=0.006, acc=100.0% | time=127.7ms | Valid: loss=1.865, acc= 60.0% |
Skip Updating GPM for layer: 1
----------------------------------------
Epoch   1 | Client   2 | Train: loss=0.064, acc= 98.7% | time=172.9ms | Valid: loss=1.775, acc= 56.0% |
Epoch   2 | Client   2 | Train: loss=0.025, acc= 99.6% | time=100.6ms | Valid: loss=1.736, acc= 52.0% |
Epoch   3 | Client   2 | Train: loss=0.012, acc=100.0% | time= 94.0ms | Valid: loss=1.761, acc= 56.0% |
Epoch   4 | Client   2 | Train: loss=0.007, acc=100.0% | time= 90.5ms | Valid: loss=1.808, acc= 56.0% |
Epoch   5 | Client   2 | Train: loss=0.006, acc=100.0% | time= 93.7ms | Valid: loss=1.772, acc= 56.0% |
----------------------------------------
Epoch   1 | Client   3 | Train: loss=0.021, acc= 99.8% | time=156.7ms | Valid: loss=3.070, acc= 40.0% |
Epoch   2 | Client   3 | Train: loss=0.008, acc=100.0% | time= 90.8ms | Valid: loss=2.670, acc= 40.0% |
Epoch   3 | Client   3 | Train: loss=0.008, acc=100.0% | time= 85.5ms | Valid: loss=2.935, acc= 40.0% |
Epoch   4 | Client   3 | Train: loss=0.005, acc=100.0% | time= 83.9ms | Valid: loss=3.241, acc= 40.0% |
Epoch   5 | Client   3 | Train: loss=0.006, acc=100.0% | time= 88.9ms | Valid: loss=2.949, acc= 40.0% |
Skip Updating GPM for layer: 1
----------------------------------------
Epoch   1 | Client   4 | Train: loss=0.011, acc=100.0% | time=166.1ms | Valid: loss=1.708, acc= 60.0% |
Epoch   2 | Client   4 | Train: loss=0.010, acc= 99.8% | time=110.4ms | Valid: loss=1.713, acc= 64.0% |
Epoch   3 | Client   4 | Train: loss=0.011, acc=100.0% | time=109.7ms | Valid: loss=1.708, acc= 60.0% |
Epoch   4 | Client   4 | Train: loss=0.006, acc=100.0% | time=102.2ms | Valid: loss=1.586, acc= 52.0% |
Epoch   5 | Client   4 | Train: loss=0.006, acc=100.0% | time= 95.1ms | Valid: loss=1.613, acc= 60.0% |
----------------------------------------
Epoch   1 | Client   5 | Train: loss=0.016, acc= 99.8% | time=154.6ms | Valid: loss=2.443, acc= 48.0% |
Epoch   2 | Client   5 | Train: loss=0.016, acc= 99.8% | time= 91.6ms | Valid: loss=2.090, acc= 56.0% |
Epoch   3 | Client   5 | Train: loss=0.012, acc= 99.8% | time= 82.7ms | Valid: loss=2.295, acc= 52.0% |
Epoch   4 | Client   5 | Train: loss=0.007, acc=100.0% | time= 79.0ms | Valid: loss=2.310, acc= 56.0% |
Epoch   5 | Client   5 | Train: loss=0.009, acc= 99.8% | time= 77.9ms | Valid: loss=2.247, acc= 52.0% |
----------------------------------------
Epoch   1 | Client   6 | Train: loss=0.020, acc= 99.8% | time=141.9ms | Valid: loss=1.298, acc= 60.0% |
Epoch   2 | Client   6 | Train: loss=0.008, acc=100.0% | time= 92.2ms | Valid: loss=1.324, acc= 52.0% |
Epoch   3 | Client   6 | Train: loss=0.009, acc=100.0% | time=119.1ms | Valid: loss=1.434, acc= 56.0% |
Epoch   4 | Client   6 | Train: loss=0.007, acc=100.0% | time=118.9ms | Valid: loss=1.256, acc= 56.0% |
Epoch   5 | Client   6 | Train: loss=0.024, acc= 99.4% | time=119.2ms | Valid: loss=1.409, acc= 60.0% |
Skip Updating GPM for layer: 1
----------------------------------------
Epoch   1 | Client   7 | Train: loss=0.180, acc= 94.5% | time=162.6ms | Valid: loss=2.650, acc= 44.0% |
Epoch   2 | Client   7 | Train: loss=0.095, acc= 97.7% | time= 86.7ms | Valid: loss=2.906, acc= 36.0% |
Epoch   3 | Client   7 | Train: loss=0.057, acc= 98.3% | time= 84.6ms | Valid: loss=3.160, acc= 36.0% |
Epoch   4 | Client   7 | Train: loss=0.058, acc= 98.7% | time= 76.4ms | Valid: loss=3.211, acc= 44.0% |
Epoch   5 | Client   7 | Train: loss=0.017, acc= 99.8% | time= 78.6ms | Valid: loss=2.799, acc= 44.0% |
----------------------------------------
Epoch   1 | Client   8 | Train: loss=0.042, acc= 98.9% | time=162.0ms | Valid: loss=2.004, acc= 60.0% |
Epoch   2 | Client   8 | Train: loss=0.017, acc= 99.8% | time= 93.1ms | Valid: loss=1.829, acc= 56.0% |
Epoch   3 | Client   8 | Train: loss=0.010, acc=100.0% | time= 88.3ms | Valid: loss=2.003, acc= 60.0% |
Epoch   4 | Client   8 | Train: loss=0.011, acc= 99.8% | time= 83.7ms | Valid: loss=2.154, acc= 52.0% |
Epoch   5 | Client   8 | Train: loss=0.005, acc=100.0% | time= 82.8ms | Valid: loss=2.099, acc= 52.0% |
Skip Updating GPM for layer: 1
----------------------------------------
Epoch   1 | Client   9 | Train: loss=0.026, acc= 99.8% | time=166.8ms | Valid: loss=1.704, acc= 48.0% |
Epoch   2 | Client   9 | Train: loss=0.015, acc=100.0% | time=118.8ms | Valid: loss=1.584, acc= 48.0% |
Epoch   3 | Client   9 | Train: loss=0.012, acc=100.0% | time=125.8ms | Valid: loss=1.536, acc= 48.0% |
Epoch   4 | Client   9 | Train: loss=0.009, acc=100.0% | time=128.2ms | Valid: loss=1.798, acc= 40.0% |
Epoch   5 | Client   9 | Train: loss=0.007, acc=100.0% | time=129.0ms | Valid: loss=1.802, acc= 36.0% |
Skip Updating GPM for layer: 1
----------------------------------------
G-Epoch:  10, Test: loss=1.715 , acc= 59.4%
****************************************
Task:   0, G-Epoch:  10, Test: loss=2.081 , acc= 60.5%
Task:   1, G-Epoch:  10, Test: loss=1.714 , acc= 59.5%
Task:   2, G-Epoch:  10, Test: loss=2.313 , acc=  9.6%
Task:   3, G-Epoch:  10, Test: loss=2.308 , acc= 11.6%
Task:   4, G-Epoch:  10, Test: loss=2.323 , acc= 11.0%
Task:   5, G-Epoch:  10, Test: loss=2.300 , acc=  8.3%
Task:   6, G-Epoch:  10, Test: loss=2.310 , acc=  7.5%
Task:   7, G-Epoch:  10, Test: loss=2.304 , acc= 13.1%
Task:   8, G-Epoch:  10, Test: loss=2.324 , acc=  7.0%
Task:   9, G-Epoch:  10, Test: loss=2.308 , acc=  9.6%
{0: [39.3, 45.7, 48.7, 48.8, 51.1, 52.3, 53.9, 51.6, 55.6, 54.8, 53.3, 54.9, 58.1, 57.8, 55.8, 58.5, 58.6, 58.9, 57.4, 60.4, 61.3, 56.9, 60.1, 60.2, 60.8, 60.2, 60.8, 61.6, 61.5, 61.0, 62.5, 62.5, 64.4, 61.7, 62.6, 62.6, 63.1, 63.9, 65.4, 63.5, 65.0, 63.8, 64.1, 65.7, 66.4, 65.1, 63.0, 66.9, 65.3, 66.5, 68.2, 66.5, 65.4, 65.8, 64.3, 63.8, 64.5, 62.4, 61.7, 61.1, 60.5], 1: [10.2, 9.5, 11.1, 11.0, 9.3, 10.0, 10.6, 10.7, 11.2, 8.9, 9.1, 10.8, 10.8, 10.3, 9.9, 9.1, 11.7, 10.1, 10.2, 11.4, 8.8, 9.8, 10.9, 9.7, 9.2, 9.7, 10.1, 9.5, 9.9, 9.0, 9.4, 9.2, 9.6, 8.9, 9.1, 8.4, 8.4, 8.8, 10.2, 8.7, 8.9, 10.8, 8.1, 9.5, 9.5, 9.3, 10.3, 10.0, 9.3, 9.6, 49.7, 53.7, 57.3, 56.8, 58.2, 56.9, 59.3, 58.9, 59.6, 58.5, 59.5], 2: [10.3, 10.5, 9.7, 11.4, 11.1, 9.9, 8.6, 8.9, 9.1, 8.7, 9.4, 9.6, 7.7, 10.1, 10.4, 8.9, 9.1, 9.5, 10.8, 8.4, 8.5, 8.8, 9.1, 8.5, 9.7, 10.0, 9.4, 9.9, 9.9, 9.5, 8.9, 8.9, 9.1, 9.7, 9.7, 9.8, 9.4, 9.9, 9.1, 9.1, 9.2, 9.9, 9.7, 9.4, 8.0, 10.1, 10.6, 9.1, 9.6, 9.0, 9.4, 11.1, 11.1, 9.6, 9.4, 11.5, 10.8, 9.3, 10.8, 8.4, 9.6], 3: [10.3, 9.9, 8.6, 9.7, 9.2, 9.4, 9.3, 10.7, 11.6, 11.0, 11.6, 11.9, 11.3, 11.4, 12.4, 11.7, 11.1, 11.2, 11.9, 12.5, 13.1, 12.2, 13.1, 12.0, 12.6, 11.9, 12.0, 12.8, 13.5, 12.1, 12.1, 11.7, 11.8, 12.4, 12.6, 11.4, 12.7, 13.3, 13.2, 12.1, 12.3, 12.5, 13.4, 13.2, 13.5, 12.3, 11.5, 12.1, 12.0, 13.0, 10.4, 11.3, 11.9, 10.9, 10.6, 11.5, 10.8, 9.7, 12.1, 11.0, 11.6], 4: [11.0, 10.0, 10.7, 9.8, 10.8, 10.1, 10.0, 10.9, 10.2, 10.0, 10.2, 9.9, 9.6, 9.1, 8.8, 10.7, 9.8, 9.2, 9.6, 10.3, 8.5, 10.1, 9.6, 9.5, 9.6, 10.4, 10.6, 9.3, 8.9, 8.8, 9.3, 10.3, 10.1, 11.1, 9.8, 11.7, 9.9, 9.1, 10.5, 10.7, 10.0, 10.0, 9.9, 9.4, 9.2, 9.0, 10.6, 9.4, 10.1, 10.3, 12.5, 12.4, 12.1, 11.4, 11.1, 10.9, 10.9, 9.9, 10.6, 11.1, 11.0], 5: [9.1, 9.4, 10.6, 12.1, 10.5, 10.8, 11.3, 10.7, 10.6, 12.6, 12.5, 11.6, 11.5, 11.1, 10.8, 10.5, 11.1, 11.6, 10.7, 11.8, 10.6, 11.0, 10.2, 10.9, 9.6, 10.6, 9.6, 10.5, 9.3, 8.3, 9.5, 9.2, 9.6, 10.2, 9.2, 9.2, 10.1, 8.9, 9.3, 8.5, 8.8, 9.3, 9.1, 8.6, 9.9, 10.1, 9.0, 10.0, 8.2, 8.3, 8.9, 8.6, 8.5, 9.5, 9.6, 8.6, 9.0, 9.4, 9.4, 8.0, 8.3], 6: [10.1, 9.9, 12.1, 10.8, 10.4, 9.4, 9.2, 10.1, 11.1, 9.8, 10.4, 11.0, 10.9, 11.0, 13.0, 12.2, 10.5, 11.5, 10.0, 11.8, 9.6, 11.3, 10.6, 9.3, 9.4, 9.0, 10.5, 9.3, 10.4, 9.4, 9.4, 9.5, 10.3, 10.1, 8.4, 8.6, 10.3, 8.7, 9.1, 9.7, 8.6, 9.3, 9.1, 8.7, 8.4, 10.4, 8.9, 9.8, 10.6, 10.7, 9.3, 9.2, 7.6, 9.3, 8.3, 8.0, 8.5, 8.5, 8.1, 8.0, 7.5], 7: [9.2, 9.7, 10.3, 11.8, 11.8, 11.2, 12.2, 11.5, 10.8, 11.1, 12.2, 11.9, 11.9, 13.4, 12.9, 13.1, 14.1, 12.3, 12.7, 13.3, 11.4, 13.4, 12.8, 12.6, 12.6, 13.0, 13.0, 12.7, 13.0, 11.7, 11.9, 11.9, 12.3, 12.7, 13.8, 12.9, 13.4, 13.5, 12.5, 12.3, 12.5, 12.8, 11.2, 12.4, 13.8, 12.4, 10.7, 12.0, 11.9, 11.7, 14.4, 14.5, 12.1, 13.1, 13.4, 13.6, 12.6, 13.3, 13.3, 14.9, 13.1], 8: [7.8, 10.2, 9.5, 11.9, 11.6, 10.8, 9.4, 10.0, 9.6, 10.5, 9.9, 9.9, 10.2, 9.4, 9.8, 8.7, 9.4, 8.8, 9.6, 8.2, 8.0, 8.7, 9.1, 8.8, 8.9, 10.2, 8.3, 8.4, 7.6, 8.6, 8.3, 7.2, 8.5, 8.7, 7.7, 8.7, 8.3, 8.4, 8.6, 8.4, 8.8, 7.8, 8.8, 8.7, 8.0, 8.1, 7.1, 7.0, 6.9, 8.4, 6.1, 6.1, 5.5, 6.3, 6.4, 7.2, 7.2, 7.0, 7.3, 7.6, 7.0], 9: [10.4, 10.8, 9.5, 9.8, 8.9, 8.8, 8.5, 10.6, 9.6, 10.0, 6.8, 8.7, 10.7, 8.9, 9.7, 7.7, 9.0, 9.4, 10.0, 9.5, 9.7, 9.6, 9.4, 8.5, 7.3, 7.6, 9.7, 10.0, 8.1, 9.8, 11.0, 8.9, 10.3, 9.3, 10.3, 8.9, 9.3, 9.7, 10.8, 10.0, 9.6, 9.6, 10.1, 10.1, 9.2, 9.4, 11.1, 8.7, 10.7, 10.9, 9.8, 10.1, 10.9, 9.9, 10.9, 10.6, 9.7, 9.8, 9.9, 9.9, 9.6]}
----------------------------------------
Epoch   1 | Client   0 | Train: loss=0.014, acc=100.0% | time=170.2ms | Valid: loss=1.379, acc= 76.0% |
Epoch   2 | Client   0 | Train: loss=0.009, acc=100.0% | time= 98.1ms | Valid: loss=1.574, acc= 68.0% |
Epoch   3 | Client   0 | Train: loss=0.018, acc= 99.8% | time= 94.3ms | Valid: loss=1.603, acc= 68.0% |
Epoch   4 | Client   0 | Train: loss=0.010, acc=100.0% | time= 92.9ms | Valid: loss=1.746, acc= 56.0% |
Epoch   5 | Client   0 | Train: loss=0.009, acc=100.0% | time= 92.2ms | Valid: loss=1.622, acc= 64.0% |
----------------------------------------
Epoch   1 | Client   1 | Train: loss=0.023, acc= 99.8% | time=200.9ms | Valid: loss=2.145, acc= 48.0% |
Epoch   2 | Client   1 | Train: loss=0.013, acc=100.0% | time=123.7ms | Valid: loss=2.157, acc= 56.0% |
Epoch   3 | Client   1 | Train: loss=0.013, acc= 99.8% | time=119.0ms | Valid: loss=2.199, acc= 56.0% |
Epoch   4 | Client   1 | Train: loss=0.007, acc=100.0% | time=124.3ms | Valid: loss=2.207, acc= 52.0% |
Epoch   5 | Client   1 | Train: loss=0.005, acc=100.0% | time=119.1ms | Valid: loss=2.116, acc= 48.0% |
Skip Updating GPM for layer: 1
----------------------------------------
Epoch   1 | Client   2 | Train: loss=0.020, acc= 99.8% | time=155.1ms | Valid: loss=1.463, acc= 64.0% |
Epoch   2 | Client   2 | Train: loss=0.142, acc= 95.2% | time= 91.1ms | Valid: loss=1.856, acc= 64.0% |
Epoch   3 | Client   2 | Train: loss=0.014, acc= 99.8% | time=110.7ms | Valid: loss=2.075, acc= 56.0% |
Epoch   4 | Client   2 | Train: loss=0.011, acc=100.0% | time=119.0ms | Valid: loss=1.957, acc= 56.0% |
Epoch   5 | Client   2 | Train: loss=0.013, acc=100.0% | time=116.9ms | Valid: loss=1.847, acc= 60.0% |
----------------------------------------
Epoch   1 | Client   3 | Train: loss=0.014, acc=100.0% | time=151.8ms | Valid: loss=2.854, acc= 40.0% |
Epoch   2 | Client   3 | Train: loss=0.050, acc= 98.3% | time= 90.0ms | Valid: loss=3.153, acc= 40.0% |
Epoch   3 | Client   3 | Train: loss=0.016, acc= 99.6% | time= 78.4ms | Valid: loss=2.950, acc= 44.0% |
Epoch   4 | Client   3 | Train: loss=0.006, acc=100.0% | time= 78.4ms | Valid: loss=3.083, acc= 40.0% |
Epoch   5 | Client   3 | Train: loss=0.005, acc=100.0% | time= 77.7ms | Valid: loss=2.789, acc= 48.0% |
Skip Updating GPM for layer: 1
----------------------------------------
Epoch   1 | Client   4 | Train: loss=0.034, acc= 99.4% | time=154.4ms | Valid: loss=1.933, acc= 56.0% |
Epoch   2 | Client   4 | Train: loss=0.043, acc= 98.7% | time= 96.5ms | Valid: loss=2.293, acc= 52.0% |
Epoch   3 | Client   4 | Train: loss=0.016, acc= 99.8% | time= 97.5ms | Valid: loss=2.048, acc= 60.0% |
Epoch   4 | Client   4 | Train: loss=0.014, acc= 99.8% | time=124.3ms | Valid: loss=1.931, acc= 52.0% |
Epoch   5 | Client   4 | Train: loss=0.006, acc=100.0% | time=124.4ms | Valid: loss=1.638, acc= 56.0% |
----------------------------------------
Epoch   1 | Client   5 | Train: loss=0.026, acc= 99.6% | time=153.2ms | Valid: loss=2.466, acc= 60.0% |
Epoch   2 | Client   5 | Train: loss=0.013, acc= 99.8% | time=120.5ms | Valid: loss=2.354, acc= 48.0% |
Epoch   3 | Client   5 | Train: loss=0.008, acc=100.0% | time=119.0ms | Valid: loss=2.430, acc= 56.0% |
Epoch   4 | Client   5 | Train: loss=0.008, acc= 99.8% | time=122.2ms | Valid: loss=2.764, acc= 56.0% |
Epoch   5 | Client   5 | Train: loss=0.008, acc= 99.8% | time=121.6ms | Valid: loss=2.751, acc= 52.0% |
Skip Updating GPM for layer: 1
----------------------------------------
Epoch   1 | Client   6 | Train: loss=0.015, acc=100.0% | time=152.9ms | Valid: loss=1.368, acc= 56.0% |
Epoch   2 | Client   6 | Train: loss=0.016, acc=100.0% | time= 86.9ms | Valid: loss=1.375, acc= 64.0% |
Epoch   3 | Client   6 | Train: loss=0.011, acc= 99.8% | time=117.2ms | Valid: loss=1.484, acc= 64.0% |
Epoch   4 | Client   6 | Train: loss=0.006, acc=100.0% | time=116.7ms | Valid: loss=1.307, acc= 60.0% |
Epoch   5 | Client   6 | Train: loss=0.006, acc=100.0% | time=112.9ms | Valid: loss=1.486, acc= 60.0% |
Skip Updating GPM for layer: 1
----------------------------------------
Epoch   1 | Client   7 | Train: loss=0.071, acc= 98.3% | time=172.2ms | Valid: loss=2.761, acc= 44.0% |
Epoch   2 | Client   7 | Train: loss=0.196, acc= 94.5% | time= 90.0ms | Valid: loss=3.312, acc= 48.0% |
Epoch   3 | Client   7 | Train: loss=0.059, acc= 98.7% | time= 82.8ms | Valid: loss=2.218, acc= 48.0% |
Epoch   4 | Client   7 | Train: loss=0.057, acc= 98.3% | time= 80.7ms | Valid: loss=2.870, acc= 52.0% |
Epoch   5 | Client   7 | Train: loss=0.043, acc= 99.4% | time= 79.7ms | Valid: loss=3.083, acc= 52.0% |
----------------------------------------
Epoch   1 | Client   8 | Train: loss=0.029, acc= 99.4% | time=152.9ms | Valid: loss=2.248, acc= 40.0% |
Epoch   2 | Client   8 | Train: loss=0.014, acc= 99.8% | time= 97.4ms | Valid: loss=1.753, acc= 64.0% |
Epoch   3 | Client   8 | Train: loss=0.058, acc= 97.9% | time= 90.7ms | Valid: loss=1.729, acc= 64.0% |
Epoch   4 | Client   8 | Train: loss=0.010, acc=100.0% | time= 86.1ms | Valid: loss=1.751, acc= 56.0% |
Epoch   5 | Client   8 | Train: loss=0.048, acc= 98.5% | time= 85.9ms | Valid: loss=2.349, acc= 48.0% |
Skip Updating GPM for layer: 1
Skip Updating GPM for layer: 2
----------------------------------------
Epoch   1 | Client   9 | Train: loss=0.015, acc=100.0% | time=165.7ms | Valid: loss=1.695, acc= 40.0% |
Epoch   2 | Client   9 | Train: loss=0.013, acc=100.0% | time= 95.1ms | Valid: loss=1.732, acc= 44.0% |
Epoch   3 | Client   9 | Train: loss=0.018, acc= 99.6% | time= 95.7ms | Valid: loss=2.011, acc= 40.0% |
Epoch   4 | Client   9 | Train: loss=0.009, acc=100.0% | time= 86.4ms | Valid: loss=1.846, acc= 48.0% |
Epoch   5 | Client   9 | Train: loss=0.007, acc= 99.8% | time= 93.4ms | Valid: loss=1.926, acc= 48.0% |
Skip Updating GPM for layer: 1
----------------------------------------
G-Epoch:  11, Test: loss=1.750 , acc= 57.9%
****************************************
Task:   0, G-Epoch:  11, Test: loss=2.137 , acc= 58.7%
Task:   1, G-Epoch:  11, Test: loss=1.711 , acc= 59.5%
Task:   2, G-Epoch:  11, Test: loss=2.311 , acc=  9.3%
Task:   3, G-Epoch:  11, Test: loss=2.308 , acc= 11.6%
Task:   4, G-Epoch:  11, Test: loss=2.326 , acc= 10.0%
Task:   5, G-Epoch:  11, Test: loss=2.298 , acc=  9.1%
Task:   6, G-Epoch:  11, Test: loss=2.307 , acc=  8.3%
Task:   7, G-Epoch:  11, Test: loss=2.304 , acc= 14.6%
Task:   8, G-Epoch:  11, Test: loss=2.326 , acc=  8.6%
Task:   9, G-Epoch:  11, Test: loss=2.316 , acc=  8.9%
{0: [39.3, 45.7, 48.7, 48.8, 51.1, 52.3, 53.9, 51.6, 55.6, 54.8, 53.3, 54.9, 58.1, 57.8, 55.8, 58.5, 58.6, 58.9, 57.4, 60.4, 61.3, 56.9, 60.1, 60.2, 60.8, 60.2, 60.8, 61.6, 61.5, 61.0, 62.5, 62.5, 64.4, 61.7, 62.6, 62.6, 63.1, 63.9, 65.4, 63.5, 65.0, 63.8, 64.1, 65.7, 66.4, 65.1, 63.0, 66.9, 65.3, 66.5, 68.2, 66.5, 65.4, 65.8, 64.3, 63.8, 64.5, 62.4, 61.7, 61.1, 60.5, 58.7], 1: [10.2, 9.5, 11.1, 11.0, 9.3, 10.0, 10.6, 10.7, 11.2, 8.9, 9.1, 10.8, 10.8, 10.3, 9.9, 9.1, 11.7, 10.1, 10.2, 11.4, 8.8, 9.8, 10.9, 9.7, 9.2, 9.7, 10.1, 9.5, 9.9, 9.0, 9.4, 9.2, 9.6, 8.9, 9.1, 8.4, 8.4, 8.8, 10.2, 8.7, 8.9, 10.8, 8.1, 9.5, 9.5, 9.3, 10.3, 10.0, 9.3, 9.6, 49.7, 53.7, 57.3, 56.8, 58.2, 56.9, 59.3, 58.9, 59.6, 58.5, 59.5, 59.5], 2: [10.3, 10.5, 9.7, 11.4, 11.1, 9.9, 8.6, 8.9, 9.1, 8.7, 9.4, 9.6, 7.7, 10.1, 10.4, 8.9, 9.1, 9.5, 10.8, 8.4, 8.5, 8.8, 9.1, 8.5, 9.7, 10.0, 9.4, 9.9, 9.9, 9.5, 8.9, 8.9, 9.1, 9.7, 9.7, 9.8, 9.4, 9.9, 9.1, 9.1, 9.2, 9.9, 9.7, 9.4, 8.0, 10.1, 10.6, 9.1, 9.6, 9.0, 9.4, 11.1, 11.1, 9.6, 9.4, 11.5, 10.8, 9.3, 10.8, 8.4, 9.6, 9.3], 3: [10.3, 9.9, 8.6, 9.7, 9.2, 9.4, 9.3, 10.7, 11.6, 11.0, 11.6, 11.9, 11.3, 11.4, 12.4, 11.7, 11.1, 11.2, 11.9, 12.5, 13.1, 12.2, 13.1, 12.0, 12.6, 11.9, 12.0, 12.8, 13.5, 12.1, 12.1, 11.7, 11.8, 12.4, 12.6, 11.4, 12.7, 13.3, 13.2, 12.1, 12.3, 12.5, 13.4, 13.2, 13.5, 12.3, 11.5, 12.1, 12.0, 13.0, 10.4, 11.3, 11.9, 10.9, 10.6, 11.5, 10.8, 9.7, 12.1, 11.0, 11.6, 11.6], 4: [11.0, 10.0, 10.7, 9.8, 10.8, 10.1, 10.0, 10.9, 10.2, 10.0, 10.2, 9.9, 9.6, 9.1, 8.8, 10.7, 9.8, 9.2, 9.6, 10.3, 8.5, 10.1, 9.6, 9.5, 9.6, 10.4, 10.6, 9.3, 8.9, 8.8, 9.3, 10.3, 10.1, 11.1, 9.8, 11.7, 9.9, 9.1, 10.5, 10.7, 10.0, 10.0, 9.9, 9.4, 9.2, 9.0, 10.6, 9.4, 10.1, 10.3, 12.5, 12.4, 12.1, 11.4, 11.1, 10.9, 10.9, 9.9, 10.6, 11.1, 11.0, 10.0], 5: [9.1, 9.4, 10.6, 12.1, 10.5, 10.8, 11.3, 10.7, 10.6, 12.6, 12.5, 11.6, 11.5, 11.1, 10.8, 10.5, 11.1, 11.6, 10.7, 11.8, 10.6, 11.0, 10.2, 10.9, 9.6, 10.6, 9.6, 10.5, 9.3, 8.3, 9.5, 9.2, 9.6, 10.2, 9.2, 9.2, 10.1, 8.9, 9.3, 8.5, 8.8, 9.3, 9.1, 8.6, 9.9, 10.1, 9.0, 10.0, 8.2, 8.3, 8.9, 8.6, 8.5, 9.5, 9.6, 8.6, 9.0, 9.4, 9.4, 8.0, 8.3, 9.1], 6: [10.1, 9.9, 12.1, 10.8, 10.4, 9.4, 9.2, 10.1, 11.1, 9.8, 10.4, 11.0, 10.9, 11.0, 13.0, 12.2, 10.5, 11.5, 10.0, 11.8, 9.6, 11.3, 10.6, 9.3, 9.4, 9.0, 10.5, 9.3, 10.4, 9.4, 9.4, 9.5, 10.3, 10.1, 8.4, 8.6, 10.3, 8.7, 9.1, 9.7, 8.6, 9.3, 9.1, 8.7, 8.4, 10.4, 8.9, 9.8, 10.6, 10.7, 9.3, 9.2, 7.6, 9.3, 8.3, 8.0, 8.5, 8.5, 8.1, 8.0, 7.5, 8.3], 7: [9.2, 9.7, 10.3, 11.8, 11.8, 11.2, 12.2, 11.5, 10.8, 11.1, 12.2, 11.9, 11.9, 13.4, 12.9, 13.1, 14.1, 12.3, 12.7, 13.3, 11.4, 13.4, 12.8, 12.6, 12.6, 13.0, 13.0, 12.7, 13.0, 11.7, 11.9, 11.9, 12.3, 12.7, 13.8, 12.9, 13.4, 13.5, 12.5, 12.3, 12.5, 12.8, 11.2, 12.4, 13.8, 12.4, 10.7, 12.0, 11.9, 11.7, 14.4, 14.5, 12.1, 13.1, 13.4, 13.6, 12.6, 13.3, 13.3, 14.9, 13.1, 14.6], 8: [7.8, 10.2, 9.5, 11.9, 11.6, 10.8, 9.4, 10.0, 9.6, 10.5, 9.9, 9.9, 10.2, 9.4, 9.8, 8.7, 9.4, 8.8, 9.6, 8.2, 8.0, 8.7, 9.1, 8.8, 8.9, 10.2, 8.3, 8.4, 7.6, 8.6, 8.3, 7.2, 8.5, 8.7, 7.7, 8.7, 8.3, 8.4, 8.6, 8.4, 8.8, 7.8, 8.8, 8.7, 8.0, 8.1, 7.1, 7.0, 6.9, 8.4, 6.1, 6.1, 5.5, 6.3, 6.4, 7.2, 7.2, 7.0, 7.3, 7.6, 7.0, 8.6], 9: [10.4, 10.8, 9.5, 9.8, 8.9, 8.8, 8.5, 10.6, 9.6, 10.0, 6.8, 8.7, 10.7, 8.9, 9.7, 7.7, 9.0, 9.4, 10.0, 9.5, 9.7, 9.6, 9.4, 8.5, 7.3, 7.6, 9.7, 10.0, 8.1, 9.8, 11.0, 8.9, 10.3, 9.3, 10.3, 8.9, 9.3, 9.7, 10.8, 10.0, 9.6, 9.6, 10.1, 10.1, 9.2, 9.4, 11.1, 8.7, 10.7, 10.9, 9.8, 10.1, 10.9, 9.9, 10.9, 10.6, 9.7, 9.8, 9.9, 9.9, 9.6, 8.9]}
----------------------------------------
Epoch   1 | Client   0 | Train: loss=0.013, acc=100.0% | time=143.3ms | Valid: loss=1.400, acc= 68.0% |
Epoch   2 | Client   0 | Train: loss=0.024, acc= 99.2% | time= 83.7ms | Valid: loss=1.311, acc= 64.0% |
Epoch   3 | Client   0 | Train: loss=0.010, acc=100.0% | time= 81.8ms | Valid: loss=1.298, acc= 68.0% |
Epoch   4 | Client   0 | Train: loss=0.023, acc= 99.8% | time= 76.1ms | Valid: loss=1.875, acc= 60.0% |
Epoch   5 | Client   0 | Train: loss=0.006, acc= 99.8% | time= 74.7ms | Valid: loss=1.371, acc= 64.0% |
----------------------------------------
Epoch   1 | Client   1 | Train: loss=0.012, acc= 99.8% | time=180.4ms | Valid: loss=1.784, acc= 56.0% |
Epoch   2 | Client   1 | Train: loss=0.012, acc=100.0% | time=117.3ms | Valid: loss=1.912, acc= 60.0% |
Epoch   3 | Client   1 | Train: loss=0.016, acc= 99.8% | time=113.5ms | Valid: loss=1.713, acc= 60.0% |
Epoch   4 | Client   1 | Train: loss=0.006, acc=100.0% | time=116.0ms | Valid: loss=2.160, acc= 52.0% |
Epoch   5 | Client   1 | Train: loss=0.004, acc=100.0% | time=116.5ms | Valid: loss=2.002, acc= 52.0% |
Skip Updating GPM for layer: 1
----------------------------------------
Epoch   1 | Client   2 | Train: loss=0.012, acc=100.0% | time=164.8ms | Valid: loss=1.598, acc= 56.0% |
Epoch   2 | Client   2 | Train: loss=0.017, acc= 99.8% | time= 86.0ms | Valid: loss=1.712, acc= 64.0% |
Epoch   3 | Client   2 | Train: loss=0.011, acc= 99.8% | time= 81.0ms | Valid: loss=1.633, acc= 64.0% |
Epoch   4 | Client   2 | Train: loss=0.008, acc=100.0% | time= 94.7ms | Valid: loss=1.754, acc= 68.0% |
Epoch   5 | Client   2 | Train: loss=0.006, acc=100.0% | time=117.4ms | Valid: loss=2.111, acc= 56.0% |
Skip Updating GPM for layer: 2
----------------------------------------
Epoch   1 | Client   3 | Train: loss=0.009, acc=100.0% | time=164.8ms | Valid: loss=2.839, acc= 48.0% |
Epoch   2 | Client   3 | Train: loss=0.004, acc=100.0% | time=135.4ms | Valid: loss=2.881, acc= 44.0% |
Epoch   3 | Client   3 | Train: loss=0.017, acc= 99.6% | time=122.6ms | Valid: loss=2.970, acc= 44.0% |
Epoch   4 | Client   3 | Train: loss=0.011, acc=100.0% | time=100.7ms | Valid: loss=3.067, acc= 40.0% |
Epoch   5 | Client   3 | Train: loss=0.008, acc=100.0% | time=118.1ms | Valid: loss=3.238, acc= 40.0% |
Skip Updating GPM for layer: 1
----------------------------------------
Epoch   1 | Client   4 | Train: loss=0.028, acc= 99.6% | time=176.4ms | Valid: loss=1.736, acc= 60.0% |
Epoch   2 | Client   4 | Train: loss=0.063, acc= 98.3% | time=121.0ms | Valid: loss=2.274, acc= 60.0% |
Epoch   3 | Client   4 | Train: loss=0.013, acc=100.0% | time=112.8ms | Valid: loss=2.213, acc= 64.0% |
Epoch   4 | Client   4 | Train: loss=0.012, acc= 99.8% | time=117.2ms | Valid: loss=2.030, acc= 52.0% |
Epoch   5 | Client   4 | Train: loss=0.048, acc= 98.5% | time=117.2ms | Valid: loss=2.373, acc= 48.0% |
----------------------------------------
Epoch   1 | Client   5 | Train: loss=0.019, acc= 99.6% | time=143.9ms | Valid: loss=2.535, acc= 52.0% |
Epoch   2 | Client   5 | Train: loss=0.010, acc=100.0% | time=113.6ms | Valid: loss=2.276, acc= 56.0% |
Epoch   3 | Client   5 | Train: loss=0.047, acc= 98.9% | time=110.6ms | Valid: loss=2.473, acc= 48.0% |
Epoch   4 | Client   5 | Train: loss=0.007, acc=100.0% | time= 80.6ms | Valid: loss=2.427, acc= 56.0% |
Epoch   5 | Client   5 | Train: loss=0.006, acc=100.0% | time= 78.8ms | Valid: loss=2.408, acc= 56.0% |
Skip Updating GPM for layer: 1
----------------------------------------
Epoch   1 | Client   6 | Train: loss=0.014, acc= 99.8% | time=176.3ms | Valid: loss=1.352, acc= 56.0% |
Epoch   2 | Client   6 | Train: loss=0.010, acc=100.0% | time=103.0ms | Valid: loss=1.415, acc= 64.0% |
Epoch   3 | Client   6 | Train: loss=0.006, acc=100.0% | time= 92.2ms | Valid: loss=1.253, acc= 60.0% |
Epoch   4 | Client   6 | Train: loss=0.013, acc= 99.8% | time= 88.0ms | Valid: loss=1.365, acc= 60.0% |
Epoch   5 | Client   6 | Train: loss=0.007, acc= 99.8% | time=106.2ms | Valid: loss=1.461, acc= 60.0% |
Skip Updating GPM for layer: 1
----------------------------------------
Epoch   1 | Client   7 | Train: loss=0.083, acc= 97.7% | time=151.1ms | Valid: loss=3.162, acc= 40.0% |
Epoch   2 | Client   7 | Train: loss=0.066, acc= 98.3% | time= 88.0ms | Valid: loss=3.080, acc= 44.0% |
Epoch   3 | Client   7 | Train: loss=0.074, acc= 98.5% | time= 77.0ms | Valid: loss=3.116, acc= 56.0% |
Epoch   4 | Client   7 | Train: loss=0.119, acc= 96.0% | time= 75.8ms | Valid: loss=2.721, acc= 40.0% |
Epoch   5 | Client   7 | Train: loss=0.034, acc= 99.2% | time= 76.2ms | Valid: loss=3.205, acc= 44.0% |
----------------------------------------
Epoch   1 | Client   8 | Train: loss=0.018, acc= 99.8% | time=172.3ms | Valid: loss=1.845, acc= 56.0% |
Epoch   2 | Client   8 | Train: loss=0.009, acc=100.0% | time=133.3ms | Valid: loss=2.042, acc= 60.0% |
Epoch   3 | Client   8 | Train: loss=0.010, acc= 99.8% | time=131.4ms | Valid: loss=1.829, acc= 60.0% |
Epoch   4 | Client   8 | Train: loss=0.005, acc=100.0% | time= 97.4ms | Valid: loss=2.233, acc= 56.0% |
Epoch   5 | Client   8 | Train: loss=0.004, acc=100.0% | time= 91.6ms | Valid: loss=1.990, acc= 64.0% |
Skip Updating GPM for layer: 1
----------------------------------------
Epoch   1 | Client   9 | Train: loss=0.042, acc= 98.9% | time=171.7ms | Valid: loss=1.608, acc= 44.0% |
Epoch   2 | Client   9 | Train: loss=0.022, acc= 99.4% | time= 93.8ms | Valid: loss=1.485, acc= 48.0% |
Epoch   3 | Client   9 | Train: loss=0.008, acc=100.0% | time= 83.2ms | Valid: loss=1.574, acc= 52.0% |
Epoch   4 | Client   9 | Train: loss=0.005, acc=100.0% | time= 83.0ms | Valid: loss=1.553, acc= 44.0% |
Epoch   5 | Client   9 | Train: loss=0.004, acc=100.0% | time= 80.5ms | Valid: loss=1.515, acc= 52.0% |
Skip Updating GPM for layer: 1
----------------------------------------
G-Epoch:  12, Test: loss=1.740 , acc= 60.6%
****************************************
Task:   0, G-Epoch:  12, Test: loss=2.161 , acc= 57.8%
Task:   1, G-Epoch:  12, Test: loss=1.733 , acc= 60.8%
Task:   2, G-Epoch:  12, Test: loss=2.312 , acc=  9.7%
Task:   3, G-Epoch:  12, Test: loss=2.309 , acc= 11.3%
Task:   4, G-Epoch:  12, Test: loss=2.326 , acc= 10.2%
Task:   5, G-Epoch:  12, Test: loss=2.296 , acc=  9.0%
Task:   6, G-Epoch:  12, Test: loss=2.309 , acc=  8.6%
Task:   7, G-Epoch:  12, Test: loss=2.306 , acc= 15.2%
Task:   8, G-Epoch:  12, Test: loss=2.328 , acc=  7.6%
Task:   9, G-Epoch:  12, Test: loss=2.311 , acc=  9.8%
{0: [39.3, 45.7, 48.7, 48.8, 51.1, 52.3, 53.9, 51.6, 55.6, 54.8, 53.3, 54.9, 58.1, 57.8, 55.8, 58.5, 58.6, 58.9, 57.4, 60.4, 61.3, 56.9, 60.1, 60.2, 60.8, 60.2, 60.8, 61.6, 61.5, 61.0, 62.5, 62.5, 64.4, 61.7, 62.6, 62.6, 63.1, 63.9, 65.4, 63.5, 65.0, 63.8, 64.1, 65.7, 66.4, 65.1, 63.0, 66.9, 65.3, 66.5, 68.2, 66.5, 65.4, 65.8, 64.3, 63.8, 64.5, 62.4, 61.7, 61.1, 60.5, 58.7, 57.8], 1: [10.2, 9.5, 11.1, 11.0, 9.3, 10.0, 10.6, 10.7, 11.2, 8.9, 9.1, 10.8, 10.8, 10.3, 9.9, 9.1, 11.7, 10.1, 10.2, 11.4, 8.8, 9.8, 10.9, 9.7, 9.2, 9.7, 10.1, 9.5, 9.9, 9.0, 9.4, 9.2, 9.6, 8.9, 9.1, 8.4, 8.4, 8.8, 10.2, 8.7, 8.9, 10.8, 8.1, 9.5, 9.5, 9.3, 10.3, 10.0, 9.3, 9.6, 49.7, 53.7, 57.3, 56.8, 58.2, 56.9, 59.3, 58.9, 59.6, 58.5, 59.5, 59.5, 60.8], 2: [10.3, 10.5, 9.7, 11.4, 11.1, 9.9, 8.6, 8.9, 9.1, 8.7, 9.4, 9.6, 7.7, 10.1, 10.4, 8.9, 9.1, 9.5, 10.8, 8.4, 8.5, 8.8, 9.1, 8.5, 9.7, 10.0, 9.4, 9.9, 9.9, 9.5, 8.9, 8.9, 9.1, 9.7, 9.7, 9.8, 9.4, 9.9, 9.1, 9.1, 9.2, 9.9, 9.7, 9.4, 8.0, 10.1, 10.6, 9.1, 9.6, 9.0, 9.4, 11.1, 11.1, 9.6, 9.4, 11.5, 10.8, 9.3, 10.8, 8.4, 9.6, 9.3, 9.7], 3: [10.3, 9.9, 8.6, 9.7, 9.2, 9.4, 9.3, 10.7, 11.6, 11.0, 11.6, 11.9, 11.3, 11.4, 12.4, 11.7, 11.1, 11.2, 11.9, 12.5, 13.1, 12.2, 13.1, 12.0, 12.6, 11.9, 12.0, 12.8, 13.5, 12.1, 12.1, 11.7, 11.8, 12.4, 12.6, 11.4, 12.7, 13.3, 13.2, 12.1, 12.3, 12.5, 13.4, 13.2, 13.5, 12.3, 11.5, 12.1, 12.0, 13.0, 10.4, 11.3, 11.9, 10.9, 10.6, 11.5, 10.8, 9.7, 12.1, 11.0, 11.6, 11.6, 11.3], 4: [11.0, 10.0, 10.7, 9.8, 10.8, 10.1, 10.0, 10.9, 10.2, 10.0, 10.2, 9.9, 9.6, 9.1, 8.8, 10.7, 9.8, 9.2, 9.6, 10.3, 8.5, 10.1, 9.6, 9.5, 9.6, 10.4, 10.6, 9.3, 8.9, 8.8, 9.3, 10.3, 10.1, 11.1, 9.8, 11.7, 9.9, 9.1, 10.5, 10.7, 10.0, 10.0, 9.9, 9.4, 9.2, 9.0, 10.6, 9.4, 10.1, 10.3, 12.5, 12.4, 12.1, 11.4, 11.1, 10.9, 10.9, 9.9, 10.6, 11.1, 11.0, 10.0, 10.2], 5: [9.1, 9.4, 10.6, 12.1, 10.5, 10.8, 11.3, 10.7, 10.6, 12.6, 12.5, 11.6, 11.5, 11.1, 10.8, 10.5, 11.1, 11.6, 10.7, 11.8, 10.6, 11.0, 10.2, 10.9, 9.6, 10.6, 9.6, 10.5, 9.3, 8.3, 9.5, 9.2, 9.6, 10.2, 9.2, 9.2, 10.1, 8.9, 9.3, 8.5, 8.8, 9.3, 9.1, 8.6, 9.9, 10.1, 9.0, 10.0, 8.2, 8.3, 8.9, 8.6, 8.5, 9.5, 9.6, 8.6, 9.0, 9.4, 9.4, 8.0, 8.3, 9.1, 9.0], 6: [10.1, 9.9, 12.1, 10.8, 10.4, 9.4, 9.2, 10.1, 11.1, 9.8, 10.4, 11.0, 10.9, 11.0, 13.0, 12.2, 10.5, 11.5, 10.0, 11.8, 9.6, 11.3, 10.6, 9.3, 9.4, 9.0, 10.5, 9.3, 10.4, 9.4, 9.4, 9.5, 10.3, 10.1, 8.4, 8.6, 10.3, 8.7, 9.1, 9.7, 8.6, 9.3, 9.1, 8.7, 8.4, 10.4, 8.9, 9.8, 10.6, 10.7, 9.3, 9.2, 7.6, 9.3, 8.3, 8.0, 8.5, 8.5, 8.1, 8.0, 7.5, 8.3, 8.6], 7: [9.2, 9.7, 10.3, 11.8, 11.8, 11.2, 12.2, 11.5, 10.8, 11.1, 12.2, 11.9, 11.9, 13.4, 12.9, 13.1, 14.1, 12.3, 12.7, 13.3, 11.4, 13.4, 12.8, 12.6, 12.6, 13.0, 13.0, 12.7, 13.0, 11.7, 11.9, 11.9, 12.3, 12.7, 13.8, 12.9, 13.4, 13.5, 12.5, 12.3, 12.5, 12.8, 11.2, 12.4, 13.8, 12.4, 10.7, 12.0, 11.9, 11.7, 14.4, 14.5, 12.1, 13.1, 13.4, 13.6, 12.6, 13.3, 13.3, 14.9, 13.1, 14.6, 15.2], 8: [7.8, 10.2, 9.5, 11.9, 11.6, 10.8, 9.4, 10.0, 9.6, 10.5, 9.9, 9.9, 10.2, 9.4, 9.8, 8.7, 9.4, 8.8, 9.6, 8.2, 8.0, 8.7, 9.1, 8.8, 8.9, 10.2, 8.3, 8.4, 7.6, 8.6, 8.3, 7.2, 8.5, 8.7, 7.7, 8.7, 8.3, 8.4, 8.6, 8.4, 8.8, 7.8, 8.8, 8.7, 8.0, 8.1, 7.1, 7.0, 6.9, 8.4, 6.1, 6.1, 5.5, 6.3, 6.4, 7.2, 7.2, 7.0, 7.3, 7.6, 7.0, 8.6, 7.6], 9: [10.4, 10.8, 9.5, 9.8, 8.9, 8.8, 8.5, 10.6, 9.6, 10.0, 6.8, 8.7, 10.7, 8.9, 9.7, 7.7, 9.0, 9.4, 10.0, 9.5, 9.7, 9.6, 9.4, 8.5, 7.3, 7.6, 9.7, 10.0, 8.1, 9.8, 11.0, 8.9, 10.3, 9.3, 10.3, 8.9, 9.3, 9.7, 10.8, 10.0, 9.6, 9.6, 10.1, 10.1, 9.2, 9.4, 11.1, 8.7, 10.7, 10.9, 9.8, 10.1, 10.9, 9.9, 10.9, 10.6, 9.7, 9.8, 9.9, 9.9, 9.6, 8.9, 9.8]}
----------------------------------------
Epoch   1 | Client   0 | Train: loss=0.069, acc= 97.3% | time=151.2ms | Valid: loss=1.917, acc= 60.0% |
Epoch   2 | Client   0 | Train: loss=0.035, acc= 99.2% | time= 89.5ms | Valid: loss=1.342, acc= 68.0% |
Epoch   3 | Client   0 | Train: loss=0.017, acc= 99.8% | time= 80.9ms | Valid: loss=1.378, acc= 68.0% |
Epoch   4 | Client   0 | Train: loss=0.008, acc=100.0% | time= 80.0ms | Valid: loss=1.258, acc= 76.0% |
Epoch   5 | Client   0 | Train: loss=0.010, acc= 99.8% | time= 82.7ms | Valid: loss=1.196, acc= 68.0% |
----------------------------------------
Epoch   1 | Client   1 | Train: loss=0.024, acc= 99.4% | time=174.3ms | Valid: loss=2.038, acc= 52.0% |
Epoch   2 | Client   1 | Train: loss=0.033, acc= 99.2% | time=108.5ms | Valid: loss=2.069, acc= 52.0% |
Epoch   3 | Client   1 | Train: loss=0.016, acc= 99.6% | time= 94.0ms | Valid: loss=2.204, acc= 48.0% |
Epoch   4 | Client   1 | Train: loss=0.038, acc= 98.9% | time=102.7ms | Valid: loss=1.999, acc= 56.0% |
Epoch   5 | Client   1 | Train: loss=0.040, acc= 98.7% | time= 94.2ms | Valid: loss=2.088, acc= 56.0% |
Skip Updating GPM for layer: 1
----------------------------------------
Epoch   1 | Client   2 | Train: loss=0.026, acc= 99.4% | time=154.6ms | Valid: loss=1.554, acc= 68.0% |
Epoch   2 | Client   2 | Train: loss=0.027, acc= 98.9% | time= 87.7ms | Valid: loss=1.641, acc= 60.0% |
Epoch   3 | Client   2 | Train: loss=0.080, acc= 97.9% | time= 81.3ms | Valid: loss=1.497, acc= 60.0% |
Epoch   4 | Client   2 | Train: loss=0.017, acc= 99.4% | time= 76.9ms | Valid: loss=1.610, acc= 64.0% |
Epoch   5 | Client   2 | Train: loss=0.015, acc= 99.8% | time= 82.0ms | Valid: loss=1.722, acc= 60.0% |
Skip Updating GPM for layer: 2
----------------------------------------
Epoch   1 | Client   3 | Train: loss=0.017, acc= 99.6% | time=157.7ms | Valid: loss=3.097, acc= 44.0% |
Epoch   2 | Client   3 | Train: loss=0.007, acc=100.0% | time= 89.4ms | Valid: loss=2.859, acc= 48.0% |
Epoch   3 | Client   3 | Train: loss=0.006, acc=100.0% | time= 86.2ms | Valid: loss=3.021, acc= 44.0% |
Epoch   4 | Client   3 | Train: loss=0.007, acc= 99.8% | time= 76.7ms | Valid: loss=3.402, acc= 40.0% |
Epoch   5 | Client   3 | Train: loss=0.011, acc=100.0% | time= 75.8ms | Valid: loss=3.205, acc= 40.0% |
Skip Updating GPM for layer: 1
----------------------------------------
Epoch   1 | Client   4 | Train: loss=0.038, acc= 98.9% | time=159.4ms | Valid: loss=2.079, acc= 60.0% |
Epoch   2 | Client   4 | Train: loss=0.013, acc=100.0% | time= 89.6ms | Valid: loss=1.814, acc= 56.0% |
Epoch   3 | Client   4 | Train: loss=0.047, acc= 98.7% | time= 87.1ms | Valid: loss=1.968, acc= 60.0% |
Epoch   4 | Client   4 | Train: loss=0.044, acc= 98.9% | time= 78.9ms | Valid: loss=1.983, acc= 56.0% |
Epoch   5 | Client   4 | Train: loss=0.023, acc= 99.8% | time= 79.2ms | Valid: loss=2.304, acc= 60.0% |
----------------------------------------
Epoch   1 | Client   5 | Train: loss=0.059, acc= 98.3% | time=157.0ms | Valid: loss=2.699, acc= 48.0% |
Epoch   2 | Client   5 | Train: loss=0.006, acc=100.0% | time= 90.3ms | Valid: loss=2.564, acc= 48.0% |
Epoch   3 | Client   5 | Train: loss=0.006, acc=100.0% | time= 79.3ms | Valid: loss=2.474, acc= 48.0% |
Epoch   4 | Client   5 | Train: loss=0.004, acc=100.0% | time= 76.1ms | Valid: loss=2.291, acc= 52.0% |
Epoch   5 | Client   5 | Train: loss=0.004, acc=100.0% | time= 76.3ms | Valid: loss=2.448, acc= 56.0% |
----------------------------------------
Epoch   1 | Client   6 | Train: loss=0.014, acc= 99.8% | time=160.4ms | Valid: loss=1.358, acc= 60.0% |
Epoch   2 | Client   6 | Train: loss=0.076, acc= 98.1% | time= 97.0ms | Valid: loss=1.764, acc= 56.0% |
Epoch   3 | Client   6 | Train: loss=0.006, acc=100.0% | time=102.9ms | Valid: loss=1.502, acc= 60.0% |
Epoch   4 | Client   6 | Train: loss=0.004, acc=100.0% | time= 83.3ms | Valid: loss=1.865, acc= 56.0% |
Epoch   5 | Client   6 | Train: loss=0.004, acc=100.0% | time= 80.0ms | Valid: loss=1.343, acc= 52.0% |
Skip Updating GPM for layer: 1
----------------------------------------
Epoch   1 | Client   7 | Train: loss=0.046, acc= 98.7% | time=156.8ms | Valid: loss=2.680, acc= 52.0% |
Epoch   2 | Client   7 | Train: loss=0.028, acc= 99.6% | time=106.1ms | Valid: loss=2.758, acc= 52.0% |
Epoch   3 | Client   7 | Train: loss=0.079, acc= 97.7% | time= 93.0ms | Valid: loss=3.238, acc= 40.0% |
Epoch   4 | Client   7 | Train: loss=0.020, acc= 99.6% | time= 81.6ms | Valid: loss=2.824, acc= 48.0% |
Epoch   5 | Client   7 | Train: loss=0.027, acc= 99.4% | time= 79.7ms | Valid: loss=2.976, acc= 40.0% |
----------------------------------------
Epoch   1 | Client   8 | Train: loss=0.008, acc=100.0% | time=158.7ms | Valid: loss=2.084, acc= 64.0% |
Epoch   2 | Client   8 | Train: loss=0.032, acc= 98.7% | time= 87.6ms | Valid: loss=2.558, acc= 60.0% |
Epoch   3 | Client   8 | Train: loss=0.007, acc= 99.8% | time=102.4ms | Valid: loss=2.049, acc= 52.0% |
Epoch   4 | Client   8 | Train: loss=0.013, acc= 99.8% | time= 81.8ms | Valid: loss=2.360, acc= 60.0% |
Epoch   5 | Client   8 | Train: loss=0.008, acc= 99.8% | time= 78.8ms | Valid: loss=2.344, acc= 48.0% |
Skip Updating GPM for layer: 1
----------------------------------------
Epoch   1 | Client   9 | Train: loss=0.014, acc= 99.6% | time=171.0ms | Valid: loss=1.749, acc= 52.0% |
Epoch   2 | Client   9 | Train: loss=0.009, acc=100.0% | time=110.2ms | Valid: loss=1.740, acc= 52.0% |
Epoch   3 | Client   9 | Train: loss=0.025, acc= 99.2% | time=100.6ms | Valid: loss=1.799, acc= 44.0% |
Epoch   4 | Client   9 | Train: loss=0.011, acc= 99.8% | time= 94.1ms | Valid: loss=1.653, acc= 44.0% |
Epoch   5 | Client   9 | Train: loss=0.008, acc= 99.8% | time= 91.7ms | Valid: loss=1.622, acc= 48.0% |
Skip Updating GPM for layer: 1
Skip Updating GPM for layer: 2
----------------------------------------
G-Epoch:  13, Test: loss=1.842 , acc= 60.1%
****************************************
Task:   0, G-Epoch:  13, Test: loss=2.273 , acc= 58.2%
Task:   1, G-Epoch:  13, Test: loss=1.859 , acc= 58.1%
Task:   2, G-Epoch:  13, Test: loss=2.314 , acc= 10.1%
Task:   3, G-Epoch:  13, Test: loss=2.310 , acc= 10.6%
Task:   4, G-Epoch:  13, Test: loss=2.324 , acc= 10.3%
Task:   5, G-Epoch:  13, Test: loss=2.297 , acc=  8.2%
Task:   6, G-Epoch:  13, Test: loss=2.309 , acc=  8.2%
Task:   7, G-Epoch:  13, Test: loss=2.305 , acc= 14.0%
Task:   8, G-Epoch:  13, Test: loss=2.328 , acc=  7.2%
Task:   9, G-Epoch:  13, Test: loss=2.312 , acc=  9.4%
{0: [39.3, 45.7, 48.7, 48.8, 51.1, 52.3, 53.9, 51.6, 55.6, 54.8, 53.3, 54.9, 58.1, 57.8, 55.8, 58.5, 58.6, 58.9, 57.4, 60.4, 61.3, 56.9, 60.1, 60.2, 60.8, 60.2, 60.8, 61.6, 61.5, 61.0, 62.5, 62.5, 64.4, 61.7, 62.6, 62.6, 63.1, 63.9, 65.4, 63.5, 65.0, 63.8, 64.1, 65.7, 66.4, 65.1, 63.0, 66.9, 65.3, 66.5, 68.2, 66.5, 65.4, 65.8, 64.3, 63.8, 64.5, 62.4, 61.7, 61.1, 60.5, 58.7, 57.8, 58.2], 1: [10.2, 9.5, 11.1, 11.0, 9.3, 10.0, 10.6, 10.7, 11.2, 8.9, 9.1, 10.8, 10.8, 10.3, 9.9, 9.1, 11.7, 10.1, 10.2, 11.4, 8.8, 9.8, 10.9, 9.7, 9.2, 9.7, 10.1, 9.5, 9.9, 9.0, 9.4, 9.2, 9.6, 8.9, 9.1, 8.4, 8.4, 8.8, 10.2, 8.7, 8.9, 10.8, 8.1, 9.5, 9.5, 9.3, 10.3, 10.0, 9.3, 9.6, 49.7, 53.7, 57.3, 56.8, 58.2, 56.9, 59.3, 58.9, 59.6, 58.5, 59.5, 59.5, 60.8, 58.1], 2: [10.3, 10.5, 9.7, 11.4, 11.1, 9.9, 8.6, 8.9, 9.1, 8.7, 9.4, 9.6, 7.7, 10.1, 10.4, 8.9, 9.1, 9.5, 10.8, 8.4, 8.5, 8.8, 9.1, 8.5, 9.7, 10.0, 9.4, 9.9, 9.9, 9.5, 8.9, 8.9, 9.1, 9.7, 9.7, 9.8, 9.4, 9.9, 9.1, 9.1, 9.2, 9.9, 9.7, 9.4, 8.0, 10.1, 10.6, 9.1, 9.6, 9.0, 9.4, 11.1, 11.1, 9.6, 9.4, 11.5, 10.8, 9.3, 10.8, 8.4, 9.6, 9.3, 9.7, 10.1], 3: [10.3, 9.9, 8.6, 9.7, 9.2, 9.4, 9.3, 10.7, 11.6, 11.0, 11.6, 11.9, 11.3, 11.4, 12.4, 11.7, 11.1, 11.2, 11.9, 12.5, 13.1, 12.2, 13.1, 12.0, 12.6, 11.9, 12.0, 12.8, 13.5, 12.1, 12.1, 11.7, 11.8, 12.4, 12.6, 11.4, 12.7, 13.3, 13.2, 12.1, 12.3, 12.5, 13.4, 13.2, 13.5, 12.3, 11.5, 12.1, 12.0, 13.0, 10.4, 11.3, 11.9, 10.9, 10.6, 11.5, 10.8, 9.7, 12.1, 11.0, 11.6, 11.6, 11.3, 10.6], 4: [11.0, 10.0, 10.7, 9.8, 10.8, 10.1, 10.0, 10.9, 10.2, 10.0, 10.2, 9.9, 9.6, 9.1, 8.8, 10.7, 9.8, 9.2, 9.6, 10.3, 8.5, 10.1, 9.6, 9.5, 9.6, 10.4, 10.6, 9.3, 8.9, 8.8, 9.3, 10.3, 10.1, 11.1, 9.8, 11.7, 9.9, 9.1, 10.5, 10.7, 10.0, 10.0, 9.9, 9.4, 9.2, 9.0, 10.6, 9.4, 10.1, 10.3, 12.5, 12.4, 12.1, 11.4, 11.1, 10.9, 10.9, 9.9, 10.6, 11.1, 11.0, 10.0, 10.2, 10.3], 5: [9.1, 9.4, 10.6, 12.1, 10.5, 10.8, 11.3, 10.7, 10.6, 12.6, 12.5, 11.6, 11.5, 11.1, 10.8, 10.5, 11.1, 11.6, 10.7, 11.8, 10.6, 11.0, 10.2, 10.9, 9.6, 10.6, 9.6, 10.5, 9.3, 8.3, 9.5, 9.2, 9.6, 10.2, 9.2, 9.2, 10.1, 8.9, 9.3, 8.5, 8.8, 9.3, 9.1, 8.6, 9.9, 10.1, 9.0, 10.0, 8.2, 8.3, 8.9, 8.6, 8.5, 9.5, 9.6, 8.6, 9.0, 9.4, 9.4, 8.0, 8.3, 9.1, 9.0, 8.2], 6: [10.1, 9.9, 12.1, 10.8, 10.4, 9.4, 9.2, 10.1, 11.1, 9.8, 10.4, 11.0, 10.9, 11.0, 13.0, 12.2, 10.5, 11.5, 10.0, 11.8, 9.6, 11.3, 10.6, 9.3, 9.4, 9.0, 10.5, 9.3, 10.4, 9.4, 9.4, 9.5, 10.3, 10.1, 8.4, 8.6, 10.3, 8.7, 9.1, 9.7, 8.6, 9.3, 9.1, 8.7, 8.4, 10.4, 8.9, 9.8, 10.6, 10.7, 9.3, 9.2, 7.6, 9.3, 8.3, 8.0, 8.5, 8.5, 8.1, 8.0, 7.5, 8.3, 8.6, 8.2], 7: [9.2, 9.7, 10.3, 11.8, 11.8, 11.2, 12.2, 11.5, 10.8, 11.1, 12.2, 11.9, 11.9, 13.4, 12.9, 13.1, 14.1, 12.3, 12.7, 13.3, 11.4, 13.4, 12.8, 12.6, 12.6, 13.0, 13.0, 12.7, 13.0, 11.7, 11.9, 11.9, 12.3, 12.7, 13.8, 12.9, 13.4, 13.5, 12.5, 12.3, 12.5, 12.8, 11.2, 12.4, 13.8, 12.4, 10.7, 12.0, 11.9, 11.7, 14.4, 14.5, 12.1, 13.1, 13.4, 13.6, 12.6, 13.3, 13.3, 14.9, 13.1, 14.6, 15.2, 14.0], 8: [7.8, 10.2, 9.5, 11.9, 11.6, 10.8, 9.4, 10.0, 9.6, 10.5, 9.9, 9.9, 10.2, 9.4, 9.8, 8.7, 9.4, 8.8, 9.6, 8.2, 8.0, 8.7, 9.1, 8.8, 8.9, 10.2, 8.3, 8.4, 7.6, 8.6, 8.3, 7.2, 8.5, 8.7, 7.7, 8.7, 8.3, 8.4, 8.6, 8.4, 8.8, 7.8, 8.8, 8.7, 8.0, 8.1, 7.1, 7.0, 6.9, 8.4, 6.1, 6.1, 5.5, 6.3, 6.4, 7.2, 7.2, 7.0, 7.3, 7.6, 7.0, 8.6, 7.6, 7.2], 9: [10.4, 10.8, 9.5, 9.8, 8.9, 8.8, 8.5, 10.6, 9.6, 10.0, 6.8, 8.7, 10.7, 8.9, 9.7, 7.7, 9.0, 9.4, 10.0, 9.5, 9.7, 9.6, 9.4, 8.5, 7.3, 7.6, 9.7, 10.0, 8.1, 9.8, 11.0, 8.9, 10.3, 9.3, 10.3, 8.9, 9.3, 9.7, 10.8, 10.0, 9.6, 9.6, 10.1, 10.1, 9.2, 9.4, 11.1, 8.7, 10.7, 10.9, 9.8, 10.1, 10.9, 9.9, 10.9, 10.6, 9.7, 9.8, 9.9, 9.9, 9.6, 8.9, 9.8, 9.4]}
----------------------------------------
Epoch   1 | Client   0 | Train: loss=0.014, acc=100.0% | time=102.2ms | Valid: loss=1.390, acc= 64.0% |
Epoch   2 | Client   0 | Train: loss=0.052, acc= 97.7% | time=103.4ms | Valid: loss=1.253, acc= 64.0% |
Epoch   3 | Client   0 | Train: loss=0.046, acc= 99.2% | time= 92.7ms | Valid: loss=1.814, acc= 56.0% |
Epoch   4 | Client   0 | Train: loss=0.053, acc= 98.3% | time=115.7ms | Valid: loss=1.787, acc= 48.0% |
Epoch   5 | Client   0 | Train: loss=0.192, acc= 93.9% | time= 98.6ms | Valid: loss=2.511, acc= 48.0% |
----------------------------------------
Epoch   1 | Client   1 | Train: loss=0.009, acc=100.0% | time=171.7ms | Valid: loss=1.743, acc= 60.0% |
Epoch   2 | Client   1 | Train: loss=0.035, acc= 98.5% | time= 96.4ms | Valid: loss=1.986, acc= 60.0% |
Epoch   3 | Client   1 | Train: loss=0.009, acc= 99.8% | time= 84.8ms | Valid: loss=1.818, acc= 60.0% |
Epoch   4 | Client   1 | Train: loss=0.007, acc=100.0% | time= 79.7ms | Valid: loss=1.726, acc= 60.0% |
Epoch   5 | Client   1 | Train: loss=0.004, acc=100.0% | time= 78.7ms | Valid: loss=1.924, acc= 60.0% |
Skip Updating GPM for layer: 1
----------------------------------------
Epoch   1 | Client   2 | Train: loss=0.015, acc=100.0% | time=166.7ms | Valid: loss=1.338, acc= 72.0% |
Epoch   2 | Client   2 | Train: loss=0.007, acc=100.0% | time= 94.1ms | Valid: loss=1.442, acc= 68.0% |
Epoch   3 | Client   2 | Train: loss=0.039, acc= 99.2% | time=120.6ms | Valid: loss=1.603, acc= 64.0% |
Epoch   4 | Client   2 | Train: loss=0.045, acc= 98.3% | time=117.1ms | Valid: loss=1.582, acc= 64.0% |
Epoch   5 | Client   2 | Train: loss=0.004, acc=100.0% | time=121.4ms | Valid: loss=1.758, acc= 60.0% |
----------------------------------------
Epoch   1 | Client   3 | Train: loss=0.009, acc=100.0% | time=171.4ms | Valid: loss=3.176, acc= 40.0% |
Epoch   2 | Client   3 | Train: loss=0.004, acc=100.0% | time=124.4ms | Valid: loss=3.496, acc= 40.0% |
Epoch   3 | Client   3 | Train: loss=0.003, acc=100.0% | time=105.3ms | Valid: loss=3.364, acc= 36.0% |
Epoch   4 | Client   3 | Train: loss=0.007, acc= 99.8% | time= 88.2ms | Valid: loss=3.441, acc= 44.0% |
Epoch   5 | Client   3 | Train: loss=0.009, acc= 99.8% | time= 79.4ms | Valid: loss=3.126, acc= 44.0% |
Skip Updating GPM for layer: 1
----------------------------------------
Epoch   1 | Client   4 | Train: loss=0.045, acc= 99.2% | time=179.2ms | Valid: loss=2.291, acc= 60.0% |
Epoch   2 | Client   4 | Train: loss=0.193, acc= 94.1% | time= 93.3ms | Valid: loss=2.239, acc= 60.0% |
Epoch   3 | Client   4 | Train: loss=0.056, acc= 98.1% | time= 89.5ms | Valid: loss=1.681, acc= 64.0% |
Epoch   4 | Client   4 | Train: loss=0.029, acc= 99.4% | time= 82.9ms | Valid: loss=2.197, acc= 56.0% |
Epoch   5 | Client   4 | Train: loss=0.080, acc= 97.9% | time= 80.6ms | Valid: loss=2.316, acc= 48.0% |
----------------------------------------
Epoch   1 | Client   5 | Train: loss=0.035, acc= 99.2% | time=150.5ms | Valid: loss=2.515, acc= 48.0% |
Epoch   2 | Client   5 | Train: loss=0.011, acc=100.0% | time=103.3ms | Valid: loss=2.238, acc= 52.0% |
Epoch   3 | Client   5 | Train: loss=0.004, acc=100.0% | time= 82.0ms | Valid: loss=2.522, acc= 56.0% |
Epoch   4 | Client   5 | Train: loss=0.003, acc=100.0% | time= 79.3ms | Valid: loss=2.729, acc= 52.0% |
Epoch   5 | Client   5 | Train: loss=0.003, acc=100.0% | time= 78.8ms | Valid: loss=2.476, acc= 52.0% |
----------------------------------------
Epoch   1 | Client   6 | Train: loss=0.031, acc= 98.9% | time=169.6ms | Valid: loss=1.709, acc= 60.0% |
Epoch   2 | Client   6 | Train: loss=0.007, acc=100.0% | time=110.3ms | Valid: loss=1.396, acc= 56.0% |
Epoch   3 | Client   6 | Train: loss=0.004, acc=100.0% | time=111.6ms | Valid: loss=1.479, acc= 60.0% |
Epoch   4 | Client   6 | Train: loss=0.005, acc=100.0% | time=112.2ms | Valid: loss=1.666, acc= 60.0% |
Epoch   5 | Client   6 | Train: loss=0.005, acc=100.0% | time= 87.8ms | Valid: loss=1.452, acc= 60.0% |
Skip Updating GPM for layer: 1
----------------------------------------
Epoch   1 | Client   7 | Train: loss=0.211, acc= 93.9% | time=164.7ms | Valid: loss=2.716, acc= 52.0% |
Epoch   2 | Client   7 | Train: loss=0.065, acc= 98.1% | time=104.2ms | Valid: loss=3.110, acc= 32.0% |
Epoch   3 | Client   7 | Train: loss=0.063, acc= 97.9% | time= 87.5ms | Valid: loss=3.439, acc= 36.0% |
Epoch   4 | Client   7 | Train: loss=0.127, acc= 94.7% | time= 87.5ms | Valid: loss=3.801, acc= 40.0% |
Epoch   5 | Client   7 | Train: loss=0.226, acc= 92.2% | time= 96.9ms | Valid: loss=3.167, acc= 40.0% |
----------------------------------------
Epoch   1 | Client   8 | Train: loss=0.008, acc=100.0% | time=162.2ms | Valid: loss=2.206, acc= 60.0% |
Epoch   2 | Client   8 | Train: loss=0.093, acc= 97.7% | time= 96.5ms | Valid: loss=2.448, acc= 56.0% |
Epoch   3 | Client   8 | Train: loss=0.022, acc= 99.2% | time=116.6ms | Valid: loss=2.262, acc= 60.0% |
Epoch   4 | Client   8 | Train: loss=0.005, acc=100.0% | time= 92.6ms | Valid: loss=2.309, acc= 60.0% |
Epoch   5 | Client   8 | Train: loss=0.011, acc= 99.6% | time=123.5ms | Valid: loss=1.895, acc= 64.0% |
Skip Updating GPM for layer: 1
----------------------------------------
Epoch   1 | Client   9 | Train: loss=0.018, acc= 99.4% | time=143.2ms | Valid: loss=1.748, acc= 52.0% |
Epoch   2 | Client   9 | Train: loss=0.010, acc= 99.6% | time= 92.3ms | Valid: loss=1.826, acc= 48.0% |
Epoch   3 | Client   9 | Train: loss=0.009, acc= 99.8% | time= 82.2ms | Valid: loss=1.971, acc= 48.0% |
Epoch   4 | Client   9 | Train: loss=0.003, acc=100.0% | time= 79.2ms | Valid: loss=2.046, acc= 52.0% |
Epoch   5 | Client   9 | Train: loss=0.007, acc= 99.8% | time= 76.9ms | Valid: loss=1.941, acc= 52.0% |
Skip Updating GPM for layer: 1
----------------------------------------
G-Epoch:  14, Test: loss=1.955 , acc= 58.5%
****************************************
Task:   0, G-Epoch:  14, Test: loss=2.362 , acc= 58.3%
Task:   1, G-Epoch:  14, Test: loss=1.956 , acc= 58.5%
Task:   2, G-Epoch:  14, Test: loss=2.311 , acc= 10.9%
Task:   3, G-Epoch:  14, Test: loss=2.308 , acc= 10.6%
Task:   4, G-Epoch:  14, Test: loss=2.324 , acc= 11.0%
Task:   5, G-Epoch:  14, Test: loss=2.296 , acc=  8.7%
Task:   6, G-Epoch:  14, Test: loss=2.308 , acc=  9.4%
Task:   7, G-Epoch:  14, Test: loss=2.307 , acc= 13.9%
Task:   8, G-Epoch:  14, Test: loss=2.328 , acc=  7.2%
Task:   9, G-Epoch:  14, Test: loss=2.312 , acc= 10.4%
{0: [39.3, 45.7, 48.7, 48.8, 51.1, 52.3, 53.9, 51.6, 55.6, 54.8, 53.3, 54.9, 58.1, 57.8, 55.8, 58.5, 58.6, 58.9, 57.4, 60.4, 61.3, 56.9, 60.1, 60.2, 60.8, 60.2, 60.8, 61.6, 61.5, 61.0, 62.5, 62.5, 64.4, 61.7, 62.6, 62.6, 63.1, 63.9, 65.4, 63.5, 65.0, 63.8, 64.1, 65.7, 66.4, 65.1, 63.0, 66.9, 65.3, 66.5, 68.2, 66.5, 65.4, 65.8, 64.3, 63.8, 64.5, 62.4, 61.7, 61.1, 60.5, 58.7, 57.8, 58.2, 58.3], 1: [10.2, 9.5, 11.1, 11.0, 9.3, 10.0, 10.6, 10.7, 11.2, 8.9, 9.1, 10.8, 10.8, 10.3, 9.9, 9.1, 11.7, 10.1, 10.2, 11.4, 8.8, 9.8, 10.9, 9.7, 9.2, 9.7, 10.1, 9.5, 9.9, 9.0, 9.4, 9.2, 9.6, 8.9, 9.1, 8.4, 8.4, 8.8, 10.2, 8.7, 8.9, 10.8, 8.1, 9.5, 9.5, 9.3, 10.3, 10.0, 9.3, 9.6, 49.7, 53.7, 57.3, 56.8, 58.2, 56.9, 59.3, 58.9, 59.6, 58.5, 59.5, 59.5, 60.8, 58.1, 58.5], 2: [10.3, 10.5, 9.7, 11.4, 11.1, 9.9, 8.6, 8.9, 9.1, 8.7, 9.4, 9.6, 7.7, 10.1, 10.4, 8.9, 9.1, 9.5, 10.8, 8.4, 8.5, 8.8, 9.1, 8.5, 9.7, 10.0, 9.4, 9.9, 9.9, 9.5, 8.9, 8.9, 9.1, 9.7, 9.7, 9.8, 9.4, 9.9, 9.1, 9.1, 9.2, 9.9, 9.7, 9.4, 8.0, 10.1, 10.6, 9.1, 9.6, 9.0, 9.4, 11.1, 11.1, 9.6, 9.4, 11.5, 10.8, 9.3, 10.8, 8.4, 9.6, 9.3, 9.7, 10.1, 10.9], 3: [10.3, 9.9, 8.6, 9.7, 9.2, 9.4, 9.3, 10.7, 11.6, 11.0, 11.6, 11.9, 11.3, 11.4, 12.4, 11.7, 11.1, 11.2, 11.9, 12.5, 13.1, 12.2, 13.1, 12.0, 12.6, 11.9, 12.0, 12.8, 13.5, 12.1, 12.1, 11.7, 11.8, 12.4, 12.6, 11.4, 12.7, 13.3, 13.2, 12.1, 12.3, 12.5, 13.4, 13.2, 13.5, 12.3, 11.5, 12.1, 12.0, 13.0, 10.4, 11.3, 11.9, 10.9, 10.6, 11.5, 10.8, 9.7, 12.1, 11.0, 11.6, 11.6, 11.3, 10.6, 10.6], 4: [11.0, 10.0, 10.7, 9.8, 10.8, 10.1, 10.0, 10.9, 10.2, 10.0, 10.2, 9.9, 9.6, 9.1, 8.8, 10.7, 9.8, 9.2, 9.6, 10.3, 8.5, 10.1, 9.6, 9.5, 9.6, 10.4, 10.6, 9.3, 8.9, 8.8, 9.3, 10.3, 10.1, 11.1, 9.8, 11.7, 9.9, 9.1, 10.5, 10.7, 10.0, 10.0, 9.9, 9.4, 9.2, 9.0, 10.6, 9.4, 10.1, 10.3, 12.5, 12.4, 12.1, 11.4, 11.1, 10.9, 10.9, 9.9, 10.6, 11.1, 11.0, 10.0, 10.2, 10.3, 11.0], 5: [9.1, 9.4, 10.6, 12.1, 10.5, 10.8, 11.3, 10.7, 10.6, 12.6, 12.5, 11.6, 11.5, 11.1, 10.8, 10.5, 11.1, 11.6, 10.7, 11.8, 10.6, 11.0, 10.2, 10.9, 9.6, 10.6, 9.6, 10.5, 9.3, 8.3, 9.5, 9.2, 9.6, 10.2, 9.2, 9.2, 10.1, 8.9, 9.3, 8.5, 8.8, 9.3, 9.1, 8.6, 9.9, 10.1, 9.0, 10.0, 8.2, 8.3, 8.9, 8.6, 8.5, 9.5, 9.6, 8.6, 9.0, 9.4, 9.4, 8.0, 8.3, 9.1, 9.0, 8.2, 8.7], 6: [10.1, 9.9, 12.1, 10.8, 10.4, 9.4, 9.2, 10.1, 11.1, 9.8, 10.4, 11.0, 10.9, 11.0, 13.0, 12.2, 10.5, 11.5, 10.0, 11.8, 9.6, 11.3, 10.6, 9.3, 9.4, 9.0, 10.5, 9.3, 10.4, 9.4, 9.4, 9.5, 10.3, 10.1, 8.4, 8.6, 10.3, 8.7, 9.1, 9.7, 8.6, 9.3, 9.1, 8.7, 8.4, 10.4, 8.9, 9.8, 10.6, 10.7, 9.3, 9.2, 7.6, 9.3, 8.3, 8.0, 8.5, 8.5, 8.1, 8.0, 7.5, 8.3, 8.6, 8.2, 9.4], 7: [9.2, 9.7, 10.3, 11.8, 11.8, 11.2, 12.2, 11.5, 10.8, 11.1, 12.2, 11.9, 11.9, 13.4, 12.9, 13.1, 14.1, 12.3, 12.7, 13.3, 11.4, 13.4, 12.8, 12.6, 12.6, 13.0, 13.0, 12.7, 13.0, 11.7, 11.9, 11.9, 12.3, 12.7, 13.8, 12.9, 13.4, 13.5, 12.5, 12.3, 12.5, 12.8, 11.2, 12.4, 13.8, 12.4, 10.7, 12.0, 11.9, 11.7, 14.4, 14.5, 12.1, 13.1, 13.4, 13.6, 12.6, 13.3, 13.3, 14.9, 13.1, 14.6, 15.2, 14.0, 13.9], 8: [7.8, 10.2, 9.5, 11.9, 11.6, 10.8, 9.4, 10.0, 9.6, 10.5, 9.9, 9.9, 10.2, 9.4, 9.8, 8.7, 9.4, 8.8, 9.6, 8.2, 8.0, 8.7, 9.1, 8.8, 8.9, 10.2, 8.3, 8.4, 7.6, 8.6, 8.3, 7.2, 8.5, 8.7, 7.7, 8.7, 8.3, 8.4, 8.6, 8.4, 8.8, 7.8, 8.8, 8.7, 8.0, 8.1, 7.1, 7.0, 6.9, 8.4, 6.1, 6.1, 5.5, 6.3, 6.4, 7.2, 7.2, 7.0, 7.3, 7.6, 7.0, 8.6, 7.6, 7.2, 7.2], 9: [10.4, 10.8, 9.5, 9.8, 8.9, 8.8, 8.5, 10.6, 9.6, 10.0, 6.8, 8.7, 10.7, 8.9, 9.7, 7.7, 9.0, 9.4, 10.0, 9.5, 9.7, 9.6, 9.4, 8.5, 7.3, 7.6, 9.7, 10.0, 8.1, 9.8, 11.0, 8.9, 10.3, 9.3, 10.3, 8.9, 9.3, 9.7, 10.8, 10.0, 9.6, 9.6, 10.1, 10.1, 9.2, 9.4, 11.1, 8.7, 10.7, 10.9, 9.8, 10.1, 10.9, 9.9, 10.9, 10.6, 9.7, 9.8, 9.9, 9.9, 9.6, 8.9, 9.8, 9.4, 10.4]}
----------------------------------------
Epoch   1 | Client   0 | Train: loss=0.154, acc= 95.6% | time=142.6ms | Valid: loss=1.548, acc= 60.0% |
Epoch   2 | Client   0 | Train: loss=0.019, acc= 99.6% | time=107.2ms | Valid: loss=1.386, acc= 68.0% |
Epoch   3 | Client   0 | Train: loss=0.011, acc=100.0% | time=121.7ms | Valid: loss=1.124, acc= 68.0% |
Epoch   4 | Client   0 | Train: loss=0.003, acc=100.0% | time=110.2ms | Valid: loss=1.356, acc= 68.0% |
Epoch   5 | Client   0 | Train: loss=0.007, acc=100.0% | time= 80.6ms | Valid: loss=1.310, acc= 64.0% |
----------------------------------------
Epoch   1 | Client   1 | Train: loss=0.058, acc= 98.5% | time=147.6ms | Valid: loss=2.166, acc= 52.0% |
Epoch   2 | Client   1 | Train: loss=0.005, acc=100.0% | time= 97.4ms | Valid: loss=1.681, acc= 56.0% |
Epoch   3 | Client   1 | Train: loss=0.012, acc= 99.8% | time=111.0ms | Valid: loss=1.830, acc= 56.0% |
Epoch   4 | Client   1 | Train: loss=0.008, acc= 99.8% | time=104.6ms | Valid: loss=1.837, acc= 60.0% |
Epoch   5 | Client   1 | Train: loss=0.009, acc=100.0% | time=114.9ms | Valid: loss=2.054, acc= 64.0% |
Skip Updating GPM for layer: 1
----------------------------------------
Epoch   1 | Client   2 | Train: loss=0.073, acc= 98.1% | time=131.4ms | Valid: loss=1.507, acc= 64.0% |
Epoch   2 | Client   2 | Train: loss=0.007, acc=100.0% | time=101.3ms | Valid: loss=1.432, acc= 72.0% |
Epoch   3 | Client   2 | Train: loss=0.010, acc= 99.8% | time=119.6ms | Valid: loss=1.779, acc= 68.0% |
Epoch   4 | Client   2 | Train: loss=0.040, acc= 98.7% | time=113.4ms | Valid: loss=1.866, acc= 52.0% |
Epoch   5 | Client   2 | Train: loss=0.034, acc= 99.2% | time=116.5ms | Valid: loss=2.006, acc= 60.0% |
----------------------------------------
Epoch   1 | Client   3 | Train: loss=0.117, acc= 95.6% | time=153.8ms | Valid: loss=3.522, acc= 36.0% |
Epoch   2 | Client   3 | Train: loss=0.006, acc=100.0% | time=105.3ms | Valid: loss=3.368, acc= 36.0% |
Epoch   3 | Client   3 | Train: loss=0.006, acc=100.0% | time=121.2ms | Valid: loss=3.864, acc= 40.0% |
Epoch   4 | Client   3 | Train: loss=0.009, acc= 99.8% | time= 95.1ms | Valid: loss=3.068, acc= 44.0% |
Epoch   5 | Client   3 | Train: loss=0.007, acc=100.0% | time= 82.3ms | Valid: loss=3.121, acc= 48.0% |
Skip Updating GPM for layer: 1
----------------------------------------
Epoch   1 | Client   4 | Train: loss=0.200, acc= 94.1% | time=164.7ms | Valid: loss=2.425, acc= 56.0% |
Epoch   2 | Client   4 | Train: loss=0.154, acc= 94.7% | time= 90.8ms | Valid: loss=2.447, acc= 56.0% |
Epoch   3 | Client   4 | Train: loss=0.168, acc= 94.3% | time= 89.0ms | Valid: loss=2.158, acc= 64.0% |
Epoch   4 | Client   4 | Train: loss=0.057, acc= 98.1% | time= 81.1ms | Valid: loss=2.199, acc= 60.0% |
Epoch   5 | Client   4 | Train: loss=0.026, acc= 99.6% | time= 80.4ms | Valid: loss=2.112, acc= 64.0% |
----------------------------------------
Epoch   1 | Client   5 | Train: loss=0.005, acc=100.0% | time=161.3ms | Valid: loss=2.257, acc= 52.0% |
Epoch   2 | Client   5 | Train: loss=0.011, acc= 99.8% | time= 96.2ms | Valid: loss=2.723, acc= 48.0% |
Epoch   3 | Client   5 | Train: loss=0.024, acc= 98.9% | time=100.2ms | Valid: loss=2.650, acc= 52.0% |
Epoch   4 | Client   5 | Train: loss=0.007, acc=100.0% | time= 87.7ms | Valid: loss=2.537, acc= 56.0% |
Epoch   5 | Client   5 | Train: loss=0.007, acc= 99.8% | time= 99.5ms | Valid: loss=2.960, acc= 52.0% |
Skip Updating GPM for layer: 1
----------------------------------------
Epoch   1 | Client   6 | Train: loss=0.017, acc= 99.4% | time=168.3ms | Valid: loss=1.796, acc= 56.0% |
Epoch   2 | Client   6 | Train: loss=0.020, acc= 99.4% | time= 91.4ms | Valid: loss=1.150, acc= 64.0% |
Epoch   3 | Client   6 | Train: loss=0.018, acc= 99.4% | time= 89.0ms | Valid: loss=1.111, acc= 64.0% |
Epoch   4 | Client   6 | Train: loss=0.021, acc= 99.2% | time= 79.8ms | Valid: loss=1.521, acc= 56.0% |
Epoch   5 | Client   6 | Train: loss=0.007, acc=100.0% | time= 78.8ms | Valid: loss=1.381, acc= 64.0% |
Skip Updating GPM for layer: 1
----------------------------------------
Epoch   1 | Client   7 | Train: loss=0.039, acc= 98.5% | time=155.7ms | Valid: loss=2.756, acc= 44.0% |
Epoch   2 | Client   7 | Train: loss=0.012, acc= 99.8% | time= 90.2ms | Valid: loss=2.711, acc= 48.0% |
Epoch   3 | Client   7 | Train: loss=0.014, acc= 99.8% | time= 81.5ms | Valid: loss=2.847, acc= 48.0% |
Epoch   4 | Client   7 | Train: loss=0.058, acc= 98.3% | time= 80.2ms | Valid: loss=2.696, acc= 44.0% |
Epoch   5 | Client   7 | Train: loss=0.025, acc= 99.4% | time= 78.6ms | Valid: loss=2.385, acc= 52.0% |
----------------------------------------
Epoch   1 | Client   8 | Train: loss=0.037, acc= 98.9% | time=157.9ms | Valid: loss=2.158, acc= 60.0% |
Epoch   2 | Client   8 | Train: loss=0.010, acc= 99.8% | time= 86.4ms | Valid: loss=2.257, acc= 60.0% |
Epoch   3 | Client   8 | Train: loss=0.011, acc= 99.8% | time= 75.1ms | Valid: loss=2.064, acc= 52.0% |
Epoch   4 | Client   8 | Train: loss=0.005, acc=100.0% | time= 75.3ms | Valid: loss=2.052, acc= 60.0% |
Epoch   5 | Client   8 | Train: loss=0.002, acc=100.0% | time= 75.5ms | Valid: loss=2.196, acc= 60.0% |
Skip Updating GPM for layer: 1
----------------------------------------
Epoch   1 | Client   9 | Train: loss=0.011, acc=100.0% | time=161.0ms | Valid: loss=1.505, acc= 52.0% |
Epoch   2 | Client   9 | Train: loss=0.006, acc=100.0% | time= 89.6ms | Valid: loss=1.404, acc= 52.0% |
Epoch   3 | Client   9 | Train: loss=0.005, acc=100.0% | time= 81.7ms | Valid: loss=1.903, acc= 52.0% |
Epoch   4 | Client   9 | Train: loss=0.007, acc=100.0% | time= 79.0ms | Valid: loss=1.601, acc= 64.0% |
Epoch   5 | Client   9 | Train: loss=0.015, acc= 99.6% | time= 79.1ms | Valid: loss=1.793, acc= 56.0% |
Skip Updating GPM for layer: 1
----------------------------------------
G-Epoch:  15, Test: loss=1.842 , acc= 59.0%
****************************************
Task:   0, G-Epoch:  15, Test: loss=2.423 , acc= 55.9%
Task:   1, G-Epoch:  15, Test: loss=1.844 , acc= 59.3%
Task:   2, G-Epoch:  15, Test: loss=2.311 , acc= 10.4%
Task:   3, G-Epoch:  15, Test: loss=2.307 , acc= 11.2%
Task:   4, G-Epoch:  15, Test: loss=2.325 , acc=  9.4%
Task:   5, G-Epoch:  15, Test: loss=2.298 , acc=  8.2%
Task:   6, G-Epoch:  15, Test: loss=2.312 , acc=  8.5%
Task:   7, G-Epoch:  15, Test: loss=2.304 , acc= 13.9%
Task:   8, G-Epoch:  15, Test: loss=2.328 , acc=  7.0%
Task:   9, G-Epoch:  15, Test: loss=2.313 , acc=  9.7%
{0: [39.3, 45.7, 48.7, 48.8, 51.1, 52.3, 53.9, 51.6, 55.6, 54.8, 53.3, 54.9, 58.1, 57.8, 55.8, 58.5, 58.6, 58.9, 57.4, 60.4, 61.3, 56.9, 60.1, 60.2, 60.8, 60.2, 60.8, 61.6, 61.5, 61.0, 62.5, 62.5, 64.4, 61.7, 62.6, 62.6, 63.1, 63.9, 65.4, 63.5, 65.0, 63.8, 64.1, 65.7, 66.4, 65.1, 63.0, 66.9, 65.3, 66.5, 68.2, 66.5, 65.4, 65.8, 64.3, 63.8, 64.5, 62.4, 61.7, 61.1, 60.5, 58.7, 57.8, 58.2, 58.3, 55.9], 1: [10.2, 9.5, 11.1, 11.0, 9.3, 10.0, 10.6, 10.7, 11.2, 8.9, 9.1, 10.8, 10.8, 10.3, 9.9, 9.1, 11.7, 10.1, 10.2, 11.4, 8.8, 9.8, 10.9, 9.7, 9.2, 9.7, 10.1, 9.5, 9.9, 9.0, 9.4, 9.2, 9.6, 8.9, 9.1, 8.4, 8.4, 8.8, 10.2, 8.7, 8.9, 10.8, 8.1, 9.5, 9.5, 9.3, 10.3, 10.0, 9.3, 9.6, 49.7, 53.7, 57.3, 56.8, 58.2, 56.9, 59.3, 58.9, 59.6, 58.5, 59.5, 59.5, 60.8, 58.1, 58.5, 59.3], 2: [10.3, 10.5, 9.7, 11.4, 11.1, 9.9, 8.6, 8.9, 9.1, 8.7, 9.4, 9.6, 7.7, 10.1, 10.4, 8.9, 9.1, 9.5, 10.8, 8.4, 8.5, 8.8, 9.1, 8.5, 9.7, 10.0, 9.4, 9.9, 9.9, 9.5, 8.9, 8.9, 9.1, 9.7, 9.7, 9.8, 9.4, 9.9, 9.1, 9.1, 9.2, 9.9, 9.7, 9.4, 8.0, 10.1, 10.6, 9.1, 9.6, 9.0, 9.4, 11.1, 11.1, 9.6, 9.4, 11.5, 10.8, 9.3, 10.8, 8.4, 9.6, 9.3, 9.7, 10.1, 10.9, 10.4], 3: [10.3, 9.9, 8.6, 9.7, 9.2, 9.4, 9.3, 10.7, 11.6, 11.0, 11.6, 11.9, 11.3, 11.4, 12.4, 11.7, 11.1, 11.2, 11.9, 12.5, 13.1, 12.2, 13.1, 12.0, 12.6, 11.9, 12.0, 12.8, 13.5, 12.1, 12.1, 11.7, 11.8, 12.4, 12.6, 11.4, 12.7, 13.3, 13.2, 12.1, 12.3, 12.5, 13.4, 13.2, 13.5, 12.3, 11.5, 12.1, 12.0, 13.0, 10.4, 11.3, 11.9, 10.9, 10.6, 11.5, 10.8, 9.7, 12.1, 11.0, 11.6, 11.6, 11.3, 10.6, 10.6, 11.2], 4: [11.0, 10.0, 10.7, 9.8, 10.8, 10.1, 10.0, 10.9, 10.2, 10.0, 10.2, 9.9, 9.6, 9.1, 8.8, 10.7, 9.8, 9.2, 9.6, 10.3, 8.5, 10.1, 9.6, 9.5, 9.6, 10.4, 10.6, 9.3, 8.9, 8.8, 9.3, 10.3, 10.1, 11.1, 9.8, 11.7, 9.9, 9.1, 10.5, 10.7, 10.0, 10.0, 9.9, 9.4, 9.2, 9.0, 10.6, 9.4, 10.1, 10.3, 12.5, 12.4, 12.1, 11.4, 11.1, 10.9, 10.9, 9.9, 10.6, 11.1, 11.0, 10.0, 10.2, 10.3, 11.0, 9.4], 5: [9.1, 9.4, 10.6, 12.1, 10.5, 10.8, 11.3, 10.7, 10.6, 12.6, 12.5, 11.6, 11.5, 11.1, 10.8, 10.5, 11.1, 11.6, 10.7, 11.8, 10.6, 11.0, 10.2, 10.9, 9.6, 10.6, 9.6, 10.5, 9.3, 8.3, 9.5, 9.2, 9.6, 10.2, 9.2, 9.2, 10.1, 8.9, 9.3, 8.5, 8.8, 9.3, 9.1, 8.6, 9.9, 10.1, 9.0, 10.0, 8.2, 8.3, 8.9, 8.6, 8.5, 9.5, 9.6, 8.6, 9.0, 9.4, 9.4, 8.0, 8.3, 9.1, 9.0, 8.2, 8.7, 8.2], 6: [10.1, 9.9, 12.1, 10.8, 10.4, 9.4, 9.2, 10.1, 11.1, 9.8, 10.4, 11.0, 10.9, 11.0, 13.0, 12.2, 10.5, 11.5, 10.0, 11.8, 9.6, 11.3, 10.6, 9.3, 9.4, 9.0, 10.5, 9.3, 10.4, 9.4, 9.4, 9.5, 10.3, 10.1, 8.4, 8.6, 10.3, 8.7, 9.1, 9.7, 8.6, 9.3, 9.1, 8.7, 8.4, 10.4, 8.9, 9.8, 10.6, 10.7, 9.3, 9.2, 7.6, 9.3, 8.3, 8.0, 8.5, 8.5, 8.1, 8.0, 7.5, 8.3, 8.6, 8.2, 9.4, 8.5], 7: [9.2, 9.7, 10.3, 11.8, 11.8, 11.2, 12.2, 11.5, 10.8, 11.1, 12.2, 11.9, 11.9, 13.4, 12.9, 13.1, 14.1, 12.3, 12.7, 13.3, 11.4, 13.4, 12.8, 12.6, 12.6, 13.0, 13.0, 12.7, 13.0, 11.7, 11.9, 11.9, 12.3, 12.7, 13.8, 12.9, 13.4, 13.5, 12.5, 12.3, 12.5, 12.8, 11.2, 12.4, 13.8, 12.4, 10.7, 12.0, 11.9, 11.7, 14.4, 14.5, 12.1, 13.1, 13.4, 13.6, 12.6, 13.3, 13.3, 14.9, 13.1, 14.6, 15.2, 14.0, 13.9, 13.9], 8: [7.8, 10.2, 9.5, 11.9, 11.6, 10.8, 9.4, 10.0, 9.6, 10.5, 9.9, 9.9, 10.2, 9.4, 9.8, 8.7, 9.4, 8.8, 9.6, 8.2, 8.0, 8.7, 9.1, 8.8, 8.9, 10.2, 8.3, 8.4, 7.6, 8.6, 8.3, 7.2, 8.5, 8.7, 7.7, 8.7, 8.3, 8.4, 8.6, 8.4, 8.8, 7.8, 8.8, 8.7, 8.0, 8.1, 7.1, 7.0, 6.9, 8.4, 6.1, 6.1, 5.5, 6.3, 6.4, 7.2, 7.2, 7.0, 7.3, 7.6, 7.0, 8.6, 7.6, 7.2, 7.2, 7.0], 9: [10.4, 10.8, 9.5, 9.8, 8.9, 8.8, 8.5, 10.6, 9.6, 10.0, 6.8, 8.7, 10.7, 8.9, 9.7, 7.7, 9.0, 9.4, 10.0, 9.5, 9.7, 9.6, 9.4, 8.5, 7.3, 7.6, 9.7, 10.0, 8.1, 9.8, 11.0, 8.9, 10.3, 9.3, 10.3, 8.9, 9.3, 9.7, 10.8, 10.0, 9.6, 9.6, 10.1, 10.1, 9.2, 9.4, 11.1, 8.7, 10.7, 10.9, 9.8, 10.1, 10.9, 9.9, 10.9, 10.6, 9.7, 9.8, 9.9, 9.9, 9.6, 8.9, 9.8, 9.4, 10.4, 9.7]}
----------------------------------------
Epoch   1 | Client   0 | Train: loss=0.022, acc= 99.8% | time=158.8ms | Valid: loss=1.137, acc= 68.0% |
Epoch   2 | Client   0 | Train: loss=0.028, acc= 99.6% | time= 98.4ms | Valid: loss=1.349, acc= 72.0% |
Epoch   3 | Client   0 | Train: loss=0.013, acc= 99.8% | time=111.8ms | Valid: loss=1.136, acc= 64.0% |
Epoch   4 | Client   0 | Train: loss=0.008, acc= 99.8% | time=117.2ms | Valid: loss=1.078, acc= 64.0% |
Epoch   5 | Client   0 | Train: loss=0.139, acc= 94.9% | time=117.3ms | Valid: loss=2.343, acc= 44.0% |
----------------------------------------
Epoch   1 | Client   1 | Train: loss=0.014, acc= 99.8% | time=164.0ms | Valid: loss=1.921, acc= 60.0% |
Epoch   2 | Client   1 | Train: loss=0.019, acc= 99.6% | time= 88.7ms | Valid: loss=1.857, acc= 68.0% |
Epoch   3 | Client   1 | Train: loss=0.004, acc=100.0% | time= 88.8ms | Valid: loss=2.018, acc= 60.0% |
Epoch   4 | Client   1 | Train: loss=0.003, acc=100.0% | time= 80.2ms | Valid: loss=1.845, acc= 60.0% |
Epoch   5 | Client   1 | Train: loss=0.002, acc=100.0% | time= 82.6ms | Valid: loss=1.944, acc= 60.0% |
Skip Updating GPM for layer: 1
----------------------------------------
Epoch   1 | Client   2 | Train: loss=0.063, acc= 97.5% | time=158.6ms | Valid: loss=1.751, acc= 60.0% |
Epoch   2 | Client   2 | Train: loss=0.045, acc= 99.2% | time= 92.4ms | Valid: loss=1.752, acc= 68.0% |
Epoch   3 | Client   2 | Train: loss=0.021, acc= 99.6% | time= 83.5ms | Valid: loss=1.539, acc= 64.0% |
Epoch   4 | Client   2 | Train: loss=0.007, acc=100.0% | time= 83.7ms | Valid: loss=1.472, acc= 68.0% |
Epoch   5 | Client   2 | Train: loss=0.011, acc= 99.6% | time= 84.3ms | Valid: loss=1.395, acc= 76.0% |
----------------------------------------
Epoch   1 | Client   3 | Train: loss=0.016, acc= 99.6% | time=152.4ms | Valid: loss=3.118, acc= 48.0% |
Epoch   2 | Client   3 | Train: loss=0.006, acc=100.0% | time= 95.8ms | Valid: loss=3.356, acc= 40.0% |
Epoch   3 | Client   3 | Train: loss=0.009, acc=100.0% | time= 91.9ms | Valid: loss=3.355, acc= 36.0% |
Epoch   4 | Client   3 | Train: loss=0.010, acc= 99.8% | time= 81.3ms | Valid: loss=3.460, acc= 36.0% |
Epoch   5 | Client   3 | Train: loss=0.003, acc=100.0% | time= 80.0ms | Valid: loss=3.384, acc= 36.0% |
Skip Updating GPM for layer: 1
----------------------------------------
Epoch   1 | Client   4 | Train: loss=0.180, acc= 94.7% | time=143.9ms | Valid: loss=2.048, acc= 52.0% |
Epoch   2 | Client   4 | Train: loss=0.072, acc= 98.3% | time= 91.4ms | Valid: loss=2.091, acc= 56.0% |
Epoch   3 | Client   4 | Train: loss=0.123, acc= 96.8% | time= 83.6ms | Valid: loss=2.267, acc= 52.0% |
Epoch   4 | Client   4 | Train: loss=0.025, acc= 98.9% | time= 80.5ms | Valid: loss=2.454, acc= 56.0% |
Epoch   5 | Client   4 | Train: loss=0.041, acc= 98.1% | time= 81.0ms | Valid: loss=1.854, acc= 60.0% |
----------------------------------------
Epoch   1 | Client   5 | Train: loss=0.030, acc= 99.4% | time=153.2ms | Valid: loss=2.577, acc= 56.0% |
Epoch   2 | Client   5 | Train: loss=0.011, acc= 99.8% | time= 94.1ms | Valid: loss=2.869, acc= 48.0% |
Epoch   3 | Client   5 | Train: loss=0.004, acc=100.0% | time= 86.3ms | Valid: loss=2.746, acc= 48.0% |
Epoch   4 | Client   5 | Train: loss=0.014, acc= 99.6% | time= 82.4ms | Valid: loss=3.203, acc= 48.0% |
Epoch   5 | Client   5 | Train: loss=0.006, acc=100.0% | time= 82.2ms | Valid: loss=2.974, acc= 56.0% |
Skip Updating GPM for layer: 1
----------------------------------------
Epoch   1 | Client   6 | Train: loss=0.021, acc= 99.2% | time=189.3ms | Valid: loss=1.409, acc= 60.0% |
Epoch   2 | Client   6 | Train: loss=0.009, acc=100.0% | time=101.6ms | Valid: loss=1.519, acc= 64.0% |
Epoch   3 | Client   6 | Train: loss=0.037, acc= 99.2% | time= 86.5ms | Valid: loss=1.451, acc= 60.0% |
Epoch   4 | Client   6 | Train: loss=0.022, acc= 99.2% | time= 81.7ms | Valid: loss=1.194, acc= 64.0% |
Epoch   5 | Client   6 | Train: loss=0.012, acc=100.0% | time= 80.4ms | Valid: loss=1.200, acc= 64.0% |
Skip Updating GPM for layer: 1
Skip Updating GPM for layer: 2
----------------------------------------
Epoch   1 | Client   7 | Train: loss=0.076, acc= 97.7% | time=151.3ms | Valid: loss=2.833, acc= 44.0% |
Epoch   2 | Client   7 | Train: loss=0.185, acc= 92.4% | time=100.5ms | Valid: loss=2.679, acc= 48.0% |
Epoch   3 | Client   7 | Train: loss=0.048, acc= 98.7% | time=115.1ms | Valid: loss=2.295, acc= 48.0% |
Epoch   4 | Client   7 | Train: loss=0.142, acc= 96.2% | time=117.6ms | Valid: loss=2.691, acc= 44.0% |
Epoch   5 | Client   7 | Train: loss=0.125, acc= 95.6% | time=119.1ms | Valid: loss=3.331, acc= 36.0% |
----------------------------------------
Epoch   1 | Client   8 | Train: loss=0.019, acc= 99.4% | time=146.7ms | Valid: loss=1.932, acc= 60.0% |
Epoch   2 | Client   8 | Train: loss=0.008, acc= 99.8% | time=110.8ms | Valid: loss=2.130, acc= 64.0% |
Epoch   3 | Client   8 | Train: loss=0.003, acc=100.0% | time=119.7ms | Valid: loss=2.211, acc= 52.0% |
Epoch   4 | Client   8 | Train: loss=0.002, acc=100.0% | time=118.5ms | Valid: loss=2.165, acc= 56.0% |
Epoch   5 | Client   8 | Train: loss=0.008, acc=100.0% | time=119.3ms | Valid: loss=2.417, acc= 64.0% |
Skip Updating GPM for layer: 1
----------------------------------------
Epoch   1 | Client   9 | Train: loss=0.027, acc= 99.4% | time=158.3ms | Valid: loss=1.856, acc= 60.0% |
Epoch   2 | Client   9 | Train: loss=0.066, acc= 98.5% | time=122.2ms | Valid: loss=2.217, acc= 48.0% |
Epoch   3 | Client   9 | Train: loss=0.011, acc= 99.8% | time=119.7ms | Valid: loss=1.929, acc= 52.0% |
Epoch   4 | Client   9 | Train: loss=0.006, acc= 99.8% | time=118.7ms | Valid: loss=1.810, acc= 56.0% |
Epoch   5 | Client   9 | Train: loss=0.060, acc= 97.9% | time=118.1ms | Valid: loss=2.457, acc= 44.0% |
Skip Updating GPM for layer: 1
----------------------------------------
G-Epoch:  16, Test: loss=1.987 , acc= 58.5%
****************************************
Task:   0, G-Epoch:  16, Test: loss=2.601 , acc= 54.1%
Task:   1, G-Epoch:  16, Test: loss=1.969 , acc= 59.4%
Task:   2, G-Epoch:  16, Test: loss=2.311 , acc=  9.9%
Task:   3, G-Epoch:  16, Test: loss=2.309 , acc= 10.5%
Task:   4, G-Epoch:  16, Test: loss=2.325 , acc= 10.2%
Task:   5, G-Epoch:  16, Test: loss=2.296 , acc=  8.2%
Task:   6, G-Epoch:  16, Test: loss=2.308 , acc=  8.9%
Task:   7, G-Epoch:  16, Test: loss=2.307 , acc= 14.3%
Task:   8, G-Epoch:  16, Test: loss=2.328 , acc=  7.3%
Task:   9, G-Epoch:  16, Test: loss=2.310 , acc= 10.2%
{0: [39.3, 45.7, 48.7, 48.8, 51.1, 52.3, 53.9, 51.6, 55.6, 54.8, 53.3, 54.9, 58.1, 57.8, 55.8, 58.5, 58.6, 58.9, 57.4, 60.4, 61.3, 56.9, 60.1, 60.2, 60.8, 60.2, 60.8, 61.6, 61.5, 61.0, 62.5, 62.5, 64.4, 61.7, 62.6, 62.6, 63.1, 63.9, 65.4, 63.5, 65.0, 63.8, 64.1, 65.7, 66.4, 65.1, 63.0, 66.9, 65.3, 66.5, 68.2, 66.5, 65.4, 65.8, 64.3, 63.8, 64.5, 62.4, 61.7, 61.1, 60.5, 58.7, 57.8, 58.2, 58.3, 55.9, 54.1], 1: [10.2, 9.5, 11.1, 11.0, 9.3, 10.0, 10.6, 10.7, 11.2, 8.9, 9.1, 10.8, 10.8, 10.3, 9.9, 9.1, 11.7, 10.1, 10.2, 11.4, 8.8, 9.8, 10.9, 9.7, 9.2, 9.7, 10.1, 9.5, 9.9, 9.0, 9.4, 9.2, 9.6, 8.9, 9.1, 8.4, 8.4, 8.8, 10.2, 8.7, 8.9, 10.8, 8.1, 9.5, 9.5, 9.3, 10.3, 10.0, 9.3, 9.6, 49.7, 53.7, 57.3, 56.8, 58.2, 56.9, 59.3, 58.9, 59.6, 58.5, 59.5, 59.5, 60.8, 58.1, 58.5, 59.3, 59.4], 2: [10.3, 10.5, 9.7, 11.4, 11.1, 9.9, 8.6, 8.9, 9.1, 8.7, 9.4, 9.6, 7.7, 10.1, 10.4, 8.9, 9.1, 9.5, 10.8, 8.4, 8.5, 8.8, 9.1, 8.5, 9.7, 10.0, 9.4, 9.9, 9.9, 9.5, 8.9, 8.9, 9.1, 9.7, 9.7, 9.8, 9.4, 9.9, 9.1, 9.1, 9.2, 9.9, 9.7, 9.4, 8.0, 10.1, 10.6, 9.1, 9.6, 9.0, 9.4, 11.1, 11.1, 9.6, 9.4, 11.5, 10.8, 9.3, 10.8, 8.4, 9.6, 9.3, 9.7, 10.1, 10.9, 10.4, 9.9], 3: [10.3, 9.9, 8.6, 9.7, 9.2, 9.4, 9.3, 10.7, 11.6, 11.0, 11.6, 11.9, 11.3, 11.4, 12.4, 11.7, 11.1, 11.2, 11.9, 12.5, 13.1, 12.2, 13.1, 12.0, 12.6, 11.9, 12.0, 12.8, 13.5, 12.1, 12.1, 11.7, 11.8, 12.4, 12.6, 11.4, 12.7, 13.3, 13.2, 12.1, 12.3, 12.5, 13.4, 13.2, 13.5, 12.3, 11.5, 12.1, 12.0, 13.0, 10.4, 11.3, 11.9, 10.9, 10.6, 11.5, 10.8, 9.7, 12.1, 11.0, 11.6, 11.6, 11.3, 10.6, 10.6, 11.2, 10.5], 4: [11.0, 10.0, 10.7, 9.8, 10.8, 10.1, 10.0, 10.9, 10.2, 10.0, 10.2, 9.9, 9.6, 9.1, 8.8, 10.7, 9.8, 9.2, 9.6, 10.3, 8.5, 10.1, 9.6, 9.5, 9.6, 10.4, 10.6, 9.3, 8.9, 8.8, 9.3, 10.3, 10.1, 11.1, 9.8, 11.7, 9.9, 9.1, 10.5, 10.7, 10.0, 10.0, 9.9, 9.4, 9.2, 9.0, 10.6, 9.4, 10.1, 10.3, 12.5, 12.4, 12.1, 11.4, 11.1, 10.9, 10.9, 9.9, 10.6, 11.1, 11.0, 10.0, 10.2, 10.3, 11.0, 9.4, 10.2], 5: [9.1, 9.4, 10.6, 12.1, 10.5, 10.8, 11.3, 10.7, 10.6, 12.6, 12.5, 11.6, 11.5, 11.1, 10.8, 10.5, 11.1, 11.6, 10.7, 11.8, 10.6, 11.0, 10.2, 10.9, 9.6, 10.6, 9.6, 10.5, 9.3, 8.3, 9.5, 9.2, 9.6, 10.2, 9.2, 9.2, 10.1, 8.9, 9.3, 8.5, 8.8, 9.3, 9.1, 8.6, 9.9, 10.1, 9.0, 10.0, 8.2, 8.3, 8.9, 8.6, 8.5, 9.5, 9.6, 8.6, 9.0, 9.4, 9.4, 8.0, 8.3, 9.1, 9.0, 8.2, 8.7, 8.2, 8.2], 6: [10.1, 9.9, 12.1, 10.8, 10.4, 9.4, 9.2, 10.1, 11.1, 9.8, 10.4, 11.0, 10.9, 11.0, 13.0, 12.2, 10.5, 11.5, 10.0, 11.8, 9.6, 11.3, 10.6, 9.3, 9.4, 9.0, 10.5, 9.3, 10.4, 9.4, 9.4, 9.5, 10.3, 10.1, 8.4, 8.6, 10.3, 8.7, 9.1, 9.7, 8.6, 9.3, 9.1, 8.7, 8.4, 10.4, 8.9, 9.8, 10.6, 10.7, 9.3, 9.2, 7.6, 9.3, 8.3, 8.0, 8.5, 8.5, 8.1, 8.0, 7.5, 8.3, 8.6, 8.2, 9.4, 8.5, 8.9], 7: [9.2, 9.7, 10.3, 11.8, 11.8, 11.2, 12.2, 11.5, 10.8, 11.1, 12.2, 11.9, 11.9, 13.4, 12.9, 13.1, 14.1, 12.3, 12.7, 13.3, 11.4, 13.4, 12.8, 12.6, 12.6, 13.0, 13.0, 12.7, 13.0, 11.7, 11.9, 11.9, 12.3, 12.7, 13.8, 12.9, 13.4, 13.5, 12.5, 12.3, 12.5, 12.8, 11.2, 12.4, 13.8, 12.4, 10.7, 12.0, 11.9, 11.7, 14.4, 14.5, 12.1, 13.1, 13.4, 13.6, 12.6, 13.3, 13.3, 14.9, 13.1, 14.6, 15.2, 14.0, 13.9, 13.9, 14.3], 8: [7.8, 10.2, 9.5, 11.9, 11.6, 10.8, 9.4, 10.0, 9.6, 10.5, 9.9, 9.9, 10.2, 9.4, 9.8, 8.7, 9.4, 8.8, 9.6, 8.2, 8.0, 8.7, 9.1, 8.8, 8.9, 10.2, 8.3, 8.4, 7.6, 8.6, 8.3, 7.2, 8.5, 8.7, 7.7, 8.7, 8.3, 8.4, 8.6, 8.4, 8.8, 7.8, 8.8, 8.7, 8.0, 8.1, 7.1, 7.0, 6.9, 8.4, 6.1, 6.1, 5.5, 6.3, 6.4, 7.2, 7.2, 7.0, 7.3, 7.6, 7.0, 8.6, 7.6, 7.2, 7.2, 7.0, 7.3], 9: [10.4, 10.8, 9.5, 9.8, 8.9, 8.8, 8.5, 10.6, 9.6, 10.0, 6.8, 8.7, 10.7, 8.9, 9.7, 7.7, 9.0, 9.4, 10.0, 9.5, 9.7, 9.6, 9.4, 8.5, 7.3, 7.6, 9.7, 10.0, 8.1, 9.8, 11.0, 8.9, 10.3, 9.3, 10.3, 8.9, 9.3, 9.7, 10.8, 10.0, 9.6, 9.6, 10.1, 10.1, 9.2, 9.4, 11.1, 8.7, 10.7, 10.9, 9.8, 10.1, 10.9, 9.9, 10.9, 10.6, 9.7, 9.8, 9.9, 9.9, 9.6, 8.9, 9.8, 9.4, 10.4, 9.7, 10.2]}
----------------------------------------
Epoch   1 | Client   0 | Train: loss=0.034, acc= 99.2% | time=150.8ms | Valid: loss=1.327, acc= 60.0% |
Epoch   2 | Client   0 | Train: loss=0.015, acc= 99.6% | time= 95.2ms | Valid: loss=1.444, acc= 68.0% |
Epoch   3 | Client   0 | Train: loss=0.045, acc= 98.3% | time=113.7ms | Valid: loss=1.491, acc= 64.0% |
Epoch   4 | Client   0 | Train: loss=0.033, acc= 99.4% | time= 94.7ms | Valid: loss=1.716, acc= 64.0% |
Epoch   5 | Client   0 | Train: loss=0.013, acc=100.0% | time= 81.4ms | Valid: loss=1.582, acc= 56.0% |
----------------------------------------
Epoch   1 | Client   1 | Train: loss=0.027, acc= 99.4% | time=156.6ms | Valid: loss=1.605, acc= 60.0% |
Epoch   2 | Client   1 | Train: loss=0.004, acc=100.0% | time= 94.7ms | Valid: loss=1.647, acc= 64.0% |
Epoch   3 | Client   1 | Train: loss=0.004, acc=100.0% | time= 81.5ms | Valid: loss=1.662, acc= 64.0% |
Epoch   4 | Client   1 | Train: loss=0.004, acc=100.0% | time= 79.0ms | Valid: loss=1.735, acc= 64.0% |
Epoch   5 | Client   1 | Train: loss=0.003, acc=100.0% | time= 79.0ms | Valid: loss=1.771, acc= 64.0% |
Skip Updating GPM for layer: 1
----------------------------------------
Epoch   1 | Client   2 | Train: loss=0.388, acc= 89.9% | time=155.0ms | Valid: loss=3.565, acc= 40.0% |
Epoch   2 | Client   2 | Train: loss=0.023, acc= 99.6% | time= 91.2ms | Valid: loss=1.754, acc= 72.0% |
Epoch   3 | Client   2 | Train: loss=0.045, acc= 99.2% | time= 81.7ms | Valid: loss=1.729, acc= 64.0% |
Epoch   4 | Client   2 | Train: loss=0.063, acc= 98.1% | time= 80.7ms | Valid: loss=1.653, acc= 64.0% |
Epoch   5 | Client   2 | Train: loss=0.064, acc= 98.1% | time= 78.6ms | Valid: loss=1.801, acc= 64.0% |
----------------------------------------
Epoch   1 | Client   3 | Train: loss=0.008, acc=100.0% | time=157.3ms | Valid: loss=3.177, acc= 52.0% |
Epoch   2 | Client   3 | Train: loss=0.010, acc=100.0% | time=120.0ms | Valid: loss=2.929, acc= 44.0% |
Epoch   3 | Client   3 | Train: loss=0.008, acc=100.0% | time= 88.4ms | Valid: loss=2.916, acc= 52.0% |
Epoch   4 | Client   3 | Train: loss=0.002, acc=100.0% | time= 79.3ms | Valid: loss=2.868, acc= 44.0% |
Epoch   5 | Client   3 | Train: loss=0.004, acc=100.0% | time= 78.4ms | Valid: loss=3.141, acc= 44.0% |
Skip Updating GPM for layer: 1
----------------------------------------
Epoch   1 | Client   4 | Train: loss=0.021, acc= 99.2% | time=168.6ms | Valid: loss=1.784, acc= 60.0% |
Epoch   2 | Client   4 | Train: loss=0.061, acc= 97.9% | time= 93.3ms | Valid: loss=2.514, acc= 60.0% |
Epoch   3 | Client   4 | Train: loss=0.012, acc=100.0% | time= 83.9ms | Valid: loss=2.153, acc= 56.0% |
Epoch   4 | Client   4 | Train: loss=0.116, acc= 96.4% | time=110.6ms | Valid: loss=2.303, acc= 56.0% |
Epoch   5 | Client   4 | Train: loss=0.033, acc= 99.4% | time=114.1ms | Valid: loss=2.373, acc= 60.0% |
----------------------------------------
Epoch   1 | Client   5 | Train: loss=0.048, acc= 98.1% | time=152.7ms | Valid: loss=2.763, acc= 52.0% |
Epoch   2 | Client   5 | Train: loss=0.003, acc=100.0% | time= 89.0ms | Valid: loss=2.458, acc= 56.0% |
Epoch   3 | Client   5 | Train: loss=0.015, acc= 99.4% | time= 90.5ms | Valid: loss=3.074, acc= 56.0% |
Epoch   4 | Client   5 | Train: loss=0.010, acc=100.0% | time= 79.3ms | Valid: loss=2.762, acc= 56.0% |
Epoch   5 | Client   5 | Train: loss=0.137, acc= 96.6% | time= 78.5ms | Valid: loss=3.039, acc= 52.0% |
Skip Updating GPM for layer: 1
Skip Updating GPM for layer: 2
----------------------------------------
Epoch   1 | Client   6 | Train: loss=0.016, acc= 99.6% | time=170.8ms | Valid: loss=1.587, acc= 60.0% |
Epoch   2 | Client   6 | Train: loss=0.015, acc= 99.6% | time= 99.0ms | Valid: loss=1.612, acc= 60.0% |
Epoch   3 | Client   6 | Train: loss=0.028, acc= 99.6% | time= 91.5ms | Valid: loss=1.808, acc= 60.0% |
Epoch   4 | Client   6 | Train: loss=0.003, acc=100.0% | time= 85.8ms | Valid: loss=1.336, acc= 64.0% |
Epoch   5 | Client   6 | Train: loss=0.026, acc= 98.7% | time= 78.2ms | Valid: loss=1.327, acc= 68.0% |
Skip Updating GPM for layer: 1
----------------------------------------
Epoch   1 | Client   7 | Train: loss=0.101, acc= 97.1% | time=141.7ms | Valid: loss=2.711, acc= 40.0% |
Epoch   2 | Client   7 | Train: loss=0.062, acc= 98.7% | time= 97.1ms | Valid: loss=2.717, acc= 44.0% |
Epoch   3 | Client   7 | Train: loss=0.055, acc= 97.9% | time=101.8ms | Valid: loss=2.593, acc= 40.0% |
Epoch   4 | Client   7 | Train: loss=0.021, acc= 99.6% | time= 81.0ms | Valid: loss=3.394, acc= 36.0% |
Epoch   5 | Client   7 | Train: loss=0.037, acc= 98.5% | time= 79.1ms | Valid: loss=2.891, acc= 48.0% |
----------------------------------------
Epoch   1 | Client   8 | Train: loss=0.057, acc= 98.3% | time=157.5ms | Valid: loss=1.943, acc= 48.0% |
Epoch   2 | Client   8 | Train: loss=0.012, acc= 99.8% | time=122.3ms | Valid: loss=1.762, acc= 60.0% |
Epoch   3 | Client   8 | Train: loss=0.007, acc= 99.8% | time= 89.0ms | Valid: loss=1.960, acc= 56.0% |
Epoch   4 | Client   8 | Train: loss=0.027, acc= 99.6% | time= 83.6ms | Valid: loss=2.061, acc= 60.0% |
Epoch   5 | Client   8 | Train: loss=0.002, acc=100.0% | time= 79.9ms | Valid: loss=2.025, acc= 56.0% |
Skip Updating GPM for layer: 1
----------------------------------------
Epoch   1 | Client   9 | Train: loss=0.033, acc= 98.7% | time=164.8ms | Valid: loss=1.964, acc= 40.0% |
Epoch   2 | Client   9 | Train: loss=0.048, acc= 98.7% | time= 91.1ms | Valid: loss=2.204, acc= 52.0% |
Epoch   3 | Client   9 | Train: loss=0.059, acc= 98.1% | time= 80.0ms | Valid: loss=2.432, acc= 44.0% |
Epoch   4 | Client   9 | Train: loss=0.023, acc= 99.2% | time= 79.0ms | Valid: loss=2.244, acc= 40.0% |
Epoch   5 | Client   9 | Train: loss=0.004, acc=100.0% | time= 78.9ms | Valid: loss=1.934, acc= 60.0% |
Skip Updating GPM for layer: 1
----------------------------------------
G-Epoch:  17, Test: loss=2.033 , acc= 57.8%
****************************************
Task:   0, G-Epoch:  17, Test: loss=2.556 , acc= 51.9%
Task:   1, G-Epoch:  17, Test: loss=1.989 , acc= 58.8%
Task:   2, G-Epoch:  17, Test: loss=2.310 , acc= 10.2%
Task:   3, G-Epoch:  17, Test: loss=2.310 , acc= 10.4%
Task:   4, G-Epoch:  17, Test: loss=2.328 , acc= 10.4%
Task:   5, G-Epoch:  17, Test: loss=2.298 , acc=  8.9%
Task:   6, G-Epoch:  17, Test: loss=2.309 , acc=  8.5%
Task:   7, G-Epoch:  17, Test: loss=2.306 , acc= 12.9%
Task:   8, G-Epoch:  17, Test: loss=2.328 , acc=  7.6%
Task:   9, G-Epoch:  17, Test: loss=2.312 , acc=  9.5%
{0: [39.3, 45.7, 48.7, 48.8, 51.1, 52.3, 53.9, 51.6, 55.6, 54.8, 53.3, 54.9, 58.1, 57.8, 55.8, 58.5, 58.6, 58.9, 57.4, 60.4, 61.3, 56.9, 60.1, 60.2, 60.8, 60.2, 60.8, 61.6, 61.5, 61.0, 62.5, 62.5, 64.4, 61.7, 62.6, 62.6, 63.1, 63.9, 65.4, 63.5, 65.0, 63.8, 64.1, 65.7, 66.4, 65.1, 63.0, 66.9, 65.3, 66.5, 68.2, 66.5, 65.4, 65.8, 64.3, 63.8, 64.5, 62.4, 61.7, 61.1, 60.5, 58.7, 57.8, 58.2, 58.3, 55.9, 54.1, 51.9], 1: [10.2, 9.5, 11.1, 11.0, 9.3, 10.0, 10.6, 10.7, 11.2, 8.9, 9.1, 10.8, 10.8, 10.3, 9.9, 9.1, 11.7, 10.1, 10.2, 11.4, 8.8, 9.8, 10.9, 9.7, 9.2, 9.7, 10.1, 9.5, 9.9, 9.0, 9.4, 9.2, 9.6, 8.9, 9.1, 8.4, 8.4, 8.8, 10.2, 8.7, 8.9, 10.8, 8.1, 9.5, 9.5, 9.3, 10.3, 10.0, 9.3, 9.6, 49.7, 53.7, 57.3, 56.8, 58.2, 56.9, 59.3, 58.9, 59.6, 58.5, 59.5, 59.5, 60.8, 58.1, 58.5, 59.3, 59.4, 58.8], 2: [10.3, 10.5, 9.7, 11.4, 11.1, 9.9, 8.6, 8.9, 9.1, 8.7, 9.4, 9.6, 7.7, 10.1, 10.4, 8.9, 9.1, 9.5, 10.8, 8.4, 8.5, 8.8, 9.1, 8.5, 9.7, 10.0, 9.4, 9.9, 9.9, 9.5, 8.9, 8.9, 9.1, 9.7, 9.7, 9.8, 9.4, 9.9, 9.1, 9.1, 9.2, 9.9, 9.7, 9.4, 8.0, 10.1, 10.6, 9.1, 9.6, 9.0, 9.4, 11.1, 11.1, 9.6, 9.4, 11.5, 10.8, 9.3, 10.8, 8.4, 9.6, 9.3, 9.7, 10.1, 10.9, 10.4, 9.9, 10.2], 3: [10.3, 9.9, 8.6, 9.7, 9.2, 9.4, 9.3, 10.7, 11.6, 11.0, 11.6, 11.9, 11.3, 11.4, 12.4, 11.7, 11.1, 11.2, 11.9, 12.5, 13.1, 12.2, 13.1, 12.0, 12.6, 11.9, 12.0, 12.8, 13.5, 12.1, 12.1, 11.7, 11.8, 12.4, 12.6, 11.4, 12.7, 13.3, 13.2, 12.1, 12.3, 12.5, 13.4, 13.2, 13.5, 12.3, 11.5, 12.1, 12.0, 13.0, 10.4, 11.3, 11.9, 10.9, 10.6, 11.5, 10.8, 9.7, 12.1, 11.0, 11.6, 11.6, 11.3, 10.6, 10.6, 11.2, 10.5, 10.4], 4: [11.0, 10.0, 10.7, 9.8, 10.8, 10.1, 10.0, 10.9, 10.2, 10.0, 10.2, 9.9, 9.6, 9.1, 8.8, 10.7, 9.8, 9.2, 9.6, 10.3, 8.5, 10.1, 9.6, 9.5, 9.6, 10.4, 10.6, 9.3, 8.9, 8.8, 9.3, 10.3, 10.1, 11.1, 9.8, 11.7, 9.9, 9.1, 10.5, 10.7, 10.0, 10.0, 9.9, 9.4, 9.2, 9.0, 10.6, 9.4, 10.1, 10.3, 12.5, 12.4, 12.1, 11.4, 11.1, 10.9, 10.9, 9.9, 10.6, 11.1, 11.0, 10.0, 10.2, 10.3, 11.0, 9.4, 10.2, 10.4], 5: [9.1, 9.4, 10.6, 12.1, 10.5, 10.8, 11.3, 10.7, 10.6, 12.6, 12.5, 11.6, 11.5, 11.1, 10.8, 10.5, 11.1, 11.6, 10.7, 11.8, 10.6, 11.0, 10.2, 10.9, 9.6, 10.6, 9.6, 10.5, 9.3, 8.3, 9.5, 9.2, 9.6, 10.2, 9.2, 9.2, 10.1, 8.9, 9.3, 8.5, 8.8, 9.3, 9.1, 8.6, 9.9, 10.1, 9.0, 10.0, 8.2, 8.3, 8.9, 8.6, 8.5, 9.5, 9.6, 8.6, 9.0, 9.4, 9.4, 8.0, 8.3, 9.1, 9.0, 8.2, 8.7, 8.2, 8.2, 8.9], 6: [10.1, 9.9, 12.1, 10.8, 10.4, 9.4, 9.2, 10.1, 11.1, 9.8, 10.4, 11.0, 10.9, 11.0, 13.0, 12.2, 10.5, 11.5, 10.0, 11.8, 9.6, 11.3, 10.6, 9.3, 9.4, 9.0, 10.5, 9.3, 10.4, 9.4, 9.4, 9.5, 10.3, 10.1, 8.4, 8.6, 10.3, 8.7, 9.1, 9.7, 8.6, 9.3, 9.1, 8.7, 8.4, 10.4, 8.9, 9.8, 10.6, 10.7, 9.3, 9.2, 7.6, 9.3, 8.3, 8.0, 8.5, 8.5, 8.1, 8.0, 7.5, 8.3, 8.6, 8.2, 9.4, 8.5, 8.9, 8.5], 7: [9.2, 9.7, 10.3, 11.8, 11.8, 11.2, 12.2, 11.5, 10.8, 11.1, 12.2, 11.9, 11.9, 13.4, 12.9, 13.1, 14.1, 12.3, 12.7, 13.3, 11.4, 13.4, 12.8, 12.6, 12.6, 13.0, 13.0, 12.7, 13.0, 11.7, 11.9, 11.9, 12.3, 12.7, 13.8, 12.9, 13.4, 13.5, 12.5, 12.3, 12.5, 12.8, 11.2, 12.4, 13.8, 12.4, 10.7, 12.0, 11.9, 11.7, 14.4, 14.5, 12.1, 13.1, 13.4, 13.6, 12.6, 13.3, 13.3, 14.9, 13.1, 14.6, 15.2, 14.0, 13.9, 13.9, 14.3, 12.9], 8: [7.8, 10.2, 9.5, 11.9, 11.6, 10.8, 9.4, 10.0, 9.6, 10.5, 9.9, 9.9, 10.2, 9.4, 9.8, 8.7, 9.4, 8.8, 9.6, 8.2, 8.0, 8.7, 9.1, 8.8, 8.9, 10.2, 8.3, 8.4, 7.6, 8.6, 8.3, 7.2, 8.5, 8.7, 7.7, 8.7, 8.3, 8.4, 8.6, 8.4, 8.8, 7.8, 8.8, 8.7, 8.0, 8.1, 7.1, 7.0, 6.9, 8.4, 6.1, 6.1, 5.5, 6.3, 6.4, 7.2, 7.2, 7.0, 7.3, 7.6, 7.0, 8.6, 7.6, 7.2, 7.2, 7.0, 7.3, 7.6], 9: [10.4, 10.8, 9.5, 9.8, 8.9, 8.8, 8.5, 10.6, 9.6, 10.0, 6.8, 8.7, 10.7, 8.9, 9.7, 7.7, 9.0, 9.4, 10.0, 9.5, 9.7, 9.6, 9.4, 8.5, 7.3, 7.6, 9.7, 10.0, 8.1, 9.8, 11.0, 8.9, 10.3, 9.3, 10.3, 8.9, 9.3, 9.7, 10.8, 10.0, 9.6, 9.6, 10.1, 10.1, 9.2, 9.4, 11.1, 8.7, 10.7, 10.9, 9.8, 10.1, 10.9, 9.9, 10.9, 10.6, 9.7, 9.8, 9.9, 9.9, 9.6, 8.9, 9.8, 9.4, 10.4, 9.7, 10.2, 9.5]}
----------------------------------------
Epoch   1 | Client   0 | Train: loss=0.042, acc= 98.1% | time=150.6ms | Valid: loss=1.539, acc= 52.0% |
Epoch   2 | Client   0 | Train: loss=0.020, acc= 99.8% | time= 87.3ms | Valid: loss=1.412, acc= 72.0% |
Epoch   3 | Client   0 | Train: loss=0.022, acc= 99.6% | time= 81.0ms | Valid: loss=1.367, acc= 64.0% |
Epoch   4 | Client   0 | Train: loss=0.027, acc= 99.2% | time= 80.5ms | Valid: loss=1.093, acc= 72.0% |
Epoch   5 | Client   0 | Train: loss=0.017, acc= 99.8% | time= 78.7ms | Valid: loss=1.547, acc= 64.0% |
----------------------------------------
Epoch   1 | Client   1 | Train: loss=0.007, acc= 99.8% | time=153.1ms | Valid: loss=1.618, acc= 68.0% |
Epoch   2 | Client   1 | Train: loss=0.015, acc= 99.2% | time= 90.8ms | Valid: loss=1.879, acc= 60.0% |
Epoch   3 | Client   1 | Train: loss=0.067, acc= 97.9% | time= 79.4ms | Valid: loss=2.151, acc= 56.0% |
Epoch   4 | Client   1 | Train: loss=0.006, acc=100.0% | time= 76.6ms | Valid: loss=2.025, acc= 64.0% |
Epoch   5 | Client   1 | Train: loss=0.024, acc= 99.2% | time=106.1ms | Valid: loss=1.917, acc= 64.0% |
Skip Updating GPM for layer: 1
Skip Updating GPM for layer: 2
----------------------------------------
Epoch   1 | Client   2 | Train: loss=0.155, acc= 95.4% | time=148.0ms | Valid: loss=1.821, acc= 60.0% |
Epoch   2 | Client   2 | Train: loss=0.158, acc= 95.6% | time= 86.8ms | Valid: loss=1.810, acc= 64.0% |
Epoch   3 | Client   2 | Train: loss=0.067, acc= 98.5% | time= 80.8ms | Valid: loss=1.821, acc= 64.0% |
Epoch   4 | Client   2 | Train: loss=0.037, acc= 98.5% | time= 93.4ms | Valid: loss=1.869, acc= 60.0% |
Epoch   5 | Client   2 | Train: loss=0.081, acc= 97.3% | time= 78.1ms | Valid: loss=1.881, acc= 68.0% |
----------------------------------------
Epoch   1 | Client   3 | Train: loss=0.030, acc= 98.7% | time=164.6ms | Valid: loss=2.677, acc= 40.0% |
Epoch   2 | Client   3 | Train: loss=0.021, acc= 99.6% | time= 94.7ms | Valid: loss=3.030, acc= 40.0% |
Epoch   3 | Client   3 | Train: loss=0.006, acc=100.0% | time= 83.4ms | Valid: loss=3.138, acc= 40.0% |
Epoch   4 | Client   3 | Train: loss=0.002, acc=100.0% | time= 79.7ms | Valid: loss=3.343, acc= 44.0% |
Epoch   5 | Client   3 | Train: loss=0.004, acc=100.0% | time= 78.3ms | Valid: loss=2.962, acc= 48.0% |
Skip Updating GPM for layer: 1
----------------------------------------
Epoch   1 | Client   4 | Train: loss=0.026, acc= 99.4% | time=137.6ms | Valid: loss=1.944, acc= 64.0% |
Epoch   2 | Client   4 | Train: loss=0.058, acc= 98.5% | time=114.0ms | Valid: loss=2.491, acc= 52.0% |
Epoch   3 | Client   4 | Train: loss=0.066, acc= 98.1% | time= 90.3ms | Valid: loss=2.064, acc= 48.0% |
Epoch   4 | Client   4 | Train: loss=0.030, acc= 99.6% | time= 80.3ms | Valid: loss=2.350, acc= 52.0% |
Epoch   5 | Client   4 | Train: loss=0.030, acc= 99.4% | time= 78.0ms | Valid: loss=2.471, acc= 60.0% |
----------------------------------------
Epoch   1 | Client   5 | Train: loss=0.121, acc= 96.6% | time=163.6ms | Valid: loss=2.448, acc= 56.0% |
Epoch   2 | Client   5 | Train: loss=0.207, acc= 93.7% | time= 92.0ms | Valid: loss=3.041, acc= 48.0% |
Epoch   3 | Client   5 | Train: loss=0.013, acc= 99.8% | time= 90.4ms | Valid: loss=2.909, acc= 52.0% |
Epoch   4 | Client   5 | Train: loss=0.014, acc= 99.8% | time= 79.2ms | Valid: loss=2.752, acc= 52.0% |
Epoch   5 | Client   5 | Train: loss=0.032, acc= 98.7% | time= 80.2ms | Valid: loss=2.811, acc= 44.0% |
Skip Updating GPM for layer: 1
Skip Updating GPM for layer: 2
----------------------------------------
Epoch   1 | Client   6 | Train: loss=0.017, acc= 99.4% | time=160.0ms | Valid: loss=1.217, acc= 72.0% |
Epoch   2 | Client   6 | Train: loss=0.009, acc= 99.8% | time= 86.0ms | Valid: loss=1.483, acc= 64.0% |
Epoch   3 | Client   6 | Train: loss=0.013, acc= 99.4% | time= 84.6ms | Valid: loss=1.718, acc= 60.0% |
Epoch   4 | Client   6 | Train: loss=0.019, acc= 99.6% | time= 79.7ms | Valid: loss=1.680, acc= 64.0% |
Epoch   5 | Client   6 | Train: loss=0.003, acc=100.0% | time= 79.6ms | Valid: loss=1.528, acc= 60.0% |
Skip Updating GPM for layer: 1
----------------------------------------
Epoch   1 | Client   7 | Train: loss=0.168, acc= 94.9% | time=167.4ms | Valid: loss=3.415, acc= 44.0% |
Epoch   2 | Client   7 | Train: loss=0.085, acc= 96.2% | time= 87.2ms | Valid: loss=2.898, acc= 44.0% |
Epoch   3 | Client   7 | Train: loss=0.214, acc= 93.3% | time= 85.2ms | Valid: loss=2.469, acc= 40.0% |
Epoch   4 | Client   7 | Train: loss=0.045, acc= 98.7% | time= 81.1ms | Valid: loss=2.812, acc= 32.0% |
Epoch   5 | Client   7 | Train: loss=0.033, acc= 99.6% | time= 79.0ms | Valid: loss=2.712, acc= 60.0% |
----------------------------------------
Epoch   1 | Client   8 | Train: loss=0.010, acc= 99.8% | time=153.6ms | Valid: loss=1.967, acc= 56.0% |
Epoch   2 | Client   8 | Train: loss=0.003, acc=100.0% | time= 92.7ms | Valid: loss=1.801, acc= 64.0% |
Epoch   3 | Client   8 | Train: loss=0.013, acc= 99.6% | time= 89.6ms | Valid: loss=1.873, acc= 60.0% |
Epoch   4 | Client   8 | Train: loss=0.002, acc=100.0% | time= 79.9ms | Valid: loss=1.956, acc= 60.0% |
Epoch   5 | Client   8 | Train: loss=0.002, acc=100.0% | time= 80.5ms | Valid: loss=1.902, acc= 64.0% |
Skip Updating GPM for layer: 1
----------------------------------------
Epoch   1 | Client   9 | Train: loss=0.015, acc= 99.8% | time=151.8ms | Valid: loss=1.990, acc= 60.0% |
Epoch   2 | Client   9 | Train: loss=0.003, acc=100.0% | time= 90.4ms | Valid: loss=1.767, acc= 60.0% |
Epoch   3 | Client   9 | Train: loss=0.004, acc=100.0% | time= 84.0ms | Valid: loss=1.861, acc= 60.0% |
Epoch   4 | Client   9 | Train: loss=0.004, acc=100.0% | time= 79.9ms | Valid: loss=2.022, acc= 56.0% |
Epoch   5 | Client   9 | Train: loss=0.003, acc=100.0% | time=102.5ms | Valid: loss=1.702, acc= 64.0% |
Skip Updating GPM for layer: 1
----------------------------------------
G-Epoch:  18, Test: loss=1.971 , acc= 59.6%
****************************************
Task:   0, G-Epoch:  18, Test: loss=2.532 , acc= 52.1%
Task:   1, G-Epoch:  18, Test: loss=1.910 , acc= 60.4%
Task:   2, G-Epoch:  18, Test: loss=2.310 , acc=  9.5%
Task:   3, G-Epoch:  18, Test: loss=2.312 , acc= 10.5%
Task:   4, G-Epoch:  18, Test: loss=2.329 , acc=  9.5%
Task:   5, G-Epoch:  18, Test: loss=2.298 , acc=  8.9%
Task:   6, G-Epoch:  18, Test: loss=2.311 , acc=  8.0%
Task:   7, G-Epoch:  18, Test: loss=2.307 , acc= 13.0%
Task:   8, G-Epoch:  18, Test: loss=2.327 , acc=  7.2%
Task:   9, G-Epoch:  18, Test: loss=2.312 , acc=  9.9%
{0: [39.3, 45.7, 48.7, 48.8, 51.1, 52.3, 53.9, 51.6, 55.6, 54.8, 53.3, 54.9, 58.1, 57.8, 55.8, 58.5, 58.6, 58.9, 57.4, 60.4, 61.3, 56.9, 60.1, 60.2, 60.8, 60.2, 60.8, 61.6, 61.5, 61.0, 62.5, 62.5, 64.4, 61.7, 62.6, 62.6, 63.1, 63.9, 65.4, 63.5, 65.0, 63.8, 64.1, 65.7, 66.4, 65.1, 63.0, 66.9, 65.3, 66.5, 68.2, 66.5, 65.4, 65.8, 64.3, 63.8, 64.5, 62.4, 61.7, 61.1, 60.5, 58.7, 57.8, 58.2, 58.3, 55.9, 54.1, 51.9, 52.1], 1: [10.2, 9.5, 11.1, 11.0, 9.3, 10.0, 10.6, 10.7, 11.2, 8.9, 9.1, 10.8, 10.8, 10.3, 9.9, 9.1, 11.7, 10.1, 10.2, 11.4, 8.8, 9.8, 10.9, 9.7, 9.2, 9.7, 10.1, 9.5, 9.9, 9.0, 9.4, 9.2, 9.6, 8.9, 9.1, 8.4, 8.4, 8.8, 10.2, 8.7, 8.9, 10.8, 8.1, 9.5, 9.5, 9.3, 10.3, 10.0, 9.3, 9.6, 49.7, 53.7, 57.3, 56.8, 58.2, 56.9, 59.3, 58.9, 59.6, 58.5, 59.5, 59.5, 60.8, 58.1, 58.5, 59.3, 59.4, 58.8, 60.4], 2: [10.3, 10.5, 9.7, 11.4, 11.1, 9.9, 8.6, 8.9, 9.1, 8.7, 9.4, 9.6, 7.7, 10.1, 10.4, 8.9, 9.1, 9.5, 10.8, 8.4, 8.5, 8.8, 9.1, 8.5, 9.7, 10.0, 9.4, 9.9, 9.9, 9.5, 8.9, 8.9, 9.1, 9.7, 9.7, 9.8, 9.4, 9.9, 9.1, 9.1, 9.2, 9.9, 9.7, 9.4, 8.0, 10.1, 10.6, 9.1, 9.6, 9.0, 9.4, 11.1, 11.1, 9.6, 9.4, 11.5, 10.8, 9.3, 10.8, 8.4, 9.6, 9.3, 9.7, 10.1, 10.9, 10.4, 9.9, 10.2, 9.5], 3: [10.3, 9.9, 8.6, 9.7, 9.2, 9.4, 9.3, 10.7, 11.6, 11.0, 11.6, 11.9, 11.3, 11.4, 12.4, 11.7, 11.1, 11.2, 11.9, 12.5, 13.1, 12.2, 13.1, 12.0, 12.6, 11.9, 12.0, 12.8, 13.5, 12.1, 12.1, 11.7, 11.8, 12.4, 12.6, 11.4, 12.7, 13.3, 13.2, 12.1, 12.3, 12.5, 13.4, 13.2, 13.5, 12.3, 11.5, 12.1, 12.0, 13.0, 10.4, 11.3, 11.9, 10.9, 10.6, 11.5, 10.8, 9.7, 12.1, 11.0, 11.6, 11.6, 11.3, 10.6, 10.6, 11.2, 10.5, 10.4, 10.5], 4: [11.0, 10.0, 10.7, 9.8, 10.8, 10.1, 10.0, 10.9, 10.2, 10.0, 10.2, 9.9, 9.6, 9.1, 8.8, 10.7, 9.8, 9.2, 9.6, 10.3, 8.5, 10.1, 9.6, 9.5, 9.6, 10.4, 10.6, 9.3, 8.9, 8.8, 9.3, 10.3, 10.1, 11.1, 9.8, 11.7, 9.9, 9.1, 10.5, 10.7, 10.0, 10.0, 9.9, 9.4, 9.2, 9.0, 10.6, 9.4, 10.1, 10.3, 12.5, 12.4, 12.1, 11.4, 11.1, 10.9, 10.9, 9.9, 10.6, 11.1, 11.0, 10.0, 10.2, 10.3, 11.0, 9.4, 10.2, 10.4, 9.5], 5: [9.1, 9.4, 10.6, 12.1, 10.5, 10.8, 11.3, 10.7, 10.6, 12.6, 12.5, 11.6, 11.5, 11.1, 10.8, 10.5, 11.1, 11.6, 10.7, 11.8, 10.6, 11.0, 10.2, 10.9, 9.6, 10.6, 9.6, 10.5, 9.3, 8.3, 9.5, 9.2, 9.6, 10.2, 9.2, 9.2, 10.1, 8.9, 9.3, 8.5, 8.8, 9.3, 9.1, 8.6, 9.9, 10.1, 9.0, 10.0, 8.2, 8.3, 8.9, 8.6, 8.5, 9.5, 9.6, 8.6, 9.0, 9.4, 9.4, 8.0, 8.3, 9.1, 9.0, 8.2, 8.7, 8.2, 8.2, 8.9, 8.9], 6: [10.1, 9.9, 12.1, 10.8, 10.4, 9.4, 9.2, 10.1, 11.1, 9.8, 10.4, 11.0, 10.9, 11.0, 13.0, 12.2, 10.5, 11.5, 10.0, 11.8, 9.6, 11.3, 10.6, 9.3, 9.4, 9.0, 10.5, 9.3, 10.4, 9.4, 9.4, 9.5, 10.3, 10.1, 8.4, 8.6, 10.3, 8.7, 9.1, 9.7, 8.6, 9.3, 9.1, 8.7, 8.4, 10.4, 8.9, 9.8, 10.6, 10.7, 9.3, 9.2, 7.6, 9.3, 8.3, 8.0, 8.5, 8.5, 8.1, 8.0, 7.5, 8.3, 8.6, 8.2, 9.4, 8.5, 8.9, 8.5, 8.0], 7: [9.2, 9.7, 10.3, 11.8, 11.8, 11.2, 12.2, 11.5, 10.8, 11.1, 12.2, 11.9, 11.9, 13.4, 12.9, 13.1, 14.1, 12.3, 12.7, 13.3, 11.4, 13.4, 12.8, 12.6, 12.6, 13.0, 13.0, 12.7, 13.0, 11.7, 11.9, 11.9, 12.3, 12.7, 13.8, 12.9, 13.4, 13.5, 12.5, 12.3, 12.5, 12.8, 11.2, 12.4, 13.8, 12.4, 10.7, 12.0, 11.9, 11.7, 14.4, 14.5, 12.1, 13.1, 13.4, 13.6, 12.6, 13.3, 13.3, 14.9, 13.1, 14.6, 15.2, 14.0, 13.9, 13.9, 14.3, 12.9, 13.0], 8: [7.8, 10.2, 9.5, 11.9, 11.6, 10.8, 9.4, 10.0, 9.6, 10.5, 9.9, 9.9, 10.2, 9.4, 9.8, 8.7, 9.4, 8.8, 9.6, 8.2, 8.0, 8.7, 9.1, 8.8, 8.9, 10.2, 8.3, 8.4, 7.6, 8.6, 8.3, 7.2, 8.5, 8.7, 7.7, 8.7, 8.3, 8.4, 8.6, 8.4, 8.8, 7.8, 8.8, 8.7, 8.0, 8.1, 7.1, 7.0, 6.9, 8.4, 6.1, 6.1, 5.5, 6.3, 6.4, 7.2, 7.2, 7.0, 7.3, 7.6, 7.0, 8.6, 7.6, 7.2, 7.2, 7.0, 7.3, 7.6, 7.2], 9: [10.4, 10.8, 9.5, 9.8, 8.9, 8.8, 8.5, 10.6, 9.6, 10.0, 6.8, 8.7, 10.7, 8.9, 9.7, 7.7, 9.0, 9.4, 10.0, 9.5, 9.7, 9.6, 9.4, 8.5, 7.3, 7.6, 9.7, 10.0, 8.1, 9.8, 11.0, 8.9, 10.3, 9.3, 10.3, 8.9, 9.3, 9.7, 10.8, 10.0, 9.6, 9.6, 10.1, 10.1, 9.2, 9.4, 11.1, 8.7, 10.7, 10.9, 9.8, 10.1, 10.9, 9.9, 10.9, 10.6, 9.7, 9.8, 9.9, 9.9, 9.6, 8.9, 9.8, 9.4, 10.4, 9.7, 10.2, 9.5, 9.9]}
----------------------------------------
Epoch   1 | Client   0 | Train: loss=0.063, acc= 98.1% | time=165.4ms | Valid: loss=1.093, acc= 68.0% |
Epoch   2 | Client   0 | Train: loss=0.010, acc=100.0% | time= 92.0ms | Valid: loss=1.038, acc= 68.0% |
Epoch   3 | Client   0 | Train: loss=0.040, acc= 98.5% | time= 80.6ms | Valid: loss=1.042, acc= 60.0% |
Epoch   4 | Client   0 | Train: loss=0.078, acc= 97.5% | time= 78.7ms | Valid: loss=1.184, acc= 68.0% |
Epoch   5 | Client   0 | Train: loss=0.012, acc=100.0% | time= 78.6ms | Valid: loss=1.410, acc= 72.0% |
----------------------------------------
Epoch   1 | Client   1 | Train: loss=0.022, acc= 99.6% | time=164.6ms | Valid: loss=2.172, acc= 56.0% |
Epoch   2 | Client   1 | Train: loss=0.009, acc= 99.8% | time= 91.4ms | Valid: loss=1.791, acc= 60.0% |
Epoch   3 | Client   1 | Train: loss=0.006, acc=100.0% | time= 82.8ms | Valid: loss=1.895, acc= 60.0% |
Epoch   4 | Client   1 | Train: loss=0.004, acc=100.0% | time= 82.2ms | Valid: loss=2.116, acc= 60.0% |
Epoch   5 | Client   1 | Train: loss=0.003, acc=100.0% | time= 81.4ms | Valid: loss=2.230, acc= 64.0% |
Skip Updating GPM for layer: 1
----------------------------------------
Epoch   1 | Client   2 | Train: loss=0.059, acc= 98.1% | time=160.4ms | Valid: loss=1.885, acc= 60.0% |
Epoch   2 | Client   2 | Train: loss=0.065, acc= 98.1% | time= 87.6ms | Valid: loss=1.905, acc= 52.0% |
Epoch   3 | Client   2 | Train: loss=0.047, acc= 98.7% | time= 83.7ms | Valid: loss=2.108, acc= 56.0% |
Epoch   4 | Client   2 | Train: loss=0.014, acc= 99.6% | time= 80.9ms | Valid: loss=1.933, acc= 68.0% |
Epoch   5 | Client   2 | Train: loss=0.006, acc= 99.8% | time= 76.8ms | Valid: loss=1.875, acc= 60.0% |
----------------------------------------
Epoch   1 | Client   3 | Train: loss=0.007, acc=100.0% | time=155.3ms | Valid: loss=3.079, acc= 44.0% |
Epoch   2 | Client   3 | Train: loss=0.006, acc=100.0% | time= 90.4ms | Valid: loss=3.382, acc= 44.0% |
Epoch   3 | Client   3 | Train: loss=0.084, acc= 98.3% | time= 89.7ms | Valid: loss=3.950, acc= 40.0% |
Epoch   4 | Client   3 | Train: loss=0.004, acc=100.0% | time= 81.7ms | Valid: loss=3.369, acc= 40.0% |
Epoch   5 | Client   3 | Train: loss=0.010, acc= 99.6% | time= 78.6ms | Valid: loss=3.831, acc= 44.0% |
Skip Updating GPM for layer: 1
----------------------------------------
Epoch   1 | Client   4 | Train: loss=0.086, acc= 96.4% | time=166.0ms | Valid: loss=3.046, acc= 56.0% |
Epoch   2 | Client   4 | Train: loss=0.010, acc=100.0% | time=122.0ms | Valid: loss=1.682, acc= 56.0% |
Epoch   3 | Client   4 | Train: loss=0.004, acc=100.0% | time=117.2ms | Valid: loss=1.970, acc= 60.0% |
Epoch   4 | Client   4 | Train: loss=0.008, acc=100.0% | time=121.8ms | Valid: loss=2.097, acc= 56.0% |
Epoch   5 | Client   4 | Train: loss=0.030, acc= 98.9% | time=120.9ms | Valid: loss=2.173, acc= 56.0% |
----------------------------------------
Epoch   1 | Client   5 | Train: loss=0.055, acc= 98.5% | time=156.5ms | Valid: loss=2.569, acc= 60.0% |
Epoch   2 | Client   5 | Train: loss=0.050, acc= 98.5% | time= 93.6ms | Valid: loss=2.645, acc= 52.0% |
Epoch   3 | Client   5 | Train: loss=0.012, acc= 99.4% | time= 86.3ms | Valid: loss=3.068, acc= 48.0% |
Epoch   4 | Client   5 | Train: loss=0.018, acc= 99.6% | time= 81.8ms | Valid: loss=2.656, acc= 56.0% |
Epoch   5 | Client   5 | Train: loss=0.007, acc= 99.8% | time= 81.3ms | Valid: loss=3.123, acc= 44.0% |
Skip Updating GPM for layer: 1
Skip Updating GPM for layer: 2
----------------------------------------
Epoch   1 | Client   6 | Train: loss=0.195, acc= 94.7% | time=152.2ms | Valid: loss=2.336, acc= 52.0% |
Epoch   2 | Client   6 | Train: loss=0.018, acc= 99.6% | time= 94.8ms | Valid: loss=1.560, acc= 64.0% |
Epoch   3 | Client   6 | Train: loss=0.051, acc= 98.3% | time= 84.0ms | Valid: loss=0.955, acc= 72.0% |
Epoch   4 | Client   6 | Train: loss=0.014, acc= 99.4% | time= 82.9ms | Valid: loss=1.525, acc= 68.0% |
Epoch   5 | Client   6 | Train: loss=0.006, acc=100.0% | time= 81.3ms | Valid: loss=1.471, acc= 60.0% |
Skip Updating GPM for layer: 1
----------------------------------------
Epoch   1 | Client   7 | Train: loss=0.115, acc= 96.4% | time=154.2ms | Valid: loss=2.949, acc= 48.0% |
Epoch   2 | Client   7 | Train: loss=0.024, acc= 99.6% | time= 94.2ms | Valid: loss=2.638, acc= 48.0% |
Epoch   3 | Client   7 | Train: loss=0.036, acc= 98.9% | time= 88.4ms | Valid: loss=2.660, acc= 52.0% |
Epoch   4 | Client   7 | Train: loss=0.206, acc= 93.3% | time= 80.0ms | Valid: loss=3.244, acc= 48.0% |
Epoch   5 | Client   7 | Train: loss=0.013, acc= 99.8% | time=110.3ms | Valid: loss=3.203, acc= 52.0% |
----------------------------------------
Epoch   1 | Client   8 | Train: loss=0.052, acc= 97.9% | time=148.3ms | Valid: loss=2.222, acc= 64.0% |
Epoch   2 | Client   8 | Train: loss=0.015, acc= 99.4% | time= 99.0ms | Valid: loss=1.898, acc= 64.0% |
Epoch   3 | Client   8 | Train: loss=0.004, acc=100.0% | time= 85.1ms | Valid: loss=2.116, acc= 68.0% |
Epoch   4 | Client   8 | Train: loss=0.061, acc= 97.7% | time= 83.2ms | Valid: loss=2.335, acc= 52.0% |
Epoch   5 | Client   8 | Train: loss=0.005, acc=100.0% | time= 81.2ms | Valid: loss=2.160, acc= 60.0% |
Skip Updating GPM for layer: 1
----------------------------------------
Epoch   1 | Client   9 | Train: loss=0.013, acc= 99.6% | time=129.5ms | Valid: loss=1.537, acc= 68.0% |
Epoch   2 | Client   9 | Train: loss=0.092, acc= 95.8% | time= 95.7ms | Valid: loss=2.335, acc= 52.0% |
Epoch   3 | Client   9 | Train: loss=0.006, acc=100.0% | time= 88.9ms | Valid: loss=1.924, acc= 56.0% |
Epoch   4 | Client   9 | Train: loss=0.008, acc= 99.8% | time= 82.5ms | Valid: loss=2.098, acc= 56.0% |
Epoch   5 | Client   9 | Train: loss=0.014, acc= 99.6% | time= 81.3ms | Valid: loss=2.206, acc= 52.0% |
Skip Updating GPM for layer: 1
----------------------------------------
G-Epoch:  19, Test: loss=1.977 , acc= 59.2%
****************************************
Task:   0, G-Epoch:  19, Test: loss=2.678 , acc= 51.0%
Task:   1, G-Epoch:  19, Test: loss=1.943 , acc= 59.6%
Task:   2, G-Epoch:  19, Test: loss=2.310 , acc= 10.1%
Task:   3, G-Epoch:  19, Test: loss=2.311 , acc=  9.6%
Task:   4, G-Epoch:  19, Test: loss=2.324 , acc= 10.1%
Task:   5, G-Epoch:  19, Test: loss=2.299 , acc=  8.5%
Task:   6, G-Epoch:  19, Test: loss=2.306 , acc=  8.9%
Task:   7, G-Epoch:  19, Test: loss=2.304 , acc= 13.5%
Task:   8, G-Epoch:  19, Test: loss=2.331 , acc=  7.3%
Task:   9, G-Epoch:  19, Test: loss=2.313 , acc=  9.8%
{0: [39.3, 45.7, 48.7, 48.8, 51.1, 52.3, 53.9, 51.6, 55.6, 54.8, 53.3, 54.9, 58.1, 57.8, 55.8, 58.5, 58.6, 58.9, 57.4, 60.4, 61.3, 56.9, 60.1, 60.2, 60.8, 60.2, 60.8, 61.6, 61.5, 61.0, 62.5, 62.5, 64.4, 61.7, 62.6, 62.6, 63.1, 63.9, 65.4, 63.5, 65.0, 63.8, 64.1, 65.7, 66.4, 65.1, 63.0, 66.9, 65.3, 66.5, 68.2, 66.5, 65.4, 65.8, 64.3, 63.8, 64.5, 62.4, 61.7, 61.1, 60.5, 58.7, 57.8, 58.2, 58.3, 55.9, 54.1, 51.9, 52.1, 51.0], 1: [10.2, 9.5, 11.1, 11.0, 9.3, 10.0, 10.6, 10.7, 11.2, 8.9, 9.1, 10.8, 10.8, 10.3, 9.9, 9.1, 11.7, 10.1, 10.2, 11.4, 8.8, 9.8, 10.9, 9.7, 9.2, 9.7, 10.1, 9.5, 9.9, 9.0, 9.4, 9.2, 9.6, 8.9, 9.1, 8.4, 8.4, 8.8, 10.2, 8.7, 8.9, 10.8, 8.1, 9.5, 9.5, 9.3, 10.3, 10.0, 9.3, 9.6, 49.7, 53.7, 57.3, 56.8, 58.2, 56.9, 59.3, 58.9, 59.6, 58.5, 59.5, 59.5, 60.8, 58.1, 58.5, 59.3, 59.4, 58.8, 60.4, 59.6], 2: [10.3, 10.5, 9.7, 11.4, 11.1, 9.9, 8.6, 8.9, 9.1, 8.7, 9.4, 9.6, 7.7, 10.1, 10.4, 8.9, 9.1, 9.5, 10.8, 8.4, 8.5, 8.8, 9.1, 8.5, 9.7, 10.0, 9.4, 9.9, 9.9, 9.5, 8.9, 8.9, 9.1, 9.7, 9.7, 9.8, 9.4, 9.9, 9.1, 9.1, 9.2, 9.9, 9.7, 9.4, 8.0, 10.1, 10.6, 9.1, 9.6, 9.0, 9.4, 11.1, 11.1, 9.6, 9.4, 11.5, 10.8, 9.3, 10.8, 8.4, 9.6, 9.3, 9.7, 10.1, 10.9, 10.4, 9.9, 10.2, 9.5, 10.1], 3: [10.3, 9.9, 8.6, 9.7, 9.2, 9.4, 9.3, 10.7, 11.6, 11.0, 11.6, 11.9, 11.3, 11.4, 12.4, 11.7, 11.1, 11.2, 11.9, 12.5, 13.1, 12.2, 13.1, 12.0, 12.6, 11.9, 12.0, 12.8, 13.5, 12.1, 12.1, 11.7, 11.8, 12.4, 12.6, 11.4, 12.7, 13.3, 13.2, 12.1, 12.3, 12.5, 13.4, 13.2, 13.5, 12.3, 11.5, 12.1, 12.0, 13.0, 10.4, 11.3, 11.9, 10.9, 10.6, 11.5, 10.8, 9.7, 12.1, 11.0, 11.6, 11.6, 11.3, 10.6, 10.6, 11.2, 10.5, 10.4, 10.5, 9.6], 4: [11.0, 10.0, 10.7, 9.8, 10.8, 10.1, 10.0, 10.9, 10.2, 10.0, 10.2, 9.9, 9.6, 9.1, 8.8, 10.7, 9.8, 9.2, 9.6, 10.3, 8.5, 10.1, 9.6, 9.5, 9.6, 10.4, 10.6, 9.3, 8.9, 8.8, 9.3, 10.3, 10.1, 11.1, 9.8, 11.7, 9.9, 9.1, 10.5, 10.7, 10.0, 10.0, 9.9, 9.4, 9.2, 9.0, 10.6, 9.4, 10.1, 10.3, 12.5, 12.4, 12.1, 11.4, 11.1, 10.9, 10.9, 9.9, 10.6, 11.1, 11.0, 10.0, 10.2, 10.3, 11.0, 9.4, 10.2, 10.4, 9.5, 10.1], 5: [9.1, 9.4, 10.6, 12.1, 10.5, 10.8, 11.3, 10.7, 10.6, 12.6, 12.5, 11.6, 11.5, 11.1, 10.8, 10.5, 11.1, 11.6, 10.7, 11.8, 10.6, 11.0, 10.2, 10.9, 9.6, 10.6, 9.6, 10.5, 9.3, 8.3, 9.5, 9.2, 9.6, 10.2, 9.2, 9.2, 10.1, 8.9, 9.3, 8.5, 8.8, 9.3, 9.1, 8.6, 9.9, 10.1, 9.0, 10.0, 8.2, 8.3, 8.9, 8.6, 8.5, 9.5, 9.6, 8.6, 9.0, 9.4, 9.4, 8.0, 8.3, 9.1, 9.0, 8.2, 8.7, 8.2, 8.2, 8.9, 8.9, 8.5], 6: [10.1, 9.9, 12.1, 10.8, 10.4, 9.4, 9.2, 10.1, 11.1, 9.8, 10.4, 11.0, 10.9, 11.0, 13.0, 12.2, 10.5, 11.5, 10.0, 11.8, 9.6, 11.3, 10.6, 9.3, 9.4, 9.0, 10.5, 9.3, 10.4, 9.4, 9.4, 9.5, 10.3, 10.1, 8.4, 8.6, 10.3, 8.7, 9.1, 9.7, 8.6, 9.3, 9.1, 8.7, 8.4, 10.4, 8.9, 9.8, 10.6, 10.7, 9.3, 9.2, 7.6, 9.3, 8.3, 8.0, 8.5, 8.5, 8.1, 8.0, 7.5, 8.3, 8.6, 8.2, 9.4, 8.5, 8.9, 8.5, 8.0, 8.9], 7: [9.2, 9.7, 10.3, 11.8, 11.8, 11.2, 12.2, 11.5, 10.8, 11.1, 12.2, 11.9, 11.9, 13.4, 12.9, 13.1, 14.1, 12.3, 12.7, 13.3, 11.4, 13.4, 12.8, 12.6, 12.6, 13.0, 13.0, 12.7, 13.0, 11.7, 11.9, 11.9, 12.3, 12.7, 13.8, 12.9, 13.4, 13.5, 12.5, 12.3, 12.5, 12.8, 11.2, 12.4, 13.8, 12.4, 10.7, 12.0, 11.9, 11.7, 14.4, 14.5, 12.1, 13.1, 13.4, 13.6, 12.6, 13.3, 13.3, 14.9, 13.1, 14.6, 15.2, 14.0, 13.9, 13.9, 14.3, 12.9, 13.0, 13.5], 8: [7.8, 10.2, 9.5, 11.9, 11.6, 10.8, 9.4, 10.0, 9.6, 10.5, 9.9, 9.9, 10.2, 9.4, 9.8, 8.7, 9.4, 8.8, 9.6, 8.2, 8.0, 8.7, 9.1, 8.8, 8.9, 10.2, 8.3, 8.4, 7.6, 8.6, 8.3, 7.2, 8.5, 8.7, 7.7, 8.7, 8.3, 8.4, 8.6, 8.4, 8.8, 7.8, 8.8, 8.7, 8.0, 8.1, 7.1, 7.0, 6.9, 8.4, 6.1, 6.1, 5.5, 6.3, 6.4, 7.2, 7.2, 7.0, 7.3, 7.6, 7.0, 8.6, 7.6, 7.2, 7.2, 7.0, 7.3, 7.6, 7.2, 7.3], 9: [10.4, 10.8, 9.5, 9.8, 8.9, 8.8, 8.5, 10.6, 9.6, 10.0, 6.8, 8.7, 10.7, 8.9, 9.7, 7.7, 9.0, 9.4, 10.0, 9.5, 9.7, 9.6, 9.4, 8.5, 7.3, 7.6, 9.7, 10.0, 8.1, 9.8, 11.0, 8.9, 10.3, 9.3, 10.3, 8.9, 9.3, 9.7, 10.8, 10.0, 9.6, 9.6, 10.1, 10.1, 9.2, 9.4, 11.1, 8.7, 10.7, 10.9, 9.8, 10.1, 10.9, 9.9, 10.9, 10.6, 9.7, 9.8, 9.9, 9.9, 9.6, 8.9, 9.8, 9.4, 10.4, 9.7, 10.2, 9.5, 9.9, 9.8]}
Accuracies =
	 66.7%   0.0%   0.0%   0.0%   0.0%   0.0%   0.0%   0.0%   0.0%   0.0% 
	 50.1%  59.6%   0.0%   0.0%   0.0%   0.0%   0.0%   0.0%   0.0%   0.0% 
----------------------------------------------------------------------------------------------------
Task ID :2 | Learning Rate : 0.01
----------------------------------------------------------------------------------------------------
----------------------------------------
Epoch   1 | Client   0 | Train: loss=1.886, acc= 45.3% | time=140.5ms | Valid: loss=1.936, acc= 44.0% |
Epoch   2 | Client   0 | Train: loss=1.574, acc= 49.5% | time= 98.0ms | Valid: loss=1.733, acc= 36.0% |
Epoch   3 | Client   0 | Train: loss=1.317, acc= 56.2% | time= 84.6ms | Valid: loss=1.552, acc= 52.0% |
Epoch   4 | Client   0 | Train: loss=1.114, acc= 62.7% | time= 81.9ms | Valid: loss=1.422, acc= 52.0% |
Epoch   5 | Client   0 | Train: loss=0.976, acc= 70.3% | time= 80.8ms | Valid: loss=1.444, acc= 44.0% |
----------------------------------------
Epoch   1 | Client   1 | Train: loss=1.803, acc= 44.8% | time=145.2ms | Valid: loss=1.863, acc= 48.0% |
Epoch   2 | Client   1 | Train: loss=1.452, acc= 52.8% | time=110.5ms | Valid: loss=1.552, acc= 48.0% |
Epoch   3 | Client   1 | Train: loss=1.199, acc= 66.3% | time=123.2ms | Valid: loss=1.340, acc= 56.0% |
Epoch   4 | Client   1 | Train: loss=0.976, acc= 74.5% | time=123.2ms | Valid: loss=1.330, acc= 64.0% |
Epoch   5 | Client   1 | Train: loss=0.846, acc= 75.6% | time=122.3ms | Valid: loss=1.490, acc= 60.0% |
Skip Updating GPM for layer: 1
----------------------------------------
Epoch   1 | Client   2 | Train: loss=1.832, acc= 47.4% | time=165.5ms | Valid: loss=1.957, acc= 32.0% |
Epoch   2 | Client   2 | Train: loss=1.498, acc= 58.1% | time= 93.2ms | Valid: loss=1.822, acc= 28.0% |
Epoch   3 | Client   2 | Train: loss=1.233, acc= 61.9% | time= 86.4ms | Valid: loss=1.660, acc= 48.0% |
Epoch   4 | Client   2 | Train: loss=0.996, acc= 72.6% | time= 82.3ms | Valid: loss=1.625, acc= 44.0% |
Epoch   5 | Client   2 | Train: loss=0.903, acc= 72.8% | time= 81.5ms | Valid: loss=1.670, acc= 48.0% |
----------------------------------------
Epoch   1 | Client   3 | Train: loss=1.782, acc= 45.3% | time=155.9ms | Valid: loss=1.927, acc= 20.0% |
Epoch   2 | Client   3 | Train: loss=1.426, acc= 60.2% | time= 86.8ms | Valid: loss=1.633, acc= 44.0% |
Epoch   3 | Client   3 | Train: loss=1.170, acc= 65.3% | time= 80.0ms | Valid: loss=1.380, acc= 64.0% |
Epoch   4 | Client   3 | Train: loss=0.993, acc= 70.7% | time= 78.5ms | Valid: loss=1.297, acc= 64.0% |
Epoch   5 | Client   3 | Train: loss=0.825, acc= 77.5% | time= 76.6ms | Valid: loss=1.126, acc= 68.0% |
Skip Updating GPM for layer: 1
----------------------------------------
Epoch   1 | Client   4 | Train: loss=1.871, acc= 44.4% | time=151.5ms | Valid: loss=1.962, acc= 36.0% |
Epoch   2 | Client   4 | Train: loss=1.571, acc= 53.3% | time= 90.1ms | Valid: loss=1.636, acc= 52.0% |
Epoch   3 | Client   4 | Train: loss=1.352, acc= 56.2% | time= 90.0ms | Valid: loss=1.586, acc= 40.0% |
Epoch   4 | Client   4 | Train: loss=1.197, acc= 61.1% | time= 77.9ms | Valid: loss=1.546, acc= 44.0% |
Epoch   5 | Client   4 | Train: loss=0.972, acc= 70.3% | time= 77.7ms | Valid: loss=1.436, acc= 60.0% |
----------------------------------------
Epoch   1 | Client   5 | Train: loss=1.746, acc= 48.0% | time=149.8ms | Valid: loss=1.724, acc= 60.0% |
Epoch   2 | Client   5 | Train: loss=1.389, acc= 61.5% | time= 86.4ms | Valid: loss=1.478, acc= 72.0% |
Epoch   3 | Client   5 | Train: loss=1.147, acc= 66.5% | time= 86.8ms | Valid: loss=1.250, acc= 72.0% |
Epoch   4 | Client   5 | Train: loss=0.913, acc= 74.3% | time= 76.3ms | Valid: loss=1.198, acc= 68.0% |
Epoch   5 | Client   5 | Train: loss=0.724, acc= 80.0% | time= 76.8ms | Valid: loss=1.134, acc= 68.0% |
Skip Updating GPM for layer: 1
----------------------------------------
Epoch   1 | Client   6 | Train: loss=1.739, acc= 52.6% | time=161.5ms | Valid: loss=1.911, acc= 40.0% |
Epoch   2 | Client   6 | Train: loss=1.381, acc= 57.3% | time=116.2ms | Valid: loss=1.632, acc= 48.0% |
Epoch   3 | Client   6 | Train: loss=1.123, acc= 66.7% | time= 88.5ms | Valid: loss=1.577, acc= 40.0% |
Epoch   4 | Client   6 | Train: loss=0.891, acc= 74.1% | time=112.9ms | Valid: loss=1.472, acc= 44.0% |
Epoch   5 | Client   6 | Train: loss=0.748, acc= 77.9% | time=115.5ms | Valid: loss=1.523, acc= 44.0% |
Skip Updating GPM for layer: 1
----------------------------------------
Epoch   1 | Client   7 | Train: loss=1.874, acc= 38.9% | time=167.8ms | Valid: loss=1.983, acc= 32.0% |
Epoch   2 | Client   7 | Train: loss=1.614, acc= 46.1% | time= 88.4ms | Valid: loss=1.853, acc= 40.0% |
Epoch   3 | Client   7 | Train: loss=1.370, acc= 60.4% | time= 83.5ms | Valid: loss=1.759, acc= 44.0% |
Epoch   4 | Client   7 | Train: loss=1.190, acc= 62.1% | time= 77.0ms | Valid: loss=1.678, acc= 40.0% |
Epoch   5 | Client   7 | Train: loss=1.088, acc= 65.5% | time= 77.1ms | Valid: loss=1.718, acc= 40.0% |
----------------------------------------
Epoch   1 | Client   8 | Train: loss=1.782, acc= 43.8% | time=180.0ms | Valid: loss=1.916, acc= 40.0% |
Epoch   2 | Client   8 | Train: loss=1.393, acc= 58.7% | time= 91.5ms | Valid: loss=1.524, acc= 60.0% |
Epoch   3 | Client   8 | Train: loss=1.136, acc= 65.7% | time= 83.3ms | Valid: loss=1.306, acc= 56.0% |
Epoch   4 | Client   8 | Train: loss=0.960, acc= 67.2% | time= 78.2ms | Valid: loss=1.183, acc= 60.0% |
Epoch   5 | Client   8 | Train: loss=0.728, acc= 77.9% | time= 77.4ms | Valid: loss=1.181, acc= 64.0% |
Skip Updating GPM for layer: 1
----------------------------------------
Epoch   1 | Client   9 | Train: loss=1.784, acc= 45.3% | time=150.4ms | Valid: loss=2.009, acc= 24.0% |
Epoch   2 | Client   9 | Train: loss=1.402, acc= 57.5% | time= 86.8ms | Valid: loss=1.814, acc= 36.0% |
Epoch   3 | Client   9 | Train: loss=1.155, acc= 64.6% | time= 86.5ms | Valid: loss=1.748, acc= 32.0% |
Epoch   4 | Client   9 | Train: loss=0.973, acc= 69.3% | time= 77.5ms | Valid: loss=1.692, acc= 36.0% |
Epoch   5 | Client   9 | Train: loss=0.800, acc= 77.5% | time= 77.0ms | Valid: loss=1.649, acc= 48.0% |
Skip Updating GPM for layer: 1
----------------------------------------
G-Epoch:   0, Test: loss=1.328 , acc= 56.9%
****************************************
Task:   0, G-Epoch:   0, Test: loss=2.489 , acc= 53.7%
Task:   1, G-Epoch:   0, Test: loss=2.162 , acc= 56.2%
Task:   2, G-Epoch:   0, Test: loss=1.315 , acc= 56.7%
Task:   3, G-Epoch:   0, Test: loss=2.312 , acc=  8.5%
Task:   4, G-Epoch:   0, Test: loss=2.328 , acc=  9.2%
Task:   5, G-Epoch:   0, Test: loss=2.299 , acc=  9.6%
Task:   6, G-Epoch:   0, Test: loss=2.306 , acc=  8.5%
Task:   7, G-Epoch:   0, Test: loss=2.302 , acc= 15.0%
Task:   8, G-Epoch:   0, Test: loss=2.320 , acc=  7.3%
Task:   9, G-Epoch:   0, Test: loss=2.311 , acc=  8.4%
{0: [39.3, 45.7, 48.7, 48.8, 51.1, 52.3, 53.9, 51.6, 55.6, 54.8, 53.3, 54.9, 58.1, 57.8, 55.8, 58.5, 58.6, 58.9, 57.4, 60.4, 61.3, 56.9, 60.1, 60.2, 60.8, 60.2, 60.8, 61.6, 61.5, 61.0, 62.5, 62.5, 64.4, 61.7, 62.6, 62.6, 63.1, 63.9, 65.4, 63.5, 65.0, 63.8, 64.1, 65.7, 66.4, 65.1, 63.0, 66.9, 65.3, 66.5, 68.2, 66.5, 65.4, 65.8, 64.3, 63.8, 64.5, 62.4, 61.7, 61.1, 60.5, 58.7, 57.8, 58.2, 58.3, 55.9, 54.1, 51.9, 52.1, 51.0, 53.7], 1: [10.2, 9.5, 11.1, 11.0, 9.3, 10.0, 10.6, 10.7, 11.2, 8.9, 9.1, 10.8, 10.8, 10.3, 9.9, 9.1, 11.7, 10.1, 10.2, 11.4, 8.8, 9.8, 10.9, 9.7, 9.2, 9.7, 10.1, 9.5, 9.9, 9.0, 9.4, 9.2, 9.6, 8.9, 9.1, 8.4, 8.4, 8.8, 10.2, 8.7, 8.9, 10.8, 8.1, 9.5, 9.5, 9.3, 10.3, 10.0, 9.3, 9.6, 49.7, 53.7, 57.3, 56.8, 58.2, 56.9, 59.3, 58.9, 59.6, 58.5, 59.5, 59.5, 60.8, 58.1, 58.5, 59.3, 59.4, 58.8, 60.4, 59.6, 56.2], 2: [10.3, 10.5, 9.7, 11.4, 11.1, 9.9, 8.6, 8.9, 9.1, 8.7, 9.4, 9.6, 7.7, 10.1, 10.4, 8.9, 9.1, 9.5, 10.8, 8.4, 8.5, 8.8, 9.1, 8.5, 9.7, 10.0, 9.4, 9.9, 9.9, 9.5, 8.9, 8.9, 9.1, 9.7, 9.7, 9.8, 9.4, 9.9, 9.1, 9.1, 9.2, 9.9, 9.7, 9.4, 8.0, 10.1, 10.6, 9.1, 9.6, 9.0, 9.4, 11.1, 11.1, 9.6, 9.4, 11.5, 10.8, 9.3, 10.8, 8.4, 9.6, 9.3, 9.7, 10.1, 10.9, 10.4, 9.9, 10.2, 9.5, 10.1, 56.7], 3: [10.3, 9.9, 8.6, 9.7, 9.2, 9.4, 9.3, 10.7, 11.6, 11.0, 11.6, 11.9, 11.3, 11.4, 12.4, 11.7, 11.1, 11.2, 11.9, 12.5, 13.1, 12.2, 13.1, 12.0, 12.6, 11.9, 12.0, 12.8, 13.5, 12.1, 12.1, 11.7, 11.8, 12.4, 12.6, 11.4, 12.7, 13.3, 13.2, 12.1, 12.3, 12.5, 13.4, 13.2, 13.5, 12.3, 11.5, 12.1, 12.0, 13.0, 10.4, 11.3, 11.9, 10.9, 10.6, 11.5, 10.8, 9.7, 12.1, 11.0, 11.6, 11.6, 11.3, 10.6, 10.6, 11.2, 10.5, 10.4, 10.5, 9.6, 8.5], 4: [11.0, 10.0, 10.7, 9.8, 10.8, 10.1, 10.0, 10.9, 10.2, 10.0, 10.2, 9.9, 9.6, 9.1, 8.8, 10.7, 9.8, 9.2, 9.6, 10.3, 8.5, 10.1, 9.6, 9.5, 9.6, 10.4, 10.6, 9.3, 8.9, 8.8, 9.3, 10.3, 10.1, 11.1, 9.8, 11.7, 9.9, 9.1, 10.5, 10.7, 10.0, 10.0, 9.9, 9.4, 9.2, 9.0, 10.6, 9.4, 10.1, 10.3, 12.5, 12.4, 12.1, 11.4, 11.1, 10.9, 10.9, 9.9, 10.6, 11.1, 11.0, 10.0, 10.2, 10.3, 11.0, 9.4, 10.2, 10.4, 9.5, 10.1, 9.2], 5: [9.1, 9.4, 10.6, 12.1, 10.5, 10.8, 11.3, 10.7, 10.6, 12.6, 12.5, 11.6, 11.5, 11.1, 10.8, 10.5, 11.1, 11.6, 10.7, 11.8, 10.6, 11.0, 10.2, 10.9, 9.6, 10.6, 9.6, 10.5, 9.3, 8.3, 9.5, 9.2, 9.6, 10.2, 9.2, 9.2, 10.1, 8.9, 9.3, 8.5, 8.8, 9.3, 9.1, 8.6, 9.9, 10.1, 9.0, 10.0, 8.2, 8.3, 8.9, 8.6, 8.5, 9.5, 9.6, 8.6, 9.0, 9.4, 9.4, 8.0, 8.3, 9.1, 9.0, 8.2, 8.7, 8.2, 8.2, 8.9, 8.9, 8.5, 9.6], 6: [10.1, 9.9, 12.1, 10.8, 10.4, 9.4, 9.2, 10.1, 11.1, 9.8, 10.4, 11.0, 10.9, 11.0, 13.0, 12.2, 10.5, 11.5, 10.0, 11.8, 9.6, 11.3, 10.6, 9.3, 9.4, 9.0, 10.5, 9.3, 10.4, 9.4, 9.4, 9.5, 10.3, 10.1, 8.4, 8.6, 10.3, 8.7, 9.1, 9.7, 8.6, 9.3, 9.1, 8.7, 8.4, 10.4, 8.9, 9.8, 10.6, 10.7, 9.3, 9.2, 7.6, 9.3, 8.3, 8.0, 8.5, 8.5, 8.1, 8.0, 7.5, 8.3, 8.6, 8.2, 9.4, 8.5, 8.9, 8.5, 8.0, 8.9, 8.5], 7: [9.2, 9.7, 10.3, 11.8, 11.8, 11.2, 12.2, 11.5, 10.8, 11.1, 12.2, 11.9, 11.9, 13.4, 12.9, 13.1, 14.1, 12.3, 12.7, 13.3, 11.4, 13.4, 12.8, 12.6, 12.6, 13.0, 13.0, 12.7, 13.0, 11.7, 11.9, 11.9, 12.3, 12.7, 13.8, 12.9, 13.4, 13.5, 12.5, 12.3, 12.5, 12.8, 11.2, 12.4, 13.8, 12.4, 10.7, 12.0, 11.9, 11.7, 14.4, 14.5, 12.1, 13.1, 13.4, 13.6, 12.6, 13.3, 13.3, 14.9, 13.1, 14.6, 15.2, 14.0, 13.9, 13.9, 14.3, 12.9, 13.0, 13.5, 15.0], 8: [7.8, 10.2, 9.5, 11.9, 11.6, 10.8, 9.4, 10.0, 9.6, 10.5, 9.9, 9.9, 10.2, 9.4, 9.8, 8.7, 9.4, 8.8, 9.6, 8.2, 8.0, 8.7, 9.1, 8.8, 8.9, 10.2, 8.3, 8.4, 7.6, 8.6, 8.3, 7.2, 8.5, 8.7, 7.7, 8.7, 8.3, 8.4, 8.6, 8.4, 8.8, 7.8, 8.8, 8.7, 8.0, 8.1, 7.1, 7.0, 6.9, 8.4, 6.1, 6.1, 5.5, 6.3, 6.4, 7.2, 7.2, 7.0, 7.3, 7.6, 7.0, 8.6, 7.6, 7.2, 7.2, 7.0, 7.3, 7.6, 7.2, 7.3, 7.3], 9: [10.4, 10.8, 9.5, 9.8, 8.9, 8.8, 8.5, 10.6, 9.6, 10.0, 6.8, 8.7, 10.7, 8.9, 9.7, 7.7, 9.0, 9.4, 10.0, 9.5, 9.7, 9.6, 9.4, 8.5, 7.3, 7.6, 9.7, 10.0, 8.1, 9.8, 11.0, 8.9, 10.3, 9.3, 10.3, 8.9, 9.3, 9.7, 10.8, 10.0, 9.6, 9.6, 10.1, 10.1, 9.2, 9.4, 11.1, 8.7, 10.7, 10.9, 9.8, 10.1, 10.9, 9.9, 10.9, 10.6, 9.7, 9.8, 9.9, 9.9, 9.6, 8.9, 9.8, 9.4, 10.4, 9.7, 10.2, 9.5, 9.9, 9.8, 8.4]}
----------------------------------------
Epoch   1 | Client   0 | Train: loss=0.865, acc= 76.4% | time=146.7ms | Valid: loss=1.271, acc= 56.0% |
Epoch   2 | Client   0 | Train: loss=0.754, acc= 77.5% | time= 82.0ms | Valid: loss=1.218, acc= 64.0% |
Epoch   3 | Client   0 | Train: loss=0.610, acc= 82.9% | time= 80.8ms | Valid: loss=1.388, acc= 44.0% |
Epoch   4 | Client   0 | Train: loss=0.533, acc= 83.8% | time= 79.9ms | Valid: loss=1.272, acc= 48.0% |
Epoch   5 | Client   0 | Train: loss=0.419, acc= 89.3% | time= 76.6ms | Valid: loss=1.351, acc= 52.0% |
----------------------------------------
Epoch   1 | Client   1 | Train: loss=0.768, acc= 79.2% | time=132.8ms | Valid: loss=1.162, acc= 76.0% |
Epoch   2 | Client   1 | Train: loss=0.667, acc= 78.9% | time=107.1ms | Valid: loss=1.539, acc= 64.0% |
Epoch   3 | Client   1 | Train: loss=0.566, acc= 83.4% | time= 93.0ms | Valid: loss=0.994, acc= 68.0% |
Epoch   4 | Client   1 | Train: loss=0.499, acc= 85.9% | time= 80.6ms | Valid: loss=0.914, acc= 68.0% |
Epoch   5 | Client   1 | Train: loss=0.337, acc= 91.8% | time= 78.3ms | Valid: loss=1.128, acc= 64.0% |
Skip Updating GPM for layer: 1
----------------------------------------
Epoch   1 | Client   2 | Train: loss=0.822, acc= 74.7% | time=164.6ms | Valid: loss=1.601, acc= 48.0% |
Epoch   2 | Client   2 | Train: loss=0.681, acc= 80.4% | time= 92.3ms | Valid: loss=1.668, acc= 40.0% |
Epoch   3 | Client   2 | Train: loss=0.673, acc= 78.5% | time= 91.0ms | Valid: loss=1.441, acc= 64.0% |
Epoch   4 | Client   2 | Train: loss=0.487, acc= 87.2% | time=100.9ms | Valid: loss=1.735, acc= 36.0% |
Epoch   5 | Client   2 | Train: loss=0.363, acc= 91.4% | time= 89.9ms | Valid: loss=1.569, acc= 64.0% |
----------------------------------------
Epoch   1 | Client   3 | Train: loss=0.795, acc= 77.1% | time=165.0ms | Valid: loss=1.181, acc= 64.0% |
Epoch   2 | Client   3 | Train: loss=0.625, acc= 82.9% | time= 92.7ms | Valid: loss=1.073, acc= 60.0% |
Epoch   3 | Client   3 | Train: loss=0.552, acc= 85.9% | time= 95.6ms | Valid: loss=0.981, acc= 68.0% |
Epoch   4 | Client   3 | Train: loss=0.435, acc= 88.0% | time=116.3ms | Valid: loss=0.914, acc= 72.0% |
Epoch   5 | Client   3 | Train: loss=0.369, acc= 89.5% | time= 87.6ms | Valid: loss=1.039, acc= 64.0% |
Skip Updating GPM for layer: 1
----------------------------------------
Epoch   1 | Client   4 | Train: loss=0.927, acc= 74.3% | time=157.8ms | Valid: loss=1.472, acc= 48.0% |
Epoch   2 | Client   4 | Train: loss=0.801, acc= 75.4% | time= 97.4ms | Valid: loss=1.415, acc= 56.0% |
Epoch   3 | Client   4 | Train: loss=0.659, acc= 80.8% | time=116.9ms | Valid: loss=1.229, acc= 60.0% |
Epoch   4 | Client   4 | Train: loss=0.612, acc= 82.5% | time= 90.3ms | Valid: loss=1.324, acc= 56.0% |
Epoch   5 | Client   4 | Train: loss=0.570, acc= 81.5% | time= 88.2ms | Valid: loss=1.311, acc= 60.0% |
----------------------------------------
Epoch   1 | Client   5 | Train: loss=0.694, acc= 80.6% | time=155.4ms | Valid: loss=1.088, acc= 64.0% |
Epoch   2 | Client   5 | Train: loss=0.586, acc= 82.7% | time= 94.7ms | Valid: loss=1.171, acc= 64.0% |
Epoch   3 | Client   5 | Train: loss=0.431, acc= 88.2% | time= 86.9ms | Valid: loss=1.063, acc= 72.0% |
Epoch   4 | Client   5 | Train: loss=0.373, acc= 90.1% | time= 81.2ms | Valid: loss=0.946, acc= 68.0% |
Epoch   5 | Client   5 | Train: loss=0.303, acc= 92.6% | time= 80.7ms | Valid: loss=1.041, acc= 68.0% |
Skip Updating GPM for layer: 1
----------------------------------------
Epoch   1 | Client   6 | Train: loss=0.684, acc= 81.1% | time=170.9ms | Valid: loss=1.491, acc= 52.0% |
Epoch   2 | Client   6 | Train: loss=0.538, acc= 85.9% | time= 92.2ms | Valid: loss=1.433, acc= 48.0% |
Epoch   3 | Client   6 | Train: loss=0.441, acc= 88.0% | time= 84.9ms | Valid: loss=1.520, acc= 48.0% |
Epoch   4 | Client   6 | Train: loss=0.376, acc= 89.3% | time= 80.8ms | Valid: loss=1.366, acc= 60.0% |
Epoch   5 | Client   6 | Train: loss=0.327, acc= 92.2% | time= 78.3ms | Valid: loss=1.234, acc= 56.0% |
Skip Updating GPM for layer: 1
----------------------------------------
Epoch   1 | Client   7 | Train: loss=0.934, acc= 71.8% | time=157.6ms | Valid: loss=1.610, acc= 44.0% |
Epoch   2 | Client   7 | Train: loss=0.823, acc= 74.3% | time= 95.4ms | Valid: loss=1.584, acc= 44.0% |
Epoch   3 | Client   7 | Train: loss=0.742, acc= 78.9% | time= 83.9ms | Valid: loss=1.724, acc= 40.0% |
Epoch   4 | Client   7 | Train: loss=0.607, acc= 82.3% | time= 79.8ms | Valid: loss=1.720, acc= 48.0% |
Epoch   5 | Client   7 | Train: loss=0.521, acc= 84.6% | time= 78.4ms | Valid: loss=1.799, acc= 48.0% |
----------------------------------------
Epoch   1 | Client   8 | Train: loss=0.722, acc= 78.5% | time=177.2ms | Valid: loss=1.314, acc= 52.0% |
Epoch   2 | Client   8 | Train: loss=0.591, acc= 82.5% | time= 88.5ms | Valid: loss=1.225, acc= 52.0% |
Epoch   3 | Client   8 | Train: loss=0.476, acc= 86.5% | time= 85.7ms | Valid: loss=1.149, acc= 60.0% |
Epoch   4 | Client   8 | Train: loss=0.390, acc= 90.1% | time= 79.0ms | Valid: loss=1.116, acc= 64.0% |
Epoch   5 | Client   8 | Train: loss=0.315, acc= 92.2% | time= 78.7ms | Valid: loss=0.860, acc= 68.0% |
Skip Updating GPM for layer: 1
----------------------------------------
Epoch   1 | Client   9 | Train: loss=0.732, acc= 77.9% | time=152.8ms | Valid: loss=1.556, acc= 52.0% |
Epoch   2 | Client   9 | Train: loss=0.605, acc= 84.0% | time=129.7ms | Valid: loss=1.449, acc= 56.0% |
Epoch   3 | Client   9 | Train: loss=0.520, acc= 85.5% | time=127.4ms | Valid: loss=1.506, acc= 56.0% |
Epoch   4 | Client   9 | Train: loss=0.379, acc= 91.2% | time=121.5ms | Valid: loss=1.444, acc= 56.0% |
Epoch   5 | Client   9 | Train: loss=0.361, acc= 90.3% | time=107.2ms | Valid: loss=1.435, acc= 60.0% |
Skip Updating GPM for layer: 1
----------------------------------------
G-Epoch:   1, Test: loss=1.205 , acc= 60.6%
****************************************
Task:   0, G-Epoch:   1, Test: loss=2.543 , acc= 53.0%
Task:   1, G-Epoch:   1, Test: loss=2.335 , acc= 54.6%
Task:   2, G-Epoch:   1, Test: loss=1.198 , acc= 61.3%
Task:   3, G-Epoch:   1, Test: loss=2.309 , acc= 10.0%
Task:   4, G-Epoch:   1, Test: loss=2.329 , acc=  9.4%
Task:   5, G-Epoch:   1, Test: loss=2.297 , acc= 10.0%
Task:   6, G-Epoch:   1, Test: loss=2.307 , acc=  8.6%
Task:   7, G-Epoch:   1, Test: loss=2.301 , acc= 14.7%
Task:   8, G-Epoch:   1, Test: loss=2.315 , acc=  9.0%
Task:   9, G-Epoch:   1, Test: loss=2.312 , acc=  7.9%
{0: [39.3, 45.7, 48.7, 48.8, 51.1, 52.3, 53.9, 51.6, 55.6, 54.8, 53.3, 54.9, 58.1, 57.8, 55.8, 58.5, 58.6, 58.9, 57.4, 60.4, 61.3, 56.9, 60.1, 60.2, 60.8, 60.2, 60.8, 61.6, 61.5, 61.0, 62.5, 62.5, 64.4, 61.7, 62.6, 62.6, 63.1, 63.9, 65.4, 63.5, 65.0, 63.8, 64.1, 65.7, 66.4, 65.1, 63.0, 66.9, 65.3, 66.5, 68.2, 66.5, 65.4, 65.8, 64.3, 63.8, 64.5, 62.4, 61.7, 61.1, 60.5, 58.7, 57.8, 58.2, 58.3, 55.9, 54.1, 51.9, 52.1, 51.0, 53.7, 53.0], 1: [10.2, 9.5, 11.1, 11.0, 9.3, 10.0, 10.6, 10.7, 11.2, 8.9, 9.1, 10.8, 10.8, 10.3, 9.9, 9.1, 11.7, 10.1, 10.2, 11.4, 8.8, 9.8, 10.9, 9.7, 9.2, 9.7, 10.1, 9.5, 9.9, 9.0, 9.4, 9.2, 9.6, 8.9, 9.1, 8.4, 8.4, 8.8, 10.2, 8.7, 8.9, 10.8, 8.1, 9.5, 9.5, 9.3, 10.3, 10.0, 9.3, 9.6, 49.7, 53.7, 57.3, 56.8, 58.2, 56.9, 59.3, 58.9, 59.6, 58.5, 59.5, 59.5, 60.8, 58.1, 58.5, 59.3, 59.4, 58.8, 60.4, 59.6, 56.2, 54.6], 2: [10.3, 10.5, 9.7, 11.4, 11.1, 9.9, 8.6, 8.9, 9.1, 8.7, 9.4, 9.6, 7.7, 10.1, 10.4, 8.9, 9.1, 9.5, 10.8, 8.4, 8.5, 8.8, 9.1, 8.5, 9.7, 10.0, 9.4, 9.9, 9.9, 9.5, 8.9, 8.9, 9.1, 9.7, 9.7, 9.8, 9.4, 9.9, 9.1, 9.1, 9.2, 9.9, 9.7, 9.4, 8.0, 10.1, 10.6, 9.1, 9.6, 9.0, 9.4, 11.1, 11.1, 9.6, 9.4, 11.5, 10.8, 9.3, 10.8, 8.4, 9.6, 9.3, 9.7, 10.1, 10.9, 10.4, 9.9, 10.2, 9.5, 10.1, 56.7, 61.3], 3: [10.3, 9.9, 8.6, 9.7, 9.2, 9.4, 9.3, 10.7, 11.6, 11.0, 11.6, 11.9, 11.3, 11.4, 12.4, 11.7, 11.1, 11.2, 11.9, 12.5, 13.1, 12.2, 13.1, 12.0, 12.6, 11.9, 12.0, 12.8, 13.5, 12.1, 12.1, 11.7, 11.8, 12.4, 12.6, 11.4, 12.7, 13.3, 13.2, 12.1, 12.3, 12.5, 13.4, 13.2, 13.5, 12.3, 11.5, 12.1, 12.0, 13.0, 10.4, 11.3, 11.9, 10.9, 10.6, 11.5, 10.8, 9.7, 12.1, 11.0, 11.6, 11.6, 11.3, 10.6, 10.6, 11.2, 10.5, 10.4, 10.5, 9.6, 8.5, 10.0], 4: [11.0, 10.0, 10.7, 9.8, 10.8, 10.1, 10.0, 10.9, 10.2, 10.0, 10.2, 9.9, 9.6, 9.1, 8.8, 10.7, 9.8, 9.2, 9.6, 10.3, 8.5, 10.1, 9.6, 9.5, 9.6, 10.4, 10.6, 9.3, 8.9, 8.8, 9.3, 10.3, 10.1, 11.1, 9.8, 11.7, 9.9, 9.1, 10.5, 10.7, 10.0, 10.0, 9.9, 9.4, 9.2, 9.0, 10.6, 9.4, 10.1, 10.3, 12.5, 12.4, 12.1, 11.4, 11.1, 10.9, 10.9, 9.9, 10.6, 11.1, 11.0, 10.0, 10.2, 10.3, 11.0, 9.4, 10.2, 10.4, 9.5, 10.1, 9.2, 9.4], 5: [9.1, 9.4, 10.6, 12.1, 10.5, 10.8, 11.3, 10.7, 10.6, 12.6, 12.5, 11.6, 11.5, 11.1, 10.8, 10.5, 11.1, 11.6, 10.7, 11.8, 10.6, 11.0, 10.2, 10.9, 9.6, 10.6, 9.6, 10.5, 9.3, 8.3, 9.5, 9.2, 9.6, 10.2, 9.2, 9.2, 10.1, 8.9, 9.3, 8.5, 8.8, 9.3, 9.1, 8.6, 9.9, 10.1, 9.0, 10.0, 8.2, 8.3, 8.9, 8.6, 8.5, 9.5, 9.6, 8.6, 9.0, 9.4, 9.4, 8.0, 8.3, 9.1, 9.0, 8.2, 8.7, 8.2, 8.2, 8.9, 8.9, 8.5, 9.6, 10.0], 6: [10.1, 9.9, 12.1, 10.8, 10.4, 9.4, 9.2, 10.1, 11.1, 9.8, 10.4, 11.0, 10.9, 11.0, 13.0, 12.2, 10.5, 11.5, 10.0, 11.8, 9.6, 11.3, 10.6, 9.3, 9.4, 9.0, 10.5, 9.3, 10.4, 9.4, 9.4, 9.5, 10.3, 10.1, 8.4, 8.6, 10.3, 8.7, 9.1, 9.7, 8.6, 9.3, 9.1, 8.7, 8.4, 10.4, 8.9, 9.8, 10.6, 10.7, 9.3, 9.2, 7.6, 9.3, 8.3, 8.0, 8.5, 8.5, 8.1, 8.0, 7.5, 8.3, 8.6, 8.2, 9.4, 8.5, 8.9, 8.5, 8.0, 8.9, 8.5, 8.6], 7: [9.2, 9.7, 10.3, 11.8, 11.8, 11.2, 12.2, 11.5, 10.8, 11.1, 12.2, 11.9, 11.9, 13.4, 12.9, 13.1, 14.1, 12.3, 12.7, 13.3, 11.4, 13.4, 12.8, 12.6, 12.6, 13.0, 13.0, 12.7, 13.0, 11.7, 11.9, 11.9, 12.3, 12.7, 13.8, 12.9, 13.4, 13.5, 12.5, 12.3, 12.5, 12.8, 11.2, 12.4, 13.8, 12.4, 10.7, 12.0, 11.9, 11.7, 14.4, 14.5, 12.1, 13.1, 13.4, 13.6, 12.6, 13.3, 13.3, 14.9, 13.1, 14.6, 15.2, 14.0, 13.9, 13.9, 14.3, 12.9, 13.0, 13.5, 15.0, 14.7], 8: [7.8, 10.2, 9.5, 11.9, 11.6, 10.8, 9.4, 10.0, 9.6, 10.5, 9.9, 9.9, 10.2, 9.4, 9.8, 8.7, 9.4, 8.8, 9.6, 8.2, 8.0, 8.7, 9.1, 8.8, 8.9, 10.2, 8.3, 8.4, 7.6, 8.6, 8.3, 7.2, 8.5, 8.7, 7.7, 8.7, 8.3, 8.4, 8.6, 8.4, 8.8, 7.8, 8.8, 8.7, 8.0, 8.1, 7.1, 7.0, 6.9, 8.4, 6.1, 6.1, 5.5, 6.3, 6.4, 7.2, 7.2, 7.0, 7.3, 7.6, 7.0, 8.6, 7.6, 7.2, 7.2, 7.0, 7.3, 7.6, 7.2, 7.3, 7.3, 9.0], 9: [10.4, 10.8, 9.5, 9.8, 8.9, 8.8, 8.5, 10.6, 9.6, 10.0, 6.8, 8.7, 10.7, 8.9, 9.7, 7.7, 9.0, 9.4, 10.0, 9.5, 9.7, 9.6, 9.4, 8.5, 7.3, 7.6, 9.7, 10.0, 8.1, 9.8, 11.0, 8.9, 10.3, 9.3, 10.3, 8.9, 9.3, 9.7, 10.8, 10.0, 9.6, 9.6, 10.1, 10.1, 9.2, 9.4, 11.1, 8.7, 10.7, 10.9, 9.8, 10.1, 10.9, 9.9, 10.9, 10.6, 9.7, 9.8, 9.9, 9.9, 9.6, 8.9, 9.8, 9.4, 10.4, 9.7, 10.2, 9.5, 9.9, 9.8, 8.4, 7.9]}
----------------------------------------
Epoch   1 | Client   0 | Train: loss=0.461, acc= 88.2% | time=146.3ms | Valid: loss=1.170, acc= 60.0% |
Epoch   2 | Client   0 | Train: loss=0.365, acc= 90.7% | time=116.0ms | Valid: loss=1.234, acc= 52.0% |
Epoch   3 | Client   0 | Train: loss=0.302, acc= 93.1% | time=116.8ms | Valid: loss=1.274, acc= 56.0% |
Epoch   4 | Client   0 | Train: loss=0.256, acc= 94.7% | time= 83.6ms | Valid: loss=1.229, acc= 52.0% |
Epoch   5 | Client   0 | Train: loss=0.217, acc= 94.5% | time= 79.1ms | Valid: loss=1.421, acc= 48.0% |
----------------------------------------
Epoch   1 | Client   1 | Train: loss=0.333, acc= 90.7% | time=148.9ms | Valid: loss=1.124, acc= 72.0% |
Epoch   2 | Client   1 | Train: loss=0.275, acc= 92.8% | time= 91.3ms | Valid: loss=1.046, acc= 72.0% |
Epoch   3 | Client   1 | Train: loss=0.247, acc= 93.3% | time= 89.9ms | Valid: loss=0.971, acc= 56.0% |
Epoch   4 | Client   1 | Train: loss=0.152, acc= 97.3% | time= 79.9ms | Valid: loss=1.297, acc= 64.0% |
Epoch   5 | Client   1 | Train: loss=0.127, acc= 97.9% | time= 84.2ms | Valid: loss=1.200, acc= 60.0% |
Skip Updating GPM for layer: 1
----------------------------------------
Epoch   1 | Client   2 | Train: loss=0.425, acc= 89.1% | time=164.0ms | Valid: loss=1.397, acc= 56.0% |
Epoch   2 | Client   2 | Train: loss=0.403, acc= 86.9% | time= 88.9ms | Valid: loss=1.766, acc= 40.0% |
Epoch   3 | Client   2 | Train: loss=0.319, acc= 90.9% | time= 80.5ms | Valid: loss=1.592, acc= 72.0% |
Epoch   4 | Client   2 | Train: loss=0.238, acc= 93.7% | time= 77.0ms | Valid: loss=1.662, acc= 56.0% |
Epoch   5 | Client   2 | Train: loss=0.162, acc= 96.8% | time= 76.3ms | Valid: loss=1.519, acc= 60.0% |
----------------------------------------
Epoch   1 | Client   3 | Train: loss=0.328, acc= 91.4% | time=151.3ms | Valid: loss=0.885, acc= 68.0% |
Epoch   2 | Client   3 | Train: loss=0.276, acc= 93.9% | time= 90.7ms | Valid: loss=1.033, acc= 64.0% |
Epoch   3 | Client   3 | Train: loss=0.213, acc= 95.4% | time= 89.6ms | Valid: loss=1.050, acc= 56.0% |
Epoch   4 | Client   3 | Train: loss=0.180, acc= 95.8% | time= 79.2ms | Valid: loss=0.999, acc= 68.0% |
Epoch   5 | Client   3 | Train: loss=0.143, acc= 97.7% | time= 78.2ms | Valid: loss=1.119, acc= 60.0% |
Skip Updating GPM for layer: 1
----------------------------------------
Epoch   1 | Client   4 | Train: loss=0.491, acc= 85.5% | time=174.8ms | Valid: loss=1.192, acc= 68.0% |
Epoch   2 | Client   4 | Train: loss=0.396, acc= 88.2% | time= 92.5ms | Valid: loss=1.161, acc= 60.0% |
Epoch   3 | Client   4 | Train: loss=0.357, acc= 89.9% | time= 87.7ms | Valid: loss=1.262, acc= 68.0% |
Epoch   4 | Client   4 | Train: loss=0.264, acc= 94.7% | time= 79.6ms | Valid: loss=1.201, acc= 68.0% |
Epoch   5 | Client   4 | Train: loss=0.243, acc= 94.1% | time= 79.1ms | Valid: loss=1.340, acc= 60.0% |
----------------------------------------
Epoch   1 | Client   5 | Train: loss=0.326, acc= 91.8% | time=162.0ms | Valid: loss=0.960, acc= 72.0% |
Epoch   2 | Client   5 | Train: loss=0.222, acc= 94.3% | time= 89.2ms | Valid: loss=0.998, acc= 68.0% |
Epoch   3 | Client   5 | Train: loss=0.193, acc= 95.6% | time= 86.7ms | Valid: loss=0.899, acc= 72.0% |
Epoch   4 | Client   5 | Train: loss=0.142, acc= 97.5% | time= 78.8ms | Valid: loss=1.075, acc= 64.0% |
Epoch   5 | Client   5 | Train: loss=0.125, acc= 97.5% | time= 78.3ms | Valid: loss=0.998, acc= 64.0% |
Skip Updating GPM for layer: 1
----------------------------------------
Epoch   1 | Client   6 | Train: loss=0.274, acc= 95.4% | time=164.2ms | Valid: loss=1.363, acc= 52.0% |
Epoch   2 | Client   6 | Train: loss=0.219, acc= 95.6% | time= 89.2ms | Valid: loss=1.252, acc= 60.0% |
Epoch   3 | Client   6 | Train: loss=0.169, acc= 97.1% | time= 83.6ms | Valid: loss=1.227, acc= 52.0% |
Epoch   4 | Client   6 | Train: loss=0.130, acc= 97.1% | time= 78.7ms | Valid: loss=1.150, acc= 52.0% |
Epoch   5 | Client   6 | Train: loss=0.103, acc= 98.3% | time= 78.5ms | Valid: loss=1.389, acc= 56.0% |
Skip Updating GPM for layer: 1
----------------------------------------
Epoch   1 | Client   7 | Train: loss=0.568, acc= 81.9% | time=156.3ms | Valid: loss=1.584, acc= 48.0% |
Epoch   2 | Client   7 | Train: loss=0.418, acc= 88.0% | time= 91.7ms | Valid: loss=1.661, acc= 44.0% |
Epoch   3 | Client   7 | Train: loss=0.397, acc= 87.8% | time= 87.0ms | Valid: loss=1.662, acc= 44.0% |
Epoch   4 | Client   7 | Train: loss=0.295, acc= 92.0% | time= 83.9ms | Valid: loss=1.758, acc= 44.0% |
Epoch   5 | Client   7 | Train: loss=0.268, acc= 92.0% | time= 82.4ms | Valid: loss=1.688, acc= 40.0% |
----------------------------------------
Epoch   1 | Client   8 | Train: loss=0.293, acc= 92.6% | time=163.9ms | Valid: loss=1.006, acc= 60.0% |
Epoch   2 | Client   8 | Train: loss=0.229, acc= 95.4% | time=116.5ms | Valid: loss=1.009, acc= 72.0% |
Epoch   3 | Client   8 | Train: loss=0.199, acc= 95.8% | time=117.5ms | Valid: loss=1.003, acc= 76.0% |
Epoch   4 | Client   8 | Train: loss=0.140, acc= 97.5% | time= 88.8ms | Valid: loss=0.985, acc= 64.0% |
Epoch   5 | Client   8 | Train: loss=0.115, acc= 98.3% | time= 83.2ms | Valid: loss=1.041, acc= 60.0% |
Skip Updating GPM for layer: 1
----------------------------------------
Epoch   1 | Client   9 | Train: loss=0.328, acc= 91.8% | time=153.7ms | Valid: loss=1.437, acc= 60.0% |
Epoch   2 | Client   9 | Train: loss=0.250, acc= 93.9% | time= 86.9ms | Valid: loss=1.298, acc= 64.0% |
Epoch   3 | Client   9 | Train: loss=0.205, acc= 96.0% | time=116.1ms | Valid: loss=1.393, acc= 64.0% |
Epoch   4 | Client   9 | Train: loss=0.209, acc= 95.4% | time=112.2ms | Valid: loss=1.539, acc= 68.0% |
Epoch   5 | Client   9 | Train: loss=0.161, acc= 95.8% | time=115.3ms | Valid: loss=1.414, acc= 64.0% |
Skip Updating GPM for layer: 1
----------------------------------------
G-Epoch:   2, Test: loss=1.191 , acc= 63.1%
****************************************
Task:   0, G-Epoch:   2, Test: loss=2.596 , acc= 52.1%
Task:   1, G-Epoch:   2, Test: loss=2.364 , acc= 52.9%
Task:   2, G-Epoch:   2, Test: loss=1.206 , acc= 62.3%
Task:   3, G-Epoch:   2, Test: loss=2.308 , acc= 10.2%
Task:   4, G-Epoch:   2, Test: loss=2.330 , acc=  9.2%
Task:   5, G-Epoch:   2, Test: loss=2.303 , acc=  8.8%
Task:   6, G-Epoch:   2, Test: loss=2.311 , acc=  8.0%
Task:   7, G-Epoch:   2, Test: loss=2.300 , acc= 15.4%
Task:   8, G-Epoch:   2, Test: loss=2.313 , acc=  9.0%
Task:   9, G-Epoch:   2, Test: loss=2.313 , acc=  8.4%
{0: [39.3, 45.7, 48.7, 48.8, 51.1, 52.3, 53.9, 51.6, 55.6, 54.8, 53.3, 54.9, 58.1, 57.8, 55.8, 58.5, 58.6, 58.9, 57.4, 60.4, 61.3, 56.9, 60.1, 60.2, 60.8, 60.2, 60.8, 61.6, 61.5, 61.0, 62.5, 62.5, 64.4, 61.7, 62.6, 62.6, 63.1, 63.9, 65.4, 63.5, 65.0, 63.8, 64.1, 65.7, 66.4, 65.1, 63.0, 66.9, 65.3, 66.5, 68.2, 66.5, 65.4, 65.8, 64.3, 63.8, 64.5, 62.4, 61.7, 61.1, 60.5, 58.7, 57.8, 58.2, 58.3, 55.9, 54.1, 51.9, 52.1, 51.0, 53.7, 53.0, 52.1], 1: [10.2, 9.5, 11.1, 11.0, 9.3, 10.0, 10.6, 10.7, 11.2, 8.9, 9.1, 10.8, 10.8, 10.3, 9.9, 9.1, 11.7, 10.1, 10.2, 11.4, 8.8, 9.8, 10.9, 9.7, 9.2, 9.7, 10.1, 9.5, 9.9, 9.0, 9.4, 9.2, 9.6, 8.9, 9.1, 8.4, 8.4, 8.8, 10.2, 8.7, 8.9, 10.8, 8.1, 9.5, 9.5, 9.3, 10.3, 10.0, 9.3, 9.6, 49.7, 53.7, 57.3, 56.8, 58.2, 56.9, 59.3, 58.9, 59.6, 58.5, 59.5, 59.5, 60.8, 58.1, 58.5, 59.3, 59.4, 58.8, 60.4, 59.6, 56.2, 54.6, 52.9], 2: [10.3, 10.5, 9.7, 11.4, 11.1, 9.9, 8.6, 8.9, 9.1, 8.7, 9.4, 9.6, 7.7, 10.1, 10.4, 8.9, 9.1, 9.5, 10.8, 8.4, 8.5, 8.8, 9.1, 8.5, 9.7, 10.0, 9.4, 9.9, 9.9, 9.5, 8.9, 8.9, 9.1, 9.7, 9.7, 9.8, 9.4, 9.9, 9.1, 9.1, 9.2, 9.9, 9.7, 9.4, 8.0, 10.1, 10.6, 9.1, 9.6, 9.0, 9.4, 11.1, 11.1, 9.6, 9.4, 11.5, 10.8, 9.3, 10.8, 8.4, 9.6, 9.3, 9.7, 10.1, 10.9, 10.4, 9.9, 10.2, 9.5, 10.1, 56.7, 61.3, 62.3], 3: [10.3, 9.9, 8.6, 9.7, 9.2, 9.4, 9.3, 10.7, 11.6, 11.0, 11.6, 11.9, 11.3, 11.4, 12.4, 11.7, 11.1, 11.2, 11.9, 12.5, 13.1, 12.2, 13.1, 12.0, 12.6, 11.9, 12.0, 12.8, 13.5, 12.1, 12.1, 11.7, 11.8, 12.4, 12.6, 11.4, 12.7, 13.3, 13.2, 12.1, 12.3, 12.5, 13.4, 13.2, 13.5, 12.3, 11.5, 12.1, 12.0, 13.0, 10.4, 11.3, 11.9, 10.9, 10.6, 11.5, 10.8, 9.7, 12.1, 11.0, 11.6, 11.6, 11.3, 10.6, 10.6, 11.2, 10.5, 10.4, 10.5, 9.6, 8.5, 10.0, 10.2], 4: [11.0, 10.0, 10.7, 9.8, 10.8, 10.1, 10.0, 10.9, 10.2, 10.0, 10.2, 9.9, 9.6, 9.1, 8.8, 10.7, 9.8, 9.2, 9.6, 10.3, 8.5, 10.1, 9.6, 9.5, 9.6, 10.4, 10.6, 9.3, 8.9, 8.8, 9.3, 10.3, 10.1, 11.1, 9.8, 11.7, 9.9, 9.1, 10.5, 10.7, 10.0, 10.0, 9.9, 9.4, 9.2, 9.0, 10.6, 9.4, 10.1, 10.3, 12.5, 12.4, 12.1, 11.4, 11.1, 10.9, 10.9, 9.9, 10.6, 11.1, 11.0, 10.0, 10.2, 10.3, 11.0, 9.4, 10.2, 10.4, 9.5, 10.1, 9.2, 9.4, 9.2], 5: [9.1, 9.4, 10.6, 12.1, 10.5, 10.8, 11.3, 10.7, 10.6, 12.6, 12.5, 11.6, 11.5, 11.1, 10.8, 10.5, 11.1, 11.6, 10.7, 11.8, 10.6, 11.0, 10.2, 10.9, 9.6, 10.6, 9.6, 10.5, 9.3, 8.3, 9.5, 9.2, 9.6, 10.2, 9.2, 9.2, 10.1, 8.9, 9.3, 8.5, 8.8, 9.3, 9.1, 8.6, 9.9, 10.1, 9.0, 10.0, 8.2, 8.3, 8.9, 8.6, 8.5, 9.5, 9.6, 8.6, 9.0, 9.4, 9.4, 8.0, 8.3, 9.1, 9.0, 8.2, 8.7, 8.2, 8.2, 8.9, 8.9, 8.5, 9.6, 10.0, 8.8], 6: [10.1, 9.9, 12.1, 10.8, 10.4, 9.4, 9.2, 10.1, 11.1, 9.8, 10.4, 11.0, 10.9, 11.0, 13.0, 12.2, 10.5, 11.5, 10.0, 11.8, 9.6, 11.3, 10.6, 9.3, 9.4, 9.0, 10.5, 9.3, 10.4, 9.4, 9.4, 9.5, 10.3, 10.1, 8.4, 8.6, 10.3, 8.7, 9.1, 9.7, 8.6, 9.3, 9.1, 8.7, 8.4, 10.4, 8.9, 9.8, 10.6, 10.7, 9.3, 9.2, 7.6, 9.3, 8.3, 8.0, 8.5, 8.5, 8.1, 8.0, 7.5, 8.3, 8.6, 8.2, 9.4, 8.5, 8.9, 8.5, 8.0, 8.9, 8.5, 8.6, 8.0], 7: [9.2, 9.7, 10.3, 11.8, 11.8, 11.2, 12.2, 11.5, 10.8, 11.1, 12.2, 11.9, 11.9, 13.4, 12.9, 13.1, 14.1, 12.3, 12.7, 13.3, 11.4, 13.4, 12.8, 12.6, 12.6, 13.0, 13.0, 12.7, 13.0, 11.7, 11.9, 11.9, 12.3, 12.7, 13.8, 12.9, 13.4, 13.5, 12.5, 12.3, 12.5, 12.8, 11.2, 12.4, 13.8, 12.4, 10.7, 12.0, 11.9, 11.7, 14.4, 14.5, 12.1, 13.1, 13.4, 13.6, 12.6, 13.3, 13.3, 14.9, 13.1, 14.6, 15.2, 14.0, 13.9, 13.9, 14.3, 12.9, 13.0, 13.5, 15.0, 14.7, 15.4], 8: [7.8, 10.2, 9.5, 11.9, 11.6, 10.8, 9.4, 10.0, 9.6, 10.5, 9.9, 9.9, 10.2, 9.4, 9.8, 8.7, 9.4, 8.8, 9.6, 8.2, 8.0, 8.7, 9.1, 8.8, 8.9, 10.2, 8.3, 8.4, 7.6, 8.6, 8.3, 7.2, 8.5, 8.7, 7.7, 8.7, 8.3, 8.4, 8.6, 8.4, 8.8, 7.8, 8.8, 8.7, 8.0, 8.1, 7.1, 7.0, 6.9, 8.4, 6.1, 6.1, 5.5, 6.3, 6.4, 7.2, 7.2, 7.0, 7.3, 7.6, 7.0, 8.6, 7.6, 7.2, 7.2, 7.0, 7.3, 7.6, 7.2, 7.3, 7.3, 9.0, 9.0], 9: [10.4, 10.8, 9.5, 9.8, 8.9, 8.8, 8.5, 10.6, 9.6, 10.0, 6.8, 8.7, 10.7, 8.9, 9.7, 7.7, 9.0, 9.4, 10.0, 9.5, 9.7, 9.6, 9.4, 8.5, 7.3, 7.6, 9.7, 10.0, 8.1, 9.8, 11.0, 8.9, 10.3, 9.3, 10.3, 8.9, 9.3, 9.7, 10.8, 10.0, 9.6, 9.6, 10.1, 10.1, 9.2, 9.4, 11.1, 8.7, 10.7, 10.9, 9.8, 10.1, 10.9, 9.9, 10.9, 10.6, 9.7, 9.8, 9.9, 9.9, 9.6, 8.9, 9.8, 9.4, 10.4, 9.7, 10.2, 9.5, 9.9, 9.8, 8.4, 7.9, 8.4]}
----------------------------------------
Epoch   1 | Client   0 | Train: loss=0.275, acc= 92.0% | time=161.9ms | Valid: loss=1.291, acc= 48.0% |
Epoch   2 | Client   0 | Train: loss=0.267, acc= 91.8% | time=117.3ms | Valid: loss=1.710, acc= 36.0% |
Epoch   3 | Client   0 | Train: loss=0.495, acc= 83.8% | time=118.1ms | Valid: loss=1.942, acc= 40.0% |
Epoch   4 | Client   0 | Train: loss=0.229, acc= 94.9% | time=119.3ms | Valid: loss=1.844, acc= 48.0% |
Epoch   5 | Client   0 | Train: loss=0.159, acc= 96.2% | time=118.3ms | Valid: loss=1.628, acc= 52.0% |
----------------------------------------
Epoch   1 | Client   1 | Train: loss=0.257, acc= 92.4% | time=156.3ms | Valid: loss=1.185, acc= 60.0% |
Epoch   2 | Client   1 | Train: loss=0.126, acc= 97.9% | time=113.2ms | Valid: loss=1.232, acc= 68.0% |
Epoch   3 | Client   1 | Train: loss=0.102, acc= 98.3% | time=118.9ms | Valid: loss=0.996, acc= 64.0% |
Epoch   4 | Client   1 | Train: loss=0.091, acc= 98.9% | time=118.1ms | Valid: loss=1.273, acc= 64.0% |
Epoch   5 | Client   1 | Train: loss=0.071, acc= 98.7% | time=118.5ms | Valid: loss=1.027, acc= 56.0% |
Skip Updating GPM for layer: 1
----------------------------------------
Epoch   1 | Client   2 | Train: loss=0.242, acc= 94.1% | time=180.6ms | Valid: loss=1.802, acc= 40.0% |
Epoch   2 | Client   2 | Train: loss=0.138, acc= 97.5% | time=118.2ms | Valid: loss=1.550, acc= 60.0% |
Epoch   3 | Client   2 | Train: loss=0.110, acc= 97.9% | time=120.2ms | Valid: loss=1.612, acc= 48.0% |
Epoch   4 | Client   2 | Train: loss=0.172, acc= 95.8% | time=120.3ms | Valid: loss=1.692, acc= 64.0% |
Epoch   5 | Client   2 | Train: loss=0.102, acc= 98.3% | time= 89.3ms | Valid: loss=1.786, acc= 48.0% |
----------------------------------------
Epoch   1 | Client   3 | Train: loss=0.170, acc= 97.5% | time=146.8ms | Valid: loss=1.119, acc= 68.0% |
Epoch   2 | Client   3 | Train: loss=0.140, acc= 97.5% | time= 98.4ms | Valid: loss=1.077, acc= 60.0% |
Epoch   3 | Client   3 | Train: loss=0.169, acc= 96.2% | time=102.7ms | Valid: loss=1.147, acc= 64.0% |
Epoch   4 | Client   3 | Train: loss=0.065, acc= 99.6% | time=115.5ms | Valid: loss=1.016, acc= 68.0% |
Epoch   5 | Client   3 | Train: loss=0.074, acc= 98.7% | time=120.5ms | Valid: loss=1.060, acc= 72.0% |
----------------------------------------
Epoch   1 | Client   4 | Train: loss=0.256, acc= 92.2% | time=163.7ms | Valid: loss=1.409, acc= 72.0% |
Epoch   2 | Client   4 | Train: loss=0.302, acc= 92.6% | time=122.7ms | Valid: loss=1.783, acc= 64.0% |
Epoch   3 | Client   4 | Train: loss=0.152, acc= 97.7% | time=100.5ms | Valid: loss=1.533, acc= 52.0% |
Epoch   4 | Client   4 | Train: loss=0.256, acc= 92.6% | time= 85.5ms | Valid: loss=1.224, acc= 60.0% |
Epoch   5 | Client   4 | Train: loss=0.182, acc= 95.4% | time= 83.4ms | Valid: loss=1.327, acc= 64.0% |
----------------------------------------
Epoch   1 | Client   5 | Train: loss=0.153, acc= 97.5% | time=151.0ms | Valid: loss=1.191, acc= 64.0% |
Epoch   2 | Client   5 | Train: loss=0.189, acc= 95.4% | time=100.3ms | Valid: loss=1.071, acc= 60.0% |
Epoch   3 | Client   5 | Train: loss=0.089, acc= 99.4% | time= 88.3ms | Valid: loss=0.785, acc= 80.0% |
Epoch   4 | Client   5 | Train: loss=0.087, acc= 98.3% | time= 88.3ms | Valid: loss=1.154, acc= 64.0% |
Epoch   5 | Client   5 | Train: loss=0.080, acc= 98.5% | time= 87.4ms | Valid: loss=1.196, acc= 60.0% |
Skip Updating GPM for layer: 1
----------------------------------------
Epoch   1 | Client   6 | Train: loss=0.199, acc= 95.2% | time=155.1ms | Valid: loss=1.383, acc= 48.0% |
Epoch   2 | Client   6 | Train: loss=0.110, acc= 97.9% | time=114.3ms | Valid: loss=1.341, acc= 56.0% |
Epoch   3 | Client   6 | Train: loss=0.088, acc= 98.5% | time=127.6ms | Valid: loss=1.444, acc= 60.0% |
Epoch   4 | Client   6 | Train: loss=0.050, acc= 99.6% | time=106.3ms | Valid: loss=1.393, acc= 52.0% |
Epoch   5 | Client   6 | Train: loss=0.044, acc= 99.6% | time= 84.9ms | Valid: loss=1.426, acc= 60.0% |
Skip Updating GPM for layer: 1
----------------------------------------
Epoch   1 | Client   7 | Train: loss=0.300, acc= 92.6% | time=141.8ms | Valid: loss=1.589, acc= 56.0% |
Epoch   2 | Client   7 | Train: loss=0.274, acc= 92.8% | time= 89.8ms | Valid: loss=1.841, acc= 52.0% |
Epoch   3 | Client   7 | Train: loss=0.316, acc= 91.2% | time= 83.4ms | Valid: loss=1.861, acc= 40.0% |
Epoch   4 | Client   7 | Train: loss=0.213, acc= 95.4% | time= 78.1ms | Valid: loss=1.771, acc= 48.0% |
Epoch   5 | Client   7 | Train: loss=0.185, acc= 94.9% | time= 77.1ms | Valid: loss=1.603, acc= 48.0% |
----------------------------------------
Epoch   1 | Client   8 | Train: loss=0.147, acc= 97.1% | time=163.6ms | Valid: loss=1.261, acc= 60.0% |
Epoch   2 | Client   8 | Train: loss=0.099, acc= 98.3% | time= 89.8ms | Valid: loss=1.077, acc= 64.0% |
Epoch   3 | Client   8 | Train: loss=0.085, acc= 99.2% | time= 90.3ms | Valid: loss=1.075, acc= 64.0% |
Epoch   4 | Client   8 | Train: loss=0.070, acc= 99.2% | time= 80.2ms | Valid: loss=1.078, acc= 64.0% |
Epoch   5 | Client   8 | Train: loss=0.042, acc= 99.4% | time= 80.2ms | Valid: loss=0.963, acc= 72.0% |
----------------------------------------
Epoch   1 | Client   9 | Train: loss=0.179, acc= 95.6% | time=175.6ms | Valid: loss=1.496, acc= 64.0% |
Epoch   2 | Client   9 | Train: loss=0.135, acc= 97.3% | time=101.4ms | Valid: loss=1.450, acc= 56.0% |
Epoch   3 | Client   9 | Train: loss=0.124, acc= 97.5% | time= 97.2ms | Valid: loss=1.643, acc= 64.0% |
Epoch   4 | Client   9 | Train: loss=0.078, acc= 98.7% | time= 95.3ms | Valid: loss=1.545, acc= 60.0% |
Epoch   5 | Client   9 | Train: loss=0.092, acc= 98.7% | time= 95.8ms | Valid: loss=1.762, acc= 60.0% |
Skip Updating GPM for layer: 1
----------------------------------------
G-Epoch:   3, Test: loss=1.228 , acc= 63.3%
****************************************
Task:   0, G-Epoch:   3, Test: loss=2.660 , acc= 51.7%
Task:   1, G-Epoch:   3, Test: loss=2.432 , acc= 51.7%
Task:   2, G-Epoch:   3, Test: loss=1.224 , acc= 63.5%
Task:   3, G-Epoch:   3, Test: loss=2.306 , acc= 10.6%
Task:   4, G-Epoch:   3, Test: loss=2.330 , acc=  8.7%
Task:   5, G-Epoch:   3, Test: loss=2.304 , acc=  9.3%
Task:   6, G-Epoch:   3, Test: loss=2.309 , acc=  7.8%
Task:   7, G-Epoch:   3, Test: loss=2.295 , acc= 14.4%
Task:   8, G-Epoch:   3, Test: loss=2.313 , acc=  8.7%
Task:   9, G-Epoch:   3, Test: loss=2.311 , acc=  9.9%
{0: [39.3, 45.7, 48.7, 48.8, 51.1, 52.3, 53.9, 51.6, 55.6, 54.8, 53.3, 54.9, 58.1, 57.8, 55.8, 58.5, 58.6, 58.9, 57.4, 60.4, 61.3, 56.9, 60.1, 60.2, 60.8, 60.2, 60.8, 61.6, 61.5, 61.0, 62.5, 62.5, 64.4, 61.7, 62.6, 62.6, 63.1, 63.9, 65.4, 63.5, 65.0, 63.8, 64.1, 65.7, 66.4, 65.1, 63.0, 66.9, 65.3, 66.5, 68.2, 66.5, 65.4, 65.8, 64.3, 63.8, 64.5, 62.4, 61.7, 61.1, 60.5, 58.7, 57.8, 58.2, 58.3, 55.9, 54.1, 51.9, 52.1, 51.0, 53.7, 53.0, 52.1, 51.7], 1: [10.2, 9.5, 11.1, 11.0, 9.3, 10.0, 10.6, 10.7, 11.2, 8.9, 9.1, 10.8, 10.8, 10.3, 9.9, 9.1, 11.7, 10.1, 10.2, 11.4, 8.8, 9.8, 10.9, 9.7, 9.2, 9.7, 10.1, 9.5, 9.9, 9.0, 9.4, 9.2, 9.6, 8.9, 9.1, 8.4, 8.4, 8.8, 10.2, 8.7, 8.9, 10.8, 8.1, 9.5, 9.5, 9.3, 10.3, 10.0, 9.3, 9.6, 49.7, 53.7, 57.3, 56.8, 58.2, 56.9, 59.3, 58.9, 59.6, 58.5, 59.5, 59.5, 60.8, 58.1, 58.5, 59.3, 59.4, 58.8, 60.4, 59.6, 56.2, 54.6, 52.9, 51.7], 2: [10.3, 10.5, 9.7, 11.4, 11.1, 9.9, 8.6, 8.9, 9.1, 8.7, 9.4, 9.6, 7.7, 10.1, 10.4, 8.9, 9.1, 9.5, 10.8, 8.4, 8.5, 8.8, 9.1, 8.5, 9.7, 10.0, 9.4, 9.9, 9.9, 9.5, 8.9, 8.9, 9.1, 9.7, 9.7, 9.8, 9.4, 9.9, 9.1, 9.1, 9.2, 9.9, 9.7, 9.4, 8.0, 10.1, 10.6, 9.1, 9.6, 9.0, 9.4, 11.1, 11.1, 9.6, 9.4, 11.5, 10.8, 9.3, 10.8, 8.4, 9.6, 9.3, 9.7, 10.1, 10.9, 10.4, 9.9, 10.2, 9.5, 10.1, 56.7, 61.3, 62.3, 63.5], 3: [10.3, 9.9, 8.6, 9.7, 9.2, 9.4, 9.3, 10.7, 11.6, 11.0, 11.6, 11.9, 11.3, 11.4, 12.4, 11.7, 11.1, 11.2, 11.9, 12.5, 13.1, 12.2, 13.1, 12.0, 12.6, 11.9, 12.0, 12.8, 13.5, 12.1, 12.1, 11.7, 11.8, 12.4, 12.6, 11.4, 12.7, 13.3, 13.2, 12.1, 12.3, 12.5, 13.4, 13.2, 13.5, 12.3, 11.5, 12.1, 12.0, 13.0, 10.4, 11.3, 11.9, 10.9, 10.6, 11.5, 10.8, 9.7, 12.1, 11.0, 11.6, 11.6, 11.3, 10.6, 10.6, 11.2, 10.5, 10.4, 10.5, 9.6, 8.5, 10.0, 10.2, 10.6], 4: [11.0, 10.0, 10.7, 9.8, 10.8, 10.1, 10.0, 10.9, 10.2, 10.0, 10.2, 9.9, 9.6, 9.1, 8.8, 10.7, 9.8, 9.2, 9.6, 10.3, 8.5, 10.1, 9.6, 9.5, 9.6, 10.4, 10.6, 9.3, 8.9, 8.8, 9.3, 10.3, 10.1, 11.1, 9.8, 11.7, 9.9, 9.1, 10.5, 10.7, 10.0, 10.0, 9.9, 9.4, 9.2, 9.0, 10.6, 9.4, 10.1, 10.3, 12.5, 12.4, 12.1, 11.4, 11.1, 10.9, 10.9, 9.9, 10.6, 11.1, 11.0, 10.0, 10.2, 10.3, 11.0, 9.4, 10.2, 10.4, 9.5, 10.1, 9.2, 9.4, 9.2, 8.7], 5: [9.1, 9.4, 10.6, 12.1, 10.5, 10.8, 11.3, 10.7, 10.6, 12.6, 12.5, 11.6, 11.5, 11.1, 10.8, 10.5, 11.1, 11.6, 10.7, 11.8, 10.6, 11.0, 10.2, 10.9, 9.6, 10.6, 9.6, 10.5, 9.3, 8.3, 9.5, 9.2, 9.6, 10.2, 9.2, 9.2, 10.1, 8.9, 9.3, 8.5, 8.8, 9.3, 9.1, 8.6, 9.9, 10.1, 9.0, 10.0, 8.2, 8.3, 8.9, 8.6, 8.5, 9.5, 9.6, 8.6, 9.0, 9.4, 9.4, 8.0, 8.3, 9.1, 9.0, 8.2, 8.7, 8.2, 8.2, 8.9, 8.9, 8.5, 9.6, 10.0, 8.8, 9.3], 6: [10.1, 9.9, 12.1, 10.8, 10.4, 9.4, 9.2, 10.1, 11.1, 9.8, 10.4, 11.0, 10.9, 11.0, 13.0, 12.2, 10.5, 11.5, 10.0, 11.8, 9.6, 11.3, 10.6, 9.3, 9.4, 9.0, 10.5, 9.3, 10.4, 9.4, 9.4, 9.5, 10.3, 10.1, 8.4, 8.6, 10.3, 8.7, 9.1, 9.7, 8.6, 9.3, 9.1, 8.7, 8.4, 10.4, 8.9, 9.8, 10.6, 10.7, 9.3, 9.2, 7.6, 9.3, 8.3, 8.0, 8.5, 8.5, 8.1, 8.0, 7.5, 8.3, 8.6, 8.2, 9.4, 8.5, 8.9, 8.5, 8.0, 8.9, 8.5, 8.6, 8.0, 7.8], 7: [9.2, 9.7, 10.3, 11.8, 11.8, 11.2, 12.2, 11.5, 10.8, 11.1, 12.2, 11.9, 11.9, 13.4, 12.9, 13.1, 14.1, 12.3, 12.7, 13.3, 11.4, 13.4, 12.8, 12.6, 12.6, 13.0, 13.0, 12.7, 13.0, 11.7, 11.9, 11.9, 12.3, 12.7, 13.8, 12.9, 13.4, 13.5, 12.5, 12.3, 12.5, 12.8, 11.2, 12.4, 13.8, 12.4, 10.7, 12.0, 11.9, 11.7, 14.4, 14.5, 12.1, 13.1, 13.4, 13.6, 12.6, 13.3, 13.3, 14.9, 13.1, 14.6, 15.2, 14.0, 13.9, 13.9, 14.3, 12.9, 13.0, 13.5, 15.0, 14.7, 15.4, 14.4], 8: [7.8, 10.2, 9.5, 11.9, 11.6, 10.8, 9.4, 10.0, 9.6, 10.5, 9.9, 9.9, 10.2, 9.4, 9.8, 8.7, 9.4, 8.8, 9.6, 8.2, 8.0, 8.7, 9.1, 8.8, 8.9, 10.2, 8.3, 8.4, 7.6, 8.6, 8.3, 7.2, 8.5, 8.7, 7.7, 8.7, 8.3, 8.4, 8.6, 8.4, 8.8, 7.8, 8.8, 8.7, 8.0, 8.1, 7.1, 7.0, 6.9, 8.4, 6.1, 6.1, 5.5, 6.3, 6.4, 7.2, 7.2, 7.0, 7.3, 7.6, 7.0, 8.6, 7.6, 7.2, 7.2, 7.0, 7.3, 7.6, 7.2, 7.3, 7.3, 9.0, 9.0, 8.7], 9: [10.4, 10.8, 9.5, 9.8, 8.9, 8.8, 8.5, 10.6, 9.6, 10.0, 6.8, 8.7, 10.7, 8.9, 9.7, 7.7, 9.0, 9.4, 10.0, 9.5, 9.7, 9.6, 9.4, 8.5, 7.3, 7.6, 9.7, 10.0, 8.1, 9.8, 11.0, 8.9, 10.3, 9.3, 10.3, 8.9, 9.3, 9.7, 10.8, 10.0, 9.6, 9.6, 10.1, 10.1, 9.2, 9.4, 11.1, 8.7, 10.7, 10.9, 9.8, 10.1, 10.9, 9.9, 10.9, 10.6, 9.7, 9.8, 9.9, 9.9, 9.6, 8.9, 9.8, 9.4, 10.4, 9.7, 10.2, 9.5, 9.9, 9.8, 8.4, 7.9, 8.4, 9.9]}
----------------------------------------
Epoch   1 | Client   0 | Train: loss=0.295, acc= 89.9% | time=165.2ms | Valid: loss=1.326, acc= 60.0% |
Epoch   2 | Client   0 | Train: loss=0.146, acc= 96.8% | time= 90.6ms | Valid: loss=1.661, acc= 40.0% |
Epoch   3 | Client   0 | Train: loss=0.146, acc= 95.6% | time= 90.9ms | Valid: loss=1.262, acc= 68.0% |
Epoch   4 | Client   0 | Train: loss=0.068, acc= 99.2% | time= 84.3ms | Valid: loss=1.441, acc= 52.0% |
Epoch   5 | Client   0 | Train: loss=0.080, acc= 98.7% | time= 79.4ms | Valid: loss=1.623, acc= 56.0% |
----------------------------------------
Epoch   1 | Client   1 | Train: loss=0.069, acc= 98.9% | time=163.1ms | Valid: loss=1.217, acc= 68.0% |
Epoch   2 | Client   1 | Train: loss=0.067, acc= 98.9% | time=111.7ms | Valid: loss=1.158, acc= 72.0% |
Epoch   3 | Client   1 | Train: loss=0.060, acc= 99.4% | time= 94.4ms | Valid: loss=1.403, acc= 64.0% |
Epoch   4 | Client   1 | Train: loss=0.028, acc= 99.8% | time= 90.6ms | Valid: loss=1.181, acc= 60.0% |
Epoch   5 | Client   1 | Train: loss=0.025, acc= 99.8% | time=102.4ms | Valid: loss=1.146, acc= 60.0% |
Skip Updating GPM for layer: 1
----------------------------------------
Epoch   1 | Client   2 | Train: loss=0.095, acc= 98.5% | time=168.6ms | Valid: loss=1.586, acc= 68.0% |
Epoch   2 | Client   2 | Train: loss=0.080, acc= 98.9% | time=109.6ms | Valid: loss=1.798, acc= 52.0% |
Epoch   3 | Client   2 | Train: loss=0.091, acc= 98.5% | time= 88.2ms | Valid: loss=1.910, acc= 48.0% |
Epoch   4 | Client   2 | Train: loss=0.058, acc= 99.4% | time= 80.0ms | Valid: loss=1.783, acc= 52.0% |
Epoch   5 | Client   2 | Train: loss=0.108, acc= 97.3% | time= 81.2ms | Valid: loss=2.170, acc= 40.0% |
----------------------------------------
Epoch   1 | Client   3 | Train: loss=0.072, acc= 99.6% | time=162.0ms | Valid: loss=1.059, acc= 64.0% |
Epoch   2 | Client   3 | Train: loss=0.062, acc= 99.4% | time= 93.0ms | Valid: loss=1.067, acc= 64.0% |
Epoch   3 | Client   3 | Train: loss=0.041, acc= 99.6% | time= 88.6ms | Valid: loss=1.079, acc= 64.0% |
Epoch   4 | Client   3 | Train: loss=0.039, acc= 99.6% | time= 84.6ms | Valid: loss=1.211, acc= 56.0% |
Epoch   5 | Client   3 | Train: loss=0.034, acc= 99.4% | time= 83.8ms | Valid: loss=1.087, acc= 64.0% |
Skip Updating GPM for layer: 1
----------------------------------------
Epoch   1 | Client   4 | Train: loss=0.283, acc= 92.0% | time=172.1ms | Valid: loss=1.321, acc= 56.0% |
Epoch   2 | Client   4 | Train: loss=0.252, acc= 92.2% | time= 89.1ms | Valid: loss=1.419, acc= 60.0% |
Epoch   3 | Client   4 | Train: loss=0.182, acc= 95.6% | time= 82.4ms | Valid: loss=1.218, acc= 68.0% |
Epoch   4 | Client   4 | Train: loss=0.139, acc= 96.4% | time= 80.5ms | Valid: loss=1.034, acc= 72.0% |
Epoch   5 | Client   4 | Train: loss=0.172, acc= 94.5% | time= 83.5ms | Valid: loss=1.319, acc= 60.0% |
----------------------------------------
Epoch   1 | Client   5 | Train: loss=0.078, acc= 98.7% | time=166.4ms | Valid: loss=1.031, acc= 60.0% |
Epoch   2 | Client   5 | Train: loss=0.067, acc= 99.4% | time= 93.0ms | Valid: loss=0.913, acc= 76.0% |
Epoch   3 | Client   5 | Train: loss=0.083, acc= 97.9% | time= 93.8ms | Valid: loss=0.922, acc= 68.0% |
Epoch   4 | Client   5 | Train: loss=0.047, acc= 99.2% | time= 88.1ms | Valid: loss=0.887, acc= 72.0% |
Epoch   5 | Client   5 | Train: loss=0.031, acc= 99.6% | time= 89.8ms | Valid: loss=1.019, acc= 68.0% |
Skip Updating GPM for layer: 1
----------------------------------------
Epoch   1 | Client   6 | Train: loss=0.050, acc= 99.6% | time=166.2ms | Valid: loss=1.497, acc= 60.0% |
Epoch   2 | Client   6 | Train: loss=0.079, acc= 98.7% | time= 88.3ms | Valid: loss=1.704, acc= 60.0% |
Epoch   3 | Client   6 | Train: loss=0.042, acc= 99.2% | time= 83.7ms | Valid: loss=1.397, acc= 52.0% |
Epoch   4 | Client   6 | Train: loss=0.032, acc= 99.8% | time= 79.9ms | Valid: loss=1.468, acc= 60.0% |
Epoch   5 | Client   6 | Train: loss=0.025, acc= 99.6% | time= 82.1ms | Valid: loss=1.448, acc= 60.0% |
Skip Updating GPM for layer: 1
----------------------------------------
Epoch   1 | Client   7 | Train: loss=0.207, acc= 94.5% | time=153.8ms | Valid: loss=1.783, acc= 52.0% |
Epoch   2 | Client   7 | Train: loss=0.224, acc= 92.6% | time=101.9ms | Valid: loss=1.983, acc= 40.0% |
Epoch   3 | Client   7 | Train: loss=0.176, acc= 94.9% | time= 86.7ms | Valid: loss=2.090, acc= 48.0% |
Epoch   4 | Client   7 | Train: loss=0.157, acc= 96.8% | time= 87.1ms | Valid: loss=2.315, acc= 40.0% |
Epoch   5 | Client   7 | Train: loss=0.183, acc= 94.9% | time= 84.8ms | Valid: loss=1.685, acc= 48.0% |
----------------------------------------
Epoch   1 | Client   8 | Train: loss=0.077, acc= 98.7% | time=185.4ms | Valid: loss=1.107, acc= 72.0% |
Epoch   2 | Client   8 | Train: loss=0.058, acc= 98.9% | time= 94.7ms | Valid: loss=0.938, acc= 72.0% |
Epoch   3 | Client   8 | Train: loss=0.030, acc= 99.8% | time= 84.0ms | Valid: loss=1.062, acc= 68.0% |
Epoch   4 | Client   8 | Train: loss=0.035, acc= 99.6% | time= 79.6ms | Valid: loss=1.036, acc= 68.0% |
Epoch   5 | Client   8 | Train: loss=0.037, acc= 99.6% | time= 78.9ms | Valid: loss=1.197, acc= 60.0% |
Skip Updating GPM for layer: 1
----------------------------------------
Epoch   1 | Client   9 | Train: loss=0.087, acc= 98.1% | time=153.1ms | Valid: loss=1.579, acc= 60.0% |
Epoch   2 | Client   9 | Train: loss=0.058, acc= 99.6% | time= 86.6ms | Valid: loss=1.502, acc= 64.0% |
Epoch   3 | Client   9 | Train: loss=0.056, acc= 99.4% | time= 80.5ms | Valid: loss=1.532, acc= 64.0% |
Epoch   4 | Client   9 | Train: loss=0.049, acc= 99.6% | time= 77.3ms | Valid: loss=1.418, acc= 68.0% |
Epoch   5 | Client   9 | Train: loss=0.028, acc= 99.8% | time= 76.4ms | Valid: loss=1.366, acc= 64.0% |
Skip Updating GPM for layer: 1
----------------------------------------
G-Epoch:   4, Test: loss=1.285 , acc= 64.6%
****************************************
Task:   0, G-Epoch:   4, Test: loss=2.601 , acc= 52.5%
Task:   1, G-Epoch:   4, Test: loss=2.410 , acc= 52.2%
Task:   2, G-Epoch:   4, Test: loss=1.287 , acc= 63.5%
Task:   3, G-Epoch:   4, Test: loss=2.306 , acc= 10.2%
Task:   4, G-Epoch:   4, Test: loss=2.331 , acc=  9.8%
Task:   5, G-Epoch:   4, Test: loss=2.302 , acc=  9.3%
Task:   6, G-Epoch:   4, Test: loss=2.314 , acc=  7.3%
Task:   7, G-Epoch:   4, Test: loss=2.299 , acc= 14.2%
Task:   8, G-Epoch:   4, Test: loss=2.314 , acc= 10.5%
Task:   9, G-Epoch:   4, Test: loss=2.311 , acc=  8.1%
{0: [39.3, 45.7, 48.7, 48.8, 51.1, 52.3, 53.9, 51.6, 55.6, 54.8, 53.3, 54.9, 58.1, 57.8, 55.8, 58.5, 58.6, 58.9, 57.4, 60.4, 61.3, 56.9, 60.1, 60.2, 60.8, 60.2, 60.8, 61.6, 61.5, 61.0, 62.5, 62.5, 64.4, 61.7, 62.6, 62.6, 63.1, 63.9, 65.4, 63.5, 65.0, 63.8, 64.1, 65.7, 66.4, 65.1, 63.0, 66.9, 65.3, 66.5, 68.2, 66.5, 65.4, 65.8, 64.3, 63.8, 64.5, 62.4, 61.7, 61.1, 60.5, 58.7, 57.8, 58.2, 58.3, 55.9, 54.1, 51.9, 52.1, 51.0, 53.7, 53.0, 52.1, 51.7, 52.5], 1: [10.2, 9.5, 11.1, 11.0, 9.3, 10.0, 10.6, 10.7, 11.2, 8.9, 9.1, 10.8, 10.8, 10.3, 9.9, 9.1, 11.7, 10.1, 10.2, 11.4, 8.8, 9.8, 10.9, 9.7, 9.2, 9.7, 10.1, 9.5, 9.9, 9.0, 9.4, 9.2, 9.6, 8.9, 9.1, 8.4, 8.4, 8.8, 10.2, 8.7, 8.9, 10.8, 8.1, 9.5, 9.5, 9.3, 10.3, 10.0, 9.3, 9.6, 49.7, 53.7, 57.3, 56.8, 58.2, 56.9, 59.3, 58.9, 59.6, 58.5, 59.5, 59.5, 60.8, 58.1, 58.5, 59.3, 59.4, 58.8, 60.4, 59.6, 56.2, 54.6, 52.9, 51.7, 52.2], 2: [10.3, 10.5, 9.7, 11.4, 11.1, 9.9, 8.6, 8.9, 9.1, 8.7, 9.4, 9.6, 7.7, 10.1, 10.4, 8.9, 9.1, 9.5, 10.8, 8.4, 8.5, 8.8, 9.1, 8.5, 9.7, 10.0, 9.4, 9.9, 9.9, 9.5, 8.9, 8.9, 9.1, 9.7, 9.7, 9.8, 9.4, 9.9, 9.1, 9.1, 9.2, 9.9, 9.7, 9.4, 8.0, 10.1, 10.6, 9.1, 9.6, 9.0, 9.4, 11.1, 11.1, 9.6, 9.4, 11.5, 10.8, 9.3, 10.8, 8.4, 9.6, 9.3, 9.7, 10.1, 10.9, 10.4, 9.9, 10.2, 9.5, 10.1, 56.7, 61.3, 62.3, 63.5, 63.5], 3: [10.3, 9.9, 8.6, 9.7, 9.2, 9.4, 9.3, 10.7, 11.6, 11.0, 11.6, 11.9, 11.3, 11.4, 12.4, 11.7, 11.1, 11.2, 11.9, 12.5, 13.1, 12.2, 13.1, 12.0, 12.6, 11.9, 12.0, 12.8, 13.5, 12.1, 12.1, 11.7, 11.8, 12.4, 12.6, 11.4, 12.7, 13.3, 13.2, 12.1, 12.3, 12.5, 13.4, 13.2, 13.5, 12.3, 11.5, 12.1, 12.0, 13.0, 10.4, 11.3, 11.9, 10.9, 10.6, 11.5, 10.8, 9.7, 12.1, 11.0, 11.6, 11.6, 11.3, 10.6, 10.6, 11.2, 10.5, 10.4, 10.5, 9.6, 8.5, 10.0, 10.2, 10.6, 10.2], 4: [11.0, 10.0, 10.7, 9.8, 10.8, 10.1, 10.0, 10.9, 10.2, 10.0, 10.2, 9.9, 9.6, 9.1, 8.8, 10.7, 9.8, 9.2, 9.6, 10.3, 8.5, 10.1, 9.6, 9.5, 9.6, 10.4, 10.6, 9.3, 8.9, 8.8, 9.3, 10.3, 10.1, 11.1, 9.8, 11.7, 9.9, 9.1, 10.5, 10.7, 10.0, 10.0, 9.9, 9.4, 9.2, 9.0, 10.6, 9.4, 10.1, 10.3, 12.5, 12.4, 12.1, 11.4, 11.1, 10.9, 10.9, 9.9, 10.6, 11.1, 11.0, 10.0, 10.2, 10.3, 11.0, 9.4, 10.2, 10.4, 9.5, 10.1, 9.2, 9.4, 9.2, 8.7, 9.8], 5: [9.1, 9.4, 10.6, 12.1, 10.5, 10.8, 11.3, 10.7, 10.6, 12.6, 12.5, 11.6, 11.5, 11.1, 10.8, 10.5, 11.1, 11.6, 10.7, 11.8, 10.6, 11.0, 10.2, 10.9, 9.6, 10.6, 9.6, 10.5, 9.3, 8.3, 9.5, 9.2, 9.6, 10.2, 9.2, 9.2, 10.1, 8.9, 9.3, 8.5, 8.8, 9.3, 9.1, 8.6, 9.9, 10.1, 9.0, 10.0, 8.2, 8.3, 8.9, 8.6, 8.5, 9.5, 9.6, 8.6, 9.0, 9.4, 9.4, 8.0, 8.3, 9.1, 9.0, 8.2, 8.7, 8.2, 8.2, 8.9, 8.9, 8.5, 9.6, 10.0, 8.8, 9.3, 9.3], 6: [10.1, 9.9, 12.1, 10.8, 10.4, 9.4, 9.2, 10.1, 11.1, 9.8, 10.4, 11.0, 10.9, 11.0, 13.0, 12.2, 10.5, 11.5, 10.0, 11.8, 9.6, 11.3, 10.6, 9.3, 9.4, 9.0, 10.5, 9.3, 10.4, 9.4, 9.4, 9.5, 10.3, 10.1, 8.4, 8.6, 10.3, 8.7, 9.1, 9.7, 8.6, 9.3, 9.1, 8.7, 8.4, 10.4, 8.9, 9.8, 10.6, 10.7, 9.3, 9.2, 7.6, 9.3, 8.3, 8.0, 8.5, 8.5, 8.1, 8.0, 7.5, 8.3, 8.6, 8.2, 9.4, 8.5, 8.9, 8.5, 8.0, 8.9, 8.5, 8.6, 8.0, 7.8, 7.3], 7: [9.2, 9.7, 10.3, 11.8, 11.8, 11.2, 12.2, 11.5, 10.8, 11.1, 12.2, 11.9, 11.9, 13.4, 12.9, 13.1, 14.1, 12.3, 12.7, 13.3, 11.4, 13.4, 12.8, 12.6, 12.6, 13.0, 13.0, 12.7, 13.0, 11.7, 11.9, 11.9, 12.3, 12.7, 13.8, 12.9, 13.4, 13.5, 12.5, 12.3, 12.5, 12.8, 11.2, 12.4, 13.8, 12.4, 10.7, 12.0, 11.9, 11.7, 14.4, 14.5, 12.1, 13.1, 13.4, 13.6, 12.6, 13.3, 13.3, 14.9, 13.1, 14.6, 15.2, 14.0, 13.9, 13.9, 14.3, 12.9, 13.0, 13.5, 15.0, 14.7, 15.4, 14.4, 14.2], 8: [7.8, 10.2, 9.5, 11.9, 11.6, 10.8, 9.4, 10.0, 9.6, 10.5, 9.9, 9.9, 10.2, 9.4, 9.8, 8.7, 9.4, 8.8, 9.6, 8.2, 8.0, 8.7, 9.1, 8.8, 8.9, 10.2, 8.3, 8.4, 7.6, 8.6, 8.3, 7.2, 8.5, 8.7, 7.7, 8.7, 8.3, 8.4, 8.6, 8.4, 8.8, 7.8, 8.8, 8.7, 8.0, 8.1, 7.1, 7.0, 6.9, 8.4, 6.1, 6.1, 5.5, 6.3, 6.4, 7.2, 7.2, 7.0, 7.3, 7.6, 7.0, 8.6, 7.6, 7.2, 7.2, 7.0, 7.3, 7.6, 7.2, 7.3, 7.3, 9.0, 9.0, 8.7, 10.5], 9: [10.4, 10.8, 9.5, 9.8, 8.9, 8.8, 8.5, 10.6, 9.6, 10.0, 6.8, 8.7, 10.7, 8.9, 9.7, 7.7, 9.0, 9.4, 10.0, 9.5, 9.7, 9.6, 9.4, 8.5, 7.3, 7.6, 9.7, 10.0, 8.1, 9.8, 11.0, 8.9, 10.3, 9.3, 10.3, 8.9, 9.3, 9.7, 10.8, 10.0, 9.6, 9.6, 10.1, 10.1, 9.2, 9.4, 11.1, 8.7, 10.7, 10.9, 9.8, 10.1, 10.9, 9.9, 10.9, 10.6, 9.7, 9.8, 9.9, 9.9, 9.6, 8.9, 9.8, 9.4, 10.4, 9.7, 10.2, 9.5, 9.9, 9.8, 8.4, 7.9, 8.4, 9.9, 8.1]}
----------------------------------------
Epoch   1 | Client   0 | Train: loss=0.253, acc= 92.6% | time=107.9ms | Valid: loss=1.642, acc= 48.0% |
Epoch   2 | Client   0 | Train: loss=0.170, acc= 94.9% | time= 90.7ms | Valid: loss=1.131, acc= 56.0% |
Epoch   3 | Client   0 | Train: loss=0.151, acc= 96.8% | time= 91.8ms | Valid: loss=1.831, acc= 56.0% |
Epoch   4 | Client   0 | Train: loss=0.117, acc= 96.8% | time= 79.9ms | Valid: loss=2.149, acc= 48.0% |
Epoch   5 | Client   0 | Train: loss=0.090, acc= 97.3% | time= 81.7ms | Valid: loss=1.616, acc= 52.0% |
----------------------------------------
Epoch   1 | Client   1 | Train: loss=0.042, acc= 98.9% | time=176.7ms | Valid: loss=1.205, acc= 68.0% |
Epoch   2 | Client   1 | Train: loss=0.033, acc=100.0% | time= 88.7ms | Valid: loss=1.220, acc= 64.0% |
Epoch   3 | Client   1 | Train: loss=0.083, acc= 97.7% | time= 84.8ms | Valid: loss=1.357, acc= 72.0% |
Epoch   4 | Client   1 | Train: loss=0.027, acc= 99.8% | time= 82.0ms | Valid: loss=1.421, acc= 56.0% |
Epoch   5 | Client   1 | Train: loss=0.019, acc=100.0% | time= 81.4ms | Valid: loss=1.436, acc= 56.0% |
Skip Updating GPM for layer: 1
----------------------------------------
Epoch   1 | Client   2 | Train: loss=0.125, acc= 96.4% | time=171.3ms | Valid: loss=1.630, acc= 56.0% |
Epoch   2 | Client   2 | Train: loss=0.065, acc= 98.9% | time=101.9ms | Valid: loss=1.828, acc= 64.0% |
Epoch   3 | Client   2 | Train: loss=0.059, acc= 98.7% | time= 95.1ms | Valid: loss=1.766, acc= 64.0% |
Epoch   4 | Client   2 | Train: loss=0.033, acc= 99.6% | time= 94.0ms | Valid: loss=1.745, acc= 56.0% |
Epoch   5 | Client   2 | Train: loss=0.096, acc= 97.9% | time= 93.3ms | Valid: loss=2.009, acc= 52.0% |
----------------------------------------
Epoch   1 | Client   3 | Train: loss=0.063, acc= 98.5% | time=151.0ms | Valid: loss=0.974, acc= 76.0% |
Epoch   2 | Client   3 | Train: loss=0.048, acc= 99.2% | time= 95.0ms | Valid: loss=1.161, acc= 64.0% |
Epoch   3 | Client   3 | Train: loss=0.047, acc= 98.7% | time= 87.3ms | Valid: loss=1.242, acc= 64.0% |
Epoch   4 | Client   3 | Train: loss=0.027, acc= 99.6% | time= 83.6ms | Valid: loss=1.201, acc= 72.0% |
Epoch   5 | Client   3 | Train: loss=0.026, acc= 99.8% | time= 86.4ms | Valid: loss=1.107, acc= 72.0% |
Skip Updating GPM for layer: 1
----------------------------------------
Epoch   1 | Client   4 | Train: loss=0.203, acc= 94.7% | time=165.9ms | Valid: loss=1.640, acc= 56.0% |
Epoch   2 | Client   4 | Train: loss=0.125, acc= 97.5% | time= 91.2ms | Valid: loss=1.528, acc= 64.0% |
Epoch   3 | Client   4 | Train: loss=0.101, acc= 98.1% | time=129.7ms | Valid: loss=1.376, acc= 64.0% |
Epoch   4 | Client   4 | Train: loss=0.050, acc= 99.6% | time=127.7ms | Valid: loss=1.460, acc= 64.0% |
Epoch   5 | Client   4 | Train: loss=0.046, acc= 99.4% | time=131.5ms | Valid: loss=1.298, acc= 68.0% |
----------------------------------------
Epoch   1 | Client   5 | Train: loss=0.042, acc= 99.6% | time=159.3ms | Valid: loss=1.046, acc= 64.0% |
Epoch   2 | Client   5 | Train: loss=0.185, acc= 95.2% | time=109.5ms | Valid: loss=1.317, acc= 60.0% |
Epoch   3 | Client   5 | Train: loss=0.036, acc= 99.8% | time= 93.4ms | Valid: loss=1.007, acc= 72.0% |
Epoch   4 | Client   5 | Train: loss=0.017, acc=100.0% | time= 90.2ms | Valid: loss=1.090, acc= 72.0% |
Epoch   5 | Client   5 | Train: loss=0.023, acc=100.0% | time= 89.0ms | Valid: loss=1.135, acc= 68.0% |
Skip Updating GPM for layer: 1
----------------------------------------
Epoch   1 | Client   6 | Train: loss=0.035, acc= 99.8% | time=164.0ms | Valid: loss=1.235, acc= 56.0% |
Epoch   2 | Client   6 | Train: loss=0.034, acc= 99.8% | time=128.7ms | Valid: loss=1.431, acc= 56.0% |
Epoch   3 | Client   6 | Train: loss=0.032, acc= 99.6% | time=114.3ms | Valid: loss=1.488, acc= 56.0% |
Epoch   4 | Client   6 | Train: loss=0.043, acc= 99.2% | time= 84.5ms | Valid: loss=1.336, acc= 72.0% |
Epoch   5 | Client   6 | Train: loss=0.019, acc=100.0% | time= 77.7ms | Valid: loss=1.636, acc= 48.0% |
Skip Updating GPM for layer: 1
----------------------------------------
Epoch   1 | Client   7 | Train: loss=0.242, acc= 92.8% | time=156.6ms | Valid: loss=1.949, acc= 52.0% |
Epoch   2 | Client   7 | Train: loss=0.142, acc= 96.6% | time= 97.9ms | Valid: loss=2.039, acc= 48.0% |
Epoch   3 | Client   7 | Train: loss=0.122, acc= 96.8% | time= 94.1ms | Valid: loss=1.924, acc= 52.0% |
Epoch   4 | Client   7 | Train: loss=0.067, acc= 98.5% | time= 94.0ms | Valid: loss=2.328, acc= 48.0% |
Epoch   5 | Client   7 | Train: loss=0.080, acc= 97.7% | time= 80.7ms | Valid: loss=2.093, acc= 40.0% |
----------------------------------------
Epoch   1 | Client   8 | Train: loss=0.046, acc= 99.2% | time=161.9ms | Valid: loss=1.094, acc= 64.0% |
Epoch   2 | Client   8 | Train: loss=0.039, acc= 99.6% | time=101.0ms | Valid: loss=1.077, acc= 64.0% |
Epoch   3 | Client   8 | Train: loss=0.038, acc= 99.6% | time= 84.9ms | Valid: loss=0.996, acc= 68.0% |
Epoch   4 | Client   8 | Train: loss=0.025, acc=100.0% | time= 92.3ms | Valid: loss=1.101, acc= 72.0% |
Epoch   5 | Client   8 | Train: loss=0.022, acc= 99.8% | time= 92.3ms | Valid: loss=1.114, acc= 64.0% |
----------------------------------------
Epoch   1 | Client   9 | Train: loss=0.185, acc= 94.7% | time=193.0ms | Valid: loss=1.460, acc= 68.0% |
Epoch   2 | Client   9 | Train: loss=0.078, acc= 97.7% | time= 91.7ms | Valid: loss=1.377, acc= 56.0% |
Epoch   3 | Client   9 | Train: loss=0.038, acc= 99.6% | time= 85.0ms | Valid: loss=1.491, acc= 68.0% |
Epoch   4 | Client   9 | Train: loss=0.029, acc= 99.8% | time= 80.0ms | Valid: loss=1.534, acc= 64.0% |
Epoch   5 | Client   9 | Train: loss=0.016, acc=100.0% | time= 79.3ms | Valid: loss=1.416, acc= 60.0% |
Skip Updating GPM for layer: 1
----------------------------------------
G-Epoch:   5, Test: loss=1.300 , acc= 64.3%
****************************************
Task:   0, G-Epoch:   5, Test: loss=2.685 , acc= 51.0%
Task:   1, G-Epoch:   5, Test: loss=2.499 , acc= 52.6%
Task:   2, G-Epoch:   5, Test: loss=1.320 , acc= 64.8%
Task:   3, G-Epoch:   5, Test: loss=2.303 , acc= 12.1%
Task:   4, G-Epoch:   5, Test: loss=2.329 , acc=  8.6%
Task:   5, G-Epoch:   5, Test: loss=2.302 , acc=  8.9%
Task:   6, G-Epoch:   5, Test: loss=2.313 , acc=  8.3%
Task:   7, G-Epoch:   5, Test: loss=2.298 , acc= 14.2%
Task:   8, G-Epoch:   5, Test: loss=2.313 , acc=  9.3%
Task:   9, G-Epoch:   5, Test: loss=2.308 , acc= 11.3%
{0: [39.3, 45.7, 48.7, 48.8, 51.1, 52.3, 53.9, 51.6, 55.6, 54.8, 53.3, 54.9, 58.1, 57.8, 55.8, 58.5, 58.6, 58.9, 57.4, 60.4, 61.3, 56.9, 60.1, 60.2, 60.8, 60.2, 60.8, 61.6, 61.5, 61.0, 62.5, 62.5, 64.4, 61.7, 62.6, 62.6, 63.1, 63.9, 65.4, 63.5, 65.0, 63.8, 64.1, 65.7, 66.4, 65.1, 63.0, 66.9, 65.3, 66.5, 68.2, 66.5, 65.4, 65.8, 64.3, 63.8, 64.5, 62.4, 61.7, 61.1, 60.5, 58.7, 57.8, 58.2, 58.3, 55.9, 54.1, 51.9, 52.1, 51.0, 53.7, 53.0, 52.1, 51.7, 52.5, 51.0], 1: [10.2, 9.5, 11.1, 11.0, 9.3, 10.0, 10.6, 10.7, 11.2, 8.9, 9.1, 10.8, 10.8, 10.3, 9.9, 9.1, 11.7, 10.1, 10.2, 11.4, 8.8, 9.8, 10.9, 9.7, 9.2, 9.7, 10.1, 9.5, 9.9, 9.0, 9.4, 9.2, 9.6, 8.9, 9.1, 8.4, 8.4, 8.8, 10.2, 8.7, 8.9, 10.8, 8.1, 9.5, 9.5, 9.3, 10.3, 10.0, 9.3, 9.6, 49.7, 53.7, 57.3, 56.8, 58.2, 56.9, 59.3, 58.9, 59.6, 58.5, 59.5, 59.5, 60.8, 58.1, 58.5, 59.3, 59.4, 58.8, 60.4, 59.6, 56.2, 54.6, 52.9, 51.7, 52.2, 52.6], 2: [10.3, 10.5, 9.7, 11.4, 11.1, 9.9, 8.6, 8.9, 9.1, 8.7, 9.4, 9.6, 7.7, 10.1, 10.4, 8.9, 9.1, 9.5, 10.8, 8.4, 8.5, 8.8, 9.1, 8.5, 9.7, 10.0, 9.4, 9.9, 9.9, 9.5, 8.9, 8.9, 9.1, 9.7, 9.7, 9.8, 9.4, 9.9, 9.1, 9.1, 9.2, 9.9, 9.7, 9.4, 8.0, 10.1, 10.6, 9.1, 9.6, 9.0, 9.4, 11.1, 11.1, 9.6, 9.4, 11.5, 10.8, 9.3, 10.8, 8.4, 9.6, 9.3, 9.7, 10.1, 10.9, 10.4, 9.9, 10.2, 9.5, 10.1, 56.7, 61.3, 62.3, 63.5, 63.5, 64.8], 3: [10.3, 9.9, 8.6, 9.7, 9.2, 9.4, 9.3, 10.7, 11.6, 11.0, 11.6, 11.9, 11.3, 11.4, 12.4, 11.7, 11.1, 11.2, 11.9, 12.5, 13.1, 12.2, 13.1, 12.0, 12.6, 11.9, 12.0, 12.8, 13.5, 12.1, 12.1, 11.7, 11.8, 12.4, 12.6, 11.4, 12.7, 13.3, 13.2, 12.1, 12.3, 12.5, 13.4, 13.2, 13.5, 12.3, 11.5, 12.1, 12.0, 13.0, 10.4, 11.3, 11.9, 10.9, 10.6, 11.5, 10.8, 9.7, 12.1, 11.0, 11.6, 11.6, 11.3, 10.6, 10.6, 11.2, 10.5, 10.4, 10.5, 9.6, 8.5, 10.0, 10.2, 10.6, 10.2, 12.1], 4: [11.0, 10.0, 10.7, 9.8, 10.8, 10.1, 10.0, 10.9, 10.2, 10.0, 10.2, 9.9, 9.6, 9.1, 8.8, 10.7, 9.8, 9.2, 9.6, 10.3, 8.5, 10.1, 9.6, 9.5, 9.6, 10.4, 10.6, 9.3, 8.9, 8.8, 9.3, 10.3, 10.1, 11.1, 9.8, 11.7, 9.9, 9.1, 10.5, 10.7, 10.0, 10.0, 9.9, 9.4, 9.2, 9.0, 10.6, 9.4, 10.1, 10.3, 12.5, 12.4, 12.1, 11.4, 11.1, 10.9, 10.9, 9.9, 10.6, 11.1, 11.0, 10.0, 10.2, 10.3, 11.0, 9.4, 10.2, 10.4, 9.5, 10.1, 9.2, 9.4, 9.2, 8.7, 9.8, 8.6], 5: [9.1, 9.4, 10.6, 12.1, 10.5, 10.8, 11.3, 10.7, 10.6, 12.6, 12.5, 11.6, 11.5, 11.1, 10.8, 10.5, 11.1, 11.6, 10.7, 11.8, 10.6, 11.0, 10.2, 10.9, 9.6, 10.6, 9.6, 10.5, 9.3, 8.3, 9.5, 9.2, 9.6, 10.2, 9.2, 9.2, 10.1, 8.9, 9.3, 8.5, 8.8, 9.3, 9.1, 8.6, 9.9, 10.1, 9.0, 10.0, 8.2, 8.3, 8.9, 8.6, 8.5, 9.5, 9.6, 8.6, 9.0, 9.4, 9.4, 8.0, 8.3, 9.1, 9.0, 8.2, 8.7, 8.2, 8.2, 8.9, 8.9, 8.5, 9.6, 10.0, 8.8, 9.3, 9.3, 8.9], 6: [10.1, 9.9, 12.1, 10.8, 10.4, 9.4, 9.2, 10.1, 11.1, 9.8, 10.4, 11.0, 10.9, 11.0, 13.0, 12.2, 10.5, 11.5, 10.0, 11.8, 9.6, 11.3, 10.6, 9.3, 9.4, 9.0, 10.5, 9.3, 10.4, 9.4, 9.4, 9.5, 10.3, 10.1, 8.4, 8.6, 10.3, 8.7, 9.1, 9.7, 8.6, 9.3, 9.1, 8.7, 8.4, 10.4, 8.9, 9.8, 10.6, 10.7, 9.3, 9.2, 7.6, 9.3, 8.3, 8.0, 8.5, 8.5, 8.1, 8.0, 7.5, 8.3, 8.6, 8.2, 9.4, 8.5, 8.9, 8.5, 8.0, 8.9, 8.5, 8.6, 8.0, 7.8, 7.3, 8.3], 7: [9.2, 9.7, 10.3, 11.8, 11.8, 11.2, 12.2, 11.5, 10.8, 11.1, 12.2, 11.9, 11.9, 13.4, 12.9, 13.1, 14.1, 12.3, 12.7, 13.3, 11.4, 13.4, 12.8, 12.6, 12.6, 13.0, 13.0, 12.7, 13.0, 11.7, 11.9, 11.9, 12.3, 12.7, 13.8, 12.9, 13.4, 13.5, 12.5, 12.3, 12.5, 12.8, 11.2, 12.4, 13.8, 12.4, 10.7, 12.0, 11.9, 11.7, 14.4, 14.5, 12.1, 13.1, 13.4, 13.6, 12.6, 13.3, 13.3, 14.9, 13.1, 14.6, 15.2, 14.0, 13.9, 13.9, 14.3, 12.9, 13.0, 13.5, 15.0, 14.7, 15.4, 14.4, 14.2, 14.2], 8: [7.8, 10.2, 9.5, 11.9, 11.6, 10.8, 9.4, 10.0, 9.6, 10.5, 9.9, 9.9, 10.2, 9.4, 9.8, 8.7, 9.4, 8.8, 9.6, 8.2, 8.0, 8.7, 9.1, 8.8, 8.9, 10.2, 8.3, 8.4, 7.6, 8.6, 8.3, 7.2, 8.5, 8.7, 7.7, 8.7, 8.3, 8.4, 8.6, 8.4, 8.8, 7.8, 8.8, 8.7, 8.0, 8.1, 7.1, 7.0, 6.9, 8.4, 6.1, 6.1, 5.5, 6.3, 6.4, 7.2, 7.2, 7.0, 7.3, 7.6, 7.0, 8.6, 7.6, 7.2, 7.2, 7.0, 7.3, 7.6, 7.2, 7.3, 7.3, 9.0, 9.0, 8.7, 10.5, 9.3], 9: [10.4, 10.8, 9.5, 9.8, 8.9, 8.8, 8.5, 10.6, 9.6, 10.0, 6.8, 8.7, 10.7, 8.9, 9.7, 7.7, 9.0, 9.4, 10.0, 9.5, 9.7, 9.6, 9.4, 8.5, 7.3, 7.6, 9.7, 10.0, 8.1, 9.8, 11.0, 8.9, 10.3, 9.3, 10.3, 8.9, 9.3, 9.7, 10.8, 10.0, 9.6, 9.6, 10.1, 10.1, 9.2, 9.4, 11.1, 8.7, 10.7, 10.9, 9.8, 10.1, 10.9, 9.9, 10.9, 10.6, 9.7, 9.8, 9.9, 9.9, 9.6, 8.9, 9.8, 9.4, 10.4, 9.7, 10.2, 9.5, 9.9, 9.8, 8.4, 7.9, 8.4, 9.9, 8.1, 11.3]}
----------------------------------------
Epoch   1 | Client   0 | Train: loss=0.077, acc= 98.3% | time=145.8ms | Valid: loss=1.857, acc= 48.0% |
Epoch   2 | Client   0 | Train: loss=0.064, acc= 98.7% | time= 88.9ms | Valid: loss=1.672, acc= 60.0% |
Epoch   3 | Client   0 | Train: loss=0.036, acc= 99.4% | time= 87.7ms | Valid: loss=2.029, acc= 40.0% |
Epoch   4 | Client   0 | Train: loss=0.037, acc= 99.4% | time= 79.7ms | Valid: loss=1.867, acc= 48.0% |
Epoch   5 | Client   0 | Train: loss=0.112, acc= 97.7% | time= 80.8ms | Valid: loss=2.875, acc= 40.0% |
----------------------------------------
Epoch   1 | Client   1 | Train: loss=0.041, acc= 99.6% | time=155.1ms | Valid: loss=1.479, acc= 60.0% |
Epoch   2 | Client   1 | Train: loss=0.045, acc= 99.2% | time= 98.0ms | Valid: loss=1.718, acc= 56.0% |
Epoch   3 | Client   1 | Train: loss=0.022, acc= 99.8% | time=125.0ms | Valid: loss=1.474, acc= 60.0% |
Epoch   4 | Client   1 | Train: loss=0.016, acc=100.0% | time=121.2ms | Valid: loss=1.423, acc= 64.0% |
Epoch   5 | Client   1 | Train: loss=0.016, acc= 99.8% | time= 97.3ms | Valid: loss=1.417, acc= 56.0% |
Skip Updating GPM for layer: 1
----------------------------------------
Epoch   1 | Client   2 | Train: loss=0.216, acc= 94.1% | time=164.5ms | Valid: loss=2.049, acc= 44.0% |
Epoch   2 | Client   2 | Train: loss=0.109, acc= 97.7% | time=121.6ms | Valid: loss=2.109, acc= 44.0% |
Epoch   3 | Client   2 | Train: loss=0.153, acc= 96.0% | time=118.7ms | Valid: loss=2.715, acc= 44.0% |
Epoch   4 | Client   2 | Train: loss=0.109, acc= 97.1% | time= 89.4ms | Valid: loss=2.940, acc= 48.0% |
Epoch   5 | Client   2 | Train: loss=0.051, acc= 98.5% | time= 82.1ms | Valid: loss=1.949, acc= 56.0% |
----------------------------------------
Epoch   1 | Client   3 | Train: loss=0.073, acc= 98.1% | time=177.2ms | Valid: loss=1.135, acc= 68.0% |
Epoch   2 | Client   3 | Train: loss=0.033, acc= 99.6% | time= 92.8ms | Valid: loss=1.163, acc= 68.0% |
Epoch   3 | Client   3 | Train: loss=0.052, acc= 98.7% | time= 85.3ms | Valid: loss=1.109, acc= 68.0% |
Epoch   4 | Client   3 | Train: loss=0.029, acc= 99.6% | time= 81.4ms | Valid: loss=1.127, acc= 76.0% |
Epoch   5 | Client   3 | Train: loss=0.041, acc= 99.4% | time= 86.8ms | Valid: loss=1.168, acc= 72.0% |
Skip Updating GPM for layer: 1
----------------------------------------
Epoch   1 | Client   4 | Train: loss=0.065, acc= 98.7% | time=161.1ms | Valid: loss=1.378, acc= 68.0% |
Epoch   2 | Client   4 | Train: loss=0.063, acc= 98.7% | time= 95.8ms | Valid: loss=1.428, acc= 68.0% |
Epoch   3 | Client   4 | Train: loss=0.076, acc= 98.7% | time= 92.1ms | Valid: loss=1.366, acc= 68.0% |
Epoch   4 | Client   4 | Train: loss=0.058, acc= 98.5% | time= 93.4ms | Valid: loss=1.449, acc= 60.0% |
Epoch   5 | Client   4 | Train: loss=0.061, acc= 98.3% | time= 99.0ms | Valid: loss=1.457, acc= 56.0% |
----------------------------------------
Epoch   1 | Client   5 | Train: loss=0.031, acc=100.0% | time=158.7ms | Valid: loss=1.034, acc= 72.0% |
Epoch   2 | Client   5 | Train: loss=0.051, acc= 98.9% | time=104.3ms | Valid: loss=1.432, acc= 60.0% |
Epoch   3 | Client   5 | Train: loss=0.019, acc=100.0% | time=107.9ms | Valid: loss=0.932, acc= 76.0% |
Epoch   4 | Client   5 | Train: loss=0.060, acc= 98.5% | time= 85.3ms | Valid: loss=0.928, acc= 80.0% |
Epoch   5 | Client   5 | Train: loss=0.022, acc= 99.4% | time= 81.6ms | Valid: loss=1.043, acc= 68.0% |
Skip Updating GPM for layer: 1
----------------------------------------
Epoch   1 | Client   6 | Train: loss=0.027, acc=100.0% | time=164.7ms | Valid: loss=1.452, acc= 60.0% |
Epoch   2 | Client   6 | Train: loss=0.020, acc=100.0% | time= 88.6ms | Valid: loss=1.474, acc= 60.0% |
Epoch   3 | Client   6 | Train: loss=0.023, acc= 99.6% | time= 88.8ms | Valid: loss=1.488, acc= 60.0% |
Epoch   4 | Client   6 | Train: loss=0.013, acc=100.0% | time= 80.6ms | Valid: loss=1.741, acc= 60.0% |
Epoch   5 | Client   6 | Train: loss=0.017, acc= 99.8% | time= 79.8ms | Valid: loss=1.830, acc= 56.0% |
Skip Updating GPM for layer: 1
----------------------------------------
Epoch   1 | Client   7 | Train: loss=0.498, acc= 84.2% | time=148.6ms | Valid: loss=2.315, acc= 44.0% |
Epoch   2 | Client   7 | Train: loss=0.104, acc= 97.5% | time=118.6ms | Valid: loss=2.078, acc= 48.0% |
Epoch   3 | Client   7 | Train: loss=0.195, acc= 93.7% | time=100.3ms | Valid: loss=2.462, acc= 44.0% |
Epoch   4 | Client   7 | Train: loss=0.071, acc= 97.9% | time= 87.1ms | Valid: loss=2.147, acc= 44.0% |
Epoch   5 | Client   7 | Train: loss=0.122, acc= 96.4% | time= 81.4ms | Valid: loss=1.915, acc= 40.0% |
----------------------------------------
Epoch   1 | Client   8 | Train: loss=0.035, acc= 99.8% | time=152.9ms | Valid: loss=0.956, acc= 64.0% |
Epoch   2 | Client   8 | Train: loss=0.019, acc=100.0% | time= 87.9ms | Valid: loss=1.005, acc= 72.0% |
Epoch   3 | Client   8 | Train: loss=0.022, acc=100.0% | time= 86.2ms | Valid: loss=0.942, acc= 72.0% |
Epoch   4 | Client   8 | Train: loss=0.029, acc= 99.4% | time= 78.8ms | Valid: loss=1.041, acc= 76.0% |
Epoch   5 | Client   8 | Train: loss=0.010, acc=100.0% | time= 81.4ms | Valid: loss=1.008, acc= 64.0% |
Skip Updating GPM for layer: 1
----------------------------------------
Epoch   1 | Client   9 | Train: loss=0.052, acc= 98.5% | time=157.2ms | Valid: loss=1.523, acc= 60.0% |
Epoch   2 | Client   9 | Train: loss=0.030, acc= 99.8% | time=120.3ms | Valid: loss=1.469, acc= 64.0% |
Epoch   3 | Client   9 | Train: loss=0.016, acc= 99.8% | time=118.6ms | Valid: loss=1.506, acc= 64.0% |
Epoch   4 | Client   9 | Train: loss=0.025, acc= 99.6% | time=119.4ms | Valid: loss=1.307, acc= 68.0% |
Epoch   5 | Client   9 | Train: loss=0.015, acc= 99.8% | time=125.0ms | Valid: loss=1.664, acc= 60.0% |
Skip Updating GPM for layer: 1
----------------------------------------
G-Epoch:   6, Test: loss=1.341 , acc= 64.6%
****************************************
Task:   0, G-Epoch:   6, Test: loss=2.816 , acc= 50.5%
Task:   1, G-Epoch:   6, Test: loss=2.531 , acc= 50.7%
Task:   2, G-Epoch:   6, Test: loss=1.346 , acc= 64.3%
Task:   3, G-Epoch:   6, Test: loss=2.305 , acc= 11.2%
Task:   4, G-Epoch:   6, Test: loss=2.328 , acc=  8.3%
Task:   5, G-Epoch:   6, Test: loss=2.303 , acc=  9.5%
Task:   6, G-Epoch:   6, Test: loss=2.312 , acc=  7.3%
Task:   7, G-Epoch:   6, Test: loss=2.299 , acc= 14.5%
Task:   8, G-Epoch:   6, Test: loss=2.313 , acc=  8.6%
Task:   9, G-Epoch:   6, Test: loss=2.308 , acc=  9.7%
{0: [39.3, 45.7, 48.7, 48.8, 51.1, 52.3, 53.9, 51.6, 55.6, 54.8, 53.3, 54.9, 58.1, 57.8, 55.8, 58.5, 58.6, 58.9, 57.4, 60.4, 61.3, 56.9, 60.1, 60.2, 60.8, 60.2, 60.8, 61.6, 61.5, 61.0, 62.5, 62.5, 64.4, 61.7, 62.6, 62.6, 63.1, 63.9, 65.4, 63.5, 65.0, 63.8, 64.1, 65.7, 66.4, 65.1, 63.0, 66.9, 65.3, 66.5, 68.2, 66.5, 65.4, 65.8, 64.3, 63.8, 64.5, 62.4, 61.7, 61.1, 60.5, 58.7, 57.8, 58.2, 58.3, 55.9, 54.1, 51.9, 52.1, 51.0, 53.7, 53.0, 52.1, 51.7, 52.5, 51.0, 50.5], 1: [10.2, 9.5, 11.1, 11.0, 9.3, 10.0, 10.6, 10.7, 11.2, 8.9, 9.1, 10.8, 10.8, 10.3, 9.9, 9.1, 11.7, 10.1, 10.2, 11.4, 8.8, 9.8, 10.9, 9.7, 9.2, 9.7, 10.1, 9.5, 9.9, 9.0, 9.4, 9.2, 9.6, 8.9, 9.1, 8.4, 8.4, 8.8, 10.2, 8.7, 8.9, 10.8, 8.1, 9.5, 9.5, 9.3, 10.3, 10.0, 9.3, 9.6, 49.7, 53.7, 57.3, 56.8, 58.2, 56.9, 59.3, 58.9, 59.6, 58.5, 59.5, 59.5, 60.8, 58.1, 58.5, 59.3, 59.4, 58.8, 60.4, 59.6, 56.2, 54.6, 52.9, 51.7, 52.2, 52.6, 50.7], 2: [10.3, 10.5, 9.7, 11.4, 11.1, 9.9, 8.6, 8.9, 9.1, 8.7, 9.4, 9.6, 7.7, 10.1, 10.4, 8.9, 9.1, 9.5, 10.8, 8.4, 8.5, 8.8, 9.1, 8.5, 9.7, 10.0, 9.4, 9.9, 9.9, 9.5, 8.9, 8.9, 9.1, 9.7, 9.7, 9.8, 9.4, 9.9, 9.1, 9.1, 9.2, 9.9, 9.7, 9.4, 8.0, 10.1, 10.6, 9.1, 9.6, 9.0, 9.4, 11.1, 11.1, 9.6, 9.4, 11.5, 10.8, 9.3, 10.8, 8.4, 9.6, 9.3, 9.7, 10.1, 10.9, 10.4, 9.9, 10.2, 9.5, 10.1, 56.7, 61.3, 62.3, 63.5, 63.5, 64.8, 64.3], 3: [10.3, 9.9, 8.6, 9.7, 9.2, 9.4, 9.3, 10.7, 11.6, 11.0, 11.6, 11.9, 11.3, 11.4, 12.4, 11.7, 11.1, 11.2, 11.9, 12.5, 13.1, 12.2, 13.1, 12.0, 12.6, 11.9, 12.0, 12.8, 13.5, 12.1, 12.1, 11.7, 11.8, 12.4, 12.6, 11.4, 12.7, 13.3, 13.2, 12.1, 12.3, 12.5, 13.4, 13.2, 13.5, 12.3, 11.5, 12.1, 12.0, 13.0, 10.4, 11.3, 11.9, 10.9, 10.6, 11.5, 10.8, 9.7, 12.1, 11.0, 11.6, 11.6, 11.3, 10.6, 10.6, 11.2, 10.5, 10.4, 10.5, 9.6, 8.5, 10.0, 10.2, 10.6, 10.2, 12.1, 11.2], 4: [11.0, 10.0, 10.7, 9.8, 10.8, 10.1, 10.0, 10.9, 10.2, 10.0, 10.2, 9.9, 9.6, 9.1, 8.8, 10.7, 9.8, 9.2, 9.6, 10.3, 8.5, 10.1, 9.6, 9.5, 9.6, 10.4, 10.6, 9.3, 8.9, 8.8, 9.3, 10.3, 10.1, 11.1, 9.8, 11.7, 9.9, 9.1, 10.5, 10.7, 10.0, 10.0, 9.9, 9.4, 9.2, 9.0, 10.6, 9.4, 10.1, 10.3, 12.5, 12.4, 12.1, 11.4, 11.1, 10.9, 10.9, 9.9, 10.6, 11.1, 11.0, 10.0, 10.2, 10.3, 11.0, 9.4, 10.2, 10.4, 9.5, 10.1, 9.2, 9.4, 9.2, 8.7, 9.8, 8.6, 8.3], 5: [9.1, 9.4, 10.6, 12.1, 10.5, 10.8, 11.3, 10.7, 10.6, 12.6, 12.5, 11.6, 11.5, 11.1, 10.8, 10.5, 11.1, 11.6, 10.7, 11.8, 10.6, 11.0, 10.2, 10.9, 9.6, 10.6, 9.6, 10.5, 9.3, 8.3, 9.5, 9.2, 9.6, 10.2, 9.2, 9.2, 10.1, 8.9, 9.3, 8.5, 8.8, 9.3, 9.1, 8.6, 9.9, 10.1, 9.0, 10.0, 8.2, 8.3, 8.9, 8.6, 8.5, 9.5, 9.6, 8.6, 9.0, 9.4, 9.4, 8.0, 8.3, 9.1, 9.0, 8.2, 8.7, 8.2, 8.2, 8.9, 8.9, 8.5, 9.6, 10.0, 8.8, 9.3, 9.3, 8.9, 9.5], 6: [10.1, 9.9, 12.1, 10.8, 10.4, 9.4, 9.2, 10.1, 11.1, 9.8, 10.4, 11.0, 10.9, 11.0, 13.0, 12.2, 10.5, 11.5, 10.0, 11.8, 9.6, 11.3, 10.6, 9.3, 9.4, 9.0, 10.5, 9.3, 10.4, 9.4, 9.4, 9.5, 10.3, 10.1, 8.4, 8.6, 10.3, 8.7, 9.1, 9.7, 8.6, 9.3, 9.1, 8.7, 8.4, 10.4, 8.9, 9.8, 10.6, 10.7, 9.3, 9.2, 7.6, 9.3, 8.3, 8.0, 8.5, 8.5, 8.1, 8.0, 7.5, 8.3, 8.6, 8.2, 9.4, 8.5, 8.9, 8.5, 8.0, 8.9, 8.5, 8.6, 8.0, 7.8, 7.3, 8.3, 7.3], 7: [9.2, 9.7, 10.3, 11.8, 11.8, 11.2, 12.2, 11.5, 10.8, 11.1, 12.2, 11.9, 11.9, 13.4, 12.9, 13.1, 14.1, 12.3, 12.7, 13.3, 11.4, 13.4, 12.8, 12.6, 12.6, 13.0, 13.0, 12.7, 13.0, 11.7, 11.9, 11.9, 12.3, 12.7, 13.8, 12.9, 13.4, 13.5, 12.5, 12.3, 12.5, 12.8, 11.2, 12.4, 13.8, 12.4, 10.7, 12.0, 11.9, 11.7, 14.4, 14.5, 12.1, 13.1, 13.4, 13.6, 12.6, 13.3, 13.3, 14.9, 13.1, 14.6, 15.2, 14.0, 13.9, 13.9, 14.3, 12.9, 13.0, 13.5, 15.0, 14.7, 15.4, 14.4, 14.2, 14.2, 14.5], 8: [7.8, 10.2, 9.5, 11.9, 11.6, 10.8, 9.4, 10.0, 9.6, 10.5, 9.9, 9.9, 10.2, 9.4, 9.8, 8.7, 9.4, 8.8, 9.6, 8.2, 8.0, 8.7, 9.1, 8.8, 8.9, 10.2, 8.3, 8.4, 7.6, 8.6, 8.3, 7.2, 8.5, 8.7, 7.7, 8.7, 8.3, 8.4, 8.6, 8.4, 8.8, 7.8, 8.8, 8.7, 8.0, 8.1, 7.1, 7.0, 6.9, 8.4, 6.1, 6.1, 5.5, 6.3, 6.4, 7.2, 7.2, 7.0, 7.3, 7.6, 7.0, 8.6, 7.6, 7.2, 7.2, 7.0, 7.3, 7.6, 7.2, 7.3, 7.3, 9.0, 9.0, 8.7, 10.5, 9.3, 8.6], 9: [10.4, 10.8, 9.5, 9.8, 8.9, 8.8, 8.5, 10.6, 9.6, 10.0, 6.8, 8.7, 10.7, 8.9, 9.7, 7.7, 9.0, 9.4, 10.0, 9.5, 9.7, 9.6, 9.4, 8.5, 7.3, 7.6, 9.7, 10.0, 8.1, 9.8, 11.0, 8.9, 10.3, 9.3, 10.3, 8.9, 9.3, 9.7, 10.8, 10.0, 9.6, 9.6, 10.1, 10.1, 9.2, 9.4, 11.1, 8.7, 10.7, 10.9, 9.8, 10.1, 10.9, 9.9, 10.9, 10.6, 9.7, 9.8, 9.9, 9.9, 9.6, 8.9, 9.8, 9.4, 10.4, 9.7, 10.2, 9.5, 9.9, 9.8, 8.4, 7.9, 8.4, 9.9, 8.1, 11.3, 9.7]}
----------------------------------------
Epoch   1 | Client   0 | Train: loss=0.044, acc= 98.9% | time=150.8ms | Valid: loss=1.748, acc= 48.0% |
Epoch   2 | Client   0 | Train: loss=0.058, acc= 98.5% | time=101.5ms | Valid: loss=1.952, acc= 52.0% |
Epoch   3 | Client   0 | Train: loss=0.029, acc= 99.4% | time= 97.3ms | Valid: loss=1.764, acc= 52.0% |
Epoch   4 | Client   0 | Train: loss=0.038, acc= 99.6% | time= 93.8ms | Valid: loss=1.912, acc= 48.0% |
Epoch   5 | Client   0 | Train: loss=0.028, acc= 99.8% | time= 93.4ms | Valid: loss=1.939, acc= 52.0% |
----------------------------------------
Epoch   1 | Client   1 | Train: loss=0.025, acc= 99.8% | time=175.0ms | Valid: loss=1.241, acc= 64.0% |
Epoch   2 | Client   1 | Train: loss=0.083, acc= 98.1% | time=105.4ms | Valid: loss=1.660, acc= 48.0% |
Epoch   3 | Client   1 | Train: loss=0.024, acc= 99.8% | time= 98.7ms | Valid: loss=1.148, acc= 72.0% |
Epoch   4 | Client   1 | Train: loss=0.010, acc=100.0% | time= 98.4ms | Valid: loss=1.277, acc= 60.0% |
Epoch   5 | Client   1 | Train: loss=0.028, acc= 99.2% | time= 97.0ms | Valid: loss=1.391, acc= 60.0% |
Skip Updating GPM for layer: 1
----------------------------------------
Epoch   1 | Client   2 | Train: loss=0.114, acc= 97.3% | time=159.8ms | Valid: loss=1.860, acc= 56.0% |
Epoch   2 | Client   2 | Train: loss=0.034, acc= 99.6% | time=128.4ms | Valid: loss=1.953, acc= 52.0% |
Epoch   3 | Client   2 | Train: loss=0.028, acc= 99.6% | time=124.4ms | Valid: loss=2.388, acc= 44.0% |
Epoch   4 | Client   2 | Train: loss=0.082, acc= 97.1% | time=122.3ms | Valid: loss=2.440, acc= 56.0% |
Epoch   5 | Client   2 | Train: loss=0.026, acc= 99.4% | time=125.2ms | Valid: loss=2.188, acc= 60.0% |
----------------------------------------
Epoch   1 | Client   3 | Train: loss=0.031, acc= 99.8% | time=161.1ms | Valid: loss=1.008, acc= 76.0% |
Epoch   2 | Client   3 | Train: loss=0.017, acc=100.0% | time=110.4ms | Valid: loss=0.986, acc= 76.0% |
Epoch   3 | Client   3 | Train: loss=0.036, acc= 99.8% | time=114.8ms | Valid: loss=1.081, acc= 80.0% |
Epoch   4 | Client   3 | Train: loss=0.019, acc= 99.8% | time=119.7ms | Valid: loss=1.169, acc= 72.0% |
Epoch   5 | Client   3 | Train: loss=0.014, acc=100.0% | time=123.4ms | Valid: loss=1.126, acc= 68.0% |
----------------------------------------
Epoch   1 | Client   4 | Train: loss=0.126, acc= 96.8% | time=166.0ms | Valid: loss=1.401, acc= 60.0% |
Epoch   2 | Client   4 | Train: loss=0.120, acc= 96.6% | time=102.1ms | Valid: loss=1.554, acc= 68.0% |
Epoch   3 | Client   4 | Train: loss=0.160, acc= 94.1% | time= 92.5ms | Valid: loss=1.560, acc= 64.0% |
Epoch   4 | Client   4 | Train: loss=0.105, acc= 97.5% | time= 92.1ms | Valid: loss=1.545, acc= 60.0% |
Epoch   5 | Client   4 | Train: loss=0.074, acc= 97.7% | time= 91.2ms | Valid: loss=1.286, acc= 60.0% |
----------------------------------------
Epoch   1 | Client   5 | Train: loss=0.122, acc= 97.1% | time=151.3ms | Valid: loss=1.287, acc= 60.0% |
Epoch   2 | Client   5 | Train: loss=0.028, acc= 99.6% | time= 90.6ms | Valid: loss=0.832, acc= 80.0% |
Epoch   3 | Client   5 | Train: loss=0.021, acc=100.0% | time= 82.5ms | Valid: loss=1.033, acc= 64.0% |
Epoch   4 | Client   5 | Train: loss=0.021, acc= 99.8% | time= 81.6ms | Valid: loss=1.240, acc= 60.0% |
Epoch   5 | Client   5 | Train: loss=0.010, acc=100.0% | time= 81.0ms | Valid: loss=0.908, acc= 72.0% |
Skip Updating GPM for layer: 1
----------------------------------------
Epoch   1 | Client   6 | Train: loss=0.027, acc= 99.6% | time=150.9ms | Valid: loss=1.436, acc= 56.0% |
Epoch   2 | Client   6 | Train: loss=0.199, acc= 94.7% | time= 90.1ms | Valid: loss=1.827, acc= 52.0% |
Epoch   3 | Client   6 | Train: loss=0.049, acc= 98.7% | time= 90.0ms | Valid: loss=1.424, acc= 64.0% |
Epoch   4 | Client   6 | Train: loss=0.013, acc=100.0% | time=113.1ms | Valid: loss=1.502, acc= 64.0% |
Epoch   5 | Client   6 | Train: loss=0.010, acc=100.0% | time= 96.2ms | Valid: loss=1.601, acc= 56.0% |
----------------------------------------
Epoch   1 | Client   7 | Train: loss=0.107, acc= 96.6% | time=156.1ms | Valid: loss=2.035, acc= 36.0% |
Epoch   2 | Client   7 | Train: loss=0.130, acc= 96.4% | time=120.0ms | Valid: loss=2.110, acc= 40.0% |
Epoch   3 | Client   7 | Train: loss=0.073, acc= 98.3% | time=121.2ms | Valid: loss=2.401, acc= 48.0% |
Epoch   4 | Client   7 | Train: loss=0.069, acc= 98.9% | time= 94.0ms | Valid: loss=2.226, acc= 52.0% |
Epoch   5 | Client   7 | Train: loss=0.142, acc= 95.8% | time= 89.5ms | Valid: loss=1.905, acc= 48.0% |
----------------------------------------
Epoch   1 | Client   8 | Train: loss=0.048, acc= 98.9% | time=176.7ms | Valid: loss=1.043, acc= 64.0% |
Epoch   2 | Client   8 | Train: loss=0.054, acc= 98.7% | time=106.0ms | Valid: loss=1.361, acc= 68.0% |
Epoch   3 | Client   8 | Train: loss=0.012, acc=100.0% | time=126.1ms | Valid: loss=1.000, acc= 72.0% |
Epoch   4 | Client   8 | Train: loss=0.013, acc= 99.8% | time=127.1ms | Valid: loss=1.078, acc= 72.0% |
Epoch   5 | Client   8 | Train: loss=0.010, acc=100.0% | time=123.6ms | Valid: loss=1.058, acc= 68.0% |
Skip Updating GPM for layer: 1
----------------------------------------
Epoch   1 | Client   9 | Train: loss=0.237, acc= 93.3% | time=157.0ms | Valid: loss=2.070, acc= 52.0% |
Epoch   2 | Client   9 | Train: loss=0.024, acc= 99.6% | time=117.5ms | Valid: loss=1.493, acc= 68.0% |
Epoch   3 | Client   9 | Train: loss=0.027, acc= 99.6% | time=121.7ms | Valid: loss=1.649, acc= 64.0% |
Epoch   4 | Client   9 | Train: loss=0.019, acc= 99.8% | time=120.9ms | Valid: loss=1.718, acc= 64.0% |
Epoch   5 | Client   9 | Train: loss=0.023, acc= 99.6% | time=121.4ms | Valid: loss=1.527, acc= 56.0% |
Skip Updating GPM for layer: 1
----------------------------------------
G-Epoch:   7, Test: loss=1.307 , acc= 66.7%
****************************************
Task:   0, G-Epoch:   7, Test: loss=2.697 , acc= 50.8%
Task:   1, G-Epoch:   7, Test: loss=2.592 , acc= 50.1%
Task:   2, G-Epoch:   7, Test: loss=1.325 , acc= 66.1%
Task:   3, G-Epoch:   7, Test: loss=2.305 , acc= 11.3%
Task:   4, G-Epoch:   7, Test: loss=2.328 , acc=  8.7%
Task:   5, G-Epoch:   7, Test: loss=2.304 , acc=  8.6%
Task:   6, G-Epoch:   7, Test: loss=2.310 , acc=  8.2%
Task:   7, G-Epoch:   7, Test: loss=2.298 , acc= 16.0%
Task:   8, G-Epoch:   7, Test: loss=2.310 , acc=  8.7%
Task:   9, G-Epoch:   7, Test: loss=2.311 , acc=  9.4%
{0: [39.3, 45.7, 48.7, 48.8, 51.1, 52.3, 53.9, 51.6, 55.6, 54.8, 53.3, 54.9, 58.1, 57.8, 55.8, 58.5, 58.6, 58.9, 57.4, 60.4, 61.3, 56.9, 60.1, 60.2, 60.8, 60.2, 60.8, 61.6, 61.5, 61.0, 62.5, 62.5, 64.4, 61.7, 62.6, 62.6, 63.1, 63.9, 65.4, 63.5, 65.0, 63.8, 64.1, 65.7, 66.4, 65.1, 63.0, 66.9, 65.3, 66.5, 68.2, 66.5, 65.4, 65.8, 64.3, 63.8, 64.5, 62.4, 61.7, 61.1, 60.5, 58.7, 57.8, 58.2, 58.3, 55.9, 54.1, 51.9, 52.1, 51.0, 53.7, 53.0, 52.1, 51.7, 52.5, 51.0, 50.5, 50.8], 1: [10.2, 9.5, 11.1, 11.0, 9.3, 10.0, 10.6, 10.7, 11.2, 8.9, 9.1, 10.8, 10.8, 10.3, 9.9, 9.1, 11.7, 10.1, 10.2, 11.4, 8.8, 9.8, 10.9, 9.7, 9.2, 9.7, 10.1, 9.5, 9.9, 9.0, 9.4, 9.2, 9.6, 8.9, 9.1, 8.4, 8.4, 8.8, 10.2, 8.7, 8.9, 10.8, 8.1, 9.5, 9.5, 9.3, 10.3, 10.0, 9.3, 9.6, 49.7, 53.7, 57.3, 56.8, 58.2, 56.9, 59.3, 58.9, 59.6, 58.5, 59.5, 59.5, 60.8, 58.1, 58.5, 59.3, 59.4, 58.8, 60.4, 59.6, 56.2, 54.6, 52.9, 51.7, 52.2, 52.6, 50.7, 50.1], 2: [10.3, 10.5, 9.7, 11.4, 11.1, 9.9, 8.6, 8.9, 9.1, 8.7, 9.4, 9.6, 7.7, 10.1, 10.4, 8.9, 9.1, 9.5, 10.8, 8.4, 8.5, 8.8, 9.1, 8.5, 9.7, 10.0, 9.4, 9.9, 9.9, 9.5, 8.9, 8.9, 9.1, 9.7, 9.7, 9.8, 9.4, 9.9, 9.1, 9.1, 9.2, 9.9, 9.7, 9.4, 8.0, 10.1, 10.6, 9.1, 9.6, 9.0, 9.4, 11.1, 11.1, 9.6, 9.4, 11.5, 10.8, 9.3, 10.8, 8.4, 9.6, 9.3, 9.7, 10.1, 10.9, 10.4, 9.9, 10.2, 9.5, 10.1, 56.7, 61.3, 62.3, 63.5, 63.5, 64.8, 64.3, 66.1], 3: [10.3, 9.9, 8.6, 9.7, 9.2, 9.4, 9.3, 10.7, 11.6, 11.0, 11.6, 11.9, 11.3, 11.4, 12.4, 11.7, 11.1, 11.2, 11.9, 12.5, 13.1, 12.2, 13.1, 12.0, 12.6, 11.9, 12.0, 12.8, 13.5, 12.1, 12.1, 11.7, 11.8, 12.4, 12.6, 11.4, 12.7, 13.3, 13.2, 12.1, 12.3, 12.5, 13.4, 13.2, 13.5, 12.3, 11.5, 12.1, 12.0, 13.0, 10.4, 11.3, 11.9, 10.9, 10.6, 11.5, 10.8, 9.7, 12.1, 11.0, 11.6, 11.6, 11.3, 10.6, 10.6, 11.2, 10.5, 10.4, 10.5, 9.6, 8.5, 10.0, 10.2, 10.6, 10.2, 12.1, 11.2, 11.3], 4: [11.0, 10.0, 10.7, 9.8, 10.8, 10.1, 10.0, 10.9, 10.2, 10.0, 10.2, 9.9, 9.6, 9.1, 8.8, 10.7, 9.8, 9.2, 9.6, 10.3, 8.5, 10.1, 9.6, 9.5, 9.6, 10.4, 10.6, 9.3, 8.9, 8.8, 9.3, 10.3, 10.1, 11.1, 9.8, 11.7, 9.9, 9.1, 10.5, 10.7, 10.0, 10.0, 9.9, 9.4, 9.2, 9.0, 10.6, 9.4, 10.1, 10.3, 12.5, 12.4, 12.1, 11.4, 11.1, 10.9, 10.9, 9.9, 10.6, 11.1, 11.0, 10.0, 10.2, 10.3, 11.0, 9.4, 10.2, 10.4, 9.5, 10.1, 9.2, 9.4, 9.2, 8.7, 9.8, 8.6, 8.3, 8.7], 5: [9.1, 9.4, 10.6, 12.1, 10.5, 10.8, 11.3, 10.7, 10.6, 12.6, 12.5, 11.6, 11.5, 11.1, 10.8, 10.5, 11.1, 11.6, 10.7, 11.8, 10.6, 11.0, 10.2, 10.9, 9.6, 10.6, 9.6, 10.5, 9.3, 8.3, 9.5, 9.2, 9.6, 10.2, 9.2, 9.2, 10.1, 8.9, 9.3, 8.5, 8.8, 9.3, 9.1, 8.6, 9.9, 10.1, 9.0, 10.0, 8.2, 8.3, 8.9, 8.6, 8.5, 9.5, 9.6, 8.6, 9.0, 9.4, 9.4, 8.0, 8.3, 9.1, 9.0, 8.2, 8.7, 8.2, 8.2, 8.9, 8.9, 8.5, 9.6, 10.0, 8.8, 9.3, 9.3, 8.9, 9.5, 8.6], 6: [10.1, 9.9, 12.1, 10.8, 10.4, 9.4, 9.2, 10.1, 11.1, 9.8, 10.4, 11.0, 10.9, 11.0, 13.0, 12.2, 10.5, 11.5, 10.0, 11.8, 9.6, 11.3, 10.6, 9.3, 9.4, 9.0, 10.5, 9.3, 10.4, 9.4, 9.4, 9.5, 10.3, 10.1, 8.4, 8.6, 10.3, 8.7, 9.1, 9.7, 8.6, 9.3, 9.1, 8.7, 8.4, 10.4, 8.9, 9.8, 10.6, 10.7, 9.3, 9.2, 7.6, 9.3, 8.3, 8.0, 8.5, 8.5, 8.1, 8.0, 7.5, 8.3, 8.6, 8.2, 9.4, 8.5, 8.9, 8.5, 8.0, 8.9, 8.5, 8.6, 8.0, 7.8, 7.3, 8.3, 7.3, 8.2], 7: [9.2, 9.7, 10.3, 11.8, 11.8, 11.2, 12.2, 11.5, 10.8, 11.1, 12.2, 11.9, 11.9, 13.4, 12.9, 13.1, 14.1, 12.3, 12.7, 13.3, 11.4, 13.4, 12.8, 12.6, 12.6, 13.0, 13.0, 12.7, 13.0, 11.7, 11.9, 11.9, 12.3, 12.7, 13.8, 12.9, 13.4, 13.5, 12.5, 12.3, 12.5, 12.8, 11.2, 12.4, 13.8, 12.4, 10.7, 12.0, 11.9, 11.7, 14.4, 14.5, 12.1, 13.1, 13.4, 13.6, 12.6, 13.3, 13.3, 14.9, 13.1, 14.6, 15.2, 14.0, 13.9, 13.9, 14.3, 12.9, 13.0, 13.5, 15.0, 14.7, 15.4, 14.4, 14.2, 14.2, 14.5, 16.0], 8: [7.8, 10.2, 9.5, 11.9, 11.6, 10.8, 9.4, 10.0, 9.6, 10.5, 9.9, 9.9, 10.2, 9.4, 9.8, 8.7, 9.4, 8.8, 9.6, 8.2, 8.0, 8.7, 9.1, 8.8, 8.9, 10.2, 8.3, 8.4, 7.6, 8.6, 8.3, 7.2, 8.5, 8.7, 7.7, 8.7, 8.3, 8.4, 8.6, 8.4, 8.8, 7.8, 8.8, 8.7, 8.0, 8.1, 7.1, 7.0, 6.9, 8.4, 6.1, 6.1, 5.5, 6.3, 6.4, 7.2, 7.2, 7.0, 7.3, 7.6, 7.0, 8.6, 7.6, 7.2, 7.2, 7.0, 7.3, 7.6, 7.2, 7.3, 7.3, 9.0, 9.0, 8.7, 10.5, 9.3, 8.6, 8.7], 9: [10.4, 10.8, 9.5, 9.8, 8.9, 8.8, 8.5, 10.6, 9.6, 10.0, 6.8, 8.7, 10.7, 8.9, 9.7, 7.7, 9.0, 9.4, 10.0, 9.5, 9.7, 9.6, 9.4, 8.5, 7.3, 7.6, 9.7, 10.0, 8.1, 9.8, 11.0, 8.9, 10.3, 9.3, 10.3, 8.9, 9.3, 9.7, 10.8, 10.0, 9.6, 9.6, 10.1, 10.1, 9.2, 9.4, 11.1, 8.7, 10.7, 10.9, 9.8, 10.1, 10.9, 9.9, 10.9, 10.6, 9.7, 9.8, 9.9, 9.9, 9.6, 8.9, 9.8, 9.4, 10.4, 9.7, 10.2, 9.5, 9.9, 9.8, 8.4, 7.9, 8.4, 9.9, 8.1, 11.3, 9.7, 9.4]}
----------------------------------------
Epoch   1 | Client   0 | Train: loss=0.054, acc= 98.7% | time=155.4ms | Valid: loss=2.328, acc= 48.0% |
Epoch   2 | Client   0 | Train: loss=0.057, acc= 98.7% | time=114.4ms | Valid: loss=1.543, acc= 60.0% |
Epoch   3 | Client   0 | Train: loss=0.118, acc= 96.8% | time=100.0ms | Valid: loss=2.415, acc= 48.0% |
Epoch   4 | Client   0 | Train: loss=0.042, acc= 98.9% | time=100.0ms | Valid: loss=2.028, acc= 56.0% |
Epoch   5 | Client   0 | Train: loss=0.021, acc= 99.8% | time= 82.0ms | Valid: loss=1.668, acc= 56.0% |
----------------------------------------
Epoch   1 | Client   1 | Train: loss=0.018, acc= 99.8% | time=150.8ms | Valid: loss=1.236, acc= 68.0% |
Epoch   2 | Client   1 | Train: loss=0.014, acc=100.0% | time= 88.6ms | Valid: loss=1.510, acc= 64.0% |
Epoch   3 | Client   1 | Train: loss=0.018, acc= 99.8% | time= 82.7ms | Valid: loss=1.422, acc= 68.0% |
Epoch   4 | Client   1 | Train: loss=0.008, acc=100.0% | time= 77.9ms | Valid: loss=1.305, acc= 60.0% |
Epoch   5 | Client   1 | Train: loss=0.007, acc=100.0% | time= 78.0ms | Valid: loss=1.146, acc= 56.0% |
Skip Updating GPM for layer: 1
----------------------------------------
Epoch   1 | Client   2 | Train: loss=0.052, acc= 98.5% | time=155.9ms | Valid: loss=1.982, acc= 60.0% |
Epoch   2 | Client   2 | Train: loss=0.018, acc=100.0% | time= 96.2ms | Valid: loss=2.072, acc= 56.0% |
Epoch   3 | Client   2 | Train: loss=0.032, acc= 99.4% | time=112.8ms | Valid: loss=2.094, acc= 60.0% |
Epoch   4 | Client   2 | Train: loss=0.034, acc= 99.4% | time= 94.8ms | Valid: loss=2.490, acc= 48.0% |
Epoch   5 | Client   2 | Train: loss=0.014, acc= 99.8% | time= 80.8ms | Valid: loss=2.158, acc= 60.0% |
----------------------------------------
Epoch   1 | Client   3 | Train: loss=0.022, acc= 99.8% | time=141.4ms | Valid: loss=0.971, acc= 76.0% |
Epoch   2 | Client   3 | Train: loss=0.020, acc= 99.8% | time= 96.4ms | Valid: loss=0.878, acc= 80.0% |
Epoch   3 | Client   3 | Train: loss=0.027, acc= 99.6% | time=108.8ms | Valid: loss=1.022, acc= 76.0% |
Epoch   4 | Client   3 | Train: loss=0.015, acc= 99.8% | time=111.4ms | Valid: loss=1.104, acc= 76.0% |
Epoch   5 | Client   3 | Train: loss=0.012, acc=100.0% | time= 83.9ms | Valid: loss=1.213, acc= 76.0% |
Skip Updating GPM for layer: 1
----------------------------------------
Epoch   1 | Client   4 | Train: loss=0.154, acc= 94.7% | time=158.5ms | Valid: loss=1.691, acc= 60.0% |
Epoch   2 | Client   4 | Train: loss=0.186, acc= 93.9% | time=108.0ms | Valid: loss=1.307, acc= 64.0% |
Epoch   3 | Client   4 | Train: loss=0.091, acc= 97.1% | time= 94.5ms | Valid: loss=1.252, acc= 60.0% |
Epoch   4 | Client   4 | Train: loss=0.087, acc= 97.1% | time=110.9ms | Valid: loss=1.340, acc= 64.0% |
Epoch   5 | Client   4 | Train: loss=0.059, acc= 98.1% | time= 84.4ms | Valid: loss=1.234, acc= 64.0% |
----------------------------------------
Epoch   1 | Client   5 | Train: loss=0.057, acc= 98.7% | time=159.4ms | Valid: loss=1.182, acc= 68.0% |
Epoch   2 | Client   5 | Train: loss=0.032, acc= 99.6% | time=114.0ms | Valid: loss=1.180, acc= 64.0% |
Epoch   3 | Client   5 | Train: loss=0.028, acc= 99.6% | time=123.1ms | Valid: loss=0.958, acc= 76.0% |
Epoch   4 | Client   5 | Train: loss=0.011, acc=100.0% | time=125.1ms | Valid: loss=1.012, acc= 68.0% |
Epoch   5 | Client   5 | Train: loss=0.008, acc=100.0% | time=127.3ms | Valid: loss=0.989, acc= 68.0% |
Skip Updating GPM for layer: 1
----------------------------------------
Epoch   1 | Client   6 | Train: loss=0.015, acc=100.0% | time=154.3ms | Valid: loss=1.423, acc= 60.0% |
Epoch   2 | Client   6 | Train: loss=0.016, acc= 99.8% | time= 85.9ms | Valid: loss=1.412, acc= 64.0% |
Epoch   3 | Client   6 | Train: loss=0.010, acc=100.0% | time= 82.7ms | Valid: loss=1.725, acc= 60.0% |
Epoch   4 | Client   6 | Train: loss=0.027, acc= 99.2% | time= 80.0ms | Valid: loss=1.739, acc= 56.0% |
Epoch   5 | Client   6 | Train: loss=0.009, acc=100.0% | time= 82.5ms | Valid: loss=1.661, acc= 60.0% |
Skip Updating GPM for layer: 1
----------------------------------------
Epoch   1 | Client   7 | Train: loss=0.086, acc= 97.7% | time=165.3ms | Valid: loss=2.089, acc= 44.0% |
Epoch   2 | Client   7 | Train: loss=0.110, acc= 97.3% | time= 89.9ms | Valid: loss=2.483, acc= 44.0% |
Epoch   3 | Client   7 | Train: loss=0.051, acc= 98.7% | time= 88.7ms | Valid: loss=2.139, acc= 56.0% |
Epoch   4 | Client   7 | Train: loss=0.041, acc= 99.6% | time= 79.8ms | Valid: loss=2.423, acc= 44.0% |
Epoch   5 | Client   7 | Train: loss=0.059, acc= 98.5% | time= 79.6ms | Valid: loss=2.483, acc= 48.0% |
----------------------------------------
Epoch   1 | Client   8 | Train: loss=0.016, acc=100.0% | time=171.0ms | Valid: loss=0.983, acc= 72.0% |
Epoch   2 | Client   8 | Train: loss=0.017, acc= 99.8% | time= 98.7ms | Valid: loss=1.004, acc= 76.0% |
Epoch   3 | Client   8 | Train: loss=0.015, acc= 99.8% | time= 85.6ms | Valid: loss=1.064, acc= 68.0% |
Epoch   4 | Client   8 | Train: loss=0.009, acc=100.0% | time= 79.3ms | Valid: loss=1.299, acc= 72.0% |
Epoch   5 | Client   8 | Train: loss=0.026, acc= 99.6% | time= 79.1ms | Valid: loss=1.071, acc= 60.0% |
Skip Updating GPM for layer: 1
----------------------------------------
Epoch   1 | Client   9 | Train: loss=0.036, acc= 99.6% | time=142.0ms | Valid: loss=1.667, acc= 56.0% |
Epoch   2 | Client   9 | Train: loss=0.042, acc= 99.4% | time= 96.1ms | Valid: loss=1.880, acc= 60.0% |
Epoch   3 | Client   9 | Train: loss=0.035, acc= 99.2% | time= 88.0ms | Valid: loss=1.578, acc= 64.0% |
Epoch   4 | Client   9 | Train: loss=0.010, acc= 99.8% | time= 80.4ms | Valid: loss=1.719, acc= 60.0% |
Epoch   5 | Client   9 | Train: loss=0.059, acc= 98.5% | time= 79.6ms | Valid: loss=1.713, acc= 68.0% |
Skip Updating GPM for layer: 1
----------------------------------------
G-Epoch:   8, Test: loss=1.373 , acc= 65.8%
****************************************
Task:   0, G-Epoch:   8, Test: loss=2.784 , acc= 50.9%
Task:   1, G-Epoch:   8, Test: loss=2.590 , acc= 51.0%
Task:   2, G-Epoch:   8, Test: loss=1.395 , acc= 66.1%
Task:   3, G-Epoch:   8, Test: loss=2.306 , acc= 10.1%
Task:   4, G-Epoch:   8, Test: loss=2.327 , acc=  8.9%
Task:   5, G-Epoch:   8, Test: loss=2.300 , acc= 10.5%
Task:   6, G-Epoch:   8, Test: loss=2.310 , acc=  8.9%
Task:   7, G-Epoch:   8, Test: loss=2.300 , acc= 15.5%
Task:   8, G-Epoch:   8, Test: loss=2.312 , acc=  8.4%
Task:   9, G-Epoch:   8, Test: loss=2.311 , acc=  9.3%
{0: [39.3, 45.7, 48.7, 48.8, 51.1, 52.3, 53.9, 51.6, 55.6, 54.8, 53.3, 54.9, 58.1, 57.8, 55.8, 58.5, 58.6, 58.9, 57.4, 60.4, 61.3, 56.9, 60.1, 60.2, 60.8, 60.2, 60.8, 61.6, 61.5, 61.0, 62.5, 62.5, 64.4, 61.7, 62.6, 62.6, 63.1, 63.9, 65.4, 63.5, 65.0, 63.8, 64.1, 65.7, 66.4, 65.1, 63.0, 66.9, 65.3, 66.5, 68.2, 66.5, 65.4, 65.8, 64.3, 63.8, 64.5, 62.4, 61.7, 61.1, 60.5, 58.7, 57.8, 58.2, 58.3, 55.9, 54.1, 51.9, 52.1, 51.0, 53.7, 53.0, 52.1, 51.7, 52.5, 51.0, 50.5, 50.8, 50.9], 1: [10.2, 9.5, 11.1, 11.0, 9.3, 10.0, 10.6, 10.7, 11.2, 8.9, 9.1, 10.8, 10.8, 10.3, 9.9, 9.1, 11.7, 10.1, 10.2, 11.4, 8.8, 9.8, 10.9, 9.7, 9.2, 9.7, 10.1, 9.5, 9.9, 9.0, 9.4, 9.2, 9.6, 8.9, 9.1, 8.4, 8.4, 8.8, 10.2, 8.7, 8.9, 10.8, 8.1, 9.5, 9.5, 9.3, 10.3, 10.0, 9.3, 9.6, 49.7, 53.7, 57.3, 56.8, 58.2, 56.9, 59.3, 58.9, 59.6, 58.5, 59.5, 59.5, 60.8, 58.1, 58.5, 59.3, 59.4, 58.8, 60.4, 59.6, 56.2, 54.6, 52.9, 51.7, 52.2, 52.6, 50.7, 50.1, 51.0], 2: [10.3, 10.5, 9.7, 11.4, 11.1, 9.9, 8.6, 8.9, 9.1, 8.7, 9.4, 9.6, 7.7, 10.1, 10.4, 8.9, 9.1, 9.5, 10.8, 8.4, 8.5, 8.8, 9.1, 8.5, 9.7, 10.0, 9.4, 9.9, 9.9, 9.5, 8.9, 8.9, 9.1, 9.7, 9.7, 9.8, 9.4, 9.9, 9.1, 9.1, 9.2, 9.9, 9.7, 9.4, 8.0, 10.1, 10.6, 9.1, 9.6, 9.0, 9.4, 11.1, 11.1, 9.6, 9.4, 11.5, 10.8, 9.3, 10.8, 8.4, 9.6, 9.3, 9.7, 10.1, 10.9, 10.4, 9.9, 10.2, 9.5, 10.1, 56.7, 61.3, 62.3, 63.5, 63.5, 64.8, 64.3, 66.1, 66.1], 3: [10.3, 9.9, 8.6, 9.7, 9.2, 9.4, 9.3, 10.7, 11.6, 11.0, 11.6, 11.9, 11.3, 11.4, 12.4, 11.7, 11.1, 11.2, 11.9, 12.5, 13.1, 12.2, 13.1, 12.0, 12.6, 11.9, 12.0, 12.8, 13.5, 12.1, 12.1, 11.7, 11.8, 12.4, 12.6, 11.4, 12.7, 13.3, 13.2, 12.1, 12.3, 12.5, 13.4, 13.2, 13.5, 12.3, 11.5, 12.1, 12.0, 13.0, 10.4, 11.3, 11.9, 10.9, 10.6, 11.5, 10.8, 9.7, 12.1, 11.0, 11.6, 11.6, 11.3, 10.6, 10.6, 11.2, 10.5, 10.4, 10.5, 9.6, 8.5, 10.0, 10.2, 10.6, 10.2, 12.1, 11.2, 11.3, 10.1], 4: [11.0, 10.0, 10.7, 9.8, 10.8, 10.1, 10.0, 10.9, 10.2, 10.0, 10.2, 9.9, 9.6, 9.1, 8.8, 10.7, 9.8, 9.2, 9.6, 10.3, 8.5, 10.1, 9.6, 9.5, 9.6, 10.4, 10.6, 9.3, 8.9, 8.8, 9.3, 10.3, 10.1, 11.1, 9.8, 11.7, 9.9, 9.1, 10.5, 10.7, 10.0, 10.0, 9.9, 9.4, 9.2, 9.0, 10.6, 9.4, 10.1, 10.3, 12.5, 12.4, 12.1, 11.4, 11.1, 10.9, 10.9, 9.9, 10.6, 11.1, 11.0, 10.0, 10.2, 10.3, 11.0, 9.4, 10.2, 10.4, 9.5, 10.1, 9.2, 9.4, 9.2, 8.7, 9.8, 8.6, 8.3, 8.7, 8.9], 5: [9.1, 9.4, 10.6, 12.1, 10.5, 10.8, 11.3, 10.7, 10.6, 12.6, 12.5, 11.6, 11.5, 11.1, 10.8, 10.5, 11.1, 11.6, 10.7, 11.8, 10.6, 11.0, 10.2, 10.9, 9.6, 10.6, 9.6, 10.5, 9.3, 8.3, 9.5, 9.2, 9.6, 10.2, 9.2, 9.2, 10.1, 8.9, 9.3, 8.5, 8.8, 9.3, 9.1, 8.6, 9.9, 10.1, 9.0, 10.0, 8.2, 8.3, 8.9, 8.6, 8.5, 9.5, 9.6, 8.6, 9.0, 9.4, 9.4, 8.0, 8.3, 9.1, 9.0, 8.2, 8.7, 8.2, 8.2, 8.9, 8.9, 8.5, 9.6, 10.0, 8.8, 9.3, 9.3, 8.9, 9.5, 8.6, 10.5], 6: [10.1, 9.9, 12.1, 10.8, 10.4, 9.4, 9.2, 10.1, 11.1, 9.8, 10.4, 11.0, 10.9, 11.0, 13.0, 12.2, 10.5, 11.5, 10.0, 11.8, 9.6, 11.3, 10.6, 9.3, 9.4, 9.0, 10.5, 9.3, 10.4, 9.4, 9.4, 9.5, 10.3, 10.1, 8.4, 8.6, 10.3, 8.7, 9.1, 9.7, 8.6, 9.3, 9.1, 8.7, 8.4, 10.4, 8.9, 9.8, 10.6, 10.7, 9.3, 9.2, 7.6, 9.3, 8.3, 8.0, 8.5, 8.5, 8.1, 8.0, 7.5, 8.3, 8.6, 8.2, 9.4, 8.5, 8.9, 8.5, 8.0, 8.9, 8.5, 8.6, 8.0, 7.8, 7.3, 8.3, 7.3, 8.2, 8.9], 7: [9.2, 9.7, 10.3, 11.8, 11.8, 11.2, 12.2, 11.5, 10.8, 11.1, 12.2, 11.9, 11.9, 13.4, 12.9, 13.1, 14.1, 12.3, 12.7, 13.3, 11.4, 13.4, 12.8, 12.6, 12.6, 13.0, 13.0, 12.7, 13.0, 11.7, 11.9, 11.9, 12.3, 12.7, 13.8, 12.9, 13.4, 13.5, 12.5, 12.3, 12.5, 12.8, 11.2, 12.4, 13.8, 12.4, 10.7, 12.0, 11.9, 11.7, 14.4, 14.5, 12.1, 13.1, 13.4, 13.6, 12.6, 13.3, 13.3, 14.9, 13.1, 14.6, 15.2, 14.0, 13.9, 13.9, 14.3, 12.9, 13.0, 13.5, 15.0, 14.7, 15.4, 14.4, 14.2, 14.2, 14.5, 16.0, 15.5], 8: [7.8, 10.2, 9.5, 11.9, 11.6, 10.8, 9.4, 10.0, 9.6, 10.5, 9.9, 9.9, 10.2, 9.4, 9.8, 8.7, 9.4, 8.8, 9.6, 8.2, 8.0, 8.7, 9.1, 8.8, 8.9, 10.2, 8.3, 8.4, 7.6, 8.6, 8.3, 7.2, 8.5, 8.7, 7.7, 8.7, 8.3, 8.4, 8.6, 8.4, 8.8, 7.8, 8.8, 8.7, 8.0, 8.1, 7.1, 7.0, 6.9, 8.4, 6.1, 6.1, 5.5, 6.3, 6.4, 7.2, 7.2, 7.0, 7.3, 7.6, 7.0, 8.6, 7.6, 7.2, 7.2, 7.0, 7.3, 7.6, 7.2, 7.3, 7.3, 9.0, 9.0, 8.7, 10.5, 9.3, 8.6, 8.7, 8.4], 9: [10.4, 10.8, 9.5, 9.8, 8.9, 8.8, 8.5, 10.6, 9.6, 10.0, 6.8, 8.7, 10.7, 8.9, 9.7, 7.7, 9.0, 9.4, 10.0, 9.5, 9.7, 9.6, 9.4, 8.5, 7.3, 7.6, 9.7, 10.0, 8.1, 9.8, 11.0, 8.9, 10.3, 9.3, 10.3, 8.9, 9.3, 9.7, 10.8, 10.0, 9.6, 9.6, 10.1, 10.1, 9.2, 9.4, 11.1, 8.7, 10.7, 10.9, 9.8, 10.1, 10.9, 9.9, 10.9, 10.6, 9.7, 9.8, 9.9, 9.9, 9.6, 8.9, 9.8, 9.4, 10.4, 9.7, 10.2, 9.5, 9.9, 9.8, 8.4, 7.9, 8.4, 9.9, 8.1, 11.3, 9.7, 9.4, 9.3]}
----------------------------------------
Epoch   1 | Client   0 | Train: loss=0.029, acc= 99.6% | time=147.5ms | Valid: loss=1.733, acc= 68.0% |
Epoch   2 | Client   0 | Train: loss=0.140, acc= 96.2% | time=106.2ms | Valid: loss=1.631, acc= 56.0% |
Epoch   3 | Client   0 | Train: loss=0.042, acc= 98.7% | time=119.1ms | Valid: loss=1.376, acc= 60.0% |
Epoch   4 | Client   0 | Train: loss=0.021, acc= 99.6% | time= 97.7ms | Valid: loss=1.600, acc= 56.0% |
Epoch   5 | Client   0 | Train: loss=0.023, acc= 99.8% | time= 83.4ms | Valid: loss=2.081, acc= 44.0% |
----------------------------------------
Epoch   1 | Client   1 | Train: loss=0.014, acc=100.0% | time=159.4ms | Valid: loss=1.450, acc= 68.0% |
Epoch   2 | Client   1 | Train: loss=0.020, acc= 99.6% | time=100.3ms | Valid: loss=0.961, acc= 68.0% |
Epoch   3 | Client   1 | Train: loss=0.008, acc=100.0% | time=128.4ms | Valid: loss=1.287, acc= 64.0% |
Epoch   4 | Client   1 | Train: loss=0.006, acc=100.0% | time=127.3ms | Valid: loss=1.278, acc= 64.0% |
Epoch   5 | Client   1 | Train: loss=0.006, acc=100.0% | time= 96.3ms | Valid: loss=1.161, acc= 64.0% |
Skip Updating GPM for layer: 1
----------------------------------------
Epoch   1 | Client   2 | Train: loss=0.029, acc= 99.8% | time=170.8ms | Valid: loss=1.949, acc= 56.0% |
Epoch   2 | Client   2 | Train: loss=0.070, acc= 98.1% | time=124.9ms | Valid: loss=1.975, acc= 68.0% |
Epoch   3 | Client   2 | Train: loss=0.048, acc= 98.5% | time=105.1ms | Valid: loss=2.536, acc= 36.0% |
Epoch   4 | Client   2 | Train: loss=0.022, acc= 99.6% | time= 88.0ms | Valid: loss=2.039, acc= 60.0% |
Epoch   5 | Client   2 | Train: loss=0.041, acc= 98.7% | time= 83.5ms | Valid: loss=1.908, acc= 56.0% |
----------------------------------------
Epoch   1 | Client   3 | Train: loss=0.082, acc= 97.7% | time=160.4ms | Valid: loss=1.265, acc= 60.0% |
Epoch   2 | Client   3 | Train: loss=0.033, acc= 98.9% | time= 89.9ms | Valid: loss=1.050, acc= 76.0% |
Epoch   3 | Client   3 | Train: loss=0.066, acc= 98.3% | time= 80.9ms | Valid: loss=1.166, acc= 76.0% |
Epoch   4 | Client   3 | Train: loss=0.010, acc=100.0% | time= 79.1ms | Valid: loss=1.061, acc= 76.0% |
Epoch   5 | Client   3 | Train: loss=0.056, acc= 98.7% | time= 79.0ms | Valid: loss=1.049, acc= 64.0% |
Skip Updating GPM for layer: 1
----------------------------------------
Epoch   1 | Client   4 | Train: loss=0.064, acc= 98.9% | time=162.9ms | Valid: loss=1.309, acc= 68.0% |
Epoch   2 | Client   4 | Train: loss=0.157, acc= 96.2% | time= 93.4ms | Valid: loss=1.389, acc= 60.0% |
Epoch   3 | Client   4 | Train: loss=0.044, acc= 98.7% | time=113.5ms | Valid: loss=1.315, acc= 60.0% |
Epoch   4 | Client   4 | Train: loss=0.065, acc= 98.9% | time=116.5ms | Valid: loss=1.886, acc= 52.0% |
Epoch   5 | Client   4 | Train: loss=0.082, acc= 97.3% | time= 97.8ms | Valid: loss=1.781, acc= 44.0% |
----------------------------------------
Epoch   1 | Client   5 | Train: loss=0.044, acc= 98.9% | time=152.7ms | Valid: loss=1.185, acc= 60.0% |
Epoch   2 | Client   5 | Train: loss=0.011, acc=100.0% | time=116.6ms | Valid: loss=1.211, acc= 68.0% |
Epoch   3 | Client   5 | Train: loss=0.014, acc=100.0% | time= 90.8ms | Valid: loss=1.051, acc= 72.0% |
Epoch   4 | Client   5 | Train: loss=0.008, acc=100.0% | time= 83.3ms | Valid: loss=0.931, acc= 68.0% |
Epoch   5 | Client   5 | Train: loss=0.006, acc=100.0% | time= 79.0ms | Valid: loss=0.895, acc= 68.0% |
Skip Updating GPM for layer: 1
----------------------------------------
Epoch   1 | Client   6 | Train: loss=0.015, acc= 99.8% | time=160.7ms | Valid: loss=1.652, acc= 64.0% |
Epoch   2 | Client   6 | Train: loss=0.057, acc= 98.7% | time= 93.8ms | Valid: loss=1.393, acc= 64.0% |
Epoch   3 | Client   6 | Train: loss=0.016, acc= 99.8% | time= 89.0ms | Valid: loss=1.681, acc= 60.0% |
Epoch   4 | Client   6 | Train: loss=0.015, acc= 99.8% | time=112.1ms | Valid: loss=1.538, acc= 60.0% |
Epoch   5 | Client   6 | Train: loss=0.020, acc= 99.6% | time=118.8ms | Valid: loss=1.967, acc= 56.0% |
Skip Updating GPM for layer: 1
----------------------------------------
Epoch   1 | Client   7 | Train: loss=0.068, acc= 98.5% | time=137.5ms | Valid: loss=1.790, acc= 48.0% |
Epoch   2 | Client   7 | Train: loss=0.132, acc= 95.6% | time=116.3ms | Valid: loss=2.471, acc= 48.0% |
Epoch   3 | Client   7 | Train: loss=0.055, acc= 98.3% | time=122.7ms | Valid: loss=2.616, acc= 48.0% |
Epoch   4 | Client   7 | Train: loss=0.056, acc= 98.9% | time=121.1ms | Valid: loss=2.514, acc= 40.0% |
Epoch   5 | Client   7 | Train: loss=0.035, acc= 99.4% | time=124.5ms | Valid: loss=2.689, acc= 40.0% |
----------------------------------------
Epoch   1 | Client   8 | Train: loss=0.050, acc= 98.7% | time=166.3ms | Valid: loss=1.169, acc= 72.0% |
Epoch   2 | Client   8 | Train: loss=0.013, acc= 99.8% | time= 96.2ms | Valid: loss=1.038, acc= 64.0% |
Epoch   3 | Client   8 | Train: loss=0.067, acc= 97.1% | time= 92.0ms | Valid: loss=1.378, acc= 60.0% |
Epoch   4 | Client   8 | Train: loss=0.021, acc= 99.6% | time= 96.0ms | Valid: loss=1.280, acc= 68.0% |
Epoch   5 | Client   8 | Train: loss=0.039, acc= 99.2% | time=130.4ms | Valid: loss=1.131, acc= 76.0% |
Skip Updating GPM for layer: 1
----------------------------------------
Epoch   1 | Client   9 | Train: loss=0.054, acc= 98.9% | time=182.0ms | Valid: loss=1.607, acc= 68.0% |
Epoch   2 | Client   9 | Train: loss=0.037, acc= 99.2% | time= 88.7ms | Valid: loss=1.704, acc= 68.0% |
Epoch   3 | Client   9 | Train: loss=0.277, acc= 93.1% | time= 83.4ms | Valid: loss=1.898, acc= 44.0% |
Epoch   4 | Client   9 | Train: loss=0.014, acc=100.0% | time= 82.1ms | Valid: loss=1.650, acc= 68.0% |
Epoch   5 | Client   9 | Train: loss=0.012, acc=100.0% | time= 78.6ms | Valid: loss=1.689, acc= 60.0% |
----------------------------------------
G-Epoch:   9, Test: loss=1.351 , acc= 65.9%
****************************************
Task:   0, G-Epoch:   9, Test: loss=2.729 , acc= 51.6%
Task:   1, G-Epoch:   9, Test: loss=2.545 , acc= 48.7%
Task:   2, G-Epoch:   9, Test: loss=1.368 , acc= 66.1%
Task:   3, G-Epoch:   9, Test: loss=2.304 , acc= 11.6%
Task:   4, G-Epoch:   9, Test: loss=2.328 , acc=  9.1%
Task:   5, G-Epoch:   9, Test: loss=2.299 , acc= 10.2%
Task:   6, G-Epoch:   9, Test: loss=2.312 , acc=  7.7%
Task:   7, G-Epoch:   9, Test: loss=2.298 , acc= 14.8%
Task:   8, G-Epoch:   9, Test: loss=2.314 , acc=  8.4%
Task:   9, G-Epoch:   9, Test: loss=2.308 , acc=  8.7%
{0: [39.3, 45.7, 48.7, 48.8, 51.1, 52.3, 53.9, 51.6, 55.6, 54.8, 53.3, 54.9, 58.1, 57.8, 55.8, 58.5, 58.6, 58.9, 57.4, 60.4, 61.3, 56.9, 60.1, 60.2, 60.8, 60.2, 60.8, 61.6, 61.5, 61.0, 62.5, 62.5, 64.4, 61.7, 62.6, 62.6, 63.1, 63.9, 65.4, 63.5, 65.0, 63.8, 64.1, 65.7, 66.4, 65.1, 63.0, 66.9, 65.3, 66.5, 68.2, 66.5, 65.4, 65.8, 64.3, 63.8, 64.5, 62.4, 61.7, 61.1, 60.5, 58.7, 57.8, 58.2, 58.3, 55.9, 54.1, 51.9, 52.1, 51.0, 53.7, 53.0, 52.1, 51.7, 52.5, 51.0, 50.5, 50.8, 50.9, 51.6], 1: [10.2, 9.5, 11.1, 11.0, 9.3, 10.0, 10.6, 10.7, 11.2, 8.9, 9.1, 10.8, 10.8, 10.3, 9.9, 9.1, 11.7, 10.1, 10.2, 11.4, 8.8, 9.8, 10.9, 9.7, 9.2, 9.7, 10.1, 9.5, 9.9, 9.0, 9.4, 9.2, 9.6, 8.9, 9.1, 8.4, 8.4, 8.8, 10.2, 8.7, 8.9, 10.8, 8.1, 9.5, 9.5, 9.3, 10.3, 10.0, 9.3, 9.6, 49.7, 53.7, 57.3, 56.8, 58.2, 56.9, 59.3, 58.9, 59.6, 58.5, 59.5, 59.5, 60.8, 58.1, 58.5, 59.3, 59.4, 58.8, 60.4, 59.6, 56.2, 54.6, 52.9, 51.7, 52.2, 52.6, 50.7, 50.1, 51.0, 48.7], 2: [10.3, 10.5, 9.7, 11.4, 11.1, 9.9, 8.6, 8.9, 9.1, 8.7, 9.4, 9.6, 7.7, 10.1, 10.4, 8.9, 9.1, 9.5, 10.8, 8.4, 8.5, 8.8, 9.1, 8.5, 9.7, 10.0, 9.4, 9.9, 9.9, 9.5, 8.9, 8.9, 9.1, 9.7, 9.7, 9.8, 9.4, 9.9, 9.1, 9.1, 9.2, 9.9, 9.7, 9.4, 8.0, 10.1, 10.6, 9.1, 9.6, 9.0, 9.4, 11.1, 11.1, 9.6, 9.4, 11.5, 10.8, 9.3, 10.8, 8.4, 9.6, 9.3, 9.7, 10.1, 10.9, 10.4, 9.9, 10.2, 9.5, 10.1, 56.7, 61.3, 62.3, 63.5, 63.5, 64.8, 64.3, 66.1, 66.1, 66.1], 3: [10.3, 9.9, 8.6, 9.7, 9.2, 9.4, 9.3, 10.7, 11.6, 11.0, 11.6, 11.9, 11.3, 11.4, 12.4, 11.7, 11.1, 11.2, 11.9, 12.5, 13.1, 12.2, 13.1, 12.0, 12.6, 11.9, 12.0, 12.8, 13.5, 12.1, 12.1, 11.7, 11.8, 12.4, 12.6, 11.4, 12.7, 13.3, 13.2, 12.1, 12.3, 12.5, 13.4, 13.2, 13.5, 12.3, 11.5, 12.1, 12.0, 13.0, 10.4, 11.3, 11.9, 10.9, 10.6, 11.5, 10.8, 9.7, 12.1, 11.0, 11.6, 11.6, 11.3, 10.6, 10.6, 11.2, 10.5, 10.4, 10.5, 9.6, 8.5, 10.0, 10.2, 10.6, 10.2, 12.1, 11.2, 11.3, 10.1, 11.6], 4: [11.0, 10.0, 10.7, 9.8, 10.8, 10.1, 10.0, 10.9, 10.2, 10.0, 10.2, 9.9, 9.6, 9.1, 8.8, 10.7, 9.8, 9.2, 9.6, 10.3, 8.5, 10.1, 9.6, 9.5, 9.6, 10.4, 10.6, 9.3, 8.9, 8.8, 9.3, 10.3, 10.1, 11.1, 9.8, 11.7, 9.9, 9.1, 10.5, 10.7, 10.0, 10.0, 9.9, 9.4, 9.2, 9.0, 10.6, 9.4, 10.1, 10.3, 12.5, 12.4, 12.1, 11.4, 11.1, 10.9, 10.9, 9.9, 10.6, 11.1, 11.0, 10.0, 10.2, 10.3, 11.0, 9.4, 10.2, 10.4, 9.5, 10.1, 9.2, 9.4, 9.2, 8.7, 9.8, 8.6, 8.3, 8.7, 8.9, 9.1], 5: [9.1, 9.4, 10.6, 12.1, 10.5, 10.8, 11.3, 10.7, 10.6, 12.6, 12.5, 11.6, 11.5, 11.1, 10.8, 10.5, 11.1, 11.6, 10.7, 11.8, 10.6, 11.0, 10.2, 10.9, 9.6, 10.6, 9.6, 10.5, 9.3, 8.3, 9.5, 9.2, 9.6, 10.2, 9.2, 9.2, 10.1, 8.9, 9.3, 8.5, 8.8, 9.3, 9.1, 8.6, 9.9, 10.1, 9.0, 10.0, 8.2, 8.3, 8.9, 8.6, 8.5, 9.5, 9.6, 8.6, 9.0, 9.4, 9.4, 8.0, 8.3, 9.1, 9.0, 8.2, 8.7, 8.2, 8.2, 8.9, 8.9, 8.5, 9.6, 10.0, 8.8, 9.3, 9.3, 8.9, 9.5, 8.6, 10.5, 10.2], 6: [10.1, 9.9, 12.1, 10.8, 10.4, 9.4, 9.2, 10.1, 11.1, 9.8, 10.4, 11.0, 10.9, 11.0, 13.0, 12.2, 10.5, 11.5, 10.0, 11.8, 9.6, 11.3, 10.6, 9.3, 9.4, 9.0, 10.5, 9.3, 10.4, 9.4, 9.4, 9.5, 10.3, 10.1, 8.4, 8.6, 10.3, 8.7, 9.1, 9.7, 8.6, 9.3, 9.1, 8.7, 8.4, 10.4, 8.9, 9.8, 10.6, 10.7, 9.3, 9.2, 7.6, 9.3, 8.3, 8.0, 8.5, 8.5, 8.1, 8.0, 7.5, 8.3, 8.6, 8.2, 9.4, 8.5, 8.9, 8.5, 8.0, 8.9, 8.5, 8.6, 8.0, 7.8, 7.3, 8.3, 7.3, 8.2, 8.9, 7.7], 7: [9.2, 9.7, 10.3, 11.8, 11.8, 11.2, 12.2, 11.5, 10.8, 11.1, 12.2, 11.9, 11.9, 13.4, 12.9, 13.1, 14.1, 12.3, 12.7, 13.3, 11.4, 13.4, 12.8, 12.6, 12.6, 13.0, 13.0, 12.7, 13.0, 11.7, 11.9, 11.9, 12.3, 12.7, 13.8, 12.9, 13.4, 13.5, 12.5, 12.3, 12.5, 12.8, 11.2, 12.4, 13.8, 12.4, 10.7, 12.0, 11.9, 11.7, 14.4, 14.5, 12.1, 13.1, 13.4, 13.6, 12.6, 13.3, 13.3, 14.9, 13.1, 14.6, 15.2, 14.0, 13.9, 13.9, 14.3, 12.9, 13.0, 13.5, 15.0, 14.7, 15.4, 14.4, 14.2, 14.2, 14.5, 16.0, 15.5, 14.8], 8: [7.8, 10.2, 9.5, 11.9, 11.6, 10.8, 9.4, 10.0, 9.6, 10.5, 9.9, 9.9, 10.2, 9.4, 9.8, 8.7, 9.4, 8.8, 9.6, 8.2, 8.0, 8.7, 9.1, 8.8, 8.9, 10.2, 8.3, 8.4, 7.6, 8.6, 8.3, 7.2, 8.5, 8.7, 7.7, 8.7, 8.3, 8.4, 8.6, 8.4, 8.8, 7.8, 8.8, 8.7, 8.0, 8.1, 7.1, 7.0, 6.9, 8.4, 6.1, 6.1, 5.5, 6.3, 6.4, 7.2, 7.2, 7.0, 7.3, 7.6, 7.0, 8.6, 7.6, 7.2, 7.2, 7.0, 7.3, 7.6, 7.2, 7.3, 7.3, 9.0, 9.0, 8.7, 10.5, 9.3, 8.6, 8.7, 8.4, 8.4], 9: [10.4, 10.8, 9.5, 9.8, 8.9, 8.8, 8.5, 10.6, 9.6, 10.0, 6.8, 8.7, 10.7, 8.9, 9.7, 7.7, 9.0, 9.4, 10.0, 9.5, 9.7, 9.6, 9.4, 8.5, 7.3, 7.6, 9.7, 10.0, 8.1, 9.8, 11.0, 8.9, 10.3, 9.3, 10.3, 8.9, 9.3, 9.7, 10.8, 10.0, 9.6, 9.6, 10.1, 10.1, 9.2, 9.4, 11.1, 8.7, 10.7, 10.9, 9.8, 10.1, 10.9, 9.9, 10.9, 10.6, 9.7, 9.8, 9.9, 9.9, 9.6, 8.9, 9.8, 9.4, 10.4, 9.7, 10.2, 9.5, 9.9, 9.8, 8.4, 7.9, 8.4, 9.9, 8.1, 11.3, 9.7, 9.4, 9.3, 8.7]}
----------------------------------------
Epoch   1 | Client   0 | Train: loss=0.033, acc= 98.9% | time=151.3ms | Valid: loss=1.525, acc= 56.0% |
Epoch   2 | Client   0 | Train: loss=0.055, acc= 98.3% | time= 93.4ms | Valid: loss=2.095, acc= 56.0% |
Epoch   3 | Client   0 | Train: loss=0.028, acc= 99.4% | time= 84.9ms | Valid: loss=1.888, acc= 48.0% |
Epoch   4 | Client   0 | Train: loss=0.017, acc=100.0% | time= 85.2ms | Valid: loss=1.656, acc= 60.0% |
Epoch   5 | Client   0 | Train: loss=0.011, acc= 99.8% | time= 82.5ms | Valid: loss=2.014, acc= 56.0% |
----------------------------------------
Epoch   1 | Client   1 | Train: loss=0.016, acc=100.0% | time=174.2ms | Valid: loss=1.543, acc= 64.0% |
Epoch   2 | Client   1 | Train: loss=0.010, acc= 99.8% | time=133.9ms | Valid: loss=1.373, acc= 64.0% |
Epoch   3 | Client   1 | Train: loss=0.027, acc= 99.2% | time=133.2ms | Valid: loss=1.471, acc= 56.0% |
Epoch   4 | Client   1 | Train: loss=0.006, acc=100.0% | time=135.4ms | Valid: loss=1.101, acc= 64.0% |
Epoch   5 | Client   1 | Train: loss=0.019, acc= 99.6% | time=103.3ms | Valid: loss=1.599, acc= 68.0% |
Skip Updating GPM for layer: 1
----------------------------------------
Epoch   1 | Client   2 | Train: loss=0.126, acc= 96.0% | time=163.6ms | Valid: loss=2.519, acc= 48.0% |
Epoch   2 | Client   2 | Train: loss=0.069, acc= 98.1% | time= 98.7ms | Valid: loss=2.186, acc= 56.0% |
Epoch   3 | Client   2 | Train: loss=0.025, acc= 99.6% | time=118.8ms | Valid: loss=2.127, acc= 56.0% |
Epoch   4 | Client   2 | Train: loss=0.042, acc= 98.7% | time= 88.7ms | Valid: loss=2.342, acc= 60.0% |
Epoch   5 | Client   2 | Train: loss=0.042, acc= 99.4% | time= 95.0ms | Valid: loss=2.495, acc= 56.0% |
----------------------------------------
Epoch   1 | Client   3 | Train: loss=0.045, acc= 99.2% | time=149.5ms | Valid: loss=1.108, acc= 76.0% |
Epoch   2 | Client   3 | Train: loss=0.024, acc= 99.6% | time=116.8ms | Valid: loss=1.335, acc= 76.0% |
Epoch   3 | Client   3 | Train: loss=0.054, acc= 98.7% | time=122.4ms | Valid: loss=1.050, acc= 72.0% |
Epoch   4 | Client   3 | Train: loss=0.009, acc=100.0% | time=128.2ms | Valid: loss=1.097, acc= 72.0% |
Epoch   5 | Client   3 | Train: loss=0.117, acc= 97.1% | time= 92.6ms | Valid: loss=1.088, acc= 68.0% |
Skip Updating GPM for layer: 1
----------------------------------------
Epoch   1 | Client   4 | Train: loss=0.187, acc= 94.3% | time=162.9ms | Valid: loss=1.758, acc= 56.0% |
Epoch   2 | Client   4 | Train: loss=0.054, acc= 98.7% | time=126.1ms | Valid: loss=1.495, acc= 48.0% |
Epoch   3 | Client   4 | Train: loss=0.058, acc= 98.7% | time=124.1ms | Valid: loss=1.590, acc= 52.0% |
Epoch   4 | Client   4 | Train: loss=0.082, acc= 97.9% | time=122.7ms | Valid: loss=1.964, acc= 56.0% |
Epoch   5 | Client   4 | Train: loss=0.039, acc= 99.6% | time=122.8ms | Valid: loss=1.887, acc= 60.0% |
----------------------------------------
Epoch   1 | Client   5 | Train: loss=0.031, acc= 99.4% | time=151.0ms | Valid: loss=1.241, acc= 68.0% |
Epoch   2 | Client   5 | Train: loss=0.061, acc= 98.1% | time= 95.1ms | Valid: loss=1.430, acc= 68.0% |
Epoch   3 | Client   5 | Train: loss=0.022, acc= 99.6% | time=101.9ms | Valid: loss=1.408, acc= 68.0% |
Epoch   4 | Client   5 | Train: loss=0.007, acc=100.0% | time= 83.0ms | Valid: loss=1.009, acc= 80.0% |
Epoch   5 | Client   5 | Train: loss=0.013, acc= 99.6% | time= 80.0ms | Valid: loss=0.905, acc= 76.0% |
Skip Updating GPM for layer: 1
----------------------------------------
Epoch   1 | Client   6 | Train: loss=0.073, acc= 97.9% | time=171.6ms | Valid: loss=1.390, acc= 64.0% |
Epoch   2 | Client   6 | Train: loss=0.083, acc= 97.3% | time=122.7ms | Valid: loss=2.063, acc= 64.0% |
Epoch   3 | Client   6 | Train: loss=0.015, acc= 99.8% | time=115.9ms | Valid: loss=1.923, acc= 52.0% |
Epoch   4 | Client   6 | Train: loss=0.010, acc=100.0% | time=119.8ms | Valid: loss=1.867, acc= 56.0% |
Epoch   5 | Client   6 | Train: loss=0.006, acc=100.0% | time=125.7ms | Valid: loss=1.629, acc= 60.0% |
Skip Updating GPM for layer: 1
----------------------------------------
Epoch   1 | Client   7 | Train: loss=0.196, acc= 93.3% | time=165.7ms | Valid: loss=2.306, acc= 40.0% |
Epoch   2 | Client   7 | Train: loss=0.050, acc= 98.5% | time= 89.2ms | Valid: loss=2.422, acc= 48.0% |
Epoch   3 | Client   7 | Train: loss=0.069, acc= 97.5% | time= 88.0ms | Valid: loss=2.601, acc= 36.0% |
Epoch   4 | Client   7 | Train: loss=0.019, acc= 99.8% | time= 79.6ms | Valid: loss=2.416, acc= 44.0% |
Epoch   5 | Client   7 | Train: loss=0.034, acc= 99.4% | time= 77.4ms | Valid: loss=2.378, acc= 56.0% |
----------------------------------------
Epoch   1 | Client   8 | Train: loss=0.068, acc= 98.3% | time=152.9ms | Valid: loss=1.379, acc= 60.0% |
Epoch   2 | Client   8 | Train: loss=0.021, acc= 99.4% | time= 92.8ms | Valid: loss=0.915, acc= 84.0% |
Epoch   3 | Client   8 | Train: loss=0.011, acc= 99.8% | time= 91.9ms | Valid: loss=0.983, acc= 80.0% |
Epoch   4 | Client   8 | Train: loss=0.013, acc= 99.6% | time= 83.6ms | Valid: loss=0.955, acc= 72.0% |
Epoch   5 | Client   8 | Train: loss=0.023, acc= 99.6% | time= 83.3ms | Valid: loss=0.980, acc= 76.0% |
Skip Updating GPM for layer: 1
----------------------------------------
Epoch   1 | Client   9 | Train: loss=0.020, acc= 99.6% | time=148.5ms | Valid: loss=1.572, acc= 60.0% |
Epoch   2 | Client   9 | Train: loss=0.016, acc= 99.8% | time= 90.6ms | Valid: loss=1.525, acc= 64.0% |
Epoch   3 | Client   9 | Train: loss=0.041, acc= 98.9% | time= 91.0ms | Valid: loss=1.523, acc= 68.0% |
Epoch   4 | Client   9 | Train: loss=0.015, acc= 99.6% | time= 79.2ms | Valid: loss=1.386, acc= 68.0% |
Epoch   5 | Client   9 | Train: loss=0.011, acc= 99.8% | time= 78.8ms | Valid: loss=1.408, acc= 68.0% |
Skip Updating GPM for layer: 1
----------------------------------------
G-Epoch:  10, Test: loss=1.375 , acc= 67.9%
****************************************
Task:   0, G-Epoch:  10, Test: loss=2.864 , acc= 47.8%
Task:   1, G-Epoch:  10, Test: loss=2.552 , acc= 49.4%
Task:   2, G-Epoch:  10, Test: loss=1.399 , acc= 67.2%
Task:   3, G-Epoch:  10, Test: loss=2.305 , acc= 11.4%
Task:   4, G-Epoch:  10, Test: loss=2.328 , acc=  8.8%
Task:   5, G-Epoch:  10, Test: loss=2.299 , acc=  9.8%
Task:   6, G-Epoch:  10, Test: loss=2.312 , acc=  8.7%
Task:   7, G-Epoch:  10, Test: loss=2.300 , acc= 14.5%
Task:   8, G-Epoch:  10, Test: loss=2.314 , acc=  8.8%
Task:   9, G-Epoch:  10, Test: loss=2.309 , acc=  9.6%
{0: [39.3, 45.7, 48.7, 48.8, 51.1, 52.3, 53.9, 51.6, 55.6, 54.8, 53.3, 54.9, 58.1, 57.8, 55.8, 58.5, 58.6, 58.9, 57.4, 60.4, 61.3, 56.9, 60.1, 60.2, 60.8, 60.2, 60.8, 61.6, 61.5, 61.0, 62.5, 62.5, 64.4, 61.7, 62.6, 62.6, 63.1, 63.9, 65.4, 63.5, 65.0, 63.8, 64.1, 65.7, 66.4, 65.1, 63.0, 66.9, 65.3, 66.5, 68.2, 66.5, 65.4, 65.8, 64.3, 63.8, 64.5, 62.4, 61.7, 61.1, 60.5, 58.7, 57.8, 58.2, 58.3, 55.9, 54.1, 51.9, 52.1, 51.0, 53.7, 53.0, 52.1, 51.7, 52.5, 51.0, 50.5, 50.8, 50.9, 51.6, 47.8], 1: [10.2, 9.5, 11.1, 11.0, 9.3, 10.0, 10.6, 10.7, 11.2, 8.9, 9.1, 10.8, 10.8, 10.3, 9.9, 9.1, 11.7, 10.1, 10.2, 11.4, 8.8, 9.8, 10.9, 9.7, 9.2, 9.7, 10.1, 9.5, 9.9, 9.0, 9.4, 9.2, 9.6, 8.9, 9.1, 8.4, 8.4, 8.8, 10.2, 8.7, 8.9, 10.8, 8.1, 9.5, 9.5, 9.3, 10.3, 10.0, 9.3, 9.6, 49.7, 53.7, 57.3, 56.8, 58.2, 56.9, 59.3, 58.9, 59.6, 58.5, 59.5, 59.5, 60.8, 58.1, 58.5, 59.3, 59.4, 58.8, 60.4, 59.6, 56.2, 54.6, 52.9, 51.7, 52.2, 52.6, 50.7, 50.1, 51.0, 48.7, 49.4], 2: [10.3, 10.5, 9.7, 11.4, 11.1, 9.9, 8.6, 8.9, 9.1, 8.7, 9.4, 9.6, 7.7, 10.1, 10.4, 8.9, 9.1, 9.5, 10.8, 8.4, 8.5, 8.8, 9.1, 8.5, 9.7, 10.0, 9.4, 9.9, 9.9, 9.5, 8.9, 8.9, 9.1, 9.7, 9.7, 9.8, 9.4, 9.9, 9.1, 9.1, 9.2, 9.9, 9.7, 9.4, 8.0, 10.1, 10.6, 9.1, 9.6, 9.0, 9.4, 11.1, 11.1, 9.6, 9.4, 11.5, 10.8, 9.3, 10.8, 8.4, 9.6, 9.3, 9.7, 10.1, 10.9, 10.4, 9.9, 10.2, 9.5, 10.1, 56.7, 61.3, 62.3, 63.5, 63.5, 64.8, 64.3, 66.1, 66.1, 66.1, 67.2], 3: [10.3, 9.9, 8.6, 9.7, 9.2, 9.4, 9.3, 10.7, 11.6, 11.0, 11.6, 11.9, 11.3, 11.4, 12.4, 11.7, 11.1, 11.2, 11.9, 12.5, 13.1, 12.2, 13.1, 12.0, 12.6, 11.9, 12.0, 12.8, 13.5, 12.1, 12.1, 11.7, 11.8, 12.4, 12.6, 11.4, 12.7, 13.3, 13.2, 12.1, 12.3, 12.5, 13.4, 13.2, 13.5, 12.3, 11.5, 12.1, 12.0, 13.0, 10.4, 11.3, 11.9, 10.9, 10.6, 11.5, 10.8, 9.7, 12.1, 11.0, 11.6, 11.6, 11.3, 10.6, 10.6, 11.2, 10.5, 10.4, 10.5, 9.6, 8.5, 10.0, 10.2, 10.6, 10.2, 12.1, 11.2, 11.3, 10.1, 11.6, 11.4], 4: [11.0, 10.0, 10.7, 9.8, 10.8, 10.1, 10.0, 10.9, 10.2, 10.0, 10.2, 9.9, 9.6, 9.1, 8.8, 10.7, 9.8, 9.2, 9.6, 10.3, 8.5, 10.1, 9.6, 9.5, 9.6, 10.4, 10.6, 9.3, 8.9, 8.8, 9.3, 10.3, 10.1, 11.1, 9.8, 11.7, 9.9, 9.1, 10.5, 10.7, 10.0, 10.0, 9.9, 9.4, 9.2, 9.0, 10.6, 9.4, 10.1, 10.3, 12.5, 12.4, 12.1, 11.4, 11.1, 10.9, 10.9, 9.9, 10.6, 11.1, 11.0, 10.0, 10.2, 10.3, 11.0, 9.4, 10.2, 10.4, 9.5, 10.1, 9.2, 9.4, 9.2, 8.7, 9.8, 8.6, 8.3, 8.7, 8.9, 9.1, 8.8], 5: [9.1, 9.4, 10.6, 12.1, 10.5, 10.8, 11.3, 10.7, 10.6, 12.6, 12.5, 11.6, 11.5, 11.1, 10.8, 10.5, 11.1, 11.6, 10.7, 11.8, 10.6, 11.0, 10.2, 10.9, 9.6, 10.6, 9.6, 10.5, 9.3, 8.3, 9.5, 9.2, 9.6, 10.2, 9.2, 9.2, 10.1, 8.9, 9.3, 8.5, 8.8, 9.3, 9.1, 8.6, 9.9, 10.1, 9.0, 10.0, 8.2, 8.3, 8.9, 8.6, 8.5, 9.5, 9.6, 8.6, 9.0, 9.4, 9.4, 8.0, 8.3, 9.1, 9.0, 8.2, 8.7, 8.2, 8.2, 8.9, 8.9, 8.5, 9.6, 10.0, 8.8, 9.3, 9.3, 8.9, 9.5, 8.6, 10.5, 10.2, 9.8], 6: [10.1, 9.9, 12.1, 10.8, 10.4, 9.4, 9.2, 10.1, 11.1, 9.8, 10.4, 11.0, 10.9, 11.0, 13.0, 12.2, 10.5, 11.5, 10.0, 11.8, 9.6, 11.3, 10.6, 9.3, 9.4, 9.0, 10.5, 9.3, 10.4, 9.4, 9.4, 9.5, 10.3, 10.1, 8.4, 8.6, 10.3, 8.7, 9.1, 9.7, 8.6, 9.3, 9.1, 8.7, 8.4, 10.4, 8.9, 9.8, 10.6, 10.7, 9.3, 9.2, 7.6, 9.3, 8.3, 8.0, 8.5, 8.5, 8.1, 8.0, 7.5, 8.3, 8.6, 8.2, 9.4, 8.5, 8.9, 8.5, 8.0, 8.9, 8.5, 8.6, 8.0, 7.8, 7.3, 8.3, 7.3, 8.2, 8.9, 7.7, 8.7], 7: [9.2, 9.7, 10.3, 11.8, 11.8, 11.2, 12.2, 11.5, 10.8, 11.1, 12.2, 11.9, 11.9, 13.4, 12.9, 13.1, 14.1, 12.3, 12.7, 13.3, 11.4, 13.4, 12.8, 12.6, 12.6, 13.0, 13.0, 12.7, 13.0, 11.7, 11.9, 11.9, 12.3, 12.7, 13.8, 12.9, 13.4, 13.5, 12.5, 12.3, 12.5, 12.8, 11.2, 12.4, 13.8, 12.4, 10.7, 12.0, 11.9, 11.7, 14.4, 14.5, 12.1, 13.1, 13.4, 13.6, 12.6, 13.3, 13.3, 14.9, 13.1, 14.6, 15.2, 14.0, 13.9, 13.9, 14.3, 12.9, 13.0, 13.5, 15.0, 14.7, 15.4, 14.4, 14.2, 14.2, 14.5, 16.0, 15.5, 14.8, 14.5], 8: [7.8, 10.2, 9.5, 11.9, 11.6, 10.8, 9.4, 10.0, 9.6, 10.5, 9.9, 9.9, 10.2, 9.4, 9.8, 8.7, 9.4, 8.8, 9.6, 8.2, 8.0, 8.7, 9.1, 8.8, 8.9, 10.2, 8.3, 8.4, 7.6, 8.6, 8.3, 7.2, 8.5, 8.7, 7.7, 8.7, 8.3, 8.4, 8.6, 8.4, 8.8, 7.8, 8.8, 8.7, 8.0, 8.1, 7.1, 7.0, 6.9, 8.4, 6.1, 6.1, 5.5, 6.3, 6.4, 7.2, 7.2, 7.0, 7.3, 7.6, 7.0, 8.6, 7.6, 7.2, 7.2, 7.0, 7.3, 7.6, 7.2, 7.3, 7.3, 9.0, 9.0, 8.7, 10.5, 9.3, 8.6, 8.7, 8.4, 8.4, 8.8], 9: [10.4, 10.8, 9.5, 9.8, 8.9, 8.8, 8.5, 10.6, 9.6, 10.0, 6.8, 8.7, 10.7, 8.9, 9.7, 7.7, 9.0, 9.4, 10.0, 9.5, 9.7, 9.6, 9.4, 8.5, 7.3, 7.6, 9.7, 10.0, 8.1, 9.8, 11.0, 8.9, 10.3, 9.3, 10.3, 8.9, 9.3, 9.7, 10.8, 10.0, 9.6, 9.6, 10.1, 10.1, 9.2, 9.4, 11.1, 8.7, 10.7, 10.9, 9.8, 10.1, 10.9, 9.9, 10.9, 10.6, 9.7, 9.8, 9.9, 9.9, 9.6, 8.9, 9.8, 9.4, 10.4, 9.7, 10.2, 9.5, 9.9, 9.8, 8.4, 7.9, 8.4, 9.9, 8.1, 11.3, 9.7, 9.4, 9.3, 8.7, 9.6]}
----------------------------------------
Epoch   1 | Client   0 | Train: loss=0.031, acc= 99.6% | time=140.0ms | Valid: loss=1.128, acc= 64.0% |
Epoch   2 | Client   0 | Train: loss=0.066, acc= 97.7% | time= 97.8ms | Valid: loss=1.534, acc= 64.0% |
Epoch   3 | Client   0 | Train: loss=0.074, acc= 97.9% | time= 85.8ms | Valid: loss=1.400, acc= 60.0% |
Epoch   4 | Client   0 | Train: loss=0.072, acc= 97.5% | time= 82.3ms | Valid: loss=1.761, acc= 64.0% |
Epoch   5 | Client   0 | Train: loss=0.039, acc= 98.9% | time= 80.8ms | Valid: loss=1.728, acc= 52.0% |
----------------------------------------
Epoch   1 | Client   1 | Train: loss=0.021, acc= 99.8% | time=156.7ms | Valid: loss=1.535, acc= 64.0% |
Epoch   2 | Client   1 | Train: loss=0.011, acc= 99.8% | time= 91.3ms | Valid: loss=1.320, acc= 76.0% |
Epoch   3 | Client   1 | Train: loss=0.024, acc=100.0% | time= 87.6ms | Valid: loss=1.704, acc= 56.0% |
Epoch   4 | Client   1 | Train: loss=0.014, acc= 99.8% | time= 79.2ms | Valid: loss=1.152, acc= 76.0% |
Epoch   5 | Client   1 | Train: loss=0.018, acc= 99.6% | time= 78.7ms | Valid: loss=1.748, acc= 60.0% |
Skip Updating GPM for layer: 1
----------------------------------------
Epoch   1 | Client   2 | Train: loss=0.083, acc= 96.4% | time=165.1ms | Valid: loss=2.339, acc= 52.0% |
Epoch   2 | Client   2 | Train: loss=0.099, acc= 97.1% | time= 95.0ms | Valid: loss=2.488, acc= 52.0% |
Epoch   3 | Client   2 | Train: loss=0.057, acc= 99.4% | time= 89.6ms | Valid: loss=2.345, acc= 44.0% |
Epoch   4 | Client   2 | Train: loss=0.135, acc= 96.4% | time= 83.0ms | Valid: loss=2.361, acc= 48.0% |
Epoch   5 | Client   2 | Train: loss=0.023, acc= 99.8% | time= 79.9ms | Valid: loss=2.256, acc= 56.0% |
----------------------------------------
Epoch   1 | Client   3 | Train: loss=0.201, acc= 93.9% | time=155.0ms | Valid: loss=1.155, acc= 64.0% |
Epoch   2 | Client   3 | Train: loss=0.072, acc= 98.5% | time= 94.9ms | Valid: loss=1.162, acc= 76.0% |
Epoch   3 | Client   3 | Train: loss=0.063, acc= 98.7% | time=104.6ms | Valid: loss=1.292, acc= 72.0% |
Epoch   4 | Client   3 | Train: loss=0.031, acc= 99.6% | time= 86.7ms | Valid: loss=1.110, acc= 72.0% |
Epoch   5 | Client   3 | Train: loss=0.008, acc=100.0% | time= 85.8ms | Valid: loss=1.232, acc= 72.0% |
Skip Updating GPM for layer: 1
----------------------------------------
Epoch   1 | Client   4 | Train: loss=0.206, acc= 94.1% | time=171.0ms | Valid: loss=1.874, acc= 56.0% |
Epoch   2 | Client   4 | Train: loss=0.163, acc= 95.2% | time= 89.3ms | Valid: loss=1.730, acc= 52.0% |
Epoch   3 | Client   4 | Train: loss=0.065, acc= 98.1% | time= 81.1ms | Valid: loss=1.173, acc= 60.0% |
Epoch   4 | Client   4 | Train: loss=0.030, acc= 99.4% | time= 85.7ms | Valid: loss=1.354, acc= 52.0% |
Epoch   5 | Client   4 | Train: loss=0.098, acc= 96.8% | time= 91.3ms | Valid: loss=1.398, acc= 48.0% |
----------------------------------------
Epoch   1 | Client   5 | Train: loss=0.010, acc=100.0% | time=158.5ms | Valid: loss=0.883, acc= 76.0% |
Epoch   2 | Client   5 | Train: loss=0.077, acc= 97.5% | time= 92.4ms | Valid: loss=1.042, acc= 72.0% |
Epoch   3 | Client   5 | Train: loss=0.044, acc= 98.9% | time= 94.2ms | Valid: loss=0.719, acc= 84.0% |
Epoch   4 | Client   5 | Train: loss=0.014, acc= 99.8% | time= 87.5ms | Valid: loss=1.116, acc= 68.0% |
Epoch   5 | Client   5 | Train: loss=0.013, acc= 99.6% | time= 84.9ms | Valid: loss=0.915, acc= 76.0% |
Skip Updating GPM for layer: 1
----------------------------------------
Epoch   1 | Client   6 | Train: loss=0.019, acc= 99.2% | time=145.5ms | Valid: loss=1.681, acc= 60.0% |
Epoch   2 | Client   6 | Train: loss=0.007, acc=100.0% | time= 94.2ms | Valid: loss=1.630, acc= 60.0% |
Epoch   3 | Client   6 | Train: loss=0.011, acc= 99.8% | time= 88.4ms | Valid: loss=1.534, acc= 60.0% |
Epoch   4 | Client   6 | Train: loss=0.015, acc= 99.4% | time= 79.9ms | Valid: loss=1.748, acc= 64.0% |
Epoch   5 | Client   6 | Train: loss=0.018, acc= 99.6% | time= 95.7ms | Valid: loss=1.400, acc= 64.0% |
Skip Updating GPM for layer: 1
----------------------------------------
Epoch   1 | Client   7 | Train: loss=0.142, acc= 96.4% | time=138.3ms | Valid: loss=3.092, acc= 36.0% |
Epoch   2 | Client   7 | Train: loss=0.083, acc= 97.9% | time= 86.7ms | Valid: loss=2.143, acc= 48.0% |
Epoch   3 | Client   7 | Train: loss=0.061, acc= 98.5% | time= 78.5ms | Valid: loss=2.668, acc= 52.0% |
Epoch   4 | Client   7 | Train: loss=0.046, acc= 98.7% | time= 76.5ms | Valid: loss=2.524, acc= 44.0% |
Epoch   5 | Client   7 | Train: loss=0.077, acc= 97.7% | time= 76.0ms | Valid: loss=2.814, acc= 40.0% |
----------------------------------------
Epoch   1 | Client   8 | Train: loss=0.070, acc= 98.3% | time=159.0ms | Valid: loss=1.110, acc= 60.0% |
Epoch   2 | Client   8 | Train: loss=0.017, acc= 99.6% | time=117.2ms | Valid: loss=1.040, acc= 72.0% |
Epoch   3 | Client   8 | Train: loss=0.031, acc= 99.2% | time=120.4ms | Valid: loss=1.141, acc= 76.0% |
Epoch   4 | Client   8 | Train: loss=0.025, acc= 99.2% | time=107.4ms | Valid: loss=1.266, acc= 64.0% |
Epoch   5 | Client   8 | Train: loss=0.006, acc=100.0% | time=117.6ms | Valid: loss=0.896, acc= 76.0% |
Skip Updating GPM for layer: 1
----------------------------------------
Epoch   1 | Client   9 | Train: loss=0.044, acc= 98.5% | time=154.7ms | Valid: loss=1.617, acc= 68.0% |
Epoch   2 | Client   9 | Train: loss=0.017, acc= 99.6% | time= 94.6ms | Valid: loss=1.134, acc= 76.0% |
Epoch   3 | Client   9 | Train: loss=0.006, acc=100.0% | time= 89.4ms | Valid: loss=1.474, acc= 68.0% |
Epoch   4 | Client   9 | Train: loss=0.009, acc= 99.8% | time=102.0ms | Valid: loss=1.602, acc= 64.0% |
Epoch   5 | Client   9 | Train: loss=0.010, acc= 99.6% | time=116.4ms | Valid: loss=1.518, acc= 72.0% |
----------------------------------------
G-Epoch:  11, Test: loss=1.435 , acc= 66.3%
****************************************
Task:   0, G-Epoch:  11, Test: loss=2.862 , acc= 48.7%
Task:   1, G-Epoch:  11, Test: loss=2.607 , acc= 48.5%
Task:   2, G-Epoch:  11, Test: loss=1.428 , acc= 68.3%
Task:   3, G-Epoch:  11, Test: loss=2.304 , acc= 11.6%
Task:   4, G-Epoch:  11, Test: loss=2.324 , acc=  8.9%
Task:   5, G-Epoch:  11, Test: loss=2.302 , acc= 10.3%
Task:   6, G-Epoch:  11, Test: loss=2.315 , acc=  9.5%
Task:   7, G-Epoch:  11, Test: loss=2.295 , acc= 14.7%
Task:   8, G-Epoch:  11, Test: loss=2.311 , acc=  8.1%
Task:   9, G-Epoch:  11, Test: loss=2.308 , acc= 10.4%
{0: [39.3, 45.7, 48.7, 48.8, 51.1, 52.3, 53.9, 51.6, 55.6, 54.8, 53.3, 54.9, 58.1, 57.8, 55.8, 58.5, 58.6, 58.9, 57.4, 60.4, 61.3, 56.9, 60.1, 60.2, 60.8, 60.2, 60.8, 61.6, 61.5, 61.0, 62.5, 62.5, 64.4, 61.7, 62.6, 62.6, 63.1, 63.9, 65.4, 63.5, 65.0, 63.8, 64.1, 65.7, 66.4, 65.1, 63.0, 66.9, 65.3, 66.5, 68.2, 66.5, 65.4, 65.8, 64.3, 63.8, 64.5, 62.4, 61.7, 61.1, 60.5, 58.7, 57.8, 58.2, 58.3, 55.9, 54.1, 51.9, 52.1, 51.0, 53.7, 53.0, 52.1, 51.7, 52.5, 51.0, 50.5, 50.8, 50.9, 51.6, 47.8, 48.7], 1: [10.2, 9.5, 11.1, 11.0, 9.3, 10.0, 10.6, 10.7, 11.2, 8.9, 9.1, 10.8, 10.8, 10.3, 9.9, 9.1, 11.7, 10.1, 10.2, 11.4, 8.8, 9.8, 10.9, 9.7, 9.2, 9.7, 10.1, 9.5, 9.9, 9.0, 9.4, 9.2, 9.6, 8.9, 9.1, 8.4, 8.4, 8.8, 10.2, 8.7, 8.9, 10.8, 8.1, 9.5, 9.5, 9.3, 10.3, 10.0, 9.3, 9.6, 49.7, 53.7, 57.3, 56.8, 58.2, 56.9, 59.3, 58.9, 59.6, 58.5, 59.5, 59.5, 60.8, 58.1, 58.5, 59.3, 59.4, 58.8, 60.4, 59.6, 56.2, 54.6, 52.9, 51.7, 52.2, 52.6, 50.7, 50.1, 51.0, 48.7, 49.4, 48.5], 2: [10.3, 10.5, 9.7, 11.4, 11.1, 9.9, 8.6, 8.9, 9.1, 8.7, 9.4, 9.6, 7.7, 10.1, 10.4, 8.9, 9.1, 9.5, 10.8, 8.4, 8.5, 8.8, 9.1, 8.5, 9.7, 10.0, 9.4, 9.9, 9.9, 9.5, 8.9, 8.9, 9.1, 9.7, 9.7, 9.8, 9.4, 9.9, 9.1, 9.1, 9.2, 9.9, 9.7, 9.4, 8.0, 10.1, 10.6, 9.1, 9.6, 9.0, 9.4, 11.1, 11.1, 9.6, 9.4, 11.5, 10.8, 9.3, 10.8, 8.4, 9.6, 9.3, 9.7, 10.1, 10.9, 10.4, 9.9, 10.2, 9.5, 10.1, 56.7, 61.3, 62.3, 63.5, 63.5, 64.8, 64.3, 66.1, 66.1, 66.1, 67.2, 68.3], 3: [10.3, 9.9, 8.6, 9.7, 9.2, 9.4, 9.3, 10.7, 11.6, 11.0, 11.6, 11.9, 11.3, 11.4, 12.4, 11.7, 11.1, 11.2, 11.9, 12.5, 13.1, 12.2, 13.1, 12.0, 12.6, 11.9, 12.0, 12.8, 13.5, 12.1, 12.1, 11.7, 11.8, 12.4, 12.6, 11.4, 12.7, 13.3, 13.2, 12.1, 12.3, 12.5, 13.4, 13.2, 13.5, 12.3, 11.5, 12.1, 12.0, 13.0, 10.4, 11.3, 11.9, 10.9, 10.6, 11.5, 10.8, 9.7, 12.1, 11.0, 11.6, 11.6, 11.3, 10.6, 10.6, 11.2, 10.5, 10.4, 10.5, 9.6, 8.5, 10.0, 10.2, 10.6, 10.2, 12.1, 11.2, 11.3, 10.1, 11.6, 11.4, 11.6], 4: [11.0, 10.0, 10.7, 9.8, 10.8, 10.1, 10.0, 10.9, 10.2, 10.0, 10.2, 9.9, 9.6, 9.1, 8.8, 10.7, 9.8, 9.2, 9.6, 10.3, 8.5, 10.1, 9.6, 9.5, 9.6, 10.4, 10.6, 9.3, 8.9, 8.8, 9.3, 10.3, 10.1, 11.1, 9.8, 11.7, 9.9, 9.1, 10.5, 10.7, 10.0, 10.0, 9.9, 9.4, 9.2, 9.0, 10.6, 9.4, 10.1, 10.3, 12.5, 12.4, 12.1, 11.4, 11.1, 10.9, 10.9, 9.9, 10.6, 11.1, 11.0, 10.0, 10.2, 10.3, 11.0, 9.4, 10.2, 10.4, 9.5, 10.1, 9.2, 9.4, 9.2, 8.7, 9.8, 8.6, 8.3, 8.7, 8.9, 9.1, 8.8, 8.9], 5: [9.1, 9.4, 10.6, 12.1, 10.5, 10.8, 11.3, 10.7, 10.6, 12.6, 12.5, 11.6, 11.5, 11.1, 10.8, 10.5, 11.1, 11.6, 10.7, 11.8, 10.6, 11.0, 10.2, 10.9, 9.6, 10.6, 9.6, 10.5, 9.3, 8.3, 9.5, 9.2, 9.6, 10.2, 9.2, 9.2, 10.1, 8.9, 9.3, 8.5, 8.8, 9.3, 9.1, 8.6, 9.9, 10.1, 9.0, 10.0, 8.2, 8.3, 8.9, 8.6, 8.5, 9.5, 9.6, 8.6, 9.0, 9.4, 9.4, 8.0, 8.3, 9.1, 9.0, 8.2, 8.7, 8.2, 8.2, 8.9, 8.9, 8.5, 9.6, 10.0, 8.8, 9.3, 9.3, 8.9, 9.5, 8.6, 10.5, 10.2, 9.8, 10.3], 6: [10.1, 9.9, 12.1, 10.8, 10.4, 9.4, 9.2, 10.1, 11.1, 9.8, 10.4, 11.0, 10.9, 11.0, 13.0, 12.2, 10.5, 11.5, 10.0, 11.8, 9.6, 11.3, 10.6, 9.3, 9.4, 9.0, 10.5, 9.3, 10.4, 9.4, 9.4, 9.5, 10.3, 10.1, 8.4, 8.6, 10.3, 8.7, 9.1, 9.7, 8.6, 9.3, 9.1, 8.7, 8.4, 10.4, 8.9, 9.8, 10.6, 10.7, 9.3, 9.2, 7.6, 9.3, 8.3, 8.0, 8.5, 8.5, 8.1, 8.0, 7.5, 8.3, 8.6, 8.2, 9.4, 8.5, 8.9, 8.5, 8.0, 8.9, 8.5, 8.6, 8.0, 7.8, 7.3, 8.3, 7.3, 8.2, 8.9, 7.7, 8.7, 9.5], 7: [9.2, 9.7, 10.3, 11.8, 11.8, 11.2, 12.2, 11.5, 10.8, 11.1, 12.2, 11.9, 11.9, 13.4, 12.9, 13.1, 14.1, 12.3, 12.7, 13.3, 11.4, 13.4, 12.8, 12.6, 12.6, 13.0, 13.0, 12.7, 13.0, 11.7, 11.9, 11.9, 12.3, 12.7, 13.8, 12.9, 13.4, 13.5, 12.5, 12.3, 12.5, 12.8, 11.2, 12.4, 13.8, 12.4, 10.7, 12.0, 11.9, 11.7, 14.4, 14.5, 12.1, 13.1, 13.4, 13.6, 12.6, 13.3, 13.3, 14.9, 13.1, 14.6, 15.2, 14.0, 13.9, 13.9, 14.3, 12.9, 13.0, 13.5, 15.0, 14.7, 15.4, 14.4, 14.2, 14.2, 14.5, 16.0, 15.5, 14.8, 14.5, 14.7], 8: [7.8, 10.2, 9.5, 11.9, 11.6, 10.8, 9.4, 10.0, 9.6, 10.5, 9.9, 9.9, 10.2, 9.4, 9.8, 8.7, 9.4, 8.8, 9.6, 8.2, 8.0, 8.7, 9.1, 8.8, 8.9, 10.2, 8.3, 8.4, 7.6, 8.6, 8.3, 7.2, 8.5, 8.7, 7.7, 8.7, 8.3, 8.4, 8.6, 8.4, 8.8, 7.8, 8.8, 8.7, 8.0, 8.1, 7.1, 7.0, 6.9, 8.4, 6.1, 6.1, 5.5, 6.3, 6.4, 7.2, 7.2, 7.0, 7.3, 7.6, 7.0, 8.6, 7.6, 7.2, 7.2, 7.0, 7.3, 7.6, 7.2, 7.3, 7.3, 9.0, 9.0, 8.7, 10.5, 9.3, 8.6, 8.7, 8.4, 8.4, 8.8, 8.1], 9: [10.4, 10.8, 9.5, 9.8, 8.9, 8.8, 8.5, 10.6, 9.6, 10.0, 6.8, 8.7, 10.7, 8.9, 9.7, 7.7, 9.0, 9.4, 10.0, 9.5, 9.7, 9.6, 9.4, 8.5, 7.3, 7.6, 9.7, 10.0, 8.1, 9.8, 11.0, 8.9, 10.3, 9.3, 10.3, 8.9, 9.3, 9.7, 10.8, 10.0, 9.6, 9.6, 10.1, 10.1, 9.2, 9.4, 11.1, 8.7, 10.7, 10.9, 9.8, 10.1, 10.9, 9.9, 10.9, 10.6, 9.7, 9.8, 9.9, 9.9, 9.6, 8.9, 9.8, 9.4, 10.4, 9.7, 10.2, 9.5, 9.9, 9.8, 8.4, 7.9, 8.4, 9.9, 8.1, 11.3, 9.7, 9.4, 9.3, 8.7, 9.6, 10.4]}
----------------------------------------
Epoch   1 | Client   0 | Train: loss=0.039, acc= 99.2% | time=140.9ms | Valid: loss=1.936, acc= 60.0% |
Epoch   2 | Client   0 | Train: loss=0.050, acc= 98.3% | time= 90.8ms | Valid: loss=1.655, acc= 56.0% |
Epoch   3 | Client   0 | Train: loss=0.046, acc= 99.2% | time=112.7ms | Valid: loss=1.796, acc= 68.0% |
Epoch   4 | Client   0 | Train: loss=0.030, acc= 99.2% | time=116.5ms | Valid: loss=1.820, acc= 64.0% |
Epoch   5 | Client   0 | Train: loss=0.163, acc= 95.4% | time=119.0ms | Valid: loss=2.931, acc= 48.0% |
----------------------------------------
Epoch   1 | Client   1 | Train: loss=0.027, acc= 99.6% | time=147.1ms | Valid: loss=1.691, acc= 60.0% |
Epoch   2 | Client   1 | Train: loss=0.055, acc= 97.9% | time=131.2ms | Valid: loss=1.413, acc= 68.0% |
Epoch   3 | Client   1 | Train: loss=0.007, acc= 99.8% | time=103.0ms | Valid: loss=1.570, acc= 56.0% |
Epoch   4 | Client   1 | Train: loss=0.014, acc= 99.8% | time=111.4ms | Valid: loss=1.657, acc= 64.0% |
Epoch   5 | Client   1 | Train: loss=0.008, acc= 99.8% | time=128.1ms | Valid: loss=1.816, acc= 60.0% |
Skip Updating GPM for layer: 1
----------------------------------------
Epoch   1 | Client   2 | Train: loss=0.095, acc= 96.4% | time=150.8ms | Valid: loss=3.055, acc= 52.0% |
Epoch   2 | Client   2 | Train: loss=0.042, acc= 98.9% | time=102.4ms | Valid: loss=2.837, acc= 52.0% |
Epoch   3 | Client   2 | Train: loss=0.017, acc= 99.8% | time=114.5ms | Valid: loss=2.160, acc= 64.0% |
Epoch   4 | Client   2 | Train: loss=0.080, acc= 97.1% | time=114.8ms | Valid: loss=2.777, acc= 44.0% |
Epoch   5 | Client   2 | Train: loss=0.046, acc= 98.5% | time=117.1ms | Valid: loss=2.685, acc= 48.0% |
----------------------------------------
Epoch   1 | Client   3 | Train: loss=0.020, acc= 99.4% | time=154.2ms | Valid: loss=1.007, acc= 76.0% |
Epoch   2 | Client   3 | Train: loss=0.027, acc= 99.4% | time= 93.6ms | Valid: loss=1.082, acc= 76.0% |
Epoch   3 | Client   3 | Train: loss=0.008, acc= 99.8% | time= 90.3ms | Valid: loss=0.934, acc= 80.0% |
Epoch   4 | Client   3 | Train: loss=0.010, acc= 99.8% | time= 78.4ms | Valid: loss=0.959, acc= 76.0% |
Epoch   5 | Client   3 | Train: loss=0.005, acc= 99.8% | time= 80.2ms | Valid: loss=0.919, acc= 76.0% |
Skip Updating GPM for layer: 1
----------------------------------------
Epoch   1 | Client   4 | Train: loss=0.169, acc= 93.9% | time=153.5ms | Valid: loss=2.085, acc= 52.0% |
Epoch   2 | Client   4 | Train: loss=0.091, acc= 96.6% | time= 93.6ms | Valid: loss=1.789, acc= 56.0% |
Epoch   3 | Client   4 | Train: loss=0.074, acc= 98.3% | time= 88.0ms | Valid: loss=1.233, acc= 64.0% |
Epoch   4 | Client   4 | Train: loss=0.023, acc= 99.6% | time=107.1ms | Valid: loss=1.432, acc= 56.0% |
Epoch   5 | Client   4 | Train: loss=0.049, acc= 98.7% | time= 87.2ms | Valid: loss=1.693, acc= 44.0% |
----------------------------------------
Epoch   1 | Client   5 | Train: loss=0.046, acc= 98.3% | time=146.0ms | Valid: loss=1.204, acc= 64.0% |
Epoch   2 | Client   5 | Train: loss=0.007, acc=100.0% | time= 98.3ms | Valid: loss=0.923, acc= 80.0% |
Epoch   3 | Client   5 | Train: loss=0.019, acc= 99.6% | time=122.6ms | Valid: loss=1.034, acc= 76.0% |
Epoch   4 | Client   5 | Train: loss=0.009, acc=100.0% | time=117.7ms | Valid: loss=0.827, acc= 72.0% |
Epoch   5 | Client   5 | Train: loss=0.004, acc=100.0% | time=118.9ms | Valid: loss=0.694, acc= 80.0% |
Skip Updating GPM for layer: 1
----------------------------------------
Epoch   1 | Client   6 | Train: loss=0.008, acc=100.0% | time=152.2ms | Valid: loss=1.349, acc= 60.0% |
Epoch   2 | Client   6 | Train: loss=0.006, acc=100.0% | time= 88.4ms | Valid: loss=1.277, acc= 64.0% |
Epoch   3 | Client   6 | Train: loss=0.007, acc= 99.8% | time=112.9ms | Valid: loss=1.401, acc= 64.0% |
Epoch   4 | Client   6 | Train: loss=0.005, acc= 99.8% | time=123.5ms | Valid: loss=1.389, acc= 64.0% |
Epoch   5 | Client   6 | Train: loss=0.016, acc= 99.4% | time=127.1ms | Valid: loss=1.473, acc= 60.0% |
Skip Updating GPM for layer: 1
----------------------------------------
Epoch   1 | Client   7 | Train: loss=0.231, acc= 93.5% | time=161.4ms | Valid: loss=2.354, acc= 60.0% |
Epoch   2 | Client   7 | Train: loss=0.130, acc= 95.6% | time= 95.8ms | Valid: loss=2.340, acc= 44.0% |
Epoch   3 | Client   7 | Train: loss=0.079, acc= 97.5% | time= 85.2ms | Valid: loss=2.383, acc= 44.0% |
Epoch   4 | Client   7 | Train: loss=0.150, acc= 94.5% | time= 86.7ms | Valid: loss=2.949, acc= 44.0% |
Epoch   5 | Client   7 | Train: loss=0.040, acc= 98.9% | time= 89.0ms | Valid: loss=3.130, acc= 40.0% |
----------------------------------------
Epoch   1 | Client   8 | Train: loss=0.026, acc=100.0% | time=153.1ms | Valid: loss=0.880, acc= 76.0% |
Epoch   2 | Client   8 | Train: loss=0.033, acc= 98.9% | time= 92.8ms | Valid: loss=0.915, acc= 76.0% |
Epoch   3 | Client   8 | Train: loss=0.008, acc=100.0% | time= 81.0ms | Valid: loss=0.847, acc= 68.0% |
Epoch   4 | Client   8 | Train: loss=0.004, acc=100.0% | time= 80.5ms | Valid: loss=1.009, acc= 72.0% |
Epoch   5 | Client   8 | Train: loss=0.004, acc=100.0% | time= 79.5ms | Valid: loss=1.056, acc= 68.0% |
Skip Updating GPM for layer: 1
----------------------------------------
Epoch   1 | Client   9 | Train: loss=0.026, acc= 99.4% | time=155.7ms | Valid: loss=1.344, acc= 72.0% |
Epoch   2 | Client   9 | Train: loss=0.013, acc= 99.8% | time=101.2ms | Valid: loss=1.453, acc= 68.0% |
Epoch   3 | Client   9 | Train: loss=0.007, acc= 99.8% | time= 89.5ms | Valid: loss=1.454, acc= 68.0% |
Epoch   4 | Client   9 | Train: loss=0.007, acc= 99.8% | time=108.8ms | Valid: loss=1.585, acc= 68.0% |
Epoch   5 | Client   9 | Train: loss=0.014, acc= 99.8% | time=107.6ms | Valid: loss=1.471, acc= 68.0% |
Skip Updating GPM for layer: 1
----------------------------------------
G-Epoch:  12, Test: loss=1.458 , acc= 67.3%
****************************************
Task:   0, G-Epoch:  12, Test: loss=2.917 , acc= 48.5%
Task:   1, G-Epoch:  12, Test: loss=2.690 , acc= 47.1%
Task:   2, G-Epoch:  12, Test: loss=1.441 , acc= 66.5%
Task:   3, G-Epoch:  12, Test: loss=2.303 , acc=  9.8%
Task:   4, G-Epoch:  12, Test: loss=2.327 , acc=  7.0%
Task:   5, G-Epoch:  12, Test: loss=2.298 , acc=  9.1%
Task:   6, G-Epoch:  12, Test: loss=2.313 , acc=  9.5%
Task:   7, G-Epoch:  12, Test: loss=2.299 , acc= 15.6%
Task:   8, G-Epoch:  12, Test: loss=2.312 , acc=  8.4%
Task:   9, G-Epoch:  12, Test: loss=2.310 , acc= 10.4%
{0: [39.3, 45.7, 48.7, 48.8, 51.1, 52.3, 53.9, 51.6, 55.6, 54.8, 53.3, 54.9, 58.1, 57.8, 55.8, 58.5, 58.6, 58.9, 57.4, 60.4, 61.3, 56.9, 60.1, 60.2, 60.8, 60.2, 60.8, 61.6, 61.5, 61.0, 62.5, 62.5, 64.4, 61.7, 62.6, 62.6, 63.1, 63.9, 65.4, 63.5, 65.0, 63.8, 64.1, 65.7, 66.4, 65.1, 63.0, 66.9, 65.3, 66.5, 68.2, 66.5, 65.4, 65.8, 64.3, 63.8, 64.5, 62.4, 61.7, 61.1, 60.5, 58.7, 57.8, 58.2, 58.3, 55.9, 54.1, 51.9, 52.1, 51.0, 53.7, 53.0, 52.1, 51.7, 52.5, 51.0, 50.5, 50.8, 50.9, 51.6, 47.8, 48.7, 48.5], 1: [10.2, 9.5, 11.1, 11.0, 9.3, 10.0, 10.6, 10.7, 11.2, 8.9, 9.1, 10.8, 10.8, 10.3, 9.9, 9.1, 11.7, 10.1, 10.2, 11.4, 8.8, 9.8, 10.9, 9.7, 9.2, 9.7, 10.1, 9.5, 9.9, 9.0, 9.4, 9.2, 9.6, 8.9, 9.1, 8.4, 8.4, 8.8, 10.2, 8.7, 8.9, 10.8, 8.1, 9.5, 9.5, 9.3, 10.3, 10.0, 9.3, 9.6, 49.7, 53.7, 57.3, 56.8, 58.2, 56.9, 59.3, 58.9, 59.6, 58.5, 59.5, 59.5, 60.8, 58.1, 58.5, 59.3, 59.4, 58.8, 60.4, 59.6, 56.2, 54.6, 52.9, 51.7, 52.2, 52.6, 50.7, 50.1, 51.0, 48.7, 49.4, 48.5, 47.1], 2: [10.3, 10.5, 9.7, 11.4, 11.1, 9.9, 8.6, 8.9, 9.1, 8.7, 9.4, 9.6, 7.7, 10.1, 10.4, 8.9, 9.1, 9.5, 10.8, 8.4, 8.5, 8.8, 9.1, 8.5, 9.7, 10.0, 9.4, 9.9, 9.9, 9.5, 8.9, 8.9, 9.1, 9.7, 9.7, 9.8, 9.4, 9.9, 9.1, 9.1, 9.2, 9.9, 9.7, 9.4, 8.0, 10.1, 10.6, 9.1, 9.6, 9.0, 9.4, 11.1, 11.1, 9.6, 9.4, 11.5, 10.8, 9.3, 10.8, 8.4, 9.6, 9.3, 9.7, 10.1, 10.9, 10.4, 9.9, 10.2, 9.5, 10.1, 56.7, 61.3, 62.3, 63.5, 63.5, 64.8, 64.3, 66.1, 66.1, 66.1, 67.2, 68.3, 66.5], 3: [10.3, 9.9, 8.6, 9.7, 9.2, 9.4, 9.3, 10.7, 11.6, 11.0, 11.6, 11.9, 11.3, 11.4, 12.4, 11.7, 11.1, 11.2, 11.9, 12.5, 13.1, 12.2, 13.1, 12.0, 12.6, 11.9, 12.0, 12.8, 13.5, 12.1, 12.1, 11.7, 11.8, 12.4, 12.6, 11.4, 12.7, 13.3, 13.2, 12.1, 12.3, 12.5, 13.4, 13.2, 13.5, 12.3, 11.5, 12.1, 12.0, 13.0, 10.4, 11.3, 11.9, 10.9, 10.6, 11.5, 10.8, 9.7, 12.1, 11.0, 11.6, 11.6, 11.3, 10.6, 10.6, 11.2, 10.5, 10.4, 10.5, 9.6, 8.5, 10.0, 10.2, 10.6, 10.2, 12.1, 11.2, 11.3, 10.1, 11.6, 11.4, 11.6, 9.8], 4: [11.0, 10.0, 10.7, 9.8, 10.8, 10.1, 10.0, 10.9, 10.2, 10.0, 10.2, 9.9, 9.6, 9.1, 8.8, 10.7, 9.8, 9.2, 9.6, 10.3, 8.5, 10.1, 9.6, 9.5, 9.6, 10.4, 10.6, 9.3, 8.9, 8.8, 9.3, 10.3, 10.1, 11.1, 9.8, 11.7, 9.9, 9.1, 10.5, 10.7, 10.0, 10.0, 9.9, 9.4, 9.2, 9.0, 10.6, 9.4, 10.1, 10.3, 12.5, 12.4, 12.1, 11.4, 11.1, 10.9, 10.9, 9.9, 10.6, 11.1, 11.0, 10.0, 10.2, 10.3, 11.0, 9.4, 10.2, 10.4, 9.5, 10.1, 9.2, 9.4, 9.2, 8.7, 9.8, 8.6, 8.3, 8.7, 8.9, 9.1, 8.8, 8.9, 7.0], 5: [9.1, 9.4, 10.6, 12.1, 10.5, 10.8, 11.3, 10.7, 10.6, 12.6, 12.5, 11.6, 11.5, 11.1, 10.8, 10.5, 11.1, 11.6, 10.7, 11.8, 10.6, 11.0, 10.2, 10.9, 9.6, 10.6, 9.6, 10.5, 9.3, 8.3, 9.5, 9.2, 9.6, 10.2, 9.2, 9.2, 10.1, 8.9, 9.3, 8.5, 8.8, 9.3, 9.1, 8.6, 9.9, 10.1, 9.0, 10.0, 8.2, 8.3, 8.9, 8.6, 8.5, 9.5, 9.6, 8.6, 9.0, 9.4, 9.4, 8.0, 8.3, 9.1, 9.0, 8.2, 8.7, 8.2, 8.2, 8.9, 8.9, 8.5, 9.6, 10.0, 8.8, 9.3, 9.3, 8.9, 9.5, 8.6, 10.5, 10.2, 9.8, 10.3, 9.1], 6: [10.1, 9.9, 12.1, 10.8, 10.4, 9.4, 9.2, 10.1, 11.1, 9.8, 10.4, 11.0, 10.9, 11.0, 13.0, 12.2, 10.5, 11.5, 10.0, 11.8, 9.6, 11.3, 10.6, 9.3, 9.4, 9.0, 10.5, 9.3, 10.4, 9.4, 9.4, 9.5, 10.3, 10.1, 8.4, 8.6, 10.3, 8.7, 9.1, 9.7, 8.6, 9.3, 9.1, 8.7, 8.4, 10.4, 8.9, 9.8, 10.6, 10.7, 9.3, 9.2, 7.6, 9.3, 8.3, 8.0, 8.5, 8.5, 8.1, 8.0, 7.5, 8.3, 8.6, 8.2, 9.4, 8.5, 8.9, 8.5, 8.0, 8.9, 8.5, 8.6, 8.0, 7.8, 7.3, 8.3, 7.3, 8.2, 8.9, 7.7, 8.7, 9.5, 9.5], 7: [9.2, 9.7, 10.3, 11.8, 11.8, 11.2, 12.2, 11.5, 10.8, 11.1, 12.2, 11.9, 11.9, 13.4, 12.9, 13.1, 14.1, 12.3, 12.7, 13.3, 11.4, 13.4, 12.8, 12.6, 12.6, 13.0, 13.0, 12.7, 13.0, 11.7, 11.9, 11.9, 12.3, 12.7, 13.8, 12.9, 13.4, 13.5, 12.5, 12.3, 12.5, 12.8, 11.2, 12.4, 13.8, 12.4, 10.7, 12.0, 11.9, 11.7, 14.4, 14.5, 12.1, 13.1, 13.4, 13.6, 12.6, 13.3, 13.3, 14.9, 13.1, 14.6, 15.2, 14.0, 13.9, 13.9, 14.3, 12.9, 13.0, 13.5, 15.0, 14.7, 15.4, 14.4, 14.2, 14.2, 14.5, 16.0, 15.5, 14.8, 14.5, 14.7, 15.6], 8: [7.8, 10.2, 9.5, 11.9, 11.6, 10.8, 9.4, 10.0, 9.6, 10.5, 9.9, 9.9, 10.2, 9.4, 9.8, 8.7, 9.4, 8.8, 9.6, 8.2, 8.0, 8.7, 9.1, 8.8, 8.9, 10.2, 8.3, 8.4, 7.6, 8.6, 8.3, 7.2, 8.5, 8.7, 7.7, 8.7, 8.3, 8.4, 8.6, 8.4, 8.8, 7.8, 8.8, 8.7, 8.0, 8.1, 7.1, 7.0, 6.9, 8.4, 6.1, 6.1, 5.5, 6.3, 6.4, 7.2, 7.2, 7.0, 7.3, 7.6, 7.0, 8.6, 7.6, 7.2, 7.2, 7.0, 7.3, 7.6, 7.2, 7.3, 7.3, 9.0, 9.0, 8.7, 10.5, 9.3, 8.6, 8.7, 8.4, 8.4, 8.8, 8.1, 8.4], 9: [10.4, 10.8, 9.5, 9.8, 8.9, 8.8, 8.5, 10.6, 9.6, 10.0, 6.8, 8.7, 10.7, 8.9, 9.7, 7.7, 9.0, 9.4, 10.0, 9.5, 9.7, 9.6, 9.4, 8.5, 7.3, 7.6, 9.7, 10.0, 8.1, 9.8, 11.0, 8.9, 10.3, 9.3, 10.3, 8.9, 9.3, 9.7, 10.8, 10.0, 9.6, 9.6, 10.1, 10.1, 9.2, 9.4, 11.1, 8.7, 10.7, 10.9, 9.8, 10.1, 10.9, 9.9, 10.9, 10.6, 9.7, 9.8, 9.9, 9.9, 9.6, 8.9, 9.8, 9.4, 10.4, 9.7, 10.2, 9.5, 9.9, 9.8, 8.4, 7.9, 8.4, 9.9, 8.1, 11.3, 9.7, 9.4, 9.3, 8.7, 9.6, 10.4, 10.4]}
----------------------------------------
Epoch   1 | Client   0 | Train: loss=0.088, acc= 98.1% | time=154.0ms | Valid: loss=1.499, acc= 60.0% |
Epoch   2 | Client   0 | Train: loss=0.034, acc= 99.2% | time= 88.7ms | Valid: loss=1.313, acc= 68.0% |
Epoch   3 | Client   0 | Train: loss=0.016, acc= 99.8% | time= 88.8ms | Valid: loss=1.582, acc= 64.0% |
Epoch   4 | Client   0 | Train: loss=0.013, acc= 99.8% | time= 83.6ms | Valid: loss=1.506, acc= 64.0% |
Epoch   5 | Client   0 | Train: loss=0.055, acc= 98.3% | time= 82.7ms | Valid: loss=2.200, acc= 52.0% |
----------------------------------------
Epoch   1 | Client   1 | Train: loss=0.036, acc= 98.7% | time=172.0ms | Valid: loss=1.613, acc= 56.0% |
Epoch   2 | Client   1 | Train: loss=0.008, acc= 99.8% | time= 94.9ms | Valid: loss=1.666, acc= 56.0% |
Epoch   3 | Client   1 | Train: loss=0.014, acc= 99.8% | time= 91.7ms | Valid: loss=1.333, acc= 72.0% |
Epoch   4 | Client   1 | Train: loss=0.004, acc=100.0% | time= 83.2ms | Valid: loss=1.490, acc= 68.0% |
Epoch   5 | Client   1 | Train: loss=0.003, acc=100.0% | time= 82.2ms | Valid: loss=1.444, acc= 60.0% |
Skip Updating GPM for layer: 1
----------------------------------------
Epoch   1 | Client   2 | Train: loss=0.024, acc= 99.6% | time=153.7ms | Valid: loss=2.435, acc= 52.0% |
Epoch   2 | Client   2 | Train: loss=0.044, acc= 98.7% | time= 95.7ms | Valid: loss=2.232, acc= 56.0% |
Epoch   3 | Client   2 | Train: loss=0.174, acc= 93.9% | time= 91.2ms | Valid: loss=3.023, acc= 44.0% |
Epoch   4 | Client   2 | Train: loss=0.025, acc= 99.6% | time= 80.6ms | Valid: loss=2.543, acc= 52.0% |
Epoch   5 | Client   2 | Train: loss=0.021, acc= 98.9% | time= 80.4ms | Valid: loss=2.388, acc= 44.0% |
----------------------------------------
Epoch   1 | Client   3 | Train: loss=0.175, acc= 94.5% | time=125.5ms | Valid: loss=1.290, acc= 76.0% |
Epoch   2 | Client   3 | Train: loss=0.028, acc= 99.2% | time=108.7ms | Valid: loss=1.028, acc= 76.0% |
Epoch   3 | Client   3 | Train: loss=0.040, acc= 98.3% | time=114.8ms | Valid: loss=1.282, acc= 68.0% |
Epoch   4 | Client   3 | Train: loss=0.011, acc= 99.8% | time=113.7ms | Valid: loss=1.035, acc= 76.0% |
Epoch   5 | Client   3 | Train: loss=0.012, acc= 99.6% | time=113.5ms | Valid: loss=0.959, acc= 80.0% |
Skip Updating GPM for layer: 1
----------------------------------------
Epoch   1 | Client   4 | Train: loss=0.071, acc= 97.5% | time=135.8ms | Valid: loss=1.642, acc= 52.0% |
Epoch   2 | Client   4 | Train: loss=0.086, acc= 98.1% | time= 86.4ms | Valid: loss=1.939, acc= 52.0% |
Epoch   3 | Client   4 | Train: loss=0.137, acc= 96.0% | time= 80.7ms | Valid: loss=1.694, acc= 52.0% |
Epoch   4 | Client   4 | Train: loss=0.021, acc= 99.6% | time= 75.9ms | Valid: loss=1.517, acc= 52.0% |
Epoch   5 | Client   4 | Train: loss=0.031, acc= 98.9% | time= 75.3ms | Valid: loss=1.918, acc= 56.0% |
----------------------------------------
Epoch   1 | Client   5 | Train: loss=0.064, acc= 97.3% | time=149.4ms | Valid: loss=0.842, acc= 76.0% |
Epoch   2 | Client   5 | Train: loss=0.080, acc= 98.1% | time= 87.2ms | Valid: loss=1.370, acc= 72.0% |
Epoch   3 | Client   5 | Train: loss=0.014, acc= 99.8% | time= 79.5ms | Valid: loss=0.903, acc= 76.0% |
Epoch   4 | Client   5 | Train: loss=0.007, acc=100.0% | time= 79.5ms | Valid: loss=1.091, acc= 76.0% |
Epoch   5 | Client   5 | Train: loss=0.008, acc= 99.8% | time= 79.2ms | Valid: loss=1.293, acc= 68.0% |
Skip Updating GPM for layer: 1
----------------------------------------
Epoch   1 | Client   6 | Train: loss=0.011, acc=100.0% | time=158.1ms | Valid: loss=1.383, acc= 72.0% |
Epoch   2 | Client   6 | Train: loss=0.009, acc=100.0% | time= 95.8ms | Valid: loss=1.448, acc= 64.0% |
Epoch   3 | Client   6 | Train: loss=0.037, acc= 98.7% | time= 95.2ms | Valid: loss=1.510, acc= 64.0% |
Epoch   4 | Client   6 | Train: loss=0.004, acc=100.0% | time= 81.4ms | Valid: loss=1.490, acc= 60.0% |
Epoch   5 | Client   6 | Train: loss=0.004, acc=100.0% | time= 82.4ms | Valid: loss=1.556, acc= 60.0% |
Skip Updating GPM for layer: 1
----------------------------------------
Epoch   1 | Client   7 | Train: loss=0.013, acc= 99.8% | time=119.4ms | Valid: loss=2.584, acc= 48.0% |
Epoch   2 | Client   7 | Train: loss=0.012, acc= 99.8% | time= 93.1ms | Valid: loss=2.653, acc= 52.0% |
Epoch   3 | Client   7 | Train: loss=0.075, acc= 96.8% | time=116.8ms | Valid: loss=2.955, acc= 44.0% |
Epoch   4 | Client   7 | Train: loss=0.042, acc= 98.3% | time=113.3ms | Valid: loss=3.041, acc= 44.0% |
Epoch   5 | Client   7 | Train: loss=0.025, acc= 99.4% | time=115.9ms | Valid: loss=2.751, acc= 56.0% |
----------------------------------------
Epoch   1 | Client   8 | Train: loss=0.022, acc= 99.6% | time=158.2ms | Valid: loss=1.336, acc= 72.0% |
Epoch   2 | Client   8 | Train: loss=0.037, acc= 98.5% | time= 89.4ms | Valid: loss=1.502, acc= 56.0% |
Epoch   3 | Client   8 | Train: loss=0.029, acc= 98.9% | time= 88.4ms | Valid: loss=0.990, acc= 68.0% |
Epoch   4 | Client   8 | Train: loss=0.015, acc= 99.8% | time= 79.3ms | Valid: loss=1.048, acc= 64.0% |
Epoch   5 | Client   8 | Train: loss=0.011, acc=100.0% | time= 78.7ms | Valid: loss=1.430, acc= 68.0% |
Skip Updating GPM for layer: 1
----------------------------------------
Epoch   1 | Client   9 | Train: loss=0.024, acc= 99.2% | time=150.6ms | Valid: loss=1.441, acc= 72.0% |
Epoch   2 | Client   9 | Train: loss=0.042, acc= 98.9% | time= 98.1ms | Valid: loss=1.693, acc= 72.0% |
Epoch   3 | Client   9 | Train: loss=0.037, acc= 98.7% | time=116.9ms | Valid: loss=2.209, acc= 56.0% |
Epoch   4 | Client   9 | Train: loss=0.010, acc= 99.8% | time=115.4ms | Valid: loss=1.864, acc= 64.0% |
Epoch   5 | Client   9 | Train: loss=0.014, acc= 99.4% | time=116.1ms | Valid: loss=1.716, acc= 68.0% |
Skip Updating GPM for layer: 1
----------------------------------------
G-Epoch:  13, Test: loss=1.497 , acc= 66.5%
****************************************
Task:   0, G-Epoch:  13, Test: loss=2.889 , acc= 49.4%
Task:   1, G-Epoch:  13, Test: loss=2.653 , acc= 48.0%
Task:   2, G-Epoch:  13, Test: loss=1.476 , acc= 66.6%
Task:   3, G-Epoch:  13, Test: loss=2.305 , acc= 10.6%
Task:   4, G-Epoch:  13, Test: loss=2.328 , acc=  8.7%
Task:   5, G-Epoch:  13, Test: loss=2.299 , acc=  9.8%
Task:   6, G-Epoch:  13, Test: loss=2.317 , acc=  8.5%
Task:   7, G-Epoch:  13, Test: loss=2.301 , acc= 16.4%
Task:   8, G-Epoch:  13, Test: loss=2.312 , acc=  8.0%
Task:   9, G-Epoch:  13, Test: loss=2.306 , acc= 10.1%
{0: [39.3, 45.7, 48.7, 48.8, 51.1, 52.3, 53.9, 51.6, 55.6, 54.8, 53.3, 54.9, 58.1, 57.8, 55.8, 58.5, 58.6, 58.9, 57.4, 60.4, 61.3, 56.9, 60.1, 60.2, 60.8, 60.2, 60.8, 61.6, 61.5, 61.0, 62.5, 62.5, 64.4, 61.7, 62.6, 62.6, 63.1, 63.9, 65.4, 63.5, 65.0, 63.8, 64.1, 65.7, 66.4, 65.1, 63.0, 66.9, 65.3, 66.5, 68.2, 66.5, 65.4, 65.8, 64.3, 63.8, 64.5, 62.4, 61.7, 61.1, 60.5, 58.7, 57.8, 58.2, 58.3, 55.9, 54.1, 51.9, 52.1, 51.0, 53.7, 53.0, 52.1, 51.7, 52.5, 51.0, 50.5, 50.8, 50.9, 51.6, 47.8, 48.7, 48.5, 49.4], 1: [10.2, 9.5, 11.1, 11.0, 9.3, 10.0, 10.6, 10.7, 11.2, 8.9, 9.1, 10.8, 10.8, 10.3, 9.9, 9.1, 11.7, 10.1, 10.2, 11.4, 8.8, 9.8, 10.9, 9.7, 9.2, 9.7, 10.1, 9.5, 9.9, 9.0, 9.4, 9.2, 9.6, 8.9, 9.1, 8.4, 8.4, 8.8, 10.2, 8.7, 8.9, 10.8, 8.1, 9.5, 9.5, 9.3, 10.3, 10.0, 9.3, 9.6, 49.7, 53.7, 57.3, 56.8, 58.2, 56.9, 59.3, 58.9, 59.6, 58.5, 59.5, 59.5, 60.8, 58.1, 58.5, 59.3, 59.4, 58.8, 60.4, 59.6, 56.2, 54.6, 52.9, 51.7, 52.2, 52.6, 50.7, 50.1, 51.0, 48.7, 49.4, 48.5, 47.1, 48.0], 2: [10.3, 10.5, 9.7, 11.4, 11.1, 9.9, 8.6, 8.9, 9.1, 8.7, 9.4, 9.6, 7.7, 10.1, 10.4, 8.9, 9.1, 9.5, 10.8, 8.4, 8.5, 8.8, 9.1, 8.5, 9.7, 10.0, 9.4, 9.9, 9.9, 9.5, 8.9, 8.9, 9.1, 9.7, 9.7, 9.8, 9.4, 9.9, 9.1, 9.1, 9.2, 9.9, 9.7, 9.4, 8.0, 10.1, 10.6, 9.1, 9.6, 9.0, 9.4, 11.1, 11.1, 9.6, 9.4, 11.5, 10.8, 9.3, 10.8, 8.4, 9.6, 9.3, 9.7, 10.1, 10.9, 10.4, 9.9, 10.2, 9.5, 10.1, 56.7, 61.3, 62.3, 63.5, 63.5, 64.8, 64.3, 66.1, 66.1, 66.1, 67.2, 68.3, 66.5, 66.6], 3: [10.3, 9.9, 8.6, 9.7, 9.2, 9.4, 9.3, 10.7, 11.6, 11.0, 11.6, 11.9, 11.3, 11.4, 12.4, 11.7, 11.1, 11.2, 11.9, 12.5, 13.1, 12.2, 13.1, 12.0, 12.6, 11.9, 12.0, 12.8, 13.5, 12.1, 12.1, 11.7, 11.8, 12.4, 12.6, 11.4, 12.7, 13.3, 13.2, 12.1, 12.3, 12.5, 13.4, 13.2, 13.5, 12.3, 11.5, 12.1, 12.0, 13.0, 10.4, 11.3, 11.9, 10.9, 10.6, 11.5, 10.8, 9.7, 12.1, 11.0, 11.6, 11.6, 11.3, 10.6, 10.6, 11.2, 10.5, 10.4, 10.5, 9.6, 8.5, 10.0, 10.2, 10.6, 10.2, 12.1, 11.2, 11.3, 10.1, 11.6, 11.4, 11.6, 9.8, 10.6], 4: [11.0, 10.0, 10.7, 9.8, 10.8, 10.1, 10.0, 10.9, 10.2, 10.0, 10.2, 9.9, 9.6, 9.1, 8.8, 10.7, 9.8, 9.2, 9.6, 10.3, 8.5, 10.1, 9.6, 9.5, 9.6, 10.4, 10.6, 9.3, 8.9, 8.8, 9.3, 10.3, 10.1, 11.1, 9.8, 11.7, 9.9, 9.1, 10.5, 10.7, 10.0, 10.0, 9.9, 9.4, 9.2, 9.0, 10.6, 9.4, 10.1, 10.3, 12.5, 12.4, 12.1, 11.4, 11.1, 10.9, 10.9, 9.9, 10.6, 11.1, 11.0, 10.0, 10.2, 10.3, 11.0, 9.4, 10.2, 10.4, 9.5, 10.1, 9.2, 9.4, 9.2, 8.7, 9.8, 8.6, 8.3, 8.7, 8.9, 9.1, 8.8, 8.9, 7.0, 8.7], 5: [9.1, 9.4, 10.6, 12.1, 10.5, 10.8, 11.3, 10.7, 10.6, 12.6, 12.5, 11.6, 11.5, 11.1, 10.8, 10.5, 11.1, 11.6, 10.7, 11.8, 10.6, 11.0, 10.2, 10.9, 9.6, 10.6, 9.6, 10.5, 9.3, 8.3, 9.5, 9.2, 9.6, 10.2, 9.2, 9.2, 10.1, 8.9, 9.3, 8.5, 8.8, 9.3, 9.1, 8.6, 9.9, 10.1, 9.0, 10.0, 8.2, 8.3, 8.9, 8.6, 8.5, 9.5, 9.6, 8.6, 9.0, 9.4, 9.4, 8.0, 8.3, 9.1, 9.0, 8.2, 8.7, 8.2, 8.2, 8.9, 8.9, 8.5, 9.6, 10.0, 8.8, 9.3, 9.3, 8.9, 9.5, 8.6, 10.5, 10.2, 9.8, 10.3, 9.1, 9.8], 6: [10.1, 9.9, 12.1, 10.8, 10.4, 9.4, 9.2, 10.1, 11.1, 9.8, 10.4, 11.0, 10.9, 11.0, 13.0, 12.2, 10.5, 11.5, 10.0, 11.8, 9.6, 11.3, 10.6, 9.3, 9.4, 9.0, 10.5, 9.3, 10.4, 9.4, 9.4, 9.5, 10.3, 10.1, 8.4, 8.6, 10.3, 8.7, 9.1, 9.7, 8.6, 9.3, 9.1, 8.7, 8.4, 10.4, 8.9, 9.8, 10.6, 10.7, 9.3, 9.2, 7.6, 9.3, 8.3, 8.0, 8.5, 8.5, 8.1, 8.0, 7.5, 8.3, 8.6, 8.2, 9.4, 8.5, 8.9, 8.5, 8.0, 8.9, 8.5, 8.6, 8.0, 7.8, 7.3, 8.3, 7.3, 8.2, 8.9, 7.7, 8.7, 9.5, 9.5, 8.5], 7: [9.2, 9.7, 10.3, 11.8, 11.8, 11.2, 12.2, 11.5, 10.8, 11.1, 12.2, 11.9, 11.9, 13.4, 12.9, 13.1, 14.1, 12.3, 12.7, 13.3, 11.4, 13.4, 12.8, 12.6, 12.6, 13.0, 13.0, 12.7, 13.0, 11.7, 11.9, 11.9, 12.3, 12.7, 13.8, 12.9, 13.4, 13.5, 12.5, 12.3, 12.5, 12.8, 11.2, 12.4, 13.8, 12.4, 10.7, 12.0, 11.9, 11.7, 14.4, 14.5, 12.1, 13.1, 13.4, 13.6, 12.6, 13.3, 13.3, 14.9, 13.1, 14.6, 15.2, 14.0, 13.9, 13.9, 14.3, 12.9, 13.0, 13.5, 15.0, 14.7, 15.4, 14.4, 14.2, 14.2, 14.5, 16.0, 15.5, 14.8, 14.5, 14.7, 15.6, 16.4], 8: [7.8, 10.2, 9.5, 11.9, 11.6, 10.8, 9.4, 10.0, 9.6, 10.5, 9.9, 9.9, 10.2, 9.4, 9.8, 8.7, 9.4, 8.8, 9.6, 8.2, 8.0, 8.7, 9.1, 8.8, 8.9, 10.2, 8.3, 8.4, 7.6, 8.6, 8.3, 7.2, 8.5, 8.7, 7.7, 8.7, 8.3, 8.4, 8.6, 8.4, 8.8, 7.8, 8.8, 8.7, 8.0, 8.1, 7.1, 7.0, 6.9, 8.4, 6.1, 6.1, 5.5, 6.3, 6.4, 7.2, 7.2, 7.0, 7.3, 7.6, 7.0, 8.6, 7.6, 7.2, 7.2, 7.0, 7.3, 7.6, 7.2, 7.3, 7.3, 9.0, 9.0, 8.7, 10.5, 9.3, 8.6, 8.7, 8.4, 8.4, 8.8, 8.1, 8.4, 8.0], 9: [10.4, 10.8, 9.5, 9.8, 8.9, 8.8, 8.5, 10.6, 9.6, 10.0, 6.8, 8.7, 10.7, 8.9, 9.7, 7.7, 9.0, 9.4, 10.0, 9.5, 9.7, 9.6, 9.4, 8.5, 7.3, 7.6, 9.7, 10.0, 8.1, 9.8, 11.0, 8.9, 10.3, 9.3, 10.3, 8.9, 9.3, 9.7, 10.8, 10.0, 9.6, 9.6, 10.1, 10.1, 9.2, 9.4, 11.1, 8.7, 10.7, 10.9, 9.8, 10.1, 10.9, 9.9, 10.9, 10.6, 9.7, 9.8, 9.9, 9.9, 9.6, 8.9, 9.8, 9.4, 10.4, 9.7, 10.2, 9.5, 9.9, 9.8, 8.4, 7.9, 8.4, 9.9, 8.1, 11.3, 9.7, 9.4, 9.3, 8.7, 9.6, 10.4, 10.4, 10.1]}
----------------------------------------
Epoch   1 | Client   0 | Train: loss=0.049, acc= 98.3% | time=166.5ms | Valid: loss=1.812, acc= 60.0% |
Epoch   2 | Client   0 | Train: loss=0.072, acc= 97.7% | time= 87.3ms | Valid: loss=1.502, acc= 60.0% |
Epoch   3 | Client   0 | Train: loss=0.036, acc= 98.9% | time= 83.0ms | Valid: loss=2.023, acc= 56.0% |
Epoch   4 | Client   0 | Train: loss=0.204, acc= 94.3% | time= 75.2ms | Valid: loss=2.672, acc= 48.0% |
Epoch   5 | Client   0 | Train: loss=0.013, acc= 99.8% | time= 75.3ms | Valid: loss=2.031, acc= 52.0% |
----------------------------------------
Epoch   1 | Client   1 | Train: loss=0.008, acc=100.0% | time=148.2ms | Valid: loss=1.982, acc= 64.0% |
Epoch   2 | Client   1 | Train: loss=0.008, acc= 99.8% | time= 87.9ms | Valid: loss=1.543, acc= 64.0% |
Epoch   3 | Client   1 | Train: loss=0.010, acc= 99.6% | time= 77.2ms | Valid: loss=1.617, acc= 68.0% |
Epoch   4 | Client   1 | Train: loss=0.003, acc=100.0% | time= 76.0ms | Valid: loss=1.719, acc= 60.0% |
Epoch   5 | Client   1 | Train: loss=0.004, acc=100.0% | time= 76.2ms | Valid: loss=1.580, acc= 64.0% |
Skip Updating GPM for layer: 1
----------------------------------------
Epoch   1 | Client   2 | Train: loss=0.067, acc= 98.3% | time=144.2ms | Valid: loss=2.304, acc= 60.0% |
Epoch   2 | Client   2 | Train: loss=0.049, acc= 98.9% | time= 94.2ms | Valid: loss=2.118, acc= 56.0% |
Epoch   3 | Client   2 | Train: loss=0.009, acc=100.0% | time= 79.2ms | Valid: loss=2.379, acc= 56.0% |
Epoch   4 | Client   2 | Train: loss=0.037, acc= 99.2% | time= 78.6ms | Valid: loss=2.403, acc= 52.0% |
Epoch   5 | Client   2 | Train: loss=0.024, acc= 99.6% | time= 78.2ms | Valid: loss=2.258, acc= 52.0% |
----------------------------------------
Epoch   1 | Client   3 | Train: loss=0.018, acc= 99.6% | time=174.1ms | Valid: loss=1.134, acc= 72.0% |
Epoch   2 | Client   3 | Train: loss=0.032, acc= 99.4% | time= 83.2ms | Valid: loss=1.107, acc= 68.0% |
Epoch   3 | Client   3 | Train: loss=0.025, acc= 99.4% | time= 81.7ms | Valid: loss=1.549, acc= 64.0% |
Epoch   4 | Client   3 | Train: loss=0.011, acc= 99.8% | time= 77.0ms | Valid: loss=1.157, acc= 68.0% |
Epoch   5 | Client   3 | Train: loss=0.005, acc= 99.8% | time= 75.6ms | Valid: loss=1.157, acc= 72.0% |
Skip Updating GPM for layer: 1
----------------------------------------
Epoch   1 | Client   4 | Train: loss=0.066, acc= 98.1% | time=165.6ms | Valid: loss=1.577, acc= 48.0% |
Epoch   2 | Client   4 | Train: loss=0.185, acc= 95.2% | time= 93.7ms | Valid: loss=1.745, acc= 52.0% |
Epoch   3 | Client   4 | Train: loss=0.080, acc= 97.1% | time= 93.8ms | Valid: loss=2.391, acc= 48.0% |
Epoch   4 | Client   4 | Train: loss=0.070, acc= 97.7% | time= 84.5ms | Valid: loss=1.432, acc= 60.0% |
Epoch   5 | Client   4 | Train: loss=0.023, acc= 99.4% | time= 79.1ms | Valid: loss=1.357, acc= 48.0% |
----------------------------------------
Epoch   1 | Client   5 | Train: loss=0.009, acc= 99.8% | time=162.0ms | Valid: loss=1.176, acc= 64.0% |
Epoch   2 | Client   5 | Train: loss=0.004, acc=100.0% | time= 93.6ms | Valid: loss=0.968, acc= 76.0% |
Epoch   3 | Client   5 | Train: loss=0.014, acc= 99.6% | time= 86.0ms | Valid: loss=1.157, acc= 80.0% |
Epoch   4 | Client   5 | Train: loss=0.010, acc= 99.8% | time= 80.9ms | Valid: loss=1.087, acc= 72.0% |
Epoch   5 | Client   5 | Train: loss=0.036, acc= 98.7% | time= 78.6ms | Valid: loss=1.126, acc= 68.0% |
Skip Updating GPM for layer: 1
----------------------------------------
Epoch   1 | Client   6 | Train: loss=0.011, acc= 99.8% | time=153.4ms | Valid: loss=1.683, acc= 60.0% |
Epoch   2 | Client   6 | Train: loss=0.013, acc= 99.8% | time= 91.1ms | Valid: loss=1.426, acc= 60.0% |
Epoch   3 | Client   6 | Train: loss=0.027, acc= 99.4% | time= 83.4ms | Valid: loss=1.599, acc= 60.0% |
Epoch   4 | Client   6 | Train: loss=0.008, acc= 99.8% | time= 78.8ms | Valid: loss=1.680, acc= 52.0% |
Epoch   5 | Client   6 | Train: loss=0.095, acc= 96.8% | time= 78.3ms | Valid: loss=2.069, acc= 56.0% |
Skip Updating GPM for layer: 1
----------------------------------------
Epoch   1 | Client   7 | Train: loss=0.103, acc= 97.1% | time=163.6ms | Valid: loss=2.620, acc= 44.0% |
Epoch   2 | Client   7 | Train: loss=0.029, acc= 98.9% | time=118.4ms | Valid: loss=2.842, acc= 48.0% |
Epoch   3 | Client   7 | Train: loss=0.044, acc= 98.7% | time= 80.1ms | Valid: loss=3.130, acc= 52.0% |
Epoch   4 | Client   7 | Train: loss=0.013, acc= 99.8% | time= 77.7ms | Valid: loss=2.954, acc= 48.0% |
Epoch   5 | Client   7 | Train: loss=0.029, acc= 99.4% | time= 75.9ms | Valid: loss=2.737, acc= 52.0% |
----------------------------------------
Epoch   1 | Client   8 | Train: loss=0.009, acc= 99.8% | time=155.7ms | Valid: loss=0.922, acc= 80.0% |
Epoch   2 | Client   8 | Train: loss=0.015, acc= 99.4% | time= 85.5ms | Valid: loss=1.037, acc= 72.0% |
Epoch   3 | Client   8 | Train: loss=0.014, acc= 99.8% | time= 76.5ms | Valid: loss=1.113, acc= 80.0% |
Epoch   4 | Client   8 | Train: loss=0.008, acc= 99.8% | time= 76.4ms | Valid: loss=1.223, acc= 72.0% |
Epoch   5 | Client   8 | Train: loss=0.006, acc= 99.8% | time= 76.0ms | Valid: loss=0.999, acc= 76.0% |
Skip Updating GPM for layer: 1
----------------------------------------
Epoch   1 | Client   9 | Train: loss=0.035, acc= 99.2% | time=161.5ms | Valid: loss=1.787, acc= 68.0% |
Epoch   2 | Client   9 | Train: loss=0.034, acc= 98.5% | time=110.1ms | Valid: loss=1.588, acc= 68.0% |
Epoch   3 | Client   9 | Train: loss=0.188, acc= 94.7% | time=112.1ms | Valid: loss=2.265, acc= 60.0% |
Epoch   4 | Client   9 | Train: loss=0.018, acc= 99.6% | time=116.3ms | Valid: loss=2.089, acc= 68.0% |
Epoch   5 | Client   9 | Train: loss=0.007, acc=100.0% | time=119.6ms | Valid: loss=2.133, acc= 56.0% |
Skip Updating GPM for layer: 1
----------------------------------------
G-Epoch:  14, Test: loss=1.538 , acc= 65.9%
****************************************
Task:   0, G-Epoch:  14, Test: loss=3.002 , acc= 48.5%
Task:   1, G-Epoch:  14, Test: loss=2.727 , acc= 47.2%
Task:   2, G-Epoch:  14, Test: loss=1.509 , acc= 67.0%
Task:   3, G-Epoch:  14, Test: loss=2.302 , acc= 12.1%
Task:   4, G-Epoch:  14, Test: loss=2.326 , acc=  8.6%
Task:   5, G-Epoch:  14, Test: loss=2.301 , acc=  9.7%
Task:   6, G-Epoch:  14, Test: loss=2.312 , acc=  8.8%
Task:   7, G-Epoch:  14, Test: loss=2.298 , acc= 16.5%
Task:   8, G-Epoch:  14, Test: loss=2.311 , acc=  8.6%
Task:   9, G-Epoch:  14, Test: loss=2.310 , acc=  8.8%
{0: [39.3, 45.7, 48.7, 48.8, 51.1, 52.3, 53.9, 51.6, 55.6, 54.8, 53.3, 54.9, 58.1, 57.8, 55.8, 58.5, 58.6, 58.9, 57.4, 60.4, 61.3, 56.9, 60.1, 60.2, 60.8, 60.2, 60.8, 61.6, 61.5, 61.0, 62.5, 62.5, 64.4, 61.7, 62.6, 62.6, 63.1, 63.9, 65.4, 63.5, 65.0, 63.8, 64.1, 65.7, 66.4, 65.1, 63.0, 66.9, 65.3, 66.5, 68.2, 66.5, 65.4, 65.8, 64.3, 63.8, 64.5, 62.4, 61.7, 61.1, 60.5, 58.7, 57.8, 58.2, 58.3, 55.9, 54.1, 51.9, 52.1, 51.0, 53.7, 53.0, 52.1, 51.7, 52.5, 51.0, 50.5, 50.8, 50.9, 51.6, 47.8, 48.7, 48.5, 49.4, 48.5], 1: [10.2, 9.5, 11.1, 11.0, 9.3, 10.0, 10.6, 10.7, 11.2, 8.9, 9.1, 10.8, 10.8, 10.3, 9.9, 9.1, 11.7, 10.1, 10.2, 11.4, 8.8, 9.8, 10.9, 9.7, 9.2, 9.7, 10.1, 9.5, 9.9, 9.0, 9.4, 9.2, 9.6, 8.9, 9.1, 8.4, 8.4, 8.8, 10.2, 8.7, 8.9, 10.8, 8.1, 9.5, 9.5, 9.3, 10.3, 10.0, 9.3, 9.6, 49.7, 53.7, 57.3, 56.8, 58.2, 56.9, 59.3, 58.9, 59.6, 58.5, 59.5, 59.5, 60.8, 58.1, 58.5, 59.3, 59.4, 58.8, 60.4, 59.6, 56.2, 54.6, 52.9, 51.7, 52.2, 52.6, 50.7, 50.1, 51.0, 48.7, 49.4, 48.5, 47.1, 48.0, 47.2], 2: [10.3, 10.5, 9.7, 11.4, 11.1, 9.9, 8.6, 8.9, 9.1, 8.7, 9.4, 9.6, 7.7, 10.1, 10.4, 8.9, 9.1, 9.5, 10.8, 8.4, 8.5, 8.8, 9.1, 8.5, 9.7, 10.0, 9.4, 9.9, 9.9, 9.5, 8.9, 8.9, 9.1, 9.7, 9.7, 9.8, 9.4, 9.9, 9.1, 9.1, 9.2, 9.9, 9.7, 9.4, 8.0, 10.1, 10.6, 9.1, 9.6, 9.0, 9.4, 11.1, 11.1, 9.6, 9.4, 11.5, 10.8, 9.3, 10.8, 8.4, 9.6, 9.3, 9.7, 10.1, 10.9, 10.4, 9.9, 10.2, 9.5, 10.1, 56.7, 61.3, 62.3, 63.5, 63.5, 64.8, 64.3, 66.1, 66.1, 66.1, 67.2, 68.3, 66.5, 66.6, 67.0], 3: [10.3, 9.9, 8.6, 9.7, 9.2, 9.4, 9.3, 10.7, 11.6, 11.0, 11.6, 11.9, 11.3, 11.4, 12.4, 11.7, 11.1, 11.2, 11.9, 12.5, 13.1, 12.2, 13.1, 12.0, 12.6, 11.9, 12.0, 12.8, 13.5, 12.1, 12.1, 11.7, 11.8, 12.4, 12.6, 11.4, 12.7, 13.3, 13.2, 12.1, 12.3, 12.5, 13.4, 13.2, 13.5, 12.3, 11.5, 12.1, 12.0, 13.0, 10.4, 11.3, 11.9, 10.9, 10.6, 11.5, 10.8, 9.7, 12.1, 11.0, 11.6, 11.6, 11.3, 10.6, 10.6, 11.2, 10.5, 10.4, 10.5, 9.6, 8.5, 10.0, 10.2, 10.6, 10.2, 12.1, 11.2, 11.3, 10.1, 11.6, 11.4, 11.6, 9.8, 10.6, 12.1], 4: [11.0, 10.0, 10.7, 9.8, 10.8, 10.1, 10.0, 10.9, 10.2, 10.0, 10.2, 9.9, 9.6, 9.1, 8.8, 10.7, 9.8, 9.2, 9.6, 10.3, 8.5, 10.1, 9.6, 9.5, 9.6, 10.4, 10.6, 9.3, 8.9, 8.8, 9.3, 10.3, 10.1, 11.1, 9.8, 11.7, 9.9, 9.1, 10.5, 10.7, 10.0, 10.0, 9.9, 9.4, 9.2, 9.0, 10.6, 9.4, 10.1, 10.3, 12.5, 12.4, 12.1, 11.4, 11.1, 10.9, 10.9, 9.9, 10.6, 11.1, 11.0, 10.0, 10.2, 10.3, 11.0, 9.4, 10.2, 10.4, 9.5, 10.1, 9.2, 9.4, 9.2, 8.7, 9.8, 8.6, 8.3, 8.7, 8.9, 9.1, 8.8, 8.9, 7.0, 8.7, 8.6], 5: [9.1, 9.4, 10.6, 12.1, 10.5, 10.8, 11.3, 10.7, 10.6, 12.6, 12.5, 11.6, 11.5, 11.1, 10.8, 10.5, 11.1, 11.6, 10.7, 11.8, 10.6, 11.0, 10.2, 10.9, 9.6, 10.6, 9.6, 10.5, 9.3, 8.3, 9.5, 9.2, 9.6, 10.2, 9.2, 9.2, 10.1, 8.9, 9.3, 8.5, 8.8, 9.3, 9.1, 8.6, 9.9, 10.1, 9.0, 10.0, 8.2, 8.3, 8.9, 8.6, 8.5, 9.5, 9.6, 8.6, 9.0, 9.4, 9.4, 8.0, 8.3, 9.1, 9.0, 8.2, 8.7, 8.2, 8.2, 8.9, 8.9, 8.5, 9.6, 10.0, 8.8, 9.3, 9.3, 8.9, 9.5, 8.6, 10.5, 10.2, 9.8, 10.3, 9.1, 9.8, 9.7], 6: [10.1, 9.9, 12.1, 10.8, 10.4, 9.4, 9.2, 10.1, 11.1, 9.8, 10.4, 11.0, 10.9, 11.0, 13.0, 12.2, 10.5, 11.5, 10.0, 11.8, 9.6, 11.3, 10.6, 9.3, 9.4, 9.0, 10.5, 9.3, 10.4, 9.4, 9.4, 9.5, 10.3, 10.1, 8.4, 8.6, 10.3, 8.7, 9.1, 9.7, 8.6, 9.3, 9.1, 8.7, 8.4, 10.4, 8.9, 9.8, 10.6, 10.7, 9.3, 9.2, 7.6, 9.3, 8.3, 8.0, 8.5, 8.5, 8.1, 8.0, 7.5, 8.3, 8.6, 8.2, 9.4, 8.5, 8.9, 8.5, 8.0, 8.9, 8.5, 8.6, 8.0, 7.8, 7.3, 8.3, 7.3, 8.2, 8.9, 7.7, 8.7, 9.5, 9.5, 8.5, 8.8], 7: [9.2, 9.7, 10.3, 11.8, 11.8, 11.2, 12.2, 11.5, 10.8, 11.1, 12.2, 11.9, 11.9, 13.4, 12.9, 13.1, 14.1, 12.3, 12.7, 13.3, 11.4, 13.4, 12.8, 12.6, 12.6, 13.0, 13.0, 12.7, 13.0, 11.7, 11.9, 11.9, 12.3, 12.7, 13.8, 12.9, 13.4, 13.5, 12.5, 12.3, 12.5, 12.8, 11.2, 12.4, 13.8, 12.4, 10.7, 12.0, 11.9, 11.7, 14.4, 14.5, 12.1, 13.1, 13.4, 13.6, 12.6, 13.3, 13.3, 14.9, 13.1, 14.6, 15.2, 14.0, 13.9, 13.9, 14.3, 12.9, 13.0, 13.5, 15.0, 14.7, 15.4, 14.4, 14.2, 14.2, 14.5, 16.0, 15.5, 14.8, 14.5, 14.7, 15.6, 16.4, 16.5], 8: [7.8, 10.2, 9.5, 11.9, 11.6, 10.8, 9.4, 10.0, 9.6, 10.5, 9.9, 9.9, 10.2, 9.4, 9.8, 8.7, 9.4, 8.8, 9.6, 8.2, 8.0, 8.7, 9.1, 8.8, 8.9, 10.2, 8.3, 8.4, 7.6, 8.6, 8.3, 7.2, 8.5, 8.7, 7.7, 8.7, 8.3, 8.4, 8.6, 8.4, 8.8, 7.8, 8.8, 8.7, 8.0, 8.1, 7.1, 7.0, 6.9, 8.4, 6.1, 6.1, 5.5, 6.3, 6.4, 7.2, 7.2, 7.0, 7.3, 7.6, 7.0, 8.6, 7.6, 7.2, 7.2, 7.0, 7.3, 7.6, 7.2, 7.3, 7.3, 9.0, 9.0, 8.7, 10.5, 9.3, 8.6, 8.7, 8.4, 8.4, 8.8, 8.1, 8.4, 8.0, 8.6], 9: [10.4, 10.8, 9.5, 9.8, 8.9, 8.8, 8.5, 10.6, 9.6, 10.0, 6.8, 8.7, 10.7, 8.9, 9.7, 7.7, 9.0, 9.4, 10.0, 9.5, 9.7, 9.6, 9.4, 8.5, 7.3, 7.6, 9.7, 10.0, 8.1, 9.8, 11.0, 8.9, 10.3, 9.3, 10.3, 8.9, 9.3, 9.7, 10.8, 10.0, 9.6, 9.6, 10.1, 10.1, 9.2, 9.4, 11.1, 8.7, 10.7, 10.9, 9.8, 10.1, 10.9, 9.9, 10.9, 10.6, 9.7, 9.8, 9.9, 9.9, 9.6, 8.9, 9.8, 9.4, 10.4, 9.7, 10.2, 9.5, 9.9, 9.8, 8.4, 7.9, 8.4, 9.9, 8.1, 11.3, 9.7, 9.4, 9.3, 8.7, 9.6, 10.4, 10.4, 10.1, 8.8]}
----------------------------------------
Epoch   1 | Client   0 | Train: loss=0.017, acc= 99.8% | time=125.9ms | Valid: loss=1.536, acc= 64.0% |
Epoch   2 | Client   0 | Train: loss=0.050, acc= 98.9% | time= 91.6ms | Valid: loss=1.374, acc= 60.0% |
Epoch   3 | Client   0 | Train: loss=0.010, acc= 99.8% | time=111.7ms | Valid: loss=1.336, acc= 68.0% |
Epoch   4 | Client   0 | Train: loss=0.027, acc= 99.4% | time=115.4ms | Valid: loss=1.702, acc= 52.0% |
Epoch   5 | Client   0 | Train: loss=0.045, acc= 98.9% | time=116.0ms | Valid: loss=2.134, acc= 60.0% |
----------------------------------------
Epoch   1 | Client   1 | Train: loss=0.021, acc= 99.6% | time=143.4ms | Valid: loss=1.667, acc= 72.0% |
Epoch   2 | Client   1 | Train: loss=0.007, acc= 99.8% | time=102.0ms | Valid: loss=1.584, acc= 64.0% |
Epoch   3 | Client   1 | Train: loss=0.019, acc= 99.6% | time=116.7ms | Valid: loss=2.019, acc= 52.0% |
Epoch   4 | Client   1 | Train: loss=0.006, acc=100.0% | time= 90.9ms | Valid: loss=1.485, acc= 72.0% |
Epoch   5 | Client   1 | Train: loss=0.005, acc=100.0% | time= 83.5ms | Valid: loss=1.628, acc= 68.0% |
Skip Updating GPM for layer: 1
----------------------------------------
Epoch   1 | Client   2 | Train: loss=0.095, acc= 96.6% | time=171.4ms | Valid: loss=2.212, acc= 52.0% |
Epoch   2 | Client   2 | Train: loss=0.079, acc= 97.1% | time= 95.7ms | Valid: loss=3.419, acc= 40.0% |
Epoch   3 | Client   2 | Train: loss=0.054, acc= 97.9% | time= 90.1ms | Valid: loss=2.045, acc= 64.0% |
Epoch   4 | Client   2 | Train: loss=0.029, acc= 99.4% | time= 80.1ms | Valid: loss=2.083, acc= 60.0% |
Epoch   5 | Client   2 | Train: loss=0.075, acc= 97.5% | time= 78.7ms | Valid: loss=2.329, acc= 52.0% |
----------------------------------------
Epoch   1 | Client   3 | Train: loss=0.011, acc= 99.8% | time=164.2ms | Valid: loss=1.082, acc= 76.0% |
Epoch   2 | Client   3 | Train: loss=0.236, acc= 95.6% | time= 99.0ms | Valid: loss=1.183, acc= 76.0% |
Epoch   3 | Client   3 | Train: loss=0.011, acc= 99.8% | time= 84.4ms | Valid: loss=1.012, acc= 76.0% |
Epoch   4 | Client   3 | Train: loss=0.009, acc= 99.8% | time= 79.6ms | Valid: loss=1.068, acc= 72.0% |
Epoch   5 | Client   3 | Train: loss=0.054, acc= 98.1% | time= 85.4ms | Valid: loss=1.425, acc= 68.0% |
Skip Updating GPM for layer: 1
----------------------------------------
Epoch   1 | Client   4 | Train: loss=0.105, acc= 95.4% | time=139.4ms | Valid: loss=1.440, acc= 56.0% |
Epoch   2 | Client   4 | Train: loss=0.164, acc= 94.7% | time= 95.4ms | Valid: loss=2.263, acc= 40.0% |
Epoch   3 | Client   4 | Train: loss=0.108, acc= 97.1% | time= 83.2ms | Valid: loss=1.622, acc= 48.0% |
Epoch   4 | Client   4 | Train: loss=0.023, acc= 99.4% | time= 80.7ms | Valid: loss=1.425, acc= 68.0% |
Epoch   5 | Client   4 | Train: loss=0.011, acc=100.0% | time= 79.5ms | Valid: loss=1.755, acc= 56.0% |
----------------------------------------
Epoch   1 | Client   5 | Train: loss=0.012, acc= 99.6% | time=152.8ms | Valid: loss=0.786, acc= 80.0% |
Epoch   2 | Client   5 | Train: loss=0.005, acc=100.0% | time= 96.7ms | Valid: loss=1.021, acc= 68.0% |
Epoch   3 | Client   5 | Train: loss=0.008, acc= 99.8% | time= 87.7ms | Valid: loss=1.090, acc= 76.0% |
Epoch   4 | Client   5 | Train: loss=0.005, acc=100.0% | time= 79.8ms | Valid: loss=0.812, acc= 76.0% |
Epoch   5 | Client   5 | Train: loss=0.004, acc=100.0% | time= 78.8ms | Valid: loss=0.920, acc= 80.0% |
Skip Updating GPM for layer: 1
----------------------------------------
Epoch   1 | Client   6 | Train: loss=0.033, acc= 98.9% | time=174.3ms | Valid: loss=1.477, acc= 64.0% |
Epoch   2 | Client   6 | Train: loss=0.027, acc= 99.4% | time= 95.4ms | Valid: loss=1.850, acc= 56.0% |
Epoch   3 | Client   6 | Train: loss=0.007, acc= 99.8% | time= 96.1ms | Valid: loss=1.630, acc= 60.0% |
Epoch   4 | Client   6 | Train: loss=0.006, acc=100.0% | time= 86.9ms | Valid: loss=1.752, acc= 52.0% |
Epoch   5 | Client   6 | Train: loss=0.013, acc= 99.8% | time= 86.3ms | Valid: loss=1.757, acc= 52.0% |
Skip Updating GPM for layer: 1
----------------------------------------
Epoch   1 | Client   7 | Train: loss=0.028, acc= 99.6% | time=148.2ms | Valid: loss=2.760, acc= 48.0% |
Epoch   2 | Client   7 | Train: loss=0.044, acc= 98.3% | time= 95.1ms | Valid: loss=2.784, acc= 40.0% |
Epoch   3 | Client   7 | Train: loss=0.048, acc= 98.9% | time= 91.1ms | Valid: loss=2.738, acc= 44.0% |
Epoch   4 | Client   7 | Train: loss=0.118, acc= 95.8% | time= 93.8ms | Valid: loss=2.773, acc= 52.0% |
Epoch   5 | Client   7 | Train: loss=0.100, acc= 97.3% | time= 85.9ms | Valid: loss=3.018, acc= 36.0% |
----------------------------------------
Epoch   1 | Client   8 | Train: loss=0.011, acc=100.0% | time=165.2ms | Valid: loss=0.979, acc= 76.0% |
Epoch   2 | Client   8 | Train: loss=0.009, acc=100.0% | time= 93.6ms | Valid: loss=1.310, acc= 76.0% |
Epoch   3 | Client   8 | Train: loss=0.003, acc=100.0% | time= 82.1ms | Valid: loss=1.177, acc= 80.0% |
Epoch   4 | Client   8 | Train: loss=0.023, acc= 99.6% | time= 79.5ms | Valid: loss=1.292, acc= 80.0% |
Epoch   5 | Client   8 | Train: loss=0.004, acc=100.0% | time= 78.6ms | Valid: loss=1.142, acc= 72.0% |
Skip Updating GPM for layer: 1
----------------------------------------
Epoch   1 | Client   9 | Train: loss=0.090, acc= 97.7% | time=173.1ms | Valid: loss=1.828, acc= 64.0% |
Epoch   2 | Client   9 | Train: loss=0.025, acc= 98.9% | time=112.6ms | Valid: loss=1.883, acc= 56.0% |
Epoch   3 | Client   9 | Train: loss=0.020, acc= 99.6% | time=114.2ms | Valid: loss=1.798, acc= 72.0% |
Epoch   4 | Client   9 | Train: loss=0.008, acc=100.0% | time=117.1ms | Valid: loss=1.897, acc= 64.0% |
Epoch   5 | Client   9 | Train: loss=0.002, acc=100.0% | time= 93.3ms | Valid: loss=1.952, acc= 64.0% |
Skip Updating GPM for layer: 1
----------------------------------------
G-Epoch:  15, Test: loss=1.550 , acc= 66.3%
****************************************
Task:   0, G-Epoch:  15, Test: loss=3.050 , acc= 49.6%
Task:   1, G-Epoch:  15, Test: loss=2.728 , acc= 45.8%
Task:   2, G-Epoch:  15, Test: loss=1.553 , acc= 67.4%
Task:   3, G-Epoch:  15, Test: loss=2.304 , acc= 12.2%
Task:   4, G-Epoch:  15, Test: loss=2.328 , acc=  8.2%
Task:   5, G-Epoch:  15, Test: loss=2.299 , acc= 10.5%
Task:   6, G-Epoch:  15, Test: loss=2.313 , acc=  9.6%
Task:   7, G-Epoch:  15, Test: loss=2.302 , acc= 15.5%
Task:   8, G-Epoch:  15, Test: loss=2.310 , acc=  9.4%
Task:   9, G-Epoch:  15, Test: loss=2.308 , acc= 11.2%
{0: [39.3, 45.7, 48.7, 48.8, 51.1, 52.3, 53.9, 51.6, 55.6, 54.8, 53.3, 54.9, 58.1, 57.8, 55.8, 58.5, 58.6, 58.9, 57.4, 60.4, 61.3, 56.9, 60.1, 60.2, 60.8, 60.2, 60.8, 61.6, 61.5, 61.0, 62.5, 62.5, 64.4, 61.7, 62.6, 62.6, 63.1, 63.9, 65.4, 63.5, 65.0, 63.8, 64.1, 65.7, 66.4, 65.1, 63.0, 66.9, 65.3, 66.5, 68.2, 66.5, 65.4, 65.8, 64.3, 63.8, 64.5, 62.4, 61.7, 61.1, 60.5, 58.7, 57.8, 58.2, 58.3, 55.9, 54.1, 51.9, 52.1, 51.0, 53.7, 53.0, 52.1, 51.7, 52.5, 51.0, 50.5, 50.8, 50.9, 51.6, 47.8, 48.7, 48.5, 49.4, 48.5, 49.6], 1: [10.2, 9.5, 11.1, 11.0, 9.3, 10.0, 10.6, 10.7, 11.2, 8.9, 9.1, 10.8, 10.8, 10.3, 9.9, 9.1, 11.7, 10.1, 10.2, 11.4, 8.8, 9.8, 10.9, 9.7, 9.2, 9.7, 10.1, 9.5, 9.9, 9.0, 9.4, 9.2, 9.6, 8.9, 9.1, 8.4, 8.4, 8.8, 10.2, 8.7, 8.9, 10.8, 8.1, 9.5, 9.5, 9.3, 10.3, 10.0, 9.3, 9.6, 49.7, 53.7, 57.3, 56.8, 58.2, 56.9, 59.3, 58.9, 59.6, 58.5, 59.5, 59.5, 60.8, 58.1, 58.5, 59.3, 59.4, 58.8, 60.4, 59.6, 56.2, 54.6, 52.9, 51.7, 52.2, 52.6, 50.7, 50.1, 51.0, 48.7, 49.4, 48.5, 47.1, 48.0, 47.2, 45.8], 2: [10.3, 10.5, 9.7, 11.4, 11.1, 9.9, 8.6, 8.9, 9.1, 8.7, 9.4, 9.6, 7.7, 10.1, 10.4, 8.9, 9.1, 9.5, 10.8, 8.4, 8.5, 8.8, 9.1, 8.5, 9.7, 10.0, 9.4, 9.9, 9.9, 9.5, 8.9, 8.9, 9.1, 9.7, 9.7, 9.8, 9.4, 9.9, 9.1, 9.1, 9.2, 9.9, 9.7, 9.4, 8.0, 10.1, 10.6, 9.1, 9.6, 9.0, 9.4, 11.1, 11.1, 9.6, 9.4, 11.5, 10.8, 9.3, 10.8, 8.4, 9.6, 9.3, 9.7, 10.1, 10.9, 10.4, 9.9, 10.2, 9.5, 10.1, 56.7, 61.3, 62.3, 63.5, 63.5, 64.8, 64.3, 66.1, 66.1, 66.1, 67.2, 68.3, 66.5, 66.6, 67.0, 67.4], 3: [10.3, 9.9, 8.6, 9.7, 9.2, 9.4, 9.3, 10.7, 11.6, 11.0, 11.6, 11.9, 11.3, 11.4, 12.4, 11.7, 11.1, 11.2, 11.9, 12.5, 13.1, 12.2, 13.1, 12.0, 12.6, 11.9, 12.0, 12.8, 13.5, 12.1, 12.1, 11.7, 11.8, 12.4, 12.6, 11.4, 12.7, 13.3, 13.2, 12.1, 12.3, 12.5, 13.4, 13.2, 13.5, 12.3, 11.5, 12.1, 12.0, 13.0, 10.4, 11.3, 11.9, 10.9, 10.6, 11.5, 10.8, 9.7, 12.1, 11.0, 11.6, 11.6, 11.3, 10.6, 10.6, 11.2, 10.5, 10.4, 10.5, 9.6, 8.5, 10.0, 10.2, 10.6, 10.2, 12.1, 11.2, 11.3, 10.1, 11.6, 11.4, 11.6, 9.8, 10.6, 12.1, 12.2], 4: [11.0, 10.0, 10.7, 9.8, 10.8, 10.1, 10.0, 10.9, 10.2, 10.0, 10.2, 9.9, 9.6, 9.1, 8.8, 10.7, 9.8, 9.2, 9.6, 10.3, 8.5, 10.1, 9.6, 9.5, 9.6, 10.4, 10.6, 9.3, 8.9, 8.8, 9.3, 10.3, 10.1, 11.1, 9.8, 11.7, 9.9, 9.1, 10.5, 10.7, 10.0, 10.0, 9.9, 9.4, 9.2, 9.0, 10.6, 9.4, 10.1, 10.3, 12.5, 12.4, 12.1, 11.4, 11.1, 10.9, 10.9, 9.9, 10.6, 11.1, 11.0, 10.0, 10.2, 10.3, 11.0, 9.4, 10.2, 10.4, 9.5, 10.1, 9.2, 9.4, 9.2, 8.7, 9.8, 8.6, 8.3, 8.7, 8.9, 9.1, 8.8, 8.9, 7.0, 8.7, 8.6, 8.2], 5: [9.1, 9.4, 10.6, 12.1, 10.5, 10.8, 11.3, 10.7, 10.6, 12.6, 12.5, 11.6, 11.5, 11.1, 10.8, 10.5, 11.1, 11.6, 10.7, 11.8, 10.6, 11.0, 10.2, 10.9, 9.6, 10.6, 9.6, 10.5, 9.3, 8.3, 9.5, 9.2, 9.6, 10.2, 9.2, 9.2, 10.1, 8.9, 9.3, 8.5, 8.8, 9.3, 9.1, 8.6, 9.9, 10.1, 9.0, 10.0, 8.2, 8.3, 8.9, 8.6, 8.5, 9.5, 9.6, 8.6, 9.0, 9.4, 9.4, 8.0, 8.3, 9.1, 9.0, 8.2, 8.7, 8.2, 8.2, 8.9, 8.9, 8.5, 9.6, 10.0, 8.8, 9.3, 9.3, 8.9, 9.5, 8.6, 10.5, 10.2, 9.8, 10.3, 9.1, 9.8, 9.7, 10.5], 6: [10.1, 9.9, 12.1, 10.8, 10.4, 9.4, 9.2, 10.1, 11.1, 9.8, 10.4, 11.0, 10.9, 11.0, 13.0, 12.2, 10.5, 11.5, 10.0, 11.8, 9.6, 11.3, 10.6, 9.3, 9.4, 9.0, 10.5, 9.3, 10.4, 9.4, 9.4, 9.5, 10.3, 10.1, 8.4, 8.6, 10.3, 8.7, 9.1, 9.7, 8.6, 9.3, 9.1, 8.7, 8.4, 10.4, 8.9, 9.8, 10.6, 10.7, 9.3, 9.2, 7.6, 9.3, 8.3, 8.0, 8.5, 8.5, 8.1, 8.0, 7.5, 8.3, 8.6, 8.2, 9.4, 8.5, 8.9, 8.5, 8.0, 8.9, 8.5, 8.6, 8.0, 7.8, 7.3, 8.3, 7.3, 8.2, 8.9, 7.7, 8.7, 9.5, 9.5, 8.5, 8.8, 9.6], 7: [9.2, 9.7, 10.3, 11.8, 11.8, 11.2, 12.2, 11.5, 10.8, 11.1, 12.2, 11.9, 11.9, 13.4, 12.9, 13.1, 14.1, 12.3, 12.7, 13.3, 11.4, 13.4, 12.8, 12.6, 12.6, 13.0, 13.0, 12.7, 13.0, 11.7, 11.9, 11.9, 12.3, 12.7, 13.8, 12.9, 13.4, 13.5, 12.5, 12.3, 12.5, 12.8, 11.2, 12.4, 13.8, 12.4, 10.7, 12.0, 11.9, 11.7, 14.4, 14.5, 12.1, 13.1, 13.4, 13.6, 12.6, 13.3, 13.3, 14.9, 13.1, 14.6, 15.2, 14.0, 13.9, 13.9, 14.3, 12.9, 13.0, 13.5, 15.0, 14.7, 15.4, 14.4, 14.2, 14.2, 14.5, 16.0, 15.5, 14.8, 14.5, 14.7, 15.6, 16.4, 16.5, 15.5], 8: [7.8, 10.2, 9.5, 11.9, 11.6, 10.8, 9.4, 10.0, 9.6, 10.5, 9.9, 9.9, 10.2, 9.4, 9.8, 8.7, 9.4, 8.8, 9.6, 8.2, 8.0, 8.7, 9.1, 8.8, 8.9, 10.2, 8.3, 8.4, 7.6, 8.6, 8.3, 7.2, 8.5, 8.7, 7.7, 8.7, 8.3, 8.4, 8.6, 8.4, 8.8, 7.8, 8.8, 8.7, 8.0, 8.1, 7.1, 7.0, 6.9, 8.4, 6.1, 6.1, 5.5, 6.3, 6.4, 7.2, 7.2, 7.0, 7.3, 7.6, 7.0, 8.6, 7.6, 7.2, 7.2, 7.0, 7.3, 7.6, 7.2, 7.3, 7.3, 9.0, 9.0, 8.7, 10.5, 9.3, 8.6, 8.7, 8.4, 8.4, 8.8, 8.1, 8.4, 8.0, 8.6, 9.4], 9: [10.4, 10.8, 9.5, 9.8, 8.9, 8.8, 8.5, 10.6, 9.6, 10.0, 6.8, 8.7, 10.7, 8.9, 9.7, 7.7, 9.0, 9.4, 10.0, 9.5, 9.7, 9.6, 9.4, 8.5, 7.3, 7.6, 9.7, 10.0, 8.1, 9.8, 11.0, 8.9, 10.3, 9.3, 10.3, 8.9, 9.3, 9.7, 10.8, 10.0, 9.6, 9.6, 10.1, 10.1, 9.2, 9.4, 11.1, 8.7, 10.7, 10.9, 9.8, 10.1, 10.9, 9.9, 10.9, 10.6, 9.7, 9.8, 9.9, 9.9, 9.6, 8.9, 9.8, 9.4, 10.4, 9.7, 10.2, 9.5, 9.9, 9.8, 8.4, 7.9, 8.4, 9.9, 8.1, 11.3, 9.7, 9.4, 9.3, 8.7, 9.6, 10.4, 10.4, 10.1, 8.8, 11.2]}
----------------------------------------
Epoch   1 | Client   0 | Train: loss=0.024, acc= 99.6% | time=131.3ms | Valid: loss=1.262, acc= 68.0% |
Epoch   2 | Client   0 | Train: loss=0.042, acc= 98.7% | time= 95.9ms | Valid: loss=2.130, acc= 52.0% |
Epoch   3 | Client   0 | Train: loss=0.008, acc=100.0% | time= 87.0ms | Valid: loss=1.798, acc= 56.0% |
Epoch   4 | Client   0 | Train: loss=0.046, acc= 98.9% | time= 81.3ms | Valid: loss=1.940, acc= 56.0% |
Epoch   5 | Client   0 | Train: loss=0.022, acc= 99.2% | time= 79.3ms | Valid: loss=1.776, acc= 60.0% |
----------------------------------------
Epoch   1 | Client   1 | Train: loss=0.043, acc= 98.7% | time=150.7ms | Valid: loss=1.721, acc= 68.0% |
Epoch   2 | Client   1 | Train: loss=0.009, acc=100.0% | time= 89.4ms | Valid: loss=1.603, acc= 60.0% |
Epoch   3 | Client   1 | Train: loss=0.009, acc= 99.6% | time=110.8ms | Valid: loss=1.644, acc= 60.0% |
Epoch   4 | Client   1 | Train: loss=0.007, acc=100.0% | time=113.7ms | Valid: loss=1.286, acc= 68.0% |
Epoch   5 | Client   1 | Train: loss=0.002, acc=100.0% | time=112.9ms | Valid: loss=1.614, acc= 64.0% |
Skip Updating GPM for layer: 1
----------------------------------------
Epoch   1 | Client   2 | Train: loss=0.015, acc= 99.8% | time=169.3ms | Valid: loss=2.266, acc= 64.0% |
Epoch   2 | Client   2 | Train: loss=0.060, acc= 98.1% | time= 89.5ms | Valid: loss=2.547, acc= 48.0% |
Epoch   3 | Client   2 | Train: loss=0.040, acc= 98.3% | time= 83.7ms | Valid: loss=2.416, acc= 44.0% |
Epoch   4 | Client   2 | Train: loss=0.037, acc= 99.4% | time= 77.3ms | Valid: loss=2.144, acc= 56.0% |
Epoch   5 | Client   2 | Train: loss=0.015, acc= 99.6% | time= 76.5ms | Valid: loss=2.207, acc= 60.0% |
----------------------------------------
Epoch   1 | Client   3 | Train: loss=0.081, acc= 97.5% | time=157.4ms | Valid: loss=1.062, acc= 68.0% |
Epoch   2 | Client   3 | Train: loss=0.058, acc= 98.7% | time= 91.1ms | Valid: loss=1.142, acc= 76.0% |
Epoch   3 | Client   3 | Train: loss=0.009, acc= 99.8% | time= 81.8ms | Valid: loss=0.971, acc= 76.0% |
Epoch   4 | Client   3 | Train: loss=0.009, acc= 99.8% | time= 80.5ms | Valid: loss=1.072, acc= 80.0% |
Epoch   5 | Client   3 | Train: loss=0.008, acc= 99.8% | time=102.2ms | Valid: loss=1.097, acc= 76.0% |
Skip Updating GPM for layer: 1
----------------------------------------
Epoch   1 | Client   4 | Train: loss=0.091, acc= 96.8% | time=161.2ms | Valid: loss=2.151, acc= 56.0% |
Epoch   2 | Client   4 | Train: loss=0.066, acc= 98.5% | time= 88.3ms | Valid: loss=1.894, acc= 64.0% |
Epoch   3 | Client   4 | Train: loss=0.024, acc= 99.2% | time= 84.7ms | Valid: loss=1.855, acc= 52.0% |
Epoch   4 | Client   4 | Train: loss=0.104, acc= 96.8% | time= 77.3ms | Valid: loss=1.857, acc= 44.0% |
Epoch   5 | Client   4 | Train: loss=0.041, acc= 98.9% | time= 76.4ms | Valid: loss=1.985, acc= 48.0% |
----------------------------------------
Epoch   1 | Client   5 | Train: loss=0.007, acc= 99.8% | time=158.8ms | Valid: loss=0.876, acc= 80.0% |
Epoch   2 | Client   5 | Train: loss=0.014, acc= 99.6% | time= 89.6ms | Valid: loss=0.905, acc= 76.0% |
Epoch   3 | Client   5 | Train: loss=0.012, acc=100.0% | time= 88.0ms | Valid: loss=1.104, acc= 68.0% |
Epoch   4 | Client   5 | Train: loss=0.006, acc=100.0% | time= 77.6ms | Valid: loss=0.957, acc= 76.0% |
Epoch   5 | Client   5 | Train: loss=0.003, acc=100.0% | time= 76.5ms | Valid: loss=1.042, acc= 76.0% |
Skip Updating GPM for layer: 1
----------------------------------------
Epoch   1 | Client   6 | Train: loss=0.005, acc=100.0% | time=167.8ms | Valid: loss=1.774, acc= 56.0% |
Epoch   2 | Client   6 | Train: loss=0.006, acc=100.0% | time= 86.3ms | Valid: loss=1.904, acc= 56.0% |
Epoch   3 | Client   6 | Train: loss=0.003, acc=100.0% | time= 80.5ms | Valid: loss=1.665, acc= 60.0% |
Epoch   4 | Client   6 | Train: loss=0.004, acc=100.0% | time= 98.6ms | Valid: loss=1.610, acc= 56.0% |
Epoch   5 | Client   6 | Train: loss=0.004, acc=100.0% | time=110.8ms | Valid: loss=1.652, acc= 60.0% |
Skip Updating GPM for layer: 1
----------------------------------------
Epoch   1 | Client   7 | Train: loss=0.031, acc= 98.9% | time=175.6ms | Valid: loss=3.022, acc= 48.0% |
Epoch   2 | Client   7 | Train: loss=0.094, acc= 97.1% | time= 95.0ms | Valid: loss=2.593, acc= 52.0% |
Epoch   3 | Client   7 | Train: loss=0.043, acc= 98.5% | time= 82.1ms | Valid: loss=2.732, acc= 48.0% |
Epoch   4 | Client   7 | Train: loss=0.034, acc= 99.2% | time= 79.6ms | Valid: loss=2.929, acc= 44.0% |
Epoch   5 | Client   7 | Train: loss=0.017, acc= 99.6% | time= 78.4ms | Valid: loss=2.605, acc= 48.0% |
----------------------------------------
Epoch   1 | Client   8 | Train: loss=0.006, acc=100.0% | time=149.4ms | Valid: loss=1.241, acc= 76.0% |
Epoch   2 | Client   8 | Train: loss=0.010, acc= 99.8% | time= 85.5ms | Valid: loss=1.181, acc= 76.0% |
Epoch   3 | Client   8 | Train: loss=0.014, acc= 99.6% | time= 82.1ms | Valid: loss=1.053, acc= 80.0% |
Epoch   4 | Client   8 | Train: loss=0.008, acc= 99.8% | time= 80.3ms | Valid: loss=0.847, acc= 72.0% |
Epoch   5 | Client   8 | Train: loss=0.017, acc= 99.4% | time= 78.4ms | Valid: loss=0.916, acc= 76.0% |
Skip Updating GPM for layer: 1
----------------------------------------
Epoch   1 | Client   9 | Train: loss=0.016, acc= 98.9% | time=156.7ms | Valid: loss=1.988, acc= 60.0% |
Epoch   2 | Client   9 | Train: loss=0.014, acc= 99.6% | time= 94.5ms | Valid: loss=1.746, acc= 64.0% |
Epoch   3 | Client   9 | Train: loss=0.023, acc= 99.4% | time= 87.9ms | Valid: loss=2.026, acc= 68.0% |
Epoch   4 | Client   9 | Train: loss=0.061, acc= 98.9% | time= 77.5ms | Valid: loss=1.928, acc= 64.0% |
Epoch   5 | Client   9 | Train: loss=0.008, acc= 99.6% | time= 76.5ms | Valid: loss=2.097, acc= 56.0% |
Skip Updating GPM for layer: 1
----------------------------------------
G-Epoch:  16, Test: loss=1.549 , acc= 67.1%
****************************************
Task:   0, G-Epoch:  16, Test: loss=2.847 , acc= 48.7%
Task:   1, G-Epoch:  16, Test: loss=2.684 , acc= 47.7%
Task:   2, G-Epoch:  16, Test: loss=1.536 , acc= 67.4%
Task:   3, G-Epoch:  16, Test: loss=2.303 , acc= 11.2%
Task:   4, G-Epoch:  16, Test: loss=2.327 , acc=  9.0%
Task:   5, G-Epoch:  16, Test: loss=2.295 , acc= 10.7%
Task:   6, G-Epoch:  16, Test: loss=2.313 , acc=  9.4%
Task:   7, G-Epoch:  16, Test: loss=2.300 , acc= 15.5%
Task:   8, G-Epoch:  16, Test: loss=2.314 , acc=  9.1%
Task:   9, G-Epoch:  16, Test: loss=2.306 , acc=  9.7%
{0: [39.3, 45.7, 48.7, 48.8, 51.1, 52.3, 53.9, 51.6, 55.6, 54.8, 53.3, 54.9, 58.1, 57.8, 55.8, 58.5, 58.6, 58.9, 57.4, 60.4, 61.3, 56.9, 60.1, 60.2, 60.8, 60.2, 60.8, 61.6, 61.5, 61.0, 62.5, 62.5, 64.4, 61.7, 62.6, 62.6, 63.1, 63.9, 65.4, 63.5, 65.0, 63.8, 64.1, 65.7, 66.4, 65.1, 63.0, 66.9, 65.3, 66.5, 68.2, 66.5, 65.4, 65.8, 64.3, 63.8, 64.5, 62.4, 61.7, 61.1, 60.5, 58.7, 57.8, 58.2, 58.3, 55.9, 54.1, 51.9, 52.1, 51.0, 53.7, 53.0, 52.1, 51.7, 52.5, 51.0, 50.5, 50.8, 50.9, 51.6, 47.8, 48.7, 48.5, 49.4, 48.5, 49.6, 48.7], 1: [10.2, 9.5, 11.1, 11.0, 9.3, 10.0, 10.6, 10.7, 11.2, 8.9, 9.1, 10.8, 10.8, 10.3, 9.9, 9.1, 11.7, 10.1, 10.2, 11.4, 8.8, 9.8, 10.9, 9.7, 9.2, 9.7, 10.1, 9.5, 9.9, 9.0, 9.4, 9.2, 9.6, 8.9, 9.1, 8.4, 8.4, 8.8, 10.2, 8.7, 8.9, 10.8, 8.1, 9.5, 9.5, 9.3, 10.3, 10.0, 9.3, 9.6, 49.7, 53.7, 57.3, 56.8, 58.2, 56.9, 59.3, 58.9, 59.6, 58.5, 59.5, 59.5, 60.8, 58.1, 58.5, 59.3, 59.4, 58.8, 60.4, 59.6, 56.2, 54.6, 52.9, 51.7, 52.2, 52.6, 50.7, 50.1, 51.0, 48.7, 49.4, 48.5, 47.1, 48.0, 47.2, 45.8, 47.7], 2: [10.3, 10.5, 9.7, 11.4, 11.1, 9.9, 8.6, 8.9, 9.1, 8.7, 9.4, 9.6, 7.7, 10.1, 10.4, 8.9, 9.1, 9.5, 10.8, 8.4, 8.5, 8.8, 9.1, 8.5, 9.7, 10.0, 9.4, 9.9, 9.9, 9.5, 8.9, 8.9, 9.1, 9.7, 9.7, 9.8, 9.4, 9.9, 9.1, 9.1, 9.2, 9.9, 9.7, 9.4, 8.0, 10.1, 10.6, 9.1, 9.6, 9.0, 9.4, 11.1, 11.1, 9.6, 9.4, 11.5, 10.8, 9.3, 10.8, 8.4, 9.6, 9.3, 9.7, 10.1, 10.9, 10.4, 9.9, 10.2, 9.5, 10.1, 56.7, 61.3, 62.3, 63.5, 63.5, 64.8, 64.3, 66.1, 66.1, 66.1, 67.2, 68.3, 66.5, 66.6, 67.0, 67.4, 67.4], 3: [10.3, 9.9, 8.6, 9.7, 9.2, 9.4, 9.3, 10.7, 11.6, 11.0, 11.6, 11.9, 11.3, 11.4, 12.4, 11.7, 11.1, 11.2, 11.9, 12.5, 13.1, 12.2, 13.1, 12.0, 12.6, 11.9, 12.0, 12.8, 13.5, 12.1, 12.1, 11.7, 11.8, 12.4, 12.6, 11.4, 12.7, 13.3, 13.2, 12.1, 12.3, 12.5, 13.4, 13.2, 13.5, 12.3, 11.5, 12.1, 12.0, 13.0, 10.4, 11.3, 11.9, 10.9, 10.6, 11.5, 10.8, 9.7, 12.1, 11.0, 11.6, 11.6, 11.3, 10.6, 10.6, 11.2, 10.5, 10.4, 10.5, 9.6, 8.5, 10.0, 10.2, 10.6, 10.2, 12.1, 11.2, 11.3, 10.1, 11.6, 11.4, 11.6, 9.8, 10.6, 12.1, 12.2, 11.2], 4: [11.0, 10.0, 10.7, 9.8, 10.8, 10.1, 10.0, 10.9, 10.2, 10.0, 10.2, 9.9, 9.6, 9.1, 8.8, 10.7, 9.8, 9.2, 9.6, 10.3, 8.5, 10.1, 9.6, 9.5, 9.6, 10.4, 10.6, 9.3, 8.9, 8.8, 9.3, 10.3, 10.1, 11.1, 9.8, 11.7, 9.9, 9.1, 10.5, 10.7, 10.0, 10.0, 9.9, 9.4, 9.2, 9.0, 10.6, 9.4, 10.1, 10.3, 12.5, 12.4, 12.1, 11.4, 11.1, 10.9, 10.9, 9.9, 10.6, 11.1, 11.0, 10.0, 10.2, 10.3, 11.0, 9.4, 10.2, 10.4, 9.5, 10.1, 9.2, 9.4, 9.2, 8.7, 9.8, 8.6, 8.3, 8.7, 8.9, 9.1, 8.8, 8.9, 7.0, 8.7, 8.6, 8.2, 9.0], 5: [9.1, 9.4, 10.6, 12.1, 10.5, 10.8, 11.3, 10.7, 10.6, 12.6, 12.5, 11.6, 11.5, 11.1, 10.8, 10.5, 11.1, 11.6, 10.7, 11.8, 10.6, 11.0, 10.2, 10.9, 9.6, 10.6, 9.6, 10.5, 9.3, 8.3, 9.5, 9.2, 9.6, 10.2, 9.2, 9.2, 10.1, 8.9, 9.3, 8.5, 8.8, 9.3, 9.1, 8.6, 9.9, 10.1, 9.0, 10.0, 8.2, 8.3, 8.9, 8.6, 8.5, 9.5, 9.6, 8.6, 9.0, 9.4, 9.4, 8.0, 8.3, 9.1, 9.0, 8.2, 8.7, 8.2, 8.2, 8.9, 8.9, 8.5, 9.6, 10.0, 8.8, 9.3, 9.3, 8.9, 9.5, 8.6, 10.5, 10.2, 9.8, 10.3, 9.1, 9.8, 9.7, 10.5, 10.7], 6: [10.1, 9.9, 12.1, 10.8, 10.4, 9.4, 9.2, 10.1, 11.1, 9.8, 10.4, 11.0, 10.9, 11.0, 13.0, 12.2, 10.5, 11.5, 10.0, 11.8, 9.6, 11.3, 10.6, 9.3, 9.4, 9.0, 10.5, 9.3, 10.4, 9.4, 9.4, 9.5, 10.3, 10.1, 8.4, 8.6, 10.3, 8.7, 9.1, 9.7, 8.6, 9.3, 9.1, 8.7, 8.4, 10.4, 8.9, 9.8, 10.6, 10.7, 9.3, 9.2, 7.6, 9.3, 8.3, 8.0, 8.5, 8.5, 8.1, 8.0, 7.5, 8.3, 8.6, 8.2, 9.4, 8.5, 8.9, 8.5, 8.0, 8.9, 8.5, 8.6, 8.0, 7.8, 7.3, 8.3, 7.3, 8.2, 8.9, 7.7, 8.7, 9.5, 9.5, 8.5, 8.8, 9.6, 9.4], 7: [9.2, 9.7, 10.3, 11.8, 11.8, 11.2, 12.2, 11.5, 10.8, 11.1, 12.2, 11.9, 11.9, 13.4, 12.9, 13.1, 14.1, 12.3, 12.7, 13.3, 11.4, 13.4, 12.8, 12.6, 12.6, 13.0, 13.0, 12.7, 13.0, 11.7, 11.9, 11.9, 12.3, 12.7, 13.8, 12.9, 13.4, 13.5, 12.5, 12.3, 12.5, 12.8, 11.2, 12.4, 13.8, 12.4, 10.7, 12.0, 11.9, 11.7, 14.4, 14.5, 12.1, 13.1, 13.4, 13.6, 12.6, 13.3, 13.3, 14.9, 13.1, 14.6, 15.2, 14.0, 13.9, 13.9, 14.3, 12.9, 13.0, 13.5, 15.0, 14.7, 15.4, 14.4, 14.2, 14.2, 14.5, 16.0, 15.5, 14.8, 14.5, 14.7, 15.6, 16.4, 16.5, 15.5, 15.5], 8: [7.8, 10.2, 9.5, 11.9, 11.6, 10.8, 9.4, 10.0, 9.6, 10.5, 9.9, 9.9, 10.2, 9.4, 9.8, 8.7, 9.4, 8.8, 9.6, 8.2, 8.0, 8.7, 9.1, 8.8, 8.9, 10.2, 8.3, 8.4, 7.6, 8.6, 8.3, 7.2, 8.5, 8.7, 7.7, 8.7, 8.3, 8.4, 8.6, 8.4, 8.8, 7.8, 8.8, 8.7, 8.0, 8.1, 7.1, 7.0, 6.9, 8.4, 6.1, 6.1, 5.5, 6.3, 6.4, 7.2, 7.2, 7.0, 7.3, 7.6, 7.0, 8.6, 7.6, 7.2, 7.2, 7.0, 7.3, 7.6, 7.2, 7.3, 7.3, 9.0, 9.0, 8.7, 10.5, 9.3, 8.6, 8.7, 8.4, 8.4, 8.8, 8.1, 8.4, 8.0, 8.6, 9.4, 9.1], 9: [10.4, 10.8, 9.5, 9.8, 8.9, 8.8, 8.5, 10.6, 9.6, 10.0, 6.8, 8.7, 10.7, 8.9, 9.7, 7.7, 9.0, 9.4, 10.0, 9.5, 9.7, 9.6, 9.4, 8.5, 7.3, 7.6, 9.7, 10.0, 8.1, 9.8, 11.0, 8.9, 10.3, 9.3, 10.3, 8.9, 9.3, 9.7, 10.8, 10.0, 9.6, 9.6, 10.1, 10.1, 9.2, 9.4, 11.1, 8.7, 10.7, 10.9, 9.8, 10.1, 10.9, 9.9, 10.9, 10.6, 9.7, 9.8, 9.9, 9.9, 9.6, 8.9, 9.8, 9.4, 10.4, 9.7, 10.2, 9.5, 9.9, 9.8, 8.4, 7.9, 8.4, 9.9, 8.1, 11.3, 9.7, 9.4, 9.3, 8.7, 9.6, 10.4, 10.4, 10.1, 8.8, 11.2, 9.7]}
----------------------------------------
Epoch   1 | Client   0 | Train: loss=0.019, acc= 99.8% | time=158.5ms | Valid: loss=1.284, acc= 72.0% |
Epoch   2 | Client   0 | Train: loss=0.026, acc= 99.4% | time=111.7ms | Valid: loss=2.018, acc= 60.0% |
Epoch   3 | Client   0 | Train: loss=0.004, acc=100.0% | time=116.9ms | Valid: loss=1.772, acc= 64.0% |
Epoch   4 | Client   0 | Train: loss=0.010, acc= 99.8% | time= 83.7ms | Valid: loss=2.064, acc= 52.0% |
Epoch   5 | Client   0 | Train: loss=0.004, acc=100.0% | time= 79.7ms | Valid: loss=1.791, acc= 56.0% |
----------------------------------------
Epoch   1 | Client   1 | Train: loss=0.010, acc= 99.6% | time=149.9ms | Valid: loss=1.490, acc= 64.0% |
Epoch   2 | Client   1 | Train: loss=0.086, acc= 98.1% | time=118.9ms | Valid: loss=1.526, acc= 68.0% |
Epoch   3 | Client   1 | Train: loss=0.011, acc=100.0% | time=118.4ms | Valid: loss=1.502, acc= 64.0% |
Epoch   4 | Client   1 | Train: loss=0.015, acc= 99.6% | time=118.2ms | Valid: loss=1.812, acc= 64.0% |
Epoch   5 | Client   1 | Train: loss=0.059, acc= 98.1% | time=117.5ms | Valid: loss=2.199, acc= 60.0% |
Skip Updating GPM for layer: 1
----------------------------------------
Epoch   1 | Client   2 | Train: loss=0.400, acc= 88.4% | time=175.3ms | Valid: loss=2.780, acc= 44.0% |
Epoch   2 | Client   2 | Train: loss=0.032, acc= 99.4% | time= 86.6ms | Valid: loss=2.860, acc= 52.0% |
Epoch   3 | Client   2 | Train: loss=0.020, acc= 99.2% | time= 78.7ms | Valid: loss=2.258, acc= 60.0% |
Epoch   4 | Client   2 | Train: loss=0.030, acc= 98.9% | time= 75.7ms | Valid: loss=2.585, acc= 44.0% |
Epoch   5 | Client   2 | Train: loss=0.022, acc= 99.8% | time= 76.0ms | Valid: loss=2.773, acc= 40.0% |
----------------------------------------
Epoch   1 | Client   3 | Train: loss=0.022, acc= 99.8% | time=175.4ms | Valid: loss=0.897, acc= 76.0% |
Epoch   2 | Client   3 | Train: loss=0.022, acc= 99.6% | time= 96.1ms | Valid: loss=1.144, acc= 76.0% |
Epoch   3 | Client   3 | Train: loss=0.041, acc= 98.7% | time= 91.4ms | Valid: loss=1.011, acc= 76.0% |
Epoch   4 | Client   3 | Train: loss=0.009, acc= 99.8% | time= 90.5ms | Valid: loss=1.090, acc= 80.0% |
Epoch   5 | Client   3 | Train: loss=0.005, acc=100.0% | time= 78.1ms | Valid: loss=0.957, acc= 80.0% |
Skip Updating GPM for layer: 1
----------------------------------------
Epoch   1 | Client   4 | Train: loss=0.076, acc= 97.5% | time=154.9ms | Valid: loss=2.002, acc= 56.0% |
Epoch   2 | Client   4 | Train: loss=0.045, acc= 98.7% | time= 89.4ms | Valid: loss=2.115, acc= 52.0% |
Epoch   3 | Client   4 | Train: loss=0.020, acc= 99.6% | time= 78.7ms | Valid: loss=2.041, acc= 52.0% |
Epoch   4 | Client   4 | Train: loss=0.043, acc= 98.5% | time= 78.0ms | Valid: loss=1.569, acc= 56.0% |
Epoch   5 | Client   4 | Train: loss=0.030, acc= 99.2% | time= 78.1ms | Valid: loss=1.796, acc= 56.0% |
----------------------------------------
Epoch   1 | Client   5 | Train: loss=0.060, acc= 98.3% | time=165.7ms | Valid: loss=1.473, acc= 68.0% |
Epoch   2 | Client   5 | Train: loss=0.013, acc=100.0% | time= 98.8ms | Valid: loss=1.179, acc= 68.0% |
Epoch   3 | Client   5 | Train: loss=0.009, acc= 99.8% | time=101.8ms | Valid: loss=1.213, acc= 72.0% |
Epoch   4 | Client   5 | Train: loss=0.027, acc= 98.9% | time= 80.0ms | Valid: loss=1.349, acc= 64.0% |
Epoch   5 | Client   5 | Train: loss=0.003, acc=100.0% | time= 77.5ms | Valid: loss=1.092, acc= 72.0% |
Skip Updating GPM for layer: 1
----------------------------------------
Epoch   1 | Client   6 | Train: loss=0.022, acc= 99.6% | time=170.1ms | Valid: loss=1.911, acc= 52.0% |
Epoch   2 | Client   6 | Train: loss=0.005, acc=100.0% | time= 96.8ms | Valid: loss=1.569, acc= 56.0% |
Epoch   3 | Client   6 | Train: loss=0.079, acc= 97.3% | time= 82.3ms | Valid: loss=1.497, acc= 64.0% |
Epoch   4 | Client   6 | Train: loss=0.025, acc= 99.6% | time= 80.6ms | Valid: loss=2.077, acc= 52.0% |
Epoch   5 | Client   6 | Train: loss=0.046, acc= 98.5% | time= 77.0ms | Valid: loss=1.494, acc= 68.0% |
Skip Updating GPM for layer: 1
----------------------------------------
Epoch   1 | Client   7 | Train: loss=0.028, acc= 99.6% | time=152.8ms | Valid: loss=2.886, acc= 40.0% |
Epoch   2 | Client   7 | Train: loss=0.025, acc= 99.4% | time=106.8ms | Valid: loss=2.679, acc= 52.0% |
Epoch   3 | Client   7 | Train: loss=0.033, acc= 99.4% | time=118.7ms | Valid: loss=2.908, acc= 44.0% |
Epoch   4 | Client   7 | Train: loss=0.171, acc= 93.7% | time=116.3ms | Valid: loss=2.750, acc= 40.0% |
Epoch   5 | Client   7 | Train: loss=0.141, acc= 95.8% | time=117.1ms | Valid: loss=2.922, acc= 48.0% |
----------------------------------------
Epoch   1 | Client   8 | Train: loss=0.037, acc= 99.2% | time=164.4ms | Valid: loss=1.266, acc= 72.0% |
Epoch   2 | Client   8 | Train: loss=0.056, acc= 98.3% | time= 89.3ms | Valid: loss=1.305, acc= 68.0% |
Epoch   3 | Client   8 | Train: loss=0.004, acc=100.0% | time= 89.2ms | Valid: loss=1.096, acc= 80.0% |
Epoch   4 | Client   8 | Train: loss=0.006, acc=100.0% | time= 80.8ms | Valid: loss=0.882, acc= 80.0% |
Epoch   5 | Client   8 | Train: loss=0.006, acc= 99.8% | time= 78.9ms | Valid: loss=0.963, acc= 80.0% |
Skip Updating GPM for layer: 1
----------------------------------------
Epoch   1 | Client   9 | Train: loss=0.053, acc= 97.3% | time=171.2ms | Valid: loss=1.566, acc= 72.0% |
Epoch   2 | Client   9 | Train: loss=0.023, acc= 99.4% | time= 88.3ms | Valid: loss=2.427, acc= 64.0% |
Epoch   3 | Client   9 | Train: loss=0.015, acc= 99.6% | time=106.0ms | Valid: loss=2.056, acc= 64.0% |
Epoch   4 | Client   9 | Train: loss=0.009, acc= 99.8% | time= 85.7ms | Valid: loss=2.412, acc= 60.0% |
Epoch   5 | Client   9 | Train: loss=0.006, acc=100.0% | time= 84.9ms | Valid: loss=2.037, acc= 60.0% |
Skip Updating GPM for layer: 1
----------------------------------------
G-Epoch:  17, Test: loss=1.533 , acc= 66.2%
****************************************
Task:   0, G-Epoch:  17, Test: loss=2.982 , acc= 47.6%
Task:   1, G-Epoch:  17, Test: loss=2.768 , acc= 45.6%
Task:   2, G-Epoch:  17, Test: loss=1.525 , acc= 67.5%
Task:   3, G-Epoch:  17, Test: loss=2.303 , acc= 11.2%
Task:   4, G-Epoch:  17, Test: loss=2.329 , acc=  9.0%
Task:   5, G-Epoch:  17, Test: loss=2.298 , acc=  9.6%
Task:   6, G-Epoch:  17, Test: loss=2.315 , acc=  9.5%
Task:   7, G-Epoch:  17, Test: loss=2.299 , acc= 14.9%
Task:   8, G-Epoch:  17, Test: loss=2.311 , acc=  8.9%
Task:   9, G-Epoch:  17, Test: loss=2.306 , acc=  9.9%
{0: [39.3, 45.7, 48.7, 48.8, 51.1, 52.3, 53.9, 51.6, 55.6, 54.8, 53.3, 54.9, 58.1, 57.8, 55.8, 58.5, 58.6, 58.9, 57.4, 60.4, 61.3, 56.9, 60.1, 60.2, 60.8, 60.2, 60.8, 61.6, 61.5, 61.0, 62.5, 62.5, 64.4, 61.7, 62.6, 62.6, 63.1, 63.9, 65.4, 63.5, 65.0, 63.8, 64.1, 65.7, 66.4, 65.1, 63.0, 66.9, 65.3, 66.5, 68.2, 66.5, 65.4, 65.8, 64.3, 63.8, 64.5, 62.4, 61.7, 61.1, 60.5, 58.7, 57.8, 58.2, 58.3, 55.9, 54.1, 51.9, 52.1, 51.0, 53.7, 53.0, 52.1, 51.7, 52.5, 51.0, 50.5, 50.8, 50.9, 51.6, 47.8, 48.7, 48.5, 49.4, 48.5, 49.6, 48.7, 47.6], 1: [10.2, 9.5, 11.1, 11.0, 9.3, 10.0, 10.6, 10.7, 11.2, 8.9, 9.1, 10.8, 10.8, 10.3, 9.9, 9.1, 11.7, 10.1, 10.2, 11.4, 8.8, 9.8, 10.9, 9.7, 9.2, 9.7, 10.1, 9.5, 9.9, 9.0, 9.4, 9.2, 9.6, 8.9, 9.1, 8.4, 8.4, 8.8, 10.2, 8.7, 8.9, 10.8, 8.1, 9.5, 9.5, 9.3, 10.3, 10.0, 9.3, 9.6, 49.7, 53.7, 57.3, 56.8, 58.2, 56.9, 59.3, 58.9, 59.6, 58.5, 59.5, 59.5, 60.8, 58.1, 58.5, 59.3, 59.4, 58.8, 60.4, 59.6, 56.2, 54.6, 52.9, 51.7, 52.2, 52.6, 50.7, 50.1, 51.0, 48.7, 49.4, 48.5, 47.1, 48.0, 47.2, 45.8, 47.7, 45.6], 2: [10.3, 10.5, 9.7, 11.4, 11.1, 9.9, 8.6, 8.9, 9.1, 8.7, 9.4, 9.6, 7.7, 10.1, 10.4, 8.9, 9.1, 9.5, 10.8, 8.4, 8.5, 8.8, 9.1, 8.5, 9.7, 10.0, 9.4, 9.9, 9.9, 9.5, 8.9, 8.9, 9.1, 9.7, 9.7, 9.8, 9.4, 9.9, 9.1, 9.1, 9.2, 9.9, 9.7, 9.4, 8.0, 10.1, 10.6, 9.1, 9.6, 9.0, 9.4, 11.1, 11.1, 9.6, 9.4, 11.5, 10.8, 9.3, 10.8, 8.4, 9.6, 9.3, 9.7, 10.1, 10.9, 10.4, 9.9, 10.2, 9.5, 10.1, 56.7, 61.3, 62.3, 63.5, 63.5, 64.8, 64.3, 66.1, 66.1, 66.1, 67.2, 68.3, 66.5, 66.6, 67.0, 67.4, 67.4, 67.5], 3: [10.3, 9.9, 8.6, 9.7, 9.2, 9.4, 9.3, 10.7, 11.6, 11.0, 11.6, 11.9, 11.3, 11.4, 12.4, 11.7, 11.1, 11.2, 11.9, 12.5, 13.1, 12.2, 13.1, 12.0, 12.6, 11.9, 12.0, 12.8, 13.5, 12.1, 12.1, 11.7, 11.8, 12.4, 12.6, 11.4, 12.7, 13.3, 13.2, 12.1, 12.3, 12.5, 13.4, 13.2, 13.5, 12.3, 11.5, 12.1, 12.0, 13.0, 10.4, 11.3, 11.9, 10.9, 10.6, 11.5, 10.8, 9.7, 12.1, 11.0, 11.6, 11.6, 11.3, 10.6, 10.6, 11.2, 10.5, 10.4, 10.5, 9.6, 8.5, 10.0, 10.2, 10.6, 10.2, 12.1, 11.2, 11.3, 10.1, 11.6, 11.4, 11.6, 9.8, 10.6, 12.1, 12.2, 11.2, 11.2], 4: [11.0, 10.0, 10.7, 9.8, 10.8, 10.1, 10.0, 10.9, 10.2, 10.0, 10.2, 9.9, 9.6, 9.1, 8.8, 10.7, 9.8, 9.2, 9.6, 10.3, 8.5, 10.1, 9.6, 9.5, 9.6, 10.4, 10.6, 9.3, 8.9, 8.8, 9.3, 10.3, 10.1, 11.1, 9.8, 11.7, 9.9, 9.1, 10.5, 10.7, 10.0, 10.0, 9.9, 9.4, 9.2, 9.0, 10.6, 9.4, 10.1, 10.3, 12.5, 12.4, 12.1, 11.4, 11.1, 10.9, 10.9, 9.9, 10.6, 11.1, 11.0, 10.0, 10.2, 10.3, 11.0, 9.4, 10.2, 10.4, 9.5, 10.1, 9.2, 9.4, 9.2, 8.7, 9.8, 8.6, 8.3, 8.7, 8.9, 9.1, 8.8, 8.9, 7.0, 8.7, 8.6, 8.2, 9.0, 9.0], 5: [9.1, 9.4, 10.6, 12.1, 10.5, 10.8, 11.3, 10.7, 10.6, 12.6, 12.5, 11.6, 11.5, 11.1, 10.8, 10.5, 11.1, 11.6, 10.7, 11.8, 10.6, 11.0, 10.2, 10.9, 9.6, 10.6, 9.6, 10.5, 9.3, 8.3, 9.5, 9.2, 9.6, 10.2, 9.2, 9.2, 10.1, 8.9, 9.3, 8.5, 8.8, 9.3, 9.1, 8.6, 9.9, 10.1, 9.0, 10.0, 8.2, 8.3, 8.9, 8.6, 8.5, 9.5, 9.6, 8.6, 9.0, 9.4, 9.4, 8.0, 8.3, 9.1, 9.0, 8.2, 8.7, 8.2, 8.2, 8.9, 8.9, 8.5, 9.6, 10.0, 8.8, 9.3, 9.3, 8.9, 9.5, 8.6, 10.5, 10.2, 9.8, 10.3, 9.1, 9.8, 9.7, 10.5, 10.7, 9.6], 6: [10.1, 9.9, 12.1, 10.8, 10.4, 9.4, 9.2, 10.1, 11.1, 9.8, 10.4, 11.0, 10.9, 11.0, 13.0, 12.2, 10.5, 11.5, 10.0, 11.8, 9.6, 11.3, 10.6, 9.3, 9.4, 9.0, 10.5, 9.3, 10.4, 9.4, 9.4, 9.5, 10.3, 10.1, 8.4, 8.6, 10.3, 8.7, 9.1, 9.7, 8.6, 9.3, 9.1, 8.7, 8.4, 10.4, 8.9, 9.8, 10.6, 10.7, 9.3, 9.2, 7.6, 9.3, 8.3, 8.0, 8.5, 8.5, 8.1, 8.0, 7.5, 8.3, 8.6, 8.2, 9.4, 8.5, 8.9, 8.5, 8.0, 8.9, 8.5, 8.6, 8.0, 7.8, 7.3, 8.3, 7.3, 8.2, 8.9, 7.7, 8.7, 9.5, 9.5, 8.5, 8.8, 9.6, 9.4, 9.5], 7: [9.2, 9.7, 10.3, 11.8, 11.8, 11.2, 12.2, 11.5, 10.8, 11.1, 12.2, 11.9, 11.9, 13.4, 12.9, 13.1, 14.1, 12.3, 12.7, 13.3, 11.4, 13.4, 12.8, 12.6, 12.6, 13.0, 13.0, 12.7, 13.0, 11.7, 11.9, 11.9, 12.3, 12.7, 13.8, 12.9, 13.4, 13.5, 12.5, 12.3, 12.5, 12.8, 11.2, 12.4, 13.8, 12.4, 10.7, 12.0, 11.9, 11.7, 14.4, 14.5, 12.1, 13.1, 13.4, 13.6, 12.6, 13.3, 13.3, 14.9, 13.1, 14.6, 15.2, 14.0, 13.9, 13.9, 14.3, 12.9, 13.0, 13.5, 15.0, 14.7, 15.4, 14.4, 14.2, 14.2, 14.5, 16.0, 15.5, 14.8, 14.5, 14.7, 15.6, 16.4, 16.5, 15.5, 15.5, 14.9], 8: [7.8, 10.2, 9.5, 11.9, 11.6, 10.8, 9.4, 10.0, 9.6, 10.5, 9.9, 9.9, 10.2, 9.4, 9.8, 8.7, 9.4, 8.8, 9.6, 8.2, 8.0, 8.7, 9.1, 8.8, 8.9, 10.2, 8.3, 8.4, 7.6, 8.6, 8.3, 7.2, 8.5, 8.7, 7.7, 8.7, 8.3, 8.4, 8.6, 8.4, 8.8, 7.8, 8.8, 8.7, 8.0, 8.1, 7.1, 7.0, 6.9, 8.4, 6.1, 6.1, 5.5, 6.3, 6.4, 7.2, 7.2, 7.0, 7.3, 7.6, 7.0, 8.6, 7.6, 7.2, 7.2, 7.0, 7.3, 7.6, 7.2, 7.3, 7.3, 9.0, 9.0, 8.7, 10.5, 9.3, 8.6, 8.7, 8.4, 8.4, 8.8, 8.1, 8.4, 8.0, 8.6, 9.4, 9.1, 8.9], 9: [10.4, 10.8, 9.5, 9.8, 8.9, 8.8, 8.5, 10.6, 9.6, 10.0, 6.8, 8.7, 10.7, 8.9, 9.7, 7.7, 9.0, 9.4, 10.0, 9.5, 9.7, 9.6, 9.4, 8.5, 7.3, 7.6, 9.7, 10.0, 8.1, 9.8, 11.0, 8.9, 10.3, 9.3, 10.3, 8.9, 9.3, 9.7, 10.8, 10.0, 9.6, 9.6, 10.1, 10.1, 9.2, 9.4, 11.1, 8.7, 10.7, 10.9, 9.8, 10.1, 10.9, 9.9, 10.9, 10.6, 9.7, 9.8, 9.9, 9.9, 9.6, 8.9, 9.8, 9.4, 10.4, 9.7, 10.2, 9.5, 9.9, 9.8, 8.4, 7.9, 8.4, 9.9, 8.1, 11.3, 9.7, 9.4, 9.3, 8.7, 9.6, 10.4, 10.4, 10.1, 8.8, 11.2, 9.7, 9.9]}
----------------------------------------
Epoch   1 | Client   0 | Train: loss=0.351, acc= 91.2% | time=175.4ms | Valid: loss=2.444, acc= 48.0% |
Epoch   2 | Client   0 | Train: loss=0.347, acc= 89.9% | time=106.3ms | Valid: loss=3.237, acc= 52.0% |
Epoch   3 | Client   0 | Train: loss=0.041, acc= 98.9% | time=123.7ms | Valid: loss=1.754, acc= 60.0% |
Epoch   4 | Client   0 | Train: loss=0.046, acc= 98.9% | time=100.1ms | Valid: loss=2.035, acc= 68.0% |
Epoch   5 | Client   0 | Train: loss=0.031, acc= 99.2% | time= 90.7ms | Valid: loss=1.659, acc= 72.0% |
----------------------------------------
Epoch   1 | Client   1 | Train: loss=0.006, acc=100.0% | time=161.3ms | Valid: loss=1.515, acc= 64.0% |
Epoch   2 | Client   1 | Train: loss=0.008, acc= 99.8% | time=114.6ms | Valid: loss=1.647, acc= 60.0% |
Epoch   3 | Client   1 | Train: loss=0.003, acc=100.0% | time= 81.8ms | Valid: loss=1.590, acc= 72.0% |
Epoch   4 | Client   1 | Train: loss=0.002, acc=100.0% | time= 79.6ms | Valid: loss=1.303, acc= 76.0% |
Epoch   5 | Client   1 | Train: loss=0.006, acc= 99.8% | time= 78.8ms | Valid: loss=1.518, acc= 60.0% |
Skip Updating GPM for layer: 1
----------------------------------------
Epoch   1 | Client   2 | Train: loss=0.027, acc= 99.2% | time=160.7ms | Valid: loss=2.632, acc= 52.0% |
Epoch   2 | Client   2 | Train: loss=0.113, acc= 95.8% | time= 90.9ms | Valid: loss=2.051, acc= 60.0% |
Epoch   3 | Client   2 | Train: loss=0.012, acc=100.0% | time=101.5ms | Valid: loss=2.224, acc= 48.0% |
Epoch   4 | Client   2 | Train: loss=0.048, acc= 98.1% | time= 87.7ms | Valid: loss=2.642, acc= 56.0% |
Epoch   5 | Client   2 | Train: loss=0.160, acc= 95.2% | time= 77.5ms | Valid: loss=3.192, acc= 52.0% |
----------------------------------------
Epoch   1 | Client   3 | Train: loss=0.029, acc= 99.2% | time=159.2ms | Valid: loss=0.861, acc= 80.0% |
Epoch   2 | Client   3 | Train: loss=0.050, acc= 98.5% | time= 92.1ms | Valid: loss=0.994, acc= 72.0% |
Epoch   3 | Client   3 | Train: loss=0.012, acc= 99.8% | time=111.4ms | Valid: loss=1.062, acc= 80.0% |
Epoch   4 | Client   3 | Train: loss=0.041, acc= 98.7% | time=113.8ms | Valid: loss=1.036, acc= 76.0% |
Epoch   5 | Client   3 | Train: loss=0.016, acc= 99.6% | time=113.4ms | Valid: loss=0.905, acc= 80.0% |
Skip Updating GPM for layer: 1
----------------------------------------
Epoch   1 | Client   4 | Train: loss=0.029, acc= 99.2% | time=189.3ms | Valid: loss=1.572, acc= 60.0% |
Epoch   2 | Client   4 | Train: loss=0.040, acc= 98.5% | time=103.3ms | Valid: loss=1.771, acc= 52.0% |
Epoch   3 | Client   4 | Train: loss=0.051, acc= 98.1% | time= 96.2ms | Valid: loss=2.170, acc= 56.0% |
Epoch   4 | Client   4 | Train: loss=0.056, acc= 98.1% | time= 88.9ms | Valid: loss=1.823, acc= 52.0% |
Epoch   5 | Client   4 | Train: loss=0.062, acc= 97.7% | time= 86.9ms | Valid: loss=1.725, acc= 64.0% |
----------------------------------------
Epoch   1 | Client   5 | Train: loss=0.043, acc= 98.9% | time=162.1ms | Valid: loss=1.349, acc= 72.0% |
Epoch   2 | Client   5 | Train: loss=0.049, acc= 98.5% | time= 89.6ms | Valid: loss=1.499, acc= 68.0% |
Epoch   3 | Client   5 | Train: loss=0.029, acc= 99.2% | time=113.7ms | Valid: loss=0.851, acc= 84.0% |
Epoch   4 | Client   5 | Train: loss=0.008, acc=100.0% | time=113.4ms | Valid: loss=0.756, acc= 88.0% |
Epoch   5 | Client   5 | Train: loss=0.006, acc=100.0% | time=116.0ms | Valid: loss=0.897, acc= 76.0% |
Skip Updating GPM for layer: 1
----------------------------------------
Epoch   1 | Client   6 | Train: loss=0.004, acc=100.0% | time=161.7ms | Valid: loss=1.532, acc= 64.0% |
Epoch   2 | Client   6 | Train: loss=0.014, acc= 99.6% | time=119.4ms | Valid: loss=1.393, acc= 68.0% |
Epoch   3 | Client   6 | Train: loss=0.013, acc= 99.8% | time= 85.6ms | Valid: loss=1.596, acc= 64.0% |
Epoch   4 | Client   6 | Train: loss=0.006, acc= 99.8% | time= 80.7ms | Valid: loss=1.591, acc= 60.0% |
Epoch   5 | Client   6 | Train: loss=0.003, acc=100.0% | time= 78.3ms | Valid: loss=1.319, acc= 68.0% |
Skip Updating GPM for layer: 1
----------------------------------------
Epoch   1 | Client   7 | Train: loss=0.672, acc= 81.1% | time=148.0ms | Valid: loss=3.039, acc= 40.0% |
Epoch   2 | Client   7 | Train: loss=0.126, acc= 94.9% | time= 91.0ms | Valid: loss=3.645, acc= 32.0% |
Epoch   3 | Client   7 | Train: loss=0.357, acc= 89.1% | time= 86.1ms | Valid: loss=4.043, acc= 40.0% |
Epoch   4 | Client   7 | Train: loss=0.221, acc= 93.3% | time= 77.8ms | Valid: loss=3.604, acc= 40.0% |
Epoch   5 | Client   7 | Train: loss=0.071, acc= 97.9% | time= 76.7ms | Valid: loss=3.731, acc= 44.0% |
----------------------------------------
Epoch   1 | Client   8 | Train: loss=0.009, acc=100.0% | time=155.0ms | Valid: loss=0.973, acc= 80.0% |
Epoch   2 | Client   8 | Train: loss=0.004, acc=100.0% | time= 91.3ms | Valid: loss=1.169, acc= 72.0% |
Epoch   3 | Client   8 | Train: loss=0.014, acc= 99.8% | time= 85.3ms | Valid: loss=1.110, acc= 76.0% |
Epoch   4 | Client   8 | Train: loss=0.057, acc= 98.9% | time= 89.6ms | Valid: loss=1.328, acc= 64.0% |
Epoch   5 | Client   8 | Train: loss=0.008, acc= 99.8% | time=114.3ms | Valid: loss=1.507, acc= 76.0% |
Skip Updating GPM for layer: 1
----------------------------------------
Epoch   1 | Client   9 | Train: loss=0.023, acc= 99.4% | time=154.7ms | Valid: loss=1.779, acc= 68.0% |
Epoch   2 | Client   9 | Train: loss=0.039, acc= 98.9% | time=107.7ms | Valid: loss=1.858, acc= 64.0% |
Epoch   3 | Client   9 | Train: loss=0.006, acc= 99.8% | time=105.6ms | Valid: loss=2.151, acc= 52.0% |
Epoch   4 | Client   9 | Train: loss=0.010, acc= 99.6% | time= 80.8ms | Valid: loss=2.161, acc= 56.0% |
Epoch   5 | Client   9 | Train: loss=0.084, acc= 98.1% | time= 78.5ms | Valid: loss=2.326, acc= 60.0% |
Skip Updating GPM for layer: 1
----------------------------------------
G-Epoch:  18, Test: loss=1.582 , acc= 65.7%
****************************************
Task:   0, G-Epoch:  18, Test: loss=3.064 , acc= 46.9%
Task:   1, G-Epoch:  18, Test: loss=2.826 , acc= 44.9%
Task:   2, G-Epoch:  18, Test: loss=1.577 , acc= 66.0%
Task:   3, G-Epoch:  18, Test: loss=2.304 , acc= 11.1%
Task:   4, G-Epoch:  18, Test: loss=2.325 , acc=  8.7%
Task:   5, G-Epoch:  18, Test: loss=2.295 , acc=  9.9%
Task:   6, G-Epoch:  18, Test: loss=2.312 , acc=  9.0%
Task:   7, G-Epoch:  18, Test: loss=2.299 , acc= 14.8%
Task:   8, G-Epoch:  18, Test: loss=2.310 , acc=  8.3%
Task:   9, G-Epoch:  18, Test: loss=2.308 , acc= 10.8%
{0: [39.3, 45.7, 48.7, 48.8, 51.1, 52.3, 53.9, 51.6, 55.6, 54.8, 53.3, 54.9, 58.1, 57.8, 55.8, 58.5, 58.6, 58.9, 57.4, 60.4, 61.3, 56.9, 60.1, 60.2, 60.8, 60.2, 60.8, 61.6, 61.5, 61.0, 62.5, 62.5, 64.4, 61.7, 62.6, 62.6, 63.1, 63.9, 65.4, 63.5, 65.0, 63.8, 64.1, 65.7, 66.4, 65.1, 63.0, 66.9, 65.3, 66.5, 68.2, 66.5, 65.4, 65.8, 64.3, 63.8, 64.5, 62.4, 61.7, 61.1, 60.5, 58.7, 57.8, 58.2, 58.3, 55.9, 54.1, 51.9, 52.1, 51.0, 53.7, 53.0, 52.1, 51.7, 52.5, 51.0, 50.5, 50.8, 50.9, 51.6, 47.8, 48.7, 48.5, 49.4, 48.5, 49.6, 48.7, 47.6, 46.9], 1: [10.2, 9.5, 11.1, 11.0, 9.3, 10.0, 10.6, 10.7, 11.2, 8.9, 9.1, 10.8, 10.8, 10.3, 9.9, 9.1, 11.7, 10.1, 10.2, 11.4, 8.8, 9.8, 10.9, 9.7, 9.2, 9.7, 10.1, 9.5, 9.9, 9.0, 9.4, 9.2, 9.6, 8.9, 9.1, 8.4, 8.4, 8.8, 10.2, 8.7, 8.9, 10.8, 8.1, 9.5, 9.5, 9.3, 10.3, 10.0, 9.3, 9.6, 49.7, 53.7, 57.3, 56.8, 58.2, 56.9, 59.3, 58.9, 59.6, 58.5, 59.5, 59.5, 60.8, 58.1, 58.5, 59.3, 59.4, 58.8, 60.4, 59.6, 56.2, 54.6, 52.9, 51.7, 52.2, 52.6, 50.7, 50.1, 51.0, 48.7, 49.4, 48.5, 47.1, 48.0, 47.2, 45.8, 47.7, 45.6, 44.9], 2: [10.3, 10.5, 9.7, 11.4, 11.1, 9.9, 8.6, 8.9, 9.1, 8.7, 9.4, 9.6, 7.7, 10.1, 10.4, 8.9, 9.1, 9.5, 10.8, 8.4, 8.5, 8.8, 9.1, 8.5, 9.7, 10.0, 9.4, 9.9, 9.9, 9.5, 8.9, 8.9, 9.1, 9.7, 9.7, 9.8, 9.4, 9.9, 9.1, 9.1, 9.2, 9.9, 9.7, 9.4, 8.0, 10.1, 10.6, 9.1, 9.6, 9.0, 9.4, 11.1, 11.1, 9.6, 9.4, 11.5, 10.8, 9.3, 10.8, 8.4, 9.6, 9.3, 9.7, 10.1, 10.9, 10.4, 9.9, 10.2, 9.5, 10.1, 56.7, 61.3, 62.3, 63.5, 63.5, 64.8, 64.3, 66.1, 66.1, 66.1, 67.2, 68.3, 66.5, 66.6, 67.0, 67.4, 67.4, 67.5, 66.0], 3: [10.3, 9.9, 8.6, 9.7, 9.2, 9.4, 9.3, 10.7, 11.6, 11.0, 11.6, 11.9, 11.3, 11.4, 12.4, 11.7, 11.1, 11.2, 11.9, 12.5, 13.1, 12.2, 13.1, 12.0, 12.6, 11.9, 12.0, 12.8, 13.5, 12.1, 12.1, 11.7, 11.8, 12.4, 12.6, 11.4, 12.7, 13.3, 13.2, 12.1, 12.3, 12.5, 13.4, 13.2, 13.5, 12.3, 11.5, 12.1, 12.0, 13.0, 10.4, 11.3, 11.9, 10.9, 10.6, 11.5, 10.8, 9.7, 12.1, 11.0, 11.6, 11.6, 11.3, 10.6, 10.6, 11.2, 10.5, 10.4, 10.5, 9.6, 8.5, 10.0, 10.2, 10.6, 10.2, 12.1, 11.2, 11.3, 10.1, 11.6, 11.4, 11.6, 9.8, 10.6, 12.1, 12.2, 11.2, 11.2, 11.1], 4: [11.0, 10.0, 10.7, 9.8, 10.8, 10.1, 10.0, 10.9, 10.2, 10.0, 10.2, 9.9, 9.6, 9.1, 8.8, 10.7, 9.8, 9.2, 9.6, 10.3, 8.5, 10.1, 9.6, 9.5, 9.6, 10.4, 10.6, 9.3, 8.9, 8.8, 9.3, 10.3, 10.1, 11.1, 9.8, 11.7, 9.9, 9.1, 10.5, 10.7, 10.0, 10.0, 9.9, 9.4, 9.2, 9.0, 10.6, 9.4, 10.1, 10.3, 12.5, 12.4, 12.1, 11.4, 11.1, 10.9, 10.9, 9.9, 10.6, 11.1, 11.0, 10.0, 10.2, 10.3, 11.0, 9.4, 10.2, 10.4, 9.5, 10.1, 9.2, 9.4, 9.2, 8.7, 9.8, 8.6, 8.3, 8.7, 8.9, 9.1, 8.8, 8.9, 7.0, 8.7, 8.6, 8.2, 9.0, 9.0, 8.7], 5: [9.1, 9.4, 10.6, 12.1, 10.5, 10.8, 11.3, 10.7, 10.6, 12.6, 12.5, 11.6, 11.5, 11.1, 10.8, 10.5, 11.1, 11.6, 10.7, 11.8, 10.6, 11.0, 10.2, 10.9, 9.6, 10.6, 9.6, 10.5, 9.3, 8.3, 9.5, 9.2, 9.6, 10.2, 9.2, 9.2, 10.1, 8.9, 9.3, 8.5, 8.8, 9.3, 9.1, 8.6, 9.9, 10.1, 9.0, 10.0, 8.2, 8.3, 8.9, 8.6, 8.5, 9.5, 9.6, 8.6, 9.0, 9.4, 9.4, 8.0, 8.3, 9.1, 9.0, 8.2, 8.7, 8.2, 8.2, 8.9, 8.9, 8.5, 9.6, 10.0, 8.8, 9.3, 9.3, 8.9, 9.5, 8.6, 10.5, 10.2, 9.8, 10.3, 9.1, 9.8, 9.7, 10.5, 10.7, 9.6, 9.9], 6: [10.1, 9.9, 12.1, 10.8, 10.4, 9.4, 9.2, 10.1, 11.1, 9.8, 10.4, 11.0, 10.9, 11.0, 13.0, 12.2, 10.5, 11.5, 10.0, 11.8, 9.6, 11.3, 10.6, 9.3, 9.4, 9.0, 10.5, 9.3, 10.4, 9.4, 9.4, 9.5, 10.3, 10.1, 8.4, 8.6, 10.3, 8.7, 9.1, 9.7, 8.6, 9.3, 9.1, 8.7, 8.4, 10.4, 8.9, 9.8, 10.6, 10.7, 9.3, 9.2, 7.6, 9.3, 8.3, 8.0, 8.5, 8.5, 8.1, 8.0, 7.5, 8.3, 8.6, 8.2, 9.4, 8.5, 8.9, 8.5, 8.0, 8.9, 8.5, 8.6, 8.0, 7.8, 7.3, 8.3, 7.3, 8.2, 8.9, 7.7, 8.7, 9.5, 9.5, 8.5, 8.8, 9.6, 9.4, 9.5, 9.0], 7: [9.2, 9.7, 10.3, 11.8, 11.8, 11.2, 12.2, 11.5, 10.8, 11.1, 12.2, 11.9, 11.9, 13.4, 12.9, 13.1, 14.1, 12.3, 12.7, 13.3, 11.4, 13.4, 12.8, 12.6, 12.6, 13.0, 13.0, 12.7, 13.0, 11.7, 11.9, 11.9, 12.3, 12.7, 13.8, 12.9, 13.4, 13.5, 12.5, 12.3, 12.5, 12.8, 11.2, 12.4, 13.8, 12.4, 10.7, 12.0, 11.9, 11.7, 14.4, 14.5, 12.1, 13.1, 13.4, 13.6, 12.6, 13.3, 13.3, 14.9, 13.1, 14.6, 15.2, 14.0, 13.9, 13.9, 14.3, 12.9, 13.0, 13.5, 15.0, 14.7, 15.4, 14.4, 14.2, 14.2, 14.5, 16.0, 15.5, 14.8, 14.5, 14.7, 15.6, 16.4, 16.5, 15.5, 15.5, 14.9, 14.8], 8: [7.8, 10.2, 9.5, 11.9, 11.6, 10.8, 9.4, 10.0, 9.6, 10.5, 9.9, 9.9, 10.2, 9.4, 9.8, 8.7, 9.4, 8.8, 9.6, 8.2, 8.0, 8.7, 9.1, 8.8, 8.9, 10.2, 8.3, 8.4, 7.6, 8.6, 8.3, 7.2, 8.5, 8.7, 7.7, 8.7, 8.3, 8.4, 8.6, 8.4, 8.8, 7.8, 8.8, 8.7, 8.0, 8.1, 7.1, 7.0, 6.9, 8.4, 6.1, 6.1, 5.5, 6.3, 6.4, 7.2, 7.2, 7.0, 7.3, 7.6, 7.0, 8.6, 7.6, 7.2, 7.2, 7.0, 7.3, 7.6, 7.2, 7.3, 7.3, 9.0, 9.0, 8.7, 10.5, 9.3, 8.6, 8.7, 8.4, 8.4, 8.8, 8.1, 8.4, 8.0, 8.6, 9.4, 9.1, 8.9, 8.3], 9: [10.4, 10.8, 9.5, 9.8, 8.9, 8.8, 8.5, 10.6, 9.6, 10.0, 6.8, 8.7, 10.7, 8.9, 9.7, 7.7, 9.0, 9.4, 10.0, 9.5, 9.7, 9.6, 9.4, 8.5, 7.3, 7.6, 9.7, 10.0, 8.1, 9.8, 11.0, 8.9, 10.3, 9.3, 10.3, 8.9, 9.3, 9.7, 10.8, 10.0, 9.6, 9.6, 10.1, 10.1, 9.2, 9.4, 11.1, 8.7, 10.7, 10.9, 9.8, 10.1, 10.9, 9.9, 10.9, 10.6, 9.7, 9.8, 9.9, 9.9, 9.6, 8.9, 9.8, 9.4, 10.4, 9.7, 10.2, 9.5, 9.9, 9.8, 8.4, 7.9, 8.4, 9.9, 8.1, 11.3, 9.7, 9.4, 9.3, 8.7, 9.6, 10.4, 10.4, 10.1, 8.8, 11.2, 9.7, 9.9, 10.8]}
----------------------------------------
Epoch   1 | Client   0 | Train: loss=0.016, acc= 99.6% | time=145.2ms | Valid: loss=1.356, acc= 72.0% |
Epoch   2 | Client   0 | Train: loss=0.015, acc= 99.6% | time= 88.2ms | Valid: loss=1.795, acc= 72.0% |
Epoch   3 | Client   0 | Train: loss=0.004, acc=100.0% | time= 87.5ms | Valid: loss=1.857, acc= 60.0% |
Epoch   4 | Client   0 | Train: loss=0.004, acc=100.0% | time= 88.1ms | Valid: loss=2.116, acc= 64.0% |
Epoch   5 | Client   0 | Train: loss=0.005, acc=100.0% | time= 83.5ms | Valid: loss=1.995, acc= 56.0% |
----------------------------------------
Epoch   1 | Client   1 | Train: loss=0.018, acc= 99.6% | time=174.1ms | Valid: loss=1.832, acc= 64.0% |
Epoch   2 | Client   1 | Train: loss=0.042, acc= 98.9% | time= 89.4ms | Valid: loss=1.687, acc= 64.0% |
Epoch   3 | Client   1 | Train: loss=0.010, acc= 99.6% | time=113.9ms | Valid: loss=1.780, acc= 68.0% |
Epoch   4 | Client   1 | Train: loss=0.006, acc=100.0% | time=116.4ms | Valid: loss=1.734, acc= 64.0% |
Epoch   5 | Client   1 | Train: loss=0.004, acc=100.0% | time=119.8ms | Valid: loss=1.831, acc= 72.0% |
Skip Updating GPM for layer: 1
----------------------------------------
Epoch   1 | Client   2 | Train: loss=0.008, acc=100.0% | time=158.3ms | Valid: loss=2.450, acc= 60.0% |
Epoch   2 | Client   2 | Train: loss=0.010, acc= 99.8% | time= 87.1ms | Valid: loss=2.268, acc= 64.0% |
Epoch   3 | Client   2 | Train: loss=0.086, acc= 97.1% | time= 73.7ms | Valid: loss=2.790, acc= 52.0% |
Epoch   4 | Client   2 | Train: loss=0.016, acc= 99.4% | time= 74.6ms | Valid: loss=2.472, acc= 52.0% |
Epoch   5 | Client   2 | Train: loss=0.011, acc= 99.8% | time=105.4ms | Valid: loss=2.490, acc= 60.0% |
----------------------------------------
Epoch   1 | Client   3 | Train: loss=0.056, acc= 98.1% | time=157.8ms | Valid: loss=1.086, acc= 68.0% |
Epoch   2 | Client   3 | Train: loss=0.044, acc= 98.7% | time= 92.2ms | Valid: loss=1.297, acc= 80.0% |
Epoch   3 | Client   3 | Train: loss=0.028, acc= 99.2% | time= 83.8ms | Valid: loss=1.193, acc= 80.0% |
Epoch   4 | Client   3 | Train: loss=0.026, acc= 99.4% | time= 82.2ms | Valid: loss=1.108, acc= 80.0% |
Epoch   5 | Client   3 | Train: loss=0.009, acc= 99.6% | time= 81.4ms | Valid: loss=0.978, acc= 80.0% |
Skip Updating GPM for layer: 1
----------------------------------------
Epoch   1 | Client   4 | Train: loss=0.047, acc= 98.9% | time=138.7ms | Valid: loss=1.441, acc= 72.0% |
Epoch   2 | Client   4 | Train: loss=0.020, acc= 99.6% | time= 97.2ms | Valid: loss=1.878, acc= 60.0% |
Epoch   3 | Client   4 | Train: loss=0.033, acc= 99.2% | time= 92.2ms | Valid: loss=1.730, acc= 60.0% |
Epoch   4 | Client   4 | Train: loss=0.012, acc= 99.8% | time= 80.9ms | Valid: loss=1.421, acc= 64.0% |
Epoch   5 | Client   4 | Train: loss=0.009, acc= 99.8% | time= 77.7ms | Valid: loss=1.488, acc= 72.0% |
----------------------------------------
Epoch   1 | Client   5 | Train: loss=0.014, acc= 99.6% | time=162.4ms | Valid: loss=0.884, acc= 76.0% |
Epoch   2 | Client   5 | Train: loss=0.010, acc=100.0% | time= 90.8ms | Valid: loss=0.968, acc= 76.0% |
Epoch   3 | Client   5 | Train: loss=0.008, acc= 99.8% | time= 89.9ms | Valid: loss=0.974, acc= 72.0% |
Epoch   4 | Client   5 | Train: loss=0.005, acc=100.0% | time= 79.6ms | Valid: loss=0.739, acc= 76.0% |
Epoch   5 | Client   5 | Train: loss=0.005, acc=100.0% | time= 78.7ms | Valid: loss=0.813, acc= 76.0% |
Skip Updating GPM for layer: 1
----------------------------------------
Epoch   1 | Client   6 | Train: loss=0.005, acc=100.0% | time=152.5ms | Valid: loss=1.282, acc= 64.0% |
Epoch   2 | Client   6 | Train: loss=0.056, acc= 98.9% | time= 93.4ms | Valid: loss=1.541, acc= 76.0% |
Epoch   3 | Client   6 | Train: loss=0.008, acc=100.0% | time= 80.4ms | Valid: loss=1.704, acc= 68.0% |
Epoch   4 | Client   6 | Train: loss=0.011, acc= 99.6% | time= 81.4ms | Valid: loss=1.408, acc= 64.0% |
Epoch   5 | Client   6 | Train: loss=0.145, acc= 96.8% | time= 78.3ms | Valid: loss=1.741, acc= 68.0% |
Skip Updating GPM for layer: 1
----------------------------------------
Epoch   1 | Client   7 | Train: loss=0.128, acc= 96.2% | time=182.2ms | Valid: loss=2.801, acc= 44.0% |
Epoch   2 | Client   7 | Train: loss=0.039, acc= 98.7% | time= 86.9ms | Valid: loss=2.512, acc= 56.0% |
Epoch   3 | Client   7 | Train: loss=0.023, acc= 99.4% | time= 82.3ms | Valid: loss=2.719, acc= 52.0% |
Epoch   4 | Client   7 | Train: loss=0.026, acc= 99.6% | time= 84.1ms | Valid: loss=2.713, acc= 56.0% |
Epoch   5 | Client   7 | Train: loss=0.041, acc= 98.5% | time= 78.6ms | Valid: loss=2.826, acc= 52.0% |
----------------------------------------
Epoch   1 | Client   8 | Train: loss=0.030, acc= 99.2% | time=164.3ms | Valid: loss=1.148, acc= 76.0% |
Epoch   2 | Client   8 | Train: loss=0.014, acc= 99.6% | time= 88.9ms | Valid: loss=0.816, acc= 84.0% |
Epoch   3 | Client   8 | Train: loss=0.018, acc= 99.4% | time= 88.6ms | Valid: loss=1.005, acc= 80.0% |
Epoch   4 | Client   8 | Train: loss=0.006, acc=100.0% | time= 84.0ms | Valid: loss=0.840, acc= 80.0% |
Epoch   5 | Client   8 | Train: loss=0.008, acc= 99.8% | time= 79.1ms | Valid: loss=1.045, acc= 76.0% |
Skip Updating GPM for layer: 1
----------------------------------------
Epoch   1 | Client   9 | Train: loss=0.008, acc=100.0% | time=173.2ms | Valid: loss=1.682, acc= 64.0% |
Epoch   2 | Client   9 | Train: loss=0.014, acc= 99.8% | time= 94.7ms | Valid: loss=2.102, acc= 68.0% |
Epoch   3 | Client   9 | Train: loss=0.007, acc=100.0% | time= 83.4ms | Valid: loss=1.947, acc= 64.0% |
Epoch   4 | Client   9 | Train: loss=0.052, acc= 97.9% | time= 80.8ms | Valid: loss=1.955, acc= 60.0% |
Epoch   5 | Client   9 | Train: loss=0.033, acc= 98.7% | time= 78.7ms | Valid: loss=1.813, acc= 64.0% |
Skip Updating GPM for layer: 1
----------------------------------------
G-Epoch:  19, Test: loss=1.484 , acc= 68.4%
****************************************
Task:   0, G-Epoch:  19, Test: loss=3.054 , acc= 46.9%
Task:   1, G-Epoch:  19, Test: loss=2.764 , acc= 44.7%
Task:   2, G-Epoch:  19, Test: loss=1.444 , acc= 68.6%
Task:   3, G-Epoch:  19, Test: loss=2.303 , acc= 11.8%
Task:   4, G-Epoch:  19, Test: loss=2.326 , acc=  9.8%
Task:   5, G-Epoch:  19, Test: loss=2.295 , acc= 10.5%
Task:   6, G-Epoch:  19, Test: loss=2.309 , acc=  9.4%
Task:   7, G-Epoch:  19, Test: loss=2.301 , acc= 14.0%
Task:   8, G-Epoch:  19, Test: loss=2.312 , acc=  8.6%
Task:   9, G-Epoch:  19, Test: loss=2.307 , acc=  9.8%
{0: [39.3, 45.7, 48.7, 48.8, 51.1, 52.3, 53.9, 51.6, 55.6, 54.8, 53.3, 54.9, 58.1, 57.8, 55.8, 58.5, 58.6, 58.9, 57.4, 60.4, 61.3, 56.9, 60.1, 60.2, 60.8, 60.2, 60.8, 61.6, 61.5, 61.0, 62.5, 62.5, 64.4, 61.7, 62.6, 62.6, 63.1, 63.9, 65.4, 63.5, 65.0, 63.8, 64.1, 65.7, 66.4, 65.1, 63.0, 66.9, 65.3, 66.5, 68.2, 66.5, 65.4, 65.8, 64.3, 63.8, 64.5, 62.4, 61.7, 61.1, 60.5, 58.7, 57.8, 58.2, 58.3, 55.9, 54.1, 51.9, 52.1, 51.0, 53.7, 53.0, 52.1, 51.7, 52.5, 51.0, 50.5, 50.8, 50.9, 51.6, 47.8, 48.7, 48.5, 49.4, 48.5, 49.6, 48.7, 47.6, 46.9, 46.9], 1: [10.2, 9.5, 11.1, 11.0, 9.3, 10.0, 10.6, 10.7, 11.2, 8.9, 9.1, 10.8, 10.8, 10.3, 9.9, 9.1, 11.7, 10.1, 10.2, 11.4, 8.8, 9.8, 10.9, 9.7, 9.2, 9.7, 10.1, 9.5, 9.9, 9.0, 9.4, 9.2, 9.6, 8.9, 9.1, 8.4, 8.4, 8.8, 10.2, 8.7, 8.9, 10.8, 8.1, 9.5, 9.5, 9.3, 10.3, 10.0, 9.3, 9.6, 49.7, 53.7, 57.3, 56.8, 58.2, 56.9, 59.3, 58.9, 59.6, 58.5, 59.5, 59.5, 60.8, 58.1, 58.5, 59.3, 59.4, 58.8, 60.4, 59.6, 56.2, 54.6, 52.9, 51.7, 52.2, 52.6, 50.7, 50.1, 51.0, 48.7, 49.4, 48.5, 47.1, 48.0, 47.2, 45.8, 47.7, 45.6, 44.9, 44.7], 2: [10.3, 10.5, 9.7, 11.4, 11.1, 9.9, 8.6, 8.9, 9.1, 8.7, 9.4, 9.6, 7.7, 10.1, 10.4, 8.9, 9.1, 9.5, 10.8, 8.4, 8.5, 8.8, 9.1, 8.5, 9.7, 10.0, 9.4, 9.9, 9.9, 9.5, 8.9, 8.9, 9.1, 9.7, 9.7, 9.8, 9.4, 9.9, 9.1, 9.1, 9.2, 9.9, 9.7, 9.4, 8.0, 10.1, 10.6, 9.1, 9.6, 9.0, 9.4, 11.1, 11.1, 9.6, 9.4, 11.5, 10.8, 9.3, 10.8, 8.4, 9.6, 9.3, 9.7, 10.1, 10.9, 10.4, 9.9, 10.2, 9.5, 10.1, 56.7, 61.3, 62.3, 63.5, 63.5, 64.8, 64.3, 66.1, 66.1, 66.1, 67.2, 68.3, 66.5, 66.6, 67.0, 67.4, 67.4, 67.5, 66.0, 68.6], 3: [10.3, 9.9, 8.6, 9.7, 9.2, 9.4, 9.3, 10.7, 11.6, 11.0, 11.6, 11.9, 11.3, 11.4, 12.4, 11.7, 11.1, 11.2, 11.9, 12.5, 13.1, 12.2, 13.1, 12.0, 12.6, 11.9, 12.0, 12.8, 13.5, 12.1, 12.1, 11.7, 11.8, 12.4, 12.6, 11.4, 12.7, 13.3, 13.2, 12.1, 12.3, 12.5, 13.4, 13.2, 13.5, 12.3, 11.5, 12.1, 12.0, 13.0, 10.4, 11.3, 11.9, 10.9, 10.6, 11.5, 10.8, 9.7, 12.1, 11.0, 11.6, 11.6, 11.3, 10.6, 10.6, 11.2, 10.5, 10.4, 10.5, 9.6, 8.5, 10.0, 10.2, 10.6, 10.2, 12.1, 11.2, 11.3, 10.1, 11.6, 11.4, 11.6, 9.8, 10.6, 12.1, 12.2, 11.2, 11.2, 11.1, 11.8], 4: [11.0, 10.0, 10.7, 9.8, 10.8, 10.1, 10.0, 10.9, 10.2, 10.0, 10.2, 9.9, 9.6, 9.1, 8.8, 10.7, 9.8, 9.2, 9.6, 10.3, 8.5, 10.1, 9.6, 9.5, 9.6, 10.4, 10.6, 9.3, 8.9, 8.8, 9.3, 10.3, 10.1, 11.1, 9.8, 11.7, 9.9, 9.1, 10.5, 10.7, 10.0, 10.0, 9.9, 9.4, 9.2, 9.0, 10.6, 9.4, 10.1, 10.3, 12.5, 12.4, 12.1, 11.4, 11.1, 10.9, 10.9, 9.9, 10.6, 11.1, 11.0, 10.0, 10.2, 10.3, 11.0, 9.4, 10.2, 10.4, 9.5, 10.1, 9.2, 9.4, 9.2, 8.7, 9.8, 8.6, 8.3, 8.7, 8.9, 9.1, 8.8, 8.9, 7.0, 8.7, 8.6, 8.2, 9.0, 9.0, 8.7, 9.8], 5: [9.1, 9.4, 10.6, 12.1, 10.5, 10.8, 11.3, 10.7, 10.6, 12.6, 12.5, 11.6, 11.5, 11.1, 10.8, 10.5, 11.1, 11.6, 10.7, 11.8, 10.6, 11.0, 10.2, 10.9, 9.6, 10.6, 9.6, 10.5, 9.3, 8.3, 9.5, 9.2, 9.6, 10.2, 9.2, 9.2, 10.1, 8.9, 9.3, 8.5, 8.8, 9.3, 9.1, 8.6, 9.9, 10.1, 9.0, 10.0, 8.2, 8.3, 8.9, 8.6, 8.5, 9.5, 9.6, 8.6, 9.0, 9.4, 9.4, 8.0, 8.3, 9.1, 9.0, 8.2, 8.7, 8.2, 8.2, 8.9, 8.9, 8.5, 9.6, 10.0, 8.8, 9.3, 9.3, 8.9, 9.5, 8.6, 10.5, 10.2, 9.8, 10.3, 9.1, 9.8, 9.7, 10.5, 10.7, 9.6, 9.9, 10.5], 6: [10.1, 9.9, 12.1, 10.8, 10.4, 9.4, 9.2, 10.1, 11.1, 9.8, 10.4, 11.0, 10.9, 11.0, 13.0, 12.2, 10.5, 11.5, 10.0, 11.8, 9.6, 11.3, 10.6, 9.3, 9.4, 9.0, 10.5, 9.3, 10.4, 9.4, 9.4, 9.5, 10.3, 10.1, 8.4, 8.6, 10.3, 8.7, 9.1, 9.7, 8.6, 9.3, 9.1, 8.7, 8.4, 10.4, 8.9, 9.8, 10.6, 10.7, 9.3, 9.2, 7.6, 9.3, 8.3, 8.0, 8.5, 8.5, 8.1, 8.0, 7.5, 8.3, 8.6, 8.2, 9.4, 8.5, 8.9, 8.5, 8.0, 8.9, 8.5, 8.6, 8.0, 7.8, 7.3, 8.3, 7.3, 8.2, 8.9, 7.7, 8.7, 9.5, 9.5, 8.5, 8.8, 9.6, 9.4, 9.5, 9.0, 9.4], 7: [9.2, 9.7, 10.3, 11.8, 11.8, 11.2, 12.2, 11.5, 10.8, 11.1, 12.2, 11.9, 11.9, 13.4, 12.9, 13.1, 14.1, 12.3, 12.7, 13.3, 11.4, 13.4, 12.8, 12.6, 12.6, 13.0, 13.0, 12.7, 13.0, 11.7, 11.9, 11.9, 12.3, 12.7, 13.8, 12.9, 13.4, 13.5, 12.5, 12.3, 12.5, 12.8, 11.2, 12.4, 13.8, 12.4, 10.7, 12.0, 11.9, 11.7, 14.4, 14.5, 12.1, 13.1, 13.4, 13.6, 12.6, 13.3, 13.3, 14.9, 13.1, 14.6, 15.2, 14.0, 13.9, 13.9, 14.3, 12.9, 13.0, 13.5, 15.0, 14.7, 15.4, 14.4, 14.2, 14.2, 14.5, 16.0, 15.5, 14.8, 14.5, 14.7, 15.6, 16.4, 16.5, 15.5, 15.5, 14.9, 14.8, 14.0], 8: [7.8, 10.2, 9.5, 11.9, 11.6, 10.8, 9.4, 10.0, 9.6, 10.5, 9.9, 9.9, 10.2, 9.4, 9.8, 8.7, 9.4, 8.8, 9.6, 8.2, 8.0, 8.7, 9.1, 8.8, 8.9, 10.2, 8.3, 8.4, 7.6, 8.6, 8.3, 7.2, 8.5, 8.7, 7.7, 8.7, 8.3, 8.4, 8.6, 8.4, 8.8, 7.8, 8.8, 8.7, 8.0, 8.1, 7.1, 7.0, 6.9, 8.4, 6.1, 6.1, 5.5, 6.3, 6.4, 7.2, 7.2, 7.0, 7.3, 7.6, 7.0, 8.6, 7.6, 7.2, 7.2, 7.0, 7.3, 7.6, 7.2, 7.3, 7.3, 9.0, 9.0, 8.7, 10.5, 9.3, 8.6, 8.7, 8.4, 8.4, 8.8, 8.1, 8.4, 8.0, 8.6, 9.4, 9.1, 8.9, 8.3, 8.6], 9: [10.4, 10.8, 9.5, 9.8, 8.9, 8.8, 8.5, 10.6, 9.6, 10.0, 6.8, 8.7, 10.7, 8.9, 9.7, 7.7, 9.0, 9.4, 10.0, 9.5, 9.7, 9.6, 9.4, 8.5, 7.3, 7.6, 9.7, 10.0, 8.1, 9.8, 11.0, 8.9, 10.3, 9.3, 10.3, 8.9, 9.3, 9.7, 10.8, 10.0, 9.6, 9.6, 10.1, 10.1, 9.2, 9.4, 11.1, 8.7, 10.7, 10.9, 9.8, 10.1, 10.9, 9.9, 10.9, 10.6, 9.7, 9.8, 9.9, 9.9, 9.6, 8.9, 9.8, 9.4, 10.4, 9.7, 10.2, 9.5, 9.9, 9.8, 8.4, 7.9, 8.4, 9.9, 8.1, 11.3, 9.7, 9.4, 9.3, 8.7, 9.6, 10.4, 10.4, 10.1, 8.8, 11.2, 9.7, 9.9, 10.8, 9.8]}
Accuracies =
	 66.7%   0.0%   0.0%   0.0%   0.0%   0.0%   0.0%   0.0%   0.0%   0.0% 
	 50.1%  59.6%   0.0%   0.0%   0.0%   0.0%   0.0%   0.0%   0.0%   0.0% 
	 47.3%  44.3%  67.8%   0.0%   0.0%   0.0%   0.0%   0.0%   0.0%   0.0% 
----------------------------------------------------------------------------------------------------
Task ID :3 | Learning Rate : 0.01
----------------------------------------------------------------------------------------------------
----------------------------------------
Epoch   1 | Client   0 | Train: loss=1.847, acc= 50.7% | time=151.4ms | Valid: loss=1.990, acc= 36.0% |
Epoch   2 | Client   0 | Train: loss=1.504, acc= 56.8% | time= 91.9ms | Valid: loss=1.679, acc= 36.0% |
Epoch   3 | Client   0 | Train: loss=1.267, acc= 57.3% | time= 83.4ms | Valid: loss=1.639, acc= 44.0% |
Epoch   4 | Client   0 | Train: loss=1.084, acc= 65.1% | time= 76.5ms | Valid: loss=1.553, acc= 52.0% |
Epoch   5 | Client   0 | Train: loss=0.943, acc= 70.9% | time= 76.3ms | Valid: loss=1.557, acc= 48.0% |
----------------------------------------
Epoch   1 | Client   1 | Train: loss=1.840, acc= 43.6% | time=164.5ms | Valid: loss=1.933, acc= 36.0% |
Epoch   2 | Client   1 | Train: loss=1.489, acc= 50.9% | time= 97.3ms | Valid: loss=1.731, acc= 40.0% |
Epoch   3 | Client   1 | Train: loss=1.219, acc= 61.7% | time= 82.8ms | Valid: loss=1.607, acc= 40.0% |
Epoch   4 | Client   1 | Train: loss=1.018, acc= 67.6% | time= 80.4ms | Valid: loss=1.521, acc= 32.0% |
Epoch   5 | Client   1 | Train: loss=0.801, acc= 74.1% | time= 78.6ms | Valid: loss=1.478, acc= 40.0% |
Skip Updating GPM for layer: 1
----------------------------------------
Epoch   1 | Client   2 | Train: loss=1.822, acc= 45.1% | time=160.4ms | Valid: loss=1.927, acc= 40.0% |
Epoch   2 | Client   2 | Train: loss=1.476, acc= 53.5% | time= 90.5ms | Valid: loss=1.803, acc= 24.0% |
Epoch   3 | Client   2 | Train: loss=1.212, acc= 60.4% | time= 90.1ms | Valid: loss=1.789, acc= 28.0% |
Epoch   4 | Client   2 | Train: loss=1.002, acc= 70.1% | time= 78.7ms | Valid: loss=1.693, acc= 32.0% |
Epoch   5 | Client   2 | Train: loss=0.846, acc= 72.8% | time= 79.6ms | Valid: loss=1.720, acc= 32.0% |
----------------------------------------
Epoch   1 | Client   3 | Train: loss=1.831, acc= 44.8% | time=137.6ms | Valid: loss=1.798, acc= 52.0% |
Epoch   2 | Client   3 | Train: loss=1.435, acc= 57.7% | time= 92.4ms | Valid: loss=1.458, acc= 72.0% |
Epoch   3 | Client   3 | Train: loss=1.212, acc= 60.6% | time= 89.4ms | Valid: loss=1.239, acc= 80.0% |
Epoch   4 | Client   3 | Train: loss=1.031, acc= 69.5% | time= 82.8ms | Valid: loss=1.267, acc= 68.0% |
Epoch   5 | Client   3 | Train: loss=0.848, acc= 74.5% | time= 79.1ms | Valid: loss=1.165, acc= 72.0% |
Skip Updating GPM for layer: 1
----------------------------------------
Epoch   1 | Client   4 | Train: loss=1.914, acc= 36.0% | time=153.6ms | Valid: loss=1.874, acc= 44.0% |
Epoch   2 | Client   4 | Train: loss=1.567, acc= 49.9% | time=111.5ms | Valid: loss=1.551, acc= 52.0% |
Epoch   3 | Client   4 | Train: loss=1.305, acc= 62.3% | time=118.8ms | Valid: loss=1.488, acc= 68.0% |
Epoch   4 | Client   4 | Train: loss=1.143, acc= 65.1% | time= 84.9ms | Valid: loss=1.392, acc= 60.0% |
Epoch   5 | Client   4 | Train: loss=0.952, acc= 71.4% | time= 89.4ms | Valid: loss=1.269, acc= 56.0% |
----------------------------------------
Epoch   1 | Client   5 | Train: loss=1.752, acc= 50.9% | time=144.9ms | Valid: loss=2.040, acc= 32.0% |
Epoch   2 | Client   5 | Train: loss=1.409, acc= 53.9% | time= 89.6ms | Valid: loss=2.028, acc= 36.0% |
Epoch   3 | Client   5 | Train: loss=1.149, acc= 62.3% | time= 89.5ms | Valid: loss=1.803, acc= 52.0% |
Epoch   4 | Client   5 | Train: loss=0.975, acc= 71.6% | time= 84.0ms | Valid: loss=1.681, acc= 48.0% |
Epoch   5 | Client   5 | Train: loss=0.787, acc= 75.8% | time= 80.1ms | Valid: loss=1.566, acc= 52.0% |
Skip Updating GPM for layer: 1
----------------------------------------
Epoch   1 | Client   6 | Train: loss=1.794, acc= 49.3% | time=160.6ms | Valid: loss=1.889, acc= 40.0% |
Epoch   2 | Client   6 | Train: loss=1.460, acc= 54.5% | time= 96.9ms | Valid: loss=1.744, acc= 40.0% |
Epoch   3 | Client   6 | Train: loss=1.232, acc= 62.3% | time= 84.5ms | Valid: loss=1.581, acc= 48.0% |
Epoch   4 | Client   6 | Train: loss=1.049, acc= 66.5% | time= 79.4ms | Valid: loss=1.439, acc= 52.0% |
Epoch   5 | Client   6 | Train: loss=0.915, acc= 70.9% | time= 78.3ms | Valid: loss=1.378, acc= 52.0% |
Skip Updating GPM for layer: 1
----------------------------------------
Epoch   1 | Client   7 | Train: loss=1.829, acc= 38.3% | time=166.6ms | Valid: loss=1.859, acc= 44.0% |
Epoch   2 | Client   7 | Train: loss=1.560, acc= 47.6% | time= 92.6ms | Valid: loss=1.682, acc= 48.0% |
Epoch   3 | Client   7 | Train: loss=1.367, acc= 55.2% | time= 80.5ms | Valid: loss=1.536, acc= 48.0% |
Epoch   4 | Client   7 | Train: loss=1.219, acc= 59.2% | time= 78.5ms | Valid: loss=1.372, acc= 52.0% |
Epoch   5 | Client   7 | Train: loss=1.085, acc= 63.6% | time= 74.9ms | Valid: loss=1.424, acc= 48.0% |
----------------------------------------
Epoch   1 | Client   8 | Train: loss=1.908, acc= 37.1% | time=164.9ms | Valid: loss=1.971, acc= 36.0% |
Epoch   2 | Client   8 | Train: loss=1.584, acc= 50.3% | time=100.8ms | Valid: loss=1.705, acc= 52.0% |
Epoch   3 | Client   8 | Train: loss=1.297, acc= 59.8% | time= 82.8ms | Valid: loss=1.629, acc= 48.0% |
Epoch   4 | Client   8 | Train: loss=1.091, acc= 66.5% | time= 78.2ms | Valid: loss=1.604, acc= 44.0% |
Epoch   5 | Client   8 | Train: loss=0.890, acc= 74.7% | time= 77.1ms | Valid: loss=1.567, acc= 44.0% |
Skip Updating GPM for layer: 1
----------------------------------------
Epoch   1 | Client   9 | Train: loss=1.822, acc= 42.1% | time=157.2ms | Valid: loss=2.104, acc= 28.0% |
Epoch   2 | Client   9 | Train: loss=1.501, acc= 55.8% | time=123.1ms | Valid: loss=1.867, acc= 32.0% |
Epoch   3 | Client   9 | Train: loss=1.243, acc= 61.9% | time=102.9ms | Valid: loss=1.725, acc= 36.0% |
Epoch   4 | Client   9 | Train: loss=1.093, acc= 67.2% | time= 85.2ms | Valid: loss=1.686, acc= 44.0% |
Epoch   5 | Client   9 | Train: loss=0.887, acc= 71.8% | time= 80.8ms | Valid: loss=1.476, acc= 44.0% |
Skip Updating GPM for layer: 1
----------------------------------------
G-Epoch:   0, Test: loss=1.415 , acc= 50.2%
****************************************
Task:   0, G-Epoch:   0, Test: loss=3.157 , acc= 47.3%
Task:   1, G-Epoch:   0, Test: loss=2.628 , acc= 48.4%
Task:   2, G-Epoch:   0, Test: loss=1.784 , acc= 64.4%
Task:   3, G-Epoch:   0, Test: loss=1.424 , acc= 49.8%
Task:   4, G-Epoch:   0, Test: loss=2.325 , acc=  9.4%
Task:   5, G-Epoch:   0, Test: loss=2.293 , acc= 11.2%
Task:   6, G-Epoch:   0, Test: loss=2.303 , acc= 11.2%
Task:   7, G-Epoch:   0, Test: loss=2.292 , acc= 16.8%
Task:   8, G-Epoch:   0, Test: loss=2.314 , acc=  9.7%
Task:   9, G-Epoch:   0, Test: loss=2.302 , acc=  9.7%
{0: [39.3, 45.7, 48.7, 48.8, 51.1, 52.3, 53.9, 51.6, 55.6, 54.8, 53.3, 54.9, 58.1, 57.8, 55.8, 58.5, 58.6, 58.9, 57.4, 60.4, 61.3, 56.9, 60.1, 60.2, 60.8, 60.2, 60.8, 61.6, 61.5, 61.0, 62.5, 62.5, 64.4, 61.7, 62.6, 62.6, 63.1, 63.9, 65.4, 63.5, 65.0, 63.8, 64.1, 65.7, 66.4, 65.1, 63.0, 66.9, 65.3, 66.5, 68.2, 66.5, 65.4, 65.8, 64.3, 63.8, 64.5, 62.4, 61.7, 61.1, 60.5, 58.7, 57.8, 58.2, 58.3, 55.9, 54.1, 51.9, 52.1, 51.0, 53.7, 53.0, 52.1, 51.7, 52.5, 51.0, 50.5, 50.8, 50.9, 51.6, 47.8, 48.7, 48.5, 49.4, 48.5, 49.6, 48.7, 47.6, 46.9, 46.9, 47.3], 1: [10.2, 9.5, 11.1, 11.0, 9.3, 10.0, 10.6, 10.7, 11.2, 8.9, 9.1, 10.8, 10.8, 10.3, 9.9, 9.1, 11.7, 10.1, 10.2, 11.4, 8.8, 9.8, 10.9, 9.7, 9.2, 9.7, 10.1, 9.5, 9.9, 9.0, 9.4, 9.2, 9.6, 8.9, 9.1, 8.4, 8.4, 8.8, 10.2, 8.7, 8.9, 10.8, 8.1, 9.5, 9.5, 9.3, 10.3, 10.0, 9.3, 9.6, 49.7, 53.7, 57.3, 56.8, 58.2, 56.9, 59.3, 58.9, 59.6, 58.5, 59.5, 59.5, 60.8, 58.1, 58.5, 59.3, 59.4, 58.8, 60.4, 59.6, 56.2, 54.6, 52.9, 51.7, 52.2, 52.6, 50.7, 50.1, 51.0, 48.7, 49.4, 48.5, 47.1, 48.0, 47.2, 45.8, 47.7, 45.6, 44.9, 44.7, 48.4], 2: [10.3, 10.5, 9.7, 11.4, 11.1, 9.9, 8.6, 8.9, 9.1, 8.7, 9.4, 9.6, 7.7, 10.1, 10.4, 8.9, 9.1, 9.5, 10.8, 8.4, 8.5, 8.8, 9.1, 8.5, 9.7, 10.0, 9.4, 9.9, 9.9, 9.5, 8.9, 8.9, 9.1, 9.7, 9.7, 9.8, 9.4, 9.9, 9.1, 9.1, 9.2, 9.9, 9.7, 9.4, 8.0, 10.1, 10.6, 9.1, 9.6, 9.0, 9.4, 11.1, 11.1, 9.6, 9.4, 11.5, 10.8, 9.3, 10.8, 8.4, 9.6, 9.3, 9.7, 10.1, 10.9, 10.4, 9.9, 10.2, 9.5, 10.1, 56.7, 61.3, 62.3, 63.5, 63.5, 64.8, 64.3, 66.1, 66.1, 66.1, 67.2, 68.3, 66.5, 66.6, 67.0, 67.4, 67.4, 67.5, 66.0, 68.6, 64.4], 3: [10.3, 9.9, 8.6, 9.7, 9.2, 9.4, 9.3, 10.7, 11.6, 11.0, 11.6, 11.9, 11.3, 11.4, 12.4, 11.7, 11.1, 11.2, 11.9, 12.5, 13.1, 12.2, 13.1, 12.0, 12.6, 11.9, 12.0, 12.8, 13.5, 12.1, 12.1, 11.7, 11.8, 12.4, 12.6, 11.4, 12.7, 13.3, 13.2, 12.1, 12.3, 12.5, 13.4, 13.2, 13.5, 12.3, 11.5, 12.1, 12.0, 13.0, 10.4, 11.3, 11.9, 10.9, 10.6, 11.5, 10.8, 9.7, 12.1, 11.0, 11.6, 11.6, 11.3, 10.6, 10.6, 11.2, 10.5, 10.4, 10.5, 9.6, 8.5, 10.0, 10.2, 10.6, 10.2, 12.1, 11.2, 11.3, 10.1, 11.6, 11.4, 11.6, 9.8, 10.6, 12.1, 12.2, 11.2, 11.2, 11.1, 11.8, 49.8], 4: [11.0, 10.0, 10.7, 9.8, 10.8, 10.1, 10.0, 10.9, 10.2, 10.0, 10.2, 9.9, 9.6, 9.1, 8.8, 10.7, 9.8, 9.2, 9.6, 10.3, 8.5, 10.1, 9.6, 9.5, 9.6, 10.4, 10.6, 9.3, 8.9, 8.8, 9.3, 10.3, 10.1, 11.1, 9.8, 11.7, 9.9, 9.1, 10.5, 10.7, 10.0, 10.0, 9.9, 9.4, 9.2, 9.0, 10.6, 9.4, 10.1, 10.3, 12.5, 12.4, 12.1, 11.4, 11.1, 10.9, 10.9, 9.9, 10.6, 11.1, 11.0, 10.0, 10.2, 10.3, 11.0, 9.4, 10.2, 10.4, 9.5, 10.1, 9.2, 9.4, 9.2, 8.7, 9.8, 8.6, 8.3, 8.7, 8.9, 9.1, 8.8, 8.9, 7.0, 8.7, 8.6, 8.2, 9.0, 9.0, 8.7, 9.8, 9.4], 5: [9.1, 9.4, 10.6, 12.1, 10.5, 10.8, 11.3, 10.7, 10.6, 12.6, 12.5, 11.6, 11.5, 11.1, 10.8, 10.5, 11.1, 11.6, 10.7, 11.8, 10.6, 11.0, 10.2, 10.9, 9.6, 10.6, 9.6, 10.5, 9.3, 8.3, 9.5, 9.2, 9.6, 10.2, 9.2, 9.2, 10.1, 8.9, 9.3, 8.5, 8.8, 9.3, 9.1, 8.6, 9.9, 10.1, 9.0, 10.0, 8.2, 8.3, 8.9, 8.6, 8.5, 9.5, 9.6, 8.6, 9.0, 9.4, 9.4, 8.0, 8.3, 9.1, 9.0, 8.2, 8.7, 8.2, 8.2, 8.9, 8.9, 8.5, 9.6, 10.0, 8.8, 9.3, 9.3, 8.9, 9.5, 8.6, 10.5, 10.2, 9.8, 10.3, 9.1, 9.8, 9.7, 10.5, 10.7, 9.6, 9.9, 10.5, 11.2], 6: [10.1, 9.9, 12.1, 10.8, 10.4, 9.4, 9.2, 10.1, 11.1, 9.8, 10.4, 11.0, 10.9, 11.0, 13.0, 12.2, 10.5, 11.5, 10.0, 11.8, 9.6, 11.3, 10.6, 9.3, 9.4, 9.0, 10.5, 9.3, 10.4, 9.4, 9.4, 9.5, 10.3, 10.1, 8.4, 8.6, 10.3, 8.7, 9.1, 9.7, 8.6, 9.3, 9.1, 8.7, 8.4, 10.4, 8.9, 9.8, 10.6, 10.7, 9.3, 9.2, 7.6, 9.3, 8.3, 8.0, 8.5, 8.5, 8.1, 8.0, 7.5, 8.3, 8.6, 8.2, 9.4, 8.5, 8.9, 8.5, 8.0, 8.9, 8.5, 8.6, 8.0, 7.8, 7.3, 8.3, 7.3, 8.2, 8.9, 7.7, 8.7, 9.5, 9.5, 8.5, 8.8, 9.6, 9.4, 9.5, 9.0, 9.4, 11.2], 7: [9.2, 9.7, 10.3, 11.8, 11.8, 11.2, 12.2, 11.5, 10.8, 11.1, 12.2, 11.9, 11.9, 13.4, 12.9, 13.1, 14.1, 12.3, 12.7, 13.3, 11.4, 13.4, 12.8, 12.6, 12.6, 13.0, 13.0, 12.7, 13.0, 11.7, 11.9, 11.9, 12.3, 12.7, 13.8, 12.9, 13.4, 13.5, 12.5, 12.3, 12.5, 12.8, 11.2, 12.4, 13.8, 12.4, 10.7, 12.0, 11.9, 11.7, 14.4, 14.5, 12.1, 13.1, 13.4, 13.6, 12.6, 13.3, 13.3, 14.9, 13.1, 14.6, 15.2, 14.0, 13.9, 13.9, 14.3, 12.9, 13.0, 13.5, 15.0, 14.7, 15.4, 14.4, 14.2, 14.2, 14.5, 16.0, 15.5, 14.8, 14.5, 14.7, 15.6, 16.4, 16.5, 15.5, 15.5, 14.9, 14.8, 14.0, 16.8], 8: [7.8, 10.2, 9.5, 11.9, 11.6, 10.8, 9.4, 10.0, 9.6, 10.5, 9.9, 9.9, 10.2, 9.4, 9.8, 8.7, 9.4, 8.8, 9.6, 8.2, 8.0, 8.7, 9.1, 8.8, 8.9, 10.2, 8.3, 8.4, 7.6, 8.6, 8.3, 7.2, 8.5, 8.7, 7.7, 8.7, 8.3, 8.4, 8.6, 8.4, 8.8, 7.8, 8.8, 8.7, 8.0, 8.1, 7.1, 7.0, 6.9, 8.4, 6.1, 6.1, 5.5, 6.3, 6.4, 7.2, 7.2, 7.0, 7.3, 7.6, 7.0, 8.6, 7.6, 7.2, 7.2, 7.0, 7.3, 7.6, 7.2, 7.3, 7.3, 9.0, 9.0, 8.7, 10.5, 9.3, 8.6, 8.7, 8.4, 8.4, 8.8, 8.1, 8.4, 8.0, 8.6, 9.4, 9.1, 8.9, 8.3, 8.6, 9.7], 9: [10.4, 10.8, 9.5, 9.8, 8.9, 8.8, 8.5, 10.6, 9.6, 10.0, 6.8, 8.7, 10.7, 8.9, 9.7, 7.7, 9.0, 9.4, 10.0, 9.5, 9.7, 9.6, 9.4, 8.5, 7.3, 7.6, 9.7, 10.0, 8.1, 9.8, 11.0, 8.9, 10.3, 9.3, 10.3, 8.9, 9.3, 9.7, 10.8, 10.0, 9.6, 9.6, 10.1, 10.1, 9.2, 9.4, 11.1, 8.7, 10.7, 10.9, 9.8, 10.1, 10.9, 9.9, 10.9, 10.6, 9.7, 9.8, 9.9, 9.9, 9.6, 8.9, 9.8, 9.4, 10.4, 9.7, 10.2, 9.5, 9.9, 9.8, 8.4, 7.9, 8.4, 9.9, 8.1, 11.3, 9.7, 9.4, 9.3, 8.7, 9.6, 10.4, 10.4, 10.1, 8.8, 11.2, 9.7, 9.9, 10.8, 9.8, 9.7]}
----------------------------------------
Epoch   1 | Client   0 | Train: loss=0.881, acc= 72.4% | time= 95.6ms | Valid: loss=1.505, acc= 48.0% |
Epoch   2 | Client   0 | Train: loss=0.777, acc= 75.6% | time= 85.3ms | Valid: loss=1.510, acc= 52.0% |
Epoch   3 | Client   0 | Train: loss=0.699, acc= 78.7% | time= 85.4ms | Valid: loss=1.601, acc= 44.0% |
Epoch   4 | Client   0 | Train: loss=0.537, acc= 85.3% | time= 76.1ms | Valid: loss=1.371, acc= 56.0% |
Epoch   5 | Client   0 | Train: loss=0.490, acc= 86.3% | time= 75.9ms | Valid: loss=1.578, acc= 48.0% |
----------------------------------------
Epoch   1 | Client   1 | Train: loss=0.746, acc= 77.7% | time=153.1ms | Valid: loss=1.528, acc= 40.0% |
Epoch   2 | Client   1 | Train: loss=0.607, acc= 81.7% | time= 88.3ms | Valid: loss=1.530, acc= 48.0% |
Epoch   3 | Client   1 | Train: loss=0.545, acc= 83.4% | time=104.7ms | Valid: loss=1.663, acc= 40.0% |
Epoch   4 | Client   1 | Train: loss=0.414, acc= 90.3% | time=113.7ms | Valid: loss=1.500, acc= 40.0% |
Epoch   5 | Client   1 | Train: loss=0.339, acc= 92.6% | time=115.0ms | Valid: loss=1.677, acc= 40.0% |
Skip Updating GPM for layer: 1
----------------------------------------
Epoch   1 | Client   2 | Train: loss=0.842, acc= 72.0% | time=159.7ms | Valid: loss=1.742, acc= 32.0% |
Epoch   2 | Client   2 | Train: loss=0.666, acc= 78.5% | time= 91.3ms | Valid: loss=1.544, acc= 40.0% |
Epoch   3 | Client   2 | Train: loss=0.561, acc= 83.6% | time= 88.4ms | Valid: loss=1.672, acc= 36.0% |
Epoch   4 | Client   2 | Train: loss=0.630, acc= 79.6% | time= 79.4ms | Valid: loss=1.944, acc= 32.0% |
Epoch   5 | Client   2 | Train: loss=0.339, acc= 92.6% | time= 78.3ms | Valid: loss=1.745, acc= 40.0% |
----------------------------------------
Epoch   1 | Client   3 | Train: loss=0.822, acc= 75.6% | time=165.5ms | Valid: loss=0.979, acc= 72.0% |
Epoch   2 | Client   3 | Train: loss=0.696, acc= 77.1% | time= 92.4ms | Valid: loss=0.989, acc= 68.0% |
Epoch   3 | Client   3 | Train: loss=0.585, acc= 81.9% | time= 87.3ms | Valid: loss=0.883, acc= 80.0% |
Epoch   4 | Client   3 | Train: loss=0.464, acc= 87.4% | time= 86.1ms | Valid: loss=0.908, acc= 76.0% |
Epoch   5 | Client   3 | Train: loss=0.352, acc= 91.8% | time= 84.1ms | Valid: loss=0.985, acc= 68.0% |
Skip Updating GPM for layer: 1
----------------------------------------
Epoch   1 | Client   4 | Train: loss=0.851, acc= 73.5% | time=158.0ms | Valid: loss=1.311, acc= 52.0% |
Epoch   2 | Client   4 | Train: loss=0.728, acc= 79.8% | time= 98.6ms | Valid: loss=1.387, acc= 56.0% |
Epoch   3 | Client   4 | Train: loss=0.773, acc= 73.5% | time= 81.6ms | Valid: loss=1.564, acc= 60.0% |
Epoch   4 | Client   4 | Train: loss=0.675, acc= 77.7% | time= 79.5ms | Valid: loss=1.614, acc= 48.0% |
Epoch   5 | Client   4 | Train: loss=0.434, acc= 88.4% | time= 78.3ms | Valid: loss=1.376, acc= 64.0% |
----------------------------------------
Epoch   1 | Client   5 | Train: loss=0.730, acc= 77.9% | time= 98.3ms | Valid: loss=1.599, acc= 60.0% |
Epoch   2 | Client   5 | Train: loss=0.616, acc= 82.5% | time= 95.8ms | Valid: loss=1.509, acc= 56.0% |
Epoch   3 | Client   5 | Train: loss=0.524, acc= 85.1% | time= 86.9ms | Valid: loss=1.633, acc= 56.0% |
Epoch   4 | Client   5 | Train: loss=0.434, acc= 87.6% | time= 81.4ms | Valid: loss=1.431, acc= 64.0% |
Epoch   5 | Client   5 | Train: loss=0.338, acc= 92.6% | time= 79.0ms | Valid: loss=1.346, acc= 68.0% |
Skip Updating GPM for layer: 1
----------------------------------------
Epoch   1 | Client   6 | Train: loss=0.846, acc= 72.2% | time=152.6ms | Valid: loss=1.397, acc= 48.0% |
Epoch   2 | Client   6 | Train: loss=0.716, acc= 77.1% | time= 87.1ms | Valid: loss=1.380, acc= 52.0% |
Epoch   3 | Client   6 | Train: loss=0.578, acc= 82.7% | time= 80.8ms | Valid: loss=1.366, acc= 52.0% |
Epoch   4 | Client   6 | Train: loss=0.466, acc= 87.8% | time= 79.0ms | Valid: loss=1.460, acc= 40.0% |
Epoch   5 | Client   6 | Train: loss=0.422, acc= 88.2% | time= 77.0ms | Valid: loss=1.477, acc= 60.0% |
Skip Updating GPM for layer: 1
----------------------------------------
Epoch   1 | Client   7 | Train: loss=1.013, acc= 64.6% | time=173.1ms | Valid: loss=1.192, acc= 56.0% |
Epoch   2 | Client   7 | Train: loss=0.899, acc= 69.1% | time= 87.6ms | Valid: loss=1.214, acc= 56.0% |
Epoch   3 | Client   7 | Train: loss=0.766, acc= 77.7% | time= 86.7ms | Valid: loss=1.237, acc= 60.0% |
Epoch   4 | Client   7 | Train: loss=0.682, acc= 78.3% | time= 80.5ms | Valid: loss=1.185, acc= 60.0% |
Epoch   5 | Client   7 | Train: loss=0.522, acc= 84.2% | time= 84.4ms | Valid: loss=1.253, acc= 60.0% |
----------------------------------------
Epoch   1 | Client   8 | Train: loss=0.820, acc= 75.2% | time=156.3ms | Valid: loss=1.415, acc= 44.0% |
Epoch   2 | Client   8 | Train: loss=0.708, acc= 78.1% | time= 89.0ms | Valid: loss=1.666, acc= 40.0% |
Epoch   3 | Client   8 | Train: loss=0.567, acc= 85.7% | time= 77.7ms | Valid: loss=1.433, acc= 52.0% |
Epoch   4 | Client   8 | Train: loss=0.498, acc= 85.3% | time= 76.4ms | Valid: loss=1.529, acc= 44.0% |
Epoch   5 | Client   8 | Train: loss=0.397, acc= 88.8% | time= 76.2ms | Valid: loss=1.553, acc= 52.0% |
Skip Updating GPM for layer: 1
----------------------------------------
Epoch   1 | Client   9 | Train: loss=0.839, acc= 74.9% | time=157.6ms | Valid: loss=1.531, acc= 52.0% |
Epoch   2 | Client   9 | Train: loss=0.698, acc= 81.1% | time= 90.3ms | Valid: loss=1.409, acc= 48.0% |
Epoch   3 | Client   9 | Train: loss=0.595, acc= 83.8% | time= 80.5ms | Valid: loss=1.573, acc= 36.0% |
Epoch   4 | Client   9 | Train: loss=0.461, acc= 87.4% | time= 79.2ms | Valid: loss=1.571, acc= 44.0% |
Epoch   5 | Client   9 | Train: loss=0.401, acc= 89.7% | time= 85.0ms | Valid: loss=1.444, acc= 44.0% |
Skip Updating GPM for layer: 1
----------------------------------------
G-Epoch:   1, Test: loss=1.323 , acc= 56.2%
****************************************
Task:   0, G-Epoch:   1, Test: loss=3.365 , acc= 45.1%
Task:   1, G-Epoch:   1, Test: loss=2.666 , acc= 48.0%
Task:   2, G-Epoch:   1, Test: loss=1.851 , acc= 62.3%
Task:   3, G-Epoch:   1, Test: loss=1.316 , acc= 56.9%
Task:   4, G-Epoch:   1, Test: loss=2.320 , acc= 10.3%
Task:   5, G-Epoch:   1, Test: loss=2.297 , acc= 11.9%
Task:   6, G-Epoch:   1, Test: loss=2.300 , acc= 12.8%
Task:   7, G-Epoch:   1, Test: loss=2.290 , acc= 17.4%
Task:   8, G-Epoch:   1, Test: loss=2.318 , acc=  9.9%
Task:   9, G-Epoch:   1, Test: loss=2.304 , acc= 10.5%
{0: [39.3, 45.7, 48.7, 48.8, 51.1, 52.3, 53.9, 51.6, 55.6, 54.8, 53.3, 54.9, 58.1, 57.8, 55.8, 58.5, 58.6, 58.9, 57.4, 60.4, 61.3, 56.9, 60.1, 60.2, 60.8, 60.2, 60.8, 61.6, 61.5, 61.0, 62.5, 62.5, 64.4, 61.7, 62.6, 62.6, 63.1, 63.9, 65.4, 63.5, 65.0, 63.8, 64.1, 65.7, 66.4, 65.1, 63.0, 66.9, 65.3, 66.5, 68.2, 66.5, 65.4, 65.8, 64.3, 63.8, 64.5, 62.4, 61.7, 61.1, 60.5, 58.7, 57.8, 58.2, 58.3, 55.9, 54.1, 51.9, 52.1, 51.0, 53.7, 53.0, 52.1, 51.7, 52.5, 51.0, 50.5, 50.8, 50.9, 51.6, 47.8, 48.7, 48.5, 49.4, 48.5, 49.6, 48.7, 47.6, 46.9, 46.9, 47.3, 45.1], 1: [10.2, 9.5, 11.1, 11.0, 9.3, 10.0, 10.6, 10.7, 11.2, 8.9, 9.1, 10.8, 10.8, 10.3, 9.9, 9.1, 11.7, 10.1, 10.2, 11.4, 8.8, 9.8, 10.9, 9.7, 9.2, 9.7, 10.1, 9.5, 9.9, 9.0, 9.4, 9.2, 9.6, 8.9, 9.1, 8.4, 8.4, 8.8, 10.2, 8.7, 8.9, 10.8, 8.1, 9.5, 9.5, 9.3, 10.3, 10.0, 9.3, 9.6, 49.7, 53.7, 57.3, 56.8, 58.2, 56.9, 59.3, 58.9, 59.6, 58.5, 59.5, 59.5, 60.8, 58.1, 58.5, 59.3, 59.4, 58.8, 60.4, 59.6, 56.2, 54.6, 52.9, 51.7, 52.2, 52.6, 50.7, 50.1, 51.0, 48.7, 49.4, 48.5, 47.1, 48.0, 47.2, 45.8, 47.7, 45.6, 44.9, 44.7, 48.4, 48.0], 2: [10.3, 10.5, 9.7, 11.4, 11.1, 9.9, 8.6, 8.9, 9.1, 8.7, 9.4, 9.6, 7.7, 10.1, 10.4, 8.9, 9.1, 9.5, 10.8, 8.4, 8.5, 8.8, 9.1, 8.5, 9.7, 10.0, 9.4, 9.9, 9.9, 9.5, 8.9, 8.9, 9.1, 9.7, 9.7, 9.8, 9.4, 9.9, 9.1, 9.1, 9.2, 9.9, 9.7, 9.4, 8.0, 10.1, 10.6, 9.1, 9.6, 9.0, 9.4, 11.1, 11.1, 9.6, 9.4, 11.5, 10.8, 9.3, 10.8, 8.4, 9.6, 9.3, 9.7, 10.1, 10.9, 10.4, 9.9, 10.2, 9.5, 10.1, 56.7, 61.3, 62.3, 63.5, 63.5, 64.8, 64.3, 66.1, 66.1, 66.1, 67.2, 68.3, 66.5, 66.6, 67.0, 67.4, 67.4, 67.5, 66.0, 68.6, 64.4, 62.3], 3: [10.3, 9.9, 8.6, 9.7, 9.2, 9.4, 9.3, 10.7, 11.6, 11.0, 11.6, 11.9, 11.3, 11.4, 12.4, 11.7, 11.1, 11.2, 11.9, 12.5, 13.1, 12.2, 13.1, 12.0, 12.6, 11.9, 12.0, 12.8, 13.5, 12.1, 12.1, 11.7, 11.8, 12.4, 12.6, 11.4, 12.7, 13.3, 13.2, 12.1, 12.3, 12.5, 13.4, 13.2, 13.5, 12.3, 11.5, 12.1, 12.0, 13.0, 10.4, 11.3, 11.9, 10.9, 10.6, 11.5, 10.8, 9.7, 12.1, 11.0, 11.6, 11.6, 11.3, 10.6, 10.6, 11.2, 10.5, 10.4, 10.5, 9.6, 8.5, 10.0, 10.2, 10.6, 10.2, 12.1, 11.2, 11.3, 10.1, 11.6, 11.4, 11.6, 9.8, 10.6, 12.1, 12.2, 11.2, 11.2, 11.1, 11.8, 49.8, 56.9], 4: [11.0, 10.0, 10.7, 9.8, 10.8, 10.1, 10.0, 10.9, 10.2, 10.0, 10.2, 9.9, 9.6, 9.1, 8.8, 10.7, 9.8, 9.2, 9.6, 10.3, 8.5, 10.1, 9.6, 9.5, 9.6, 10.4, 10.6, 9.3, 8.9, 8.8, 9.3, 10.3, 10.1, 11.1, 9.8, 11.7, 9.9, 9.1, 10.5, 10.7, 10.0, 10.0, 9.9, 9.4, 9.2, 9.0, 10.6, 9.4, 10.1, 10.3, 12.5, 12.4, 12.1, 11.4, 11.1, 10.9, 10.9, 9.9, 10.6, 11.1, 11.0, 10.0, 10.2, 10.3, 11.0, 9.4, 10.2, 10.4, 9.5, 10.1, 9.2, 9.4, 9.2, 8.7, 9.8, 8.6, 8.3, 8.7, 8.9, 9.1, 8.8, 8.9, 7.0, 8.7, 8.6, 8.2, 9.0, 9.0, 8.7, 9.8, 9.4, 10.3], 5: [9.1, 9.4, 10.6, 12.1, 10.5, 10.8, 11.3, 10.7, 10.6, 12.6, 12.5, 11.6, 11.5, 11.1, 10.8, 10.5, 11.1, 11.6, 10.7, 11.8, 10.6, 11.0, 10.2, 10.9, 9.6, 10.6, 9.6, 10.5, 9.3, 8.3, 9.5, 9.2, 9.6, 10.2, 9.2, 9.2, 10.1, 8.9, 9.3, 8.5, 8.8, 9.3, 9.1, 8.6, 9.9, 10.1, 9.0, 10.0, 8.2, 8.3, 8.9, 8.6, 8.5, 9.5, 9.6, 8.6, 9.0, 9.4, 9.4, 8.0, 8.3, 9.1, 9.0, 8.2, 8.7, 8.2, 8.2, 8.9, 8.9, 8.5, 9.6, 10.0, 8.8, 9.3, 9.3, 8.9, 9.5, 8.6, 10.5, 10.2, 9.8, 10.3, 9.1, 9.8, 9.7, 10.5, 10.7, 9.6, 9.9, 10.5, 11.2, 11.9], 6: [10.1, 9.9, 12.1, 10.8, 10.4, 9.4, 9.2, 10.1, 11.1, 9.8, 10.4, 11.0, 10.9, 11.0, 13.0, 12.2, 10.5, 11.5, 10.0, 11.8, 9.6, 11.3, 10.6, 9.3, 9.4, 9.0, 10.5, 9.3, 10.4, 9.4, 9.4, 9.5, 10.3, 10.1, 8.4, 8.6, 10.3, 8.7, 9.1, 9.7, 8.6, 9.3, 9.1, 8.7, 8.4, 10.4, 8.9, 9.8, 10.6, 10.7, 9.3, 9.2, 7.6, 9.3, 8.3, 8.0, 8.5, 8.5, 8.1, 8.0, 7.5, 8.3, 8.6, 8.2, 9.4, 8.5, 8.9, 8.5, 8.0, 8.9, 8.5, 8.6, 8.0, 7.8, 7.3, 8.3, 7.3, 8.2, 8.9, 7.7, 8.7, 9.5, 9.5, 8.5, 8.8, 9.6, 9.4, 9.5, 9.0, 9.4, 11.2, 12.8], 7: [9.2, 9.7, 10.3, 11.8, 11.8, 11.2, 12.2, 11.5, 10.8, 11.1, 12.2, 11.9, 11.9, 13.4, 12.9, 13.1, 14.1, 12.3, 12.7, 13.3, 11.4, 13.4, 12.8, 12.6, 12.6, 13.0, 13.0, 12.7, 13.0, 11.7, 11.9, 11.9, 12.3, 12.7, 13.8, 12.9, 13.4, 13.5, 12.5, 12.3, 12.5, 12.8, 11.2, 12.4, 13.8, 12.4, 10.7, 12.0, 11.9, 11.7, 14.4, 14.5, 12.1, 13.1, 13.4, 13.6, 12.6, 13.3, 13.3, 14.9, 13.1, 14.6, 15.2, 14.0, 13.9, 13.9, 14.3, 12.9, 13.0, 13.5, 15.0, 14.7, 15.4, 14.4, 14.2, 14.2, 14.5, 16.0, 15.5, 14.8, 14.5, 14.7, 15.6, 16.4, 16.5, 15.5, 15.5, 14.9, 14.8, 14.0, 16.8, 17.4], 8: [7.8, 10.2, 9.5, 11.9, 11.6, 10.8, 9.4, 10.0, 9.6, 10.5, 9.9, 9.9, 10.2, 9.4, 9.8, 8.7, 9.4, 8.8, 9.6, 8.2, 8.0, 8.7, 9.1, 8.8, 8.9, 10.2, 8.3, 8.4, 7.6, 8.6, 8.3, 7.2, 8.5, 8.7, 7.7, 8.7, 8.3, 8.4, 8.6, 8.4, 8.8, 7.8, 8.8, 8.7, 8.0, 8.1, 7.1, 7.0, 6.9, 8.4, 6.1, 6.1, 5.5, 6.3, 6.4, 7.2, 7.2, 7.0, 7.3, 7.6, 7.0, 8.6, 7.6, 7.2, 7.2, 7.0, 7.3, 7.6, 7.2, 7.3, 7.3, 9.0, 9.0, 8.7, 10.5, 9.3, 8.6, 8.7, 8.4, 8.4, 8.8, 8.1, 8.4, 8.0, 8.6, 9.4, 9.1, 8.9, 8.3, 8.6, 9.7, 9.9], 9: [10.4, 10.8, 9.5, 9.8, 8.9, 8.8, 8.5, 10.6, 9.6, 10.0, 6.8, 8.7, 10.7, 8.9, 9.7, 7.7, 9.0, 9.4, 10.0, 9.5, 9.7, 9.6, 9.4, 8.5, 7.3, 7.6, 9.7, 10.0, 8.1, 9.8, 11.0, 8.9, 10.3, 9.3, 10.3, 8.9, 9.3, 9.7, 10.8, 10.0, 9.6, 9.6, 10.1, 10.1, 9.2, 9.4, 11.1, 8.7, 10.7, 10.9, 9.8, 10.1, 10.9, 9.9, 10.9, 10.6, 9.7, 9.8, 9.9, 9.9, 9.6, 8.9, 9.8, 9.4, 10.4, 9.7, 10.2, 9.5, 9.9, 9.8, 8.4, 7.9, 8.4, 9.9, 8.1, 11.3, 9.7, 9.4, 9.3, 8.7, 9.6, 10.4, 10.4, 10.1, 8.8, 11.2, 9.7, 9.9, 10.8, 9.8, 9.7, 10.5]}
----------------------------------------
Epoch   1 | Client   0 | Train: loss=0.549, acc= 83.4% | time= 94.9ms | Valid: loss=1.567, acc= 44.0% |
Epoch   2 | Client   0 | Train: loss=0.394, acc= 89.5% | time= 87.2ms | Valid: loss=1.306, acc= 52.0% |
Epoch   3 | Client   0 | Train: loss=0.322, acc= 92.0% | time= 78.7ms | Valid: loss=1.479, acc= 52.0% |
Epoch   4 | Client   0 | Train: loss=0.278, acc= 92.4% | time= 77.6ms | Valid: loss=1.313, acc= 48.0% |
Epoch   5 | Client   0 | Train: loss=0.203, acc= 96.0% | time= 76.6ms | Valid: loss=1.284, acc= 52.0% |
----------------------------------------
Epoch   1 | Client   1 | Train: loss=0.370, acc= 90.3% | time=165.7ms | Valid: loss=1.735, acc= 32.0% |
Epoch   2 | Client   1 | Train: loss=0.253, acc= 95.8% | time=114.4ms | Valid: loss=1.768, acc= 40.0% |
Epoch   3 | Client   1 | Train: loss=0.248, acc= 94.3% | time=114.6ms | Valid: loss=1.642, acc= 56.0% |
Epoch   4 | Client   1 | Train: loss=0.161, acc= 97.9% | time=115.9ms | Valid: loss=1.804, acc= 36.0% |
Epoch   5 | Client   1 | Train: loss=0.146, acc= 97.3% | time=116.7ms | Valid: loss=1.909, acc= 44.0% |
Skip Updating GPM for layer: 1
----------------------------------------
Epoch   1 | Client   2 | Train: loss=0.390, acc= 87.6% | time=141.5ms | Valid: loss=1.785, acc= 36.0% |
Epoch   2 | Client   2 | Train: loss=0.352, acc= 89.9% | time= 96.1ms | Valid: loss=1.747, acc= 36.0% |
Epoch   3 | Client   2 | Train: loss=0.315, acc= 91.6% | time=117.1ms | Valid: loss=1.833, acc= 40.0% |
Epoch   4 | Client   2 | Train: loss=0.241, acc= 93.5% | time=115.9ms | Valid: loss=1.845, acc= 40.0% |
Epoch   5 | Client   2 | Train: loss=0.204, acc= 95.6% | time=116.4ms | Valid: loss=1.844, acc= 36.0% |
----------------------------------------
Epoch   1 | Client   3 | Train: loss=0.398, acc= 89.5% | time=167.9ms | Valid: loss=1.023, acc= 56.0% |
Epoch   2 | Client   3 | Train: loss=0.304, acc= 91.6% | time= 88.0ms | Valid: loss=0.907, acc= 64.0% |
Epoch   3 | Client   3 | Train: loss=0.229, acc= 94.3% | time= 88.3ms | Valid: loss=1.012, acc= 72.0% |
Epoch   4 | Client   3 | Train: loss=0.183, acc= 96.8% | time= 77.1ms | Valid: loss=0.896, acc= 72.0% |
Epoch   5 | Client   3 | Train: loss=0.149, acc= 97.5% | time= 77.0ms | Valid: loss=0.947, acc= 64.0% |
Skip Updating GPM for layer: 1
----------------------------------------
Epoch   1 | Client   4 | Train: loss=0.436, acc= 89.9% | time=154.2ms | Valid: loss=1.508, acc= 60.0% |
Epoch   2 | Client   4 | Train: loss=0.359, acc= 91.6% | time= 86.0ms | Valid: loss=1.393, acc= 56.0% |
Epoch   3 | Client   4 | Train: loss=0.344, acc= 90.7% | time= 81.1ms | Valid: loss=1.412, acc= 64.0% |
Epoch   4 | Client   4 | Train: loss=0.281, acc= 92.2% | time= 75.7ms | Valid: loss=1.491, acc= 60.0% |
Epoch   5 | Client   4 | Train: loss=0.182, acc= 97.3% | time= 75.4ms | Valid: loss=1.521, acc= 56.0% |
----------------------------------------
Epoch   1 | Client   5 | Train: loss=0.370, acc= 90.5% | time=159.1ms | Valid: loss=1.329, acc= 68.0% |
Epoch   2 | Client   5 | Train: loss=0.293, acc= 93.1% | time= 83.2ms | Valid: loss=1.350, acc= 72.0% |
Epoch   3 | Client   5 | Train: loss=0.244, acc= 94.9% | time= 78.9ms | Valid: loss=1.365, acc= 64.0% |
Epoch   4 | Client   5 | Train: loss=0.178, acc= 97.1% | time= 77.7ms | Valid: loss=1.608, acc= 52.0% |
Epoch   5 | Client   5 | Train: loss=0.131, acc= 97.7% | time= 77.0ms | Valid: loss=1.450, acc= 60.0% |
Skip Updating GPM for layer: 1
----------------------------------------
Epoch   1 | Client   6 | Train: loss=0.400, acc= 90.3% | time=163.5ms | Valid: loss=1.488, acc= 48.0% |
Epoch   2 | Client   6 | Train: loss=0.372, acc= 90.7% | time= 86.3ms | Valid: loss=1.580, acc= 52.0% |
Epoch   3 | Client   6 | Train: loss=0.264, acc= 94.7% | time= 76.2ms | Valid: loss=1.407, acc= 56.0% |
Epoch   4 | Client   6 | Train: loss=0.176, acc= 97.9% | time= 76.2ms | Valid: loss=1.485, acc= 56.0% |
Epoch   5 | Client   6 | Train: loss=0.143, acc= 98.3% | time= 76.1ms | Valid: loss=1.565, acc= 60.0% |
Skip Updating GPM for layer: 1
----------------------------------------
Epoch   1 | Client   7 | Train: loss=0.590, acc= 80.6% | time=153.2ms | Valid: loss=1.130, acc= 60.0% |
Epoch   2 | Client   7 | Train: loss=0.584, acc= 82.1% | time=101.5ms | Valid: loss=1.457, acc= 48.0% |
Epoch   3 | Client   7 | Train: loss=0.432, acc= 87.4% | time= 95.9ms | Valid: loss=1.365, acc= 52.0% |
Epoch   4 | Client   7 | Train: loss=0.422, acc= 85.7% | time= 90.0ms | Valid: loss=1.331, acc= 56.0% |
Epoch   5 | Client   7 | Train: loss=0.319, acc= 89.7% | time= 79.8ms | Valid: loss=1.248, acc= 52.0% |
----------------------------------------
Epoch   1 | Client   8 | Train: loss=0.414, acc= 89.9% | time=164.6ms | Valid: loss=1.525, acc= 56.0% |
Epoch   2 | Client   8 | Train: loss=0.289, acc= 93.3% | time= 87.6ms | Valid: loss=1.522, acc= 48.0% |
Epoch   3 | Client   8 | Train: loss=0.265, acc= 93.9% | time= 78.7ms | Valid: loss=1.583, acc= 48.0% |
Epoch   4 | Client   8 | Train: loss=0.185, acc= 96.2% | time= 77.4ms | Valid: loss=1.416, acc= 52.0% |
Epoch   5 | Client   8 | Train: loss=0.153, acc= 97.1% | time= 76.4ms | Valid: loss=1.467, acc= 52.0% |
Skip Updating GPM for layer: 1
----------------------------------------
Epoch   1 | Client   9 | Train: loss=0.371, acc= 91.8% | time=153.0ms | Valid: loss=1.426, acc= 40.0% |
Epoch   2 | Client   9 | Train: loss=0.320, acc= 92.6% | time= 90.6ms | Valid: loss=1.377, acc= 52.0% |
Epoch   3 | Client   9 | Train: loss=0.255, acc= 94.5% | time= 80.2ms | Valid: loss=1.669, acc= 44.0% |
Epoch   4 | Client   9 | Train: loss=0.185, acc= 96.4% | time= 79.2ms | Valid: loss=1.645, acc= 44.0% |
Epoch   5 | Client   9 | Train: loss=0.143, acc= 97.5% | time= 78.2ms | Valid: loss=1.715, acc= 40.0% |
Skip Updating GPM for layer: 1
----------------------------------------
G-Epoch:   2, Test: loss=1.360 , acc= 57.3%
****************************************
Task:   0, G-Epoch:   2, Test: loss=3.368 , acc= 43.4%
Task:   1, G-Epoch:   2, Test: loss=2.657 , acc= 48.2%
Task:   2, G-Epoch:   2, Test: loss=1.898 , acc= 62.1%
Task:   3, G-Epoch:   2, Test: loss=1.349 , acc= 57.6%
Task:   4, G-Epoch:   2, Test: loss=2.321 , acc=  9.6%
Task:   5, G-Epoch:   2, Test: loss=2.298 , acc= 10.8%
Task:   6, G-Epoch:   2, Test: loss=2.298 , acc= 12.4%
Task:   7, G-Epoch:   2, Test: loss=2.290 , acc= 16.9%
Task:   8, G-Epoch:   2, Test: loss=2.320 , acc= 10.5%
Task:   9, G-Epoch:   2, Test: loss=2.304 , acc= 10.2%
{0: [39.3, 45.7, 48.7, 48.8, 51.1, 52.3, 53.9, 51.6, 55.6, 54.8, 53.3, 54.9, 58.1, 57.8, 55.8, 58.5, 58.6, 58.9, 57.4, 60.4, 61.3, 56.9, 60.1, 60.2, 60.8, 60.2, 60.8, 61.6, 61.5, 61.0, 62.5, 62.5, 64.4, 61.7, 62.6, 62.6, 63.1, 63.9, 65.4, 63.5, 65.0, 63.8, 64.1, 65.7, 66.4, 65.1, 63.0, 66.9, 65.3, 66.5, 68.2, 66.5, 65.4, 65.8, 64.3, 63.8, 64.5, 62.4, 61.7, 61.1, 60.5, 58.7, 57.8, 58.2, 58.3, 55.9, 54.1, 51.9, 52.1, 51.0, 53.7, 53.0, 52.1, 51.7, 52.5, 51.0, 50.5, 50.8, 50.9, 51.6, 47.8, 48.7, 48.5, 49.4, 48.5, 49.6, 48.7, 47.6, 46.9, 46.9, 47.3, 45.1, 43.4], 1: [10.2, 9.5, 11.1, 11.0, 9.3, 10.0, 10.6, 10.7, 11.2, 8.9, 9.1, 10.8, 10.8, 10.3, 9.9, 9.1, 11.7, 10.1, 10.2, 11.4, 8.8, 9.8, 10.9, 9.7, 9.2, 9.7, 10.1, 9.5, 9.9, 9.0, 9.4, 9.2, 9.6, 8.9, 9.1, 8.4, 8.4, 8.8, 10.2, 8.7, 8.9, 10.8, 8.1, 9.5, 9.5, 9.3, 10.3, 10.0, 9.3, 9.6, 49.7, 53.7, 57.3, 56.8, 58.2, 56.9, 59.3, 58.9, 59.6, 58.5, 59.5, 59.5, 60.8, 58.1, 58.5, 59.3, 59.4, 58.8, 60.4, 59.6, 56.2, 54.6, 52.9, 51.7, 52.2, 52.6, 50.7, 50.1, 51.0, 48.7, 49.4, 48.5, 47.1, 48.0, 47.2, 45.8, 47.7, 45.6, 44.9, 44.7, 48.4, 48.0, 48.2], 2: [10.3, 10.5, 9.7, 11.4, 11.1, 9.9, 8.6, 8.9, 9.1, 8.7, 9.4, 9.6, 7.7, 10.1, 10.4, 8.9, 9.1, 9.5, 10.8, 8.4, 8.5, 8.8, 9.1, 8.5, 9.7, 10.0, 9.4, 9.9, 9.9, 9.5, 8.9, 8.9, 9.1, 9.7, 9.7, 9.8, 9.4, 9.9, 9.1, 9.1, 9.2, 9.9, 9.7, 9.4, 8.0, 10.1, 10.6, 9.1, 9.6, 9.0, 9.4, 11.1, 11.1, 9.6, 9.4, 11.5, 10.8, 9.3, 10.8, 8.4, 9.6, 9.3, 9.7, 10.1, 10.9, 10.4, 9.9, 10.2, 9.5, 10.1, 56.7, 61.3, 62.3, 63.5, 63.5, 64.8, 64.3, 66.1, 66.1, 66.1, 67.2, 68.3, 66.5, 66.6, 67.0, 67.4, 67.4, 67.5, 66.0, 68.6, 64.4, 62.3, 62.1], 3: [10.3, 9.9, 8.6, 9.7, 9.2, 9.4, 9.3, 10.7, 11.6, 11.0, 11.6, 11.9, 11.3, 11.4, 12.4, 11.7, 11.1, 11.2, 11.9, 12.5, 13.1, 12.2, 13.1, 12.0, 12.6, 11.9, 12.0, 12.8, 13.5, 12.1, 12.1, 11.7, 11.8, 12.4, 12.6, 11.4, 12.7, 13.3, 13.2, 12.1, 12.3, 12.5, 13.4, 13.2, 13.5, 12.3, 11.5, 12.1, 12.0, 13.0, 10.4, 11.3, 11.9, 10.9, 10.6, 11.5, 10.8, 9.7, 12.1, 11.0, 11.6, 11.6, 11.3, 10.6, 10.6, 11.2, 10.5, 10.4, 10.5, 9.6, 8.5, 10.0, 10.2, 10.6, 10.2, 12.1, 11.2, 11.3, 10.1, 11.6, 11.4, 11.6, 9.8, 10.6, 12.1, 12.2, 11.2, 11.2, 11.1, 11.8, 49.8, 56.9, 57.6], 4: [11.0, 10.0, 10.7, 9.8, 10.8, 10.1, 10.0, 10.9, 10.2, 10.0, 10.2, 9.9, 9.6, 9.1, 8.8, 10.7, 9.8, 9.2, 9.6, 10.3, 8.5, 10.1, 9.6, 9.5, 9.6, 10.4, 10.6, 9.3, 8.9, 8.8, 9.3, 10.3, 10.1, 11.1, 9.8, 11.7, 9.9, 9.1, 10.5, 10.7, 10.0, 10.0, 9.9, 9.4, 9.2, 9.0, 10.6, 9.4, 10.1, 10.3, 12.5, 12.4, 12.1, 11.4, 11.1, 10.9, 10.9, 9.9, 10.6, 11.1, 11.0, 10.0, 10.2, 10.3, 11.0, 9.4, 10.2, 10.4, 9.5, 10.1, 9.2, 9.4, 9.2, 8.7, 9.8, 8.6, 8.3, 8.7, 8.9, 9.1, 8.8, 8.9, 7.0, 8.7, 8.6, 8.2, 9.0, 9.0, 8.7, 9.8, 9.4, 10.3, 9.6], 5: [9.1, 9.4, 10.6, 12.1, 10.5, 10.8, 11.3, 10.7, 10.6, 12.6, 12.5, 11.6, 11.5, 11.1, 10.8, 10.5, 11.1, 11.6, 10.7, 11.8, 10.6, 11.0, 10.2, 10.9, 9.6, 10.6, 9.6, 10.5, 9.3, 8.3, 9.5, 9.2, 9.6, 10.2, 9.2, 9.2, 10.1, 8.9, 9.3, 8.5, 8.8, 9.3, 9.1, 8.6, 9.9, 10.1, 9.0, 10.0, 8.2, 8.3, 8.9, 8.6, 8.5, 9.5, 9.6, 8.6, 9.0, 9.4, 9.4, 8.0, 8.3, 9.1, 9.0, 8.2, 8.7, 8.2, 8.2, 8.9, 8.9, 8.5, 9.6, 10.0, 8.8, 9.3, 9.3, 8.9, 9.5, 8.6, 10.5, 10.2, 9.8, 10.3, 9.1, 9.8, 9.7, 10.5, 10.7, 9.6, 9.9, 10.5, 11.2, 11.9, 10.8], 6: [10.1, 9.9, 12.1, 10.8, 10.4, 9.4, 9.2, 10.1, 11.1, 9.8, 10.4, 11.0, 10.9, 11.0, 13.0, 12.2, 10.5, 11.5, 10.0, 11.8, 9.6, 11.3, 10.6, 9.3, 9.4, 9.0, 10.5, 9.3, 10.4, 9.4, 9.4, 9.5, 10.3, 10.1, 8.4, 8.6, 10.3, 8.7, 9.1, 9.7, 8.6, 9.3, 9.1, 8.7, 8.4, 10.4, 8.9, 9.8, 10.6, 10.7, 9.3, 9.2, 7.6, 9.3, 8.3, 8.0, 8.5, 8.5, 8.1, 8.0, 7.5, 8.3, 8.6, 8.2, 9.4, 8.5, 8.9, 8.5, 8.0, 8.9, 8.5, 8.6, 8.0, 7.8, 7.3, 8.3, 7.3, 8.2, 8.9, 7.7, 8.7, 9.5, 9.5, 8.5, 8.8, 9.6, 9.4, 9.5, 9.0, 9.4, 11.2, 12.8, 12.4], 7: [9.2, 9.7, 10.3, 11.8, 11.8, 11.2, 12.2, 11.5, 10.8, 11.1, 12.2, 11.9, 11.9, 13.4, 12.9, 13.1, 14.1, 12.3, 12.7, 13.3, 11.4, 13.4, 12.8, 12.6, 12.6, 13.0, 13.0, 12.7, 13.0, 11.7, 11.9, 11.9, 12.3, 12.7, 13.8, 12.9, 13.4, 13.5, 12.5, 12.3, 12.5, 12.8, 11.2, 12.4, 13.8, 12.4, 10.7, 12.0, 11.9, 11.7, 14.4, 14.5, 12.1, 13.1, 13.4, 13.6, 12.6, 13.3, 13.3, 14.9, 13.1, 14.6, 15.2, 14.0, 13.9, 13.9, 14.3, 12.9, 13.0, 13.5, 15.0, 14.7, 15.4, 14.4, 14.2, 14.2, 14.5, 16.0, 15.5, 14.8, 14.5, 14.7, 15.6, 16.4, 16.5, 15.5, 15.5, 14.9, 14.8, 14.0, 16.8, 17.4, 16.9], 8: [7.8, 10.2, 9.5, 11.9, 11.6, 10.8, 9.4, 10.0, 9.6, 10.5, 9.9, 9.9, 10.2, 9.4, 9.8, 8.7, 9.4, 8.8, 9.6, 8.2, 8.0, 8.7, 9.1, 8.8, 8.9, 10.2, 8.3, 8.4, 7.6, 8.6, 8.3, 7.2, 8.5, 8.7, 7.7, 8.7, 8.3, 8.4, 8.6, 8.4, 8.8, 7.8, 8.8, 8.7, 8.0, 8.1, 7.1, 7.0, 6.9, 8.4, 6.1, 6.1, 5.5, 6.3, 6.4, 7.2, 7.2, 7.0, 7.3, 7.6, 7.0, 8.6, 7.6, 7.2, 7.2, 7.0, 7.3, 7.6, 7.2, 7.3, 7.3, 9.0, 9.0, 8.7, 10.5, 9.3, 8.6, 8.7, 8.4, 8.4, 8.8, 8.1, 8.4, 8.0, 8.6, 9.4, 9.1, 8.9, 8.3, 8.6, 9.7, 9.9, 10.5], 9: [10.4, 10.8, 9.5, 9.8, 8.9, 8.8, 8.5, 10.6, 9.6, 10.0, 6.8, 8.7, 10.7, 8.9, 9.7, 7.7, 9.0, 9.4, 10.0, 9.5, 9.7, 9.6, 9.4, 8.5, 7.3, 7.6, 9.7, 10.0, 8.1, 9.8, 11.0, 8.9, 10.3, 9.3, 10.3, 8.9, 9.3, 9.7, 10.8, 10.0, 9.6, 9.6, 10.1, 10.1, 9.2, 9.4, 11.1, 8.7, 10.7, 10.9, 9.8, 10.1, 10.9, 9.9, 10.9, 10.6, 9.7, 9.8, 9.9, 9.9, 9.6, 8.9, 9.8, 9.4, 10.4, 9.7, 10.2, 9.5, 9.9, 9.8, 8.4, 7.9, 8.4, 9.9, 8.1, 11.3, 9.7, 9.4, 9.3, 8.7, 9.6, 10.4, 10.4, 10.1, 8.8, 11.2, 9.7, 9.9, 10.8, 9.8, 9.7, 10.5, 10.2]}
----------------------------------------
Epoch   1 | Client   0 | Train: loss=0.228, acc= 95.4% | time=100.2ms | Valid: loss=1.217, acc= 52.0% |
Epoch   2 | Client   0 | Train: loss=0.182, acc= 97.5% | time= 80.3ms | Valid: loss=1.160, acc= 64.0% |
Epoch   3 | Client   0 | Train: loss=0.200, acc= 94.3% | time= 78.6ms | Valid: loss=1.339, acc= 44.0% |
Epoch   4 | Client   0 | Train: loss=0.171, acc= 96.8% | time= 78.0ms | Valid: loss=1.353, acc= 56.0% |
Epoch   5 | Client   0 | Train: loss=0.215, acc= 94.5% | time= 75.3ms | Valid: loss=1.301, acc= 52.0% |
----------------------------------------
Epoch   1 | Client   1 | Train: loss=0.168, acc= 97.1% | time=163.3ms | Valid: loss=1.748, acc= 44.0% |
Epoch   2 | Client   1 | Train: loss=0.169, acc= 96.2% | time=104.9ms | Valid: loss=1.826, acc= 48.0% |
Epoch   3 | Client   1 | Train: loss=0.099, acc= 98.7% | time=117.4ms | Valid: loss=1.813, acc= 40.0% |
Epoch   4 | Client   1 | Train: loss=0.071, acc= 99.8% | time=116.4ms | Valid: loss=1.983, acc= 44.0% |
Epoch   5 | Client   1 | Train: loss=0.064, acc= 99.2% | time=116.5ms | Valid: loss=1.918, acc= 48.0% |
Skip Updating GPM for layer: 1
----------------------------------------
Epoch   1 | Client   2 | Train: loss=0.275, acc= 90.5% | time=148.7ms | Valid: loss=2.000, acc= 36.0% |
Epoch   2 | Client   2 | Train: loss=0.144, acc= 97.1% | time= 87.4ms | Valid: loss=1.792, acc= 36.0% |
Epoch   3 | Client   2 | Train: loss=0.189, acc= 94.3% | time= 82.4ms | Valid: loss=1.662, acc= 36.0% |
Epoch   4 | Client   2 | Train: loss=0.119, acc= 97.7% | time= 79.7ms | Valid: loss=1.753, acc= 40.0% |
Epoch   5 | Client   2 | Train: loss=0.077, acc= 98.9% | time= 76.7ms | Valid: loss=1.776, acc= 36.0% |
----------------------------------------
Epoch   1 | Client   3 | Train: loss=0.249, acc= 93.3% | time=163.4ms | Valid: loss=0.917, acc= 64.0% |
Epoch   2 | Client   3 | Train: loss=0.108, acc= 98.5% | time=118.5ms | Valid: loss=0.985, acc= 76.0% |
Epoch   3 | Client   3 | Train: loss=0.084, acc= 99.2% | time=100.3ms | Valid: loss=0.914, acc= 68.0% |
Epoch   4 | Client   3 | Train: loss=0.074, acc= 98.9% | time= 85.1ms | Valid: loss=1.048, acc= 68.0% |
Epoch   5 | Client   3 | Train: loss=0.048, acc=100.0% | time= 77.0ms | Valid: loss=1.031, acc= 68.0% |
Skip Updating GPM for layer: 1
----------------------------------------
Epoch   1 | Client   4 | Train: loss=0.284, acc= 93.7% | time=157.4ms | Valid: loss=1.374, acc= 48.0% |
Epoch   2 | Client   4 | Train: loss=0.174, acc= 96.4% | time= 94.5ms | Valid: loss=1.268, acc= 64.0% |
Epoch   3 | Client   4 | Train: loss=0.116, acc= 98.1% | time= 84.6ms | Valid: loss=1.589, acc= 60.0% |
Epoch   4 | Client   4 | Train: loss=0.162, acc= 95.8% | time= 79.7ms | Valid: loss=1.708, acc= 52.0% |
Epoch   5 | Client   4 | Train: loss=0.091, acc= 98.5% | time= 78.8ms | Valid: loss=1.595, acc= 52.0% |
----------------------------------------
Epoch   1 | Client   5 | Train: loss=0.163, acc= 97.1% | time=151.6ms | Valid: loss=1.304, acc= 72.0% |
Epoch   2 | Client   5 | Train: loss=0.158, acc= 96.4% | time= 95.0ms | Valid: loss=1.345, acc= 68.0% |
Epoch   3 | Client   5 | Train: loss=0.142, acc= 97.3% | time= 88.9ms | Valid: loss=1.615, acc= 64.0% |
Epoch   4 | Client   5 | Train: loss=0.086, acc= 98.5% | time=104.7ms | Valid: loss=1.510, acc= 64.0% |
Epoch   5 | Client   5 | Train: loss=0.076, acc= 98.5% | time= 87.2ms | Valid: loss=1.448, acc= 68.0% |
Skip Updating GPM for layer: 1
----------------------------------------
Epoch   1 | Client   6 | Train: loss=0.175, acc= 97.3% | time=150.1ms | Valid: loss=1.428, acc= 56.0% |
Epoch   2 | Client   6 | Train: loss=0.151, acc= 97.1% | time=117.3ms | Valid: loss=1.557, acc= 64.0% |
Epoch   3 | Client   6 | Train: loss=0.103, acc= 99.4% | time= 99.1ms | Valid: loss=1.608, acc= 52.0% |
Epoch   4 | Client   6 | Train: loss=0.085, acc= 99.2% | time= 82.8ms | Valid: loss=1.455, acc= 52.0% |
Epoch   5 | Client   6 | Train: loss=0.088, acc= 98.3% | time= 79.6ms | Valid: loss=1.627, acc= 60.0% |
Skip Updating GPM for layer: 1
----------------------------------------
Epoch   1 | Client   7 | Train: loss=0.427, acc= 86.5% | time=150.0ms | Valid: loss=1.473, acc= 56.0% |
Epoch   2 | Client   7 | Train: loss=0.386, acc= 87.6% | time= 89.4ms | Valid: loss=1.412, acc= 60.0% |
Epoch   3 | Client   7 | Train: loss=0.223, acc= 94.7% | time= 82.1ms | Valid: loss=1.243, acc= 60.0% |
Epoch   4 | Client   7 | Train: loss=0.228, acc= 93.7% | time= 79.3ms | Valid: loss=1.307, acc= 64.0% |
Epoch   5 | Client   7 | Train: loss=0.177, acc= 96.6% | time= 79.6ms | Valid: loss=1.387, acc= 56.0% |
----------------------------------------
Epoch   1 | Client   8 | Train: loss=0.155, acc= 97.1% | time=149.1ms | Valid: loss=1.549, acc= 52.0% |
Epoch   2 | Client   8 | Train: loss=0.143, acc= 98.7% | time= 91.1ms | Valid: loss=1.401, acc= 52.0% |
Epoch   3 | Client   8 | Train: loss=0.107, acc= 98.5% | time= 82.1ms | Valid: loss=1.690, acc= 44.0% |
Epoch   4 | Client   8 | Train: loss=0.081, acc= 98.5% | time= 79.8ms | Valid: loss=1.520, acc= 52.0% |
Epoch   5 | Client   8 | Train: loss=0.092, acc= 98.3% | time= 78.8ms | Valid: loss=1.777, acc= 44.0% |
Skip Updating GPM for layer: 1
----------------------------------------
Epoch   1 | Client   9 | Train: loss=0.192, acc= 94.9% | time=142.9ms | Valid: loss=1.536, acc= 40.0% |
Epoch   2 | Client   9 | Train: loss=0.149, acc= 96.8% | time= 93.4ms | Valid: loss=1.508, acc= 40.0% |
Epoch   3 | Client   9 | Train: loss=0.148, acc= 97.1% | time= 80.7ms | Valid: loss=1.831, acc= 40.0% |
Epoch   4 | Client   9 | Train: loss=0.117, acc= 97.5% | time= 79.4ms | Valid: loss=1.413, acc= 48.0% |
Epoch   5 | Client   9 | Train: loss=0.066, acc= 98.9% | time= 78.6ms | Valid: loss=1.655, acc= 40.0% |
Skip Updating GPM for layer: 1
----------------------------------------
G-Epoch:   3, Test: loss=1.447 , acc= 59.3%
****************************************
Task:   0, G-Epoch:   3, Test: loss=3.453 , acc= 41.8%
Task:   1, G-Epoch:   3, Test: loss=2.719 , acc= 44.6%
Task:   2, G-Epoch:   3, Test: loss=1.948 , acc= 60.4%
Task:   3, G-Epoch:   3, Test: loss=1.415 , acc= 60.7%
Task:   4, G-Epoch:   3, Test: loss=2.318 , acc=  9.2%
Task:   5, G-Epoch:   3, Test: loss=2.297 , acc= 11.4%
Task:   6, G-Epoch:   3, Test: loss=2.299 , acc= 11.8%
Task:   7, G-Epoch:   3, Test: loss=2.289 , acc= 16.7%
Task:   8, G-Epoch:   3, Test: loss=2.319 , acc=  8.6%
Task:   9, G-Epoch:   3, Test: loss=2.304 , acc=  9.1%
{0: [39.3, 45.7, 48.7, 48.8, 51.1, 52.3, 53.9, 51.6, 55.6, 54.8, 53.3, 54.9, 58.1, 57.8, 55.8, 58.5, 58.6, 58.9, 57.4, 60.4, 61.3, 56.9, 60.1, 60.2, 60.8, 60.2, 60.8, 61.6, 61.5, 61.0, 62.5, 62.5, 64.4, 61.7, 62.6, 62.6, 63.1, 63.9, 65.4, 63.5, 65.0, 63.8, 64.1, 65.7, 66.4, 65.1, 63.0, 66.9, 65.3, 66.5, 68.2, 66.5, 65.4, 65.8, 64.3, 63.8, 64.5, 62.4, 61.7, 61.1, 60.5, 58.7, 57.8, 58.2, 58.3, 55.9, 54.1, 51.9, 52.1, 51.0, 53.7, 53.0, 52.1, 51.7, 52.5, 51.0, 50.5, 50.8, 50.9, 51.6, 47.8, 48.7, 48.5, 49.4, 48.5, 49.6, 48.7, 47.6, 46.9, 46.9, 47.3, 45.1, 43.4, 41.8], 1: [10.2, 9.5, 11.1, 11.0, 9.3, 10.0, 10.6, 10.7, 11.2, 8.9, 9.1, 10.8, 10.8, 10.3, 9.9, 9.1, 11.7, 10.1, 10.2, 11.4, 8.8, 9.8, 10.9, 9.7, 9.2, 9.7, 10.1, 9.5, 9.9, 9.0, 9.4, 9.2, 9.6, 8.9, 9.1, 8.4, 8.4, 8.8, 10.2, 8.7, 8.9, 10.8, 8.1, 9.5, 9.5, 9.3, 10.3, 10.0, 9.3, 9.6, 49.7, 53.7, 57.3, 56.8, 58.2, 56.9, 59.3, 58.9, 59.6, 58.5, 59.5, 59.5, 60.8, 58.1, 58.5, 59.3, 59.4, 58.8, 60.4, 59.6, 56.2, 54.6, 52.9, 51.7, 52.2, 52.6, 50.7, 50.1, 51.0, 48.7, 49.4, 48.5, 47.1, 48.0, 47.2, 45.8, 47.7, 45.6, 44.9, 44.7, 48.4, 48.0, 48.2, 44.6], 2: [10.3, 10.5, 9.7, 11.4, 11.1, 9.9, 8.6, 8.9, 9.1, 8.7, 9.4, 9.6, 7.7, 10.1, 10.4, 8.9, 9.1, 9.5, 10.8, 8.4, 8.5, 8.8, 9.1, 8.5, 9.7, 10.0, 9.4, 9.9, 9.9, 9.5, 8.9, 8.9, 9.1, 9.7, 9.7, 9.8, 9.4, 9.9, 9.1, 9.1, 9.2, 9.9, 9.7, 9.4, 8.0, 10.1, 10.6, 9.1, 9.6, 9.0, 9.4, 11.1, 11.1, 9.6, 9.4, 11.5, 10.8, 9.3, 10.8, 8.4, 9.6, 9.3, 9.7, 10.1, 10.9, 10.4, 9.9, 10.2, 9.5, 10.1, 56.7, 61.3, 62.3, 63.5, 63.5, 64.8, 64.3, 66.1, 66.1, 66.1, 67.2, 68.3, 66.5, 66.6, 67.0, 67.4, 67.4, 67.5, 66.0, 68.6, 64.4, 62.3, 62.1, 60.4], 3: [10.3, 9.9, 8.6, 9.7, 9.2, 9.4, 9.3, 10.7, 11.6, 11.0, 11.6, 11.9, 11.3, 11.4, 12.4, 11.7, 11.1, 11.2, 11.9, 12.5, 13.1, 12.2, 13.1, 12.0, 12.6, 11.9, 12.0, 12.8, 13.5, 12.1, 12.1, 11.7, 11.8, 12.4, 12.6, 11.4, 12.7, 13.3, 13.2, 12.1, 12.3, 12.5, 13.4, 13.2, 13.5, 12.3, 11.5, 12.1, 12.0, 13.0, 10.4, 11.3, 11.9, 10.9, 10.6, 11.5, 10.8, 9.7, 12.1, 11.0, 11.6, 11.6, 11.3, 10.6, 10.6, 11.2, 10.5, 10.4, 10.5, 9.6, 8.5, 10.0, 10.2, 10.6, 10.2, 12.1, 11.2, 11.3, 10.1, 11.6, 11.4, 11.6, 9.8, 10.6, 12.1, 12.2, 11.2, 11.2, 11.1, 11.8, 49.8, 56.9, 57.6, 60.7], 4: [11.0, 10.0, 10.7, 9.8, 10.8, 10.1, 10.0, 10.9, 10.2, 10.0, 10.2, 9.9, 9.6, 9.1, 8.8, 10.7, 9.8, 9.2, 9.6, 10.3, 8.5, 10.1, 9.6, 9.5, 9.6, 10.4, 10.6, 9.3, 8.9, 8.8, 9.3, 10.3, 10.1, 11.1, 9.8, 11.7, 9.9, 9.1, 10.5, 10.7, 10.0, 10.0, 9.9, 9.4, 9.2, 9.0, 10.6, 9.4, 10.1, 10.3, 12.5, 12.4, 12.1, 11.4, 11.1, 10.9, 10.9, 9.9, 10.6, 11.1, 11.0, 10.0, 10.2, 10.3, 11.0, 9.4, 10.2, 10.4, 9.5, 10.1, 9.2, 9.4, 9.2, 8.7, 9.8, 8.6, 8.3, 8.7, 8.9, 9.1, 8.8, 8.9, 7.0, 8.7, 8.6, 8.2, 9.0, 9.0, 8.7, 9.8, 9.4, 10.3, 9.6, 9.2], 5: [9.1, 9.4, 10.6, 12.1, 10.5, 10.8, 11.3, 10.7, 10.6, 12.6, 12.5, 11.6, 11.5, 11.1, 10.8, 10.5, 11.1, 11.6, 10.7, 11.8, 10.6, 11.0, 10.2, 10.9, 9.6, 10.6, 9.6, 10.5, 9.3, 8.3, 9.5, 9.2, 9.6, 10.2, 9.2, 9.2, 10.1, 8.9, 9.3, 8.5, 8.8, 9.3, 9.1, 8.6, 9.9, 10.1, 9.0, 10.0, 8.2, 8.3, 8.9, 8.6, 8.5, 9.5, 9.6, 8.6, 9.0, 9.4, 9.4, 8.0, 8.3, 9.1, 9.0, 8.2, 8.7, 8.2, 8.2, 8.9, 8.9, 8.5, 9.6, 10.0, 8.8, 9.3, 9.3, 8.9, 9.5, 8.6, 10.5, 10.2, 9.8, 10.3, 9.1, 9.8, 9.7, 10.5, 10.7, 9.6, 9.9, 10.5, 11.2, 11.9, 10.8, 11.4], 6: [10.1, 9.9, 12.1, 10.8, 10.4, 9.4, 9.2, 10.1, 11.1, 9.8, 10.4, 11.0, 10.9, 11.0, 13.0, 12.2, 10.5, 11.5, 10.0, 11.8, 9.6, 11.3, 10.6, 9.3, 9.4, 9.0, 10.5, 9.3, 10.4, 9.4, 9.4, 9.5, 10.3, 10.1, 8.4, 8.6, 10.3, 8.7, 9.1, 9.7, 8.6, 9.3, 9.1, 8.7, 8.4, 10.4, 8.9, 9.8, 10.6, 10.7, 9.3, 9.2, 7.6, 9.3, 8.3, 8.0, 8.5, 8.5, 8.1, 8.0, 7.5, 8.3, 8.6, 8.2, 9.4, 8.5, 8.9, 8.5, 8.0, 8.9, 8.5, 8.6, 8.0, 7.8, 7.3, 8.3, 7.3, 8.2, 8.9, 7.7, 8.7, 9.5, 9.5, 8.5, 8.8, 9.6, 9.4, 9.5, 9.0, 9.4, 11.2, 12.8, 12.4, 11.8], 7: [9.2, 9.7, 10.3, 11.8, 11.8, 11.2, 12.2, 11.5, 10.8, 11.1, 12.2, 11.9, 11.9, 13.4, 12.9, 13.1, 14.1, 12.3, 12.7, 13.3, 11.4, 13.4, 12.8, 12.6, 12.6, 13.0, 13.0, 12.7, 13.0, 11.7, 11.9, 11.9, 12.3, 12.7, 13.8, 12.9, 13.4, 13.5, 12.5, 12.3, 12.5, 12.8, 11.2, 12.4, 13.8, 12.4, 10.7, 12.0, 11.9, 11.7, 14.4, 14.5, 12.1, 13.1, 13.4, 13.6, 12.6, 13.3, 13.3, 14.9, 13.1, 14.6, 15.2, 14.0, 13.9, 13.9, 14.3, 12.9, 13.0, 13.5, 15.0, 14.7, 15.4, 14.4, 14.2, 14.2, 14.5, 16.0, 15.5, 14.8, 14.5, 14.7, 15.6, 16.4, 16.5, 15.5, 15.5, 14.9, 14.8, 14.0, 16.8, 17.4, 16.9, 16.7], 8: [7.8, 10.2, 9.5, 11.9, 11.6, 10.8, 9.4, 10.0, 9.6, 10.5, 9.9, 9.9, 10.2, 9.4, 9.8, 8.7, 9.4, 8.8, 9.6, 8.2, 8.0, 8.7, 9.1, 8.8, 8.9, 10.2, 8.3, 8.4, 7.6, 8.6, 8.3, 7.2, 8.5, 8.7, 7.7, 8.7, 8.3, 8.4, 8.6, 8.4, 8.8, 7.8, 8.8, 8.7, 8.0, 8.1, 7.1, 7.0, 6.9, 8.4, 6.1, 6.1, 5.5, 6.3, 6.4, 7.2, 7.2, 7.0, 7.3, 7.6, 7.0, 8.6, 7.6, 7.2, 7.2, 7.0, 7.3, 7.6, 7.2, 7.3, 7.3, 9.0, 9.0, 8.7, 10.5, 9.3, 8.6, 8.7, 8.4, 8.4, 8.8, 8.1, 8.4, 8.0, 8.6, 9.4, 9.1, 8.9, 8.3, 8.6, 9.7, 9.9, 10.5, 8.6], 9: [10.4, 10.8, 9.5, 9.8, 8.9, 8.8, 8.5, 10.6, 9.6, 10.0, 6.8, 8.7, 10.7, 8.9, 9.7, 7.7, 9.0, 9.4, 10.0, 9.5, 9.7, 9.6, 9.4, 8.5, 7.3, 7.6, 9.7, 10.0, 8.1, 9.8, 11.0, 8.9, 10.3, 9.3, 10.3, 8.9, 9.3, 9.7, 10.8, 10.0, 9.6, 9.6, 10.1, 10.1, 9.2, 9.4, 11.1, 8.7, 10.7, 10.9, 9.8, 10.1, 10.9, 9.9, 10.9, 10.6, 9.7, 9.8, 9.9, 9.9, 9.6, 8.9, 9.8, 9.4, 10.4, 9.7, 10.2, 9.5, 9.9, 9.8, 8.4, 7.9, 8.4, 9.9, 8.1, 11.3, 9.7, 9.4, 9.3, 8.7, 9.6, 10.4, 10.4, 10.1, 8.8, 11.2, 9.7, 9.9, 10.8, 9.8, 9.7, 10.5, 10.2, 9.1]}
----------------------------------------
Epoch   1 | Client   0 | Train: loss=0.230, acc= 93.5% | time=143.1ms | Valid: loss=1.211, acc= 56.0% |
Epoch   2 | Client   0 | Train: loss=0.093, acc= 98.9% | time= 86.3ms | Valid: loss=1.354, acc= 56.0% |
Epoch   3 | Client   0 | Train: loss=0.057, acc= 99.8% | time=101.6ms | Valid: loss=1.400, acc= 56.0% |
Epoch   4 | Client   0 | Train: loss=0.086, acc= 98.3% | time=111.2ms | Valid: loss=1.000, acc= 64.0% |
Epoch   5 | Client   0 | Train: loss=0.050, acc= 99.6% | time= 83.9ms | Valid: loss=1.349, acc= 56.0% |
----------------------------------------
Epoch   1 | Client   1 | Train: loss=0.157, acc= 96.2% | time=147.9ms | Valid: loss=2.137, acc= 48.0% |
Epoch   2 | Client   1 | Train: loss=0.056, acc= 99.6% | time= 90.9ms | Valid: loss=1.875, acc= 52.0% |
Epoch   3 | Client   1 | Train: loss=0.061, acc= 98.9% | time= 87.4ms | Valid: loss=2.149, acc= 48.0% |
Epoch   4 | Client   1 | Train: loss=0.058, acc= 98.9% | time= 77.3ms | Valid: loss=1.999, acc= 36.0% |
Epoch   5 | Client   1 | Train: loss=0.055, acc= 99.4% | time= 77.0ms | Valid: loss=2.201, acc= 44.0% |
Skip Updating GPM for layer: 1
----------------------------------------
Epoch   1 | Client   2 | Train: loss=0.136, acc= 97.5% | time=158.1ms | Valid: loss=1.870, acc= 44.0% |
Epoch   2 | Client   2 | Train: loss=0.137, acc= 97.1% | time=114.9ms | Valid: loss=1.897, acc= 48.0% |
Epoch   3 | Client   2 | Train: loss=0.173, acc= 94.9% | time=112.8ms | Valid: loss=2.414, acc= 48.0% |
Epoch   4 | Client   2 | Train: loss=0.126, acc= 97.1% | time=114.6ms | Valid: loss=2.088, acc= 40.0% |
Epoch   5 | Client   2 | Train: loss=0.059, acc= 98.7% | time=115.6ms | Valid: loss=1.897, acc= 40.0% |
----------------------------------------
Epoch   1 | Client   3 | Train: loss=0.125, acc= 97.1% | time=154.0ms | Valid: loss=1.039, acc= 72.0% |
Epoch   2 | Client   3 | Train: loss=0.067, acc= 98.9% | time= 86.1ms | Valid: loss=0.915, acc= 72.0% |
Epoch   3 | Client   3 | Train: loss=0.083, acc= 98.3% | time= 81.5ms | Valid: loss=1.181, acc= 68.0% |
Epoch   4 | Client   3 | Train: loss=0.117, acc= 96.6% | time= 75.1ms | Valid: loss=1.266, acc= 64.0% |
Epoch   5 | Client   3 | Train: loss=0.032, acc= 99.8% | time= 75.6ms | Valid: loss=1.174, acc= 68.0% |
Skip Updating GPM for layer: 1
----------------------------------------
Epoch   1 | Client   4 | Train: loss=0.122, acc= 98.5% | time=114.3ms | Valid: loss=1.569, acc= 56.0% |
Epoch   2 | Client   4 | Train: loss=0.151, acc= 96.4% | time=108.8ms | Valid: loss=1.598, acc= 48.0% |
Epoch   3 | Client   4 | Train: loss=0.134, acc= 96.6% | time=112.2ms | Valid: loss=1.600, acc= 56.0% |
Epoch   4 | Client   4 | Train: loss=0.046, acc= 99.6% | time=113.3ms | Valid: loss=1.512, acc= 64.0% |
Epoch   5 | Client   4 | Train: loss=0.051, acc= 99.6% | time=115.2ms | Valid: loss=1.832, acc= 56.0% |
----------------------------------------
Epoch   1 | Client   5 | Train: loss=0.163, acc= 96.2% | time=152.8ms | Valid: loss=1.585, acc= 72.0% |
Epoch   2 | Client   5 | Train: loss=0.066, acc= 99.2% | time= 94.8ms | Valid: loss=1.410, acc= 68.0% |
Epoch   3 | Client   5 | Train: loss=0.058, acc= 99.4% | time=118.8ms | Valid: loss=1.556, acc= 64.0% |
Epoch   4 | Client   5 | Train: loss=0.043, acc= 99.6% | time=117.3ms | Valid: loss=1.663, acc= 64.0% |
Epoch   5 | Client   5 | Train: loss=0.030, acc= 99.8% | time=118.4ms | Valid: loss=1.543, acc= 68.0% |
Skip Updating GPM for layer: 1
----------------------------------------
Epoch   1 | Client   6 | Train: loss=0.078, acc= 99.6% | time=150.3ms | Valid: loss=1.358, acc= 64.0% |
Epoch   2 | Client   6 | Train: loss=0.059, acc= 99.8% | time=103.3ms | Valid: loss=1.493, acc= 60.0% |
Epoch   3 | Client   6 | Train: loss=0.053, acc= 99.4% | time=108.6ms | Valid: loss=1.682, acc= 56.0% |
Epoch   4 | Client   6 | Train: loss=0.094, acc= 98.7% | time=111.7ms | Valid: loss=1.514, acc= 52.0% |
Epoch   5 | Client   6 | Train: loss=0.035, acc=100.0% | time=114.1ms | Valid: loss=1.615, acc= 60.0% |
Skip Updating GPM for layer: 1
----------------------------------------
Epoch   1 | Client   7 | Train: loss=0.242, acc= 93.9% | time=158.4ms | Valid: loss=1.452, acc= 48.0% |
Epoch   2 | Client   7 | Train: loss=0.186, acc= 95.6% | time= 85.5ms | Valid: loss=1.467, acc= 60.0% |
Epoch   3 | Client   7 | Train: loss=0.143, acc= 95.8% | time= 77.5ms | Valid: loss=1.349, acc= 60.0% |
Epoch   4 | Client   7 | Train: loss=0.129, acc= 97.3% | time= 76.8ms | Valid: loss=1.442, acc= 60.0% |
Epoch   5 | Client   7 | Train: loss=0.167, acc= 95.4% | time= 76.4ms | Valid: loss=1.436, acc= 60.0% |
----------------------------------------
Epoch   1 | Client   8 | Train: loss=0.071, acc= 99.4% | time=141.8ms | Valid: loss=1.576, acc= 56.0% |
Epoch   2 | Client   8 | Train: loss=0.075, acc= 98.5% | time= 88.9ms | Valid: loss=1.681, acc= 56.0% |
Epoch   3 | Client   8 | Train: loss=0.080, acc= 98.7% | time= 85.4ms | Valid: loss=1.734, acc= 48.0% |
Epoch   4 | Client   8 | Train: loss=0.064, acc= 99.4% | time= 79.4ms | Valid: loss=1.485, acc= 60.0% |
Epoch   5 | Client   8 | Train: loss=0.042, acc= 99.4% | time= 79.8ms | Valid: loss=1.722, acc= 52.0% |
Skip Updating GPM for layer: 1
----------------------------------------
Epoch   1 | Client   9 | Train: loss=0.118, acc= 97.5% | time=155.3ms | Valid: loss=1.727, acc= 44.0% |
Epoch   2 | Client   9 | Train: loss=0.068, acc= 99.4% | time= 93.5ms | Valid: loss=1.573, acc= 44.0% |
Epoch   3 | Client   9 | Train: loss=0.120, acc= 97.7% | time= 81.9ms | Valid: loss=1.829, acc= 32.0% |
Epoch   4 | Client   9 | Train: loss=0.081, acc= 98.1% | time= 78.7ms | Valid: loss=1.686, acc= 44.0% |
Epoch   5 | Client   9 | Train: loss=0.054, acc= 99.2% | time= 78.7ms | Valid: loss=1.398, acc= 36.0% |
Skip Updating GPM for layer: 1
----------------------------------------
G-Epoch:   4, Test: loss=1.476 , acc= 59.2%
****************************************
Task:   0, G-Epoch:   4, Test: loss=3.654 , acc= 41.6%
Task:   1, G-Epoch:   4, Test: loss=2.750 , acc= 45.6%
Task:   2, G-Epoch:   4, Test: loss=2.009 , acc= 60.1%
Task:   3, G-Epoch:   4, Test: loss=1.467 , acc= 59.8%
Task:   4, G-Epoch:   4, Test: loss=2.316 , acc=  9.6%
Task:   5, G-Epoch:   4, Test: loss=2.297 , acc= 11.4%
Task:   6, G-Epoch:   4, Test: loss=2.298 , acc= 12.1%
Task:   7, G-Epoch:   4, Test: loss=2.289 , acc= 16.0%
Task:   8, G-Epoch:   4, Test: loss=2.321 , acc=  8.5%
Task:   9, G-Epoch:   4, Test: loss=2.303 , acc= 10.4%
{0: [39.3, 45.7, 48.7, 48.8, 51.1, 52.3, 53.9, 51.6, 55.6, 54.8, 53.3, 54.9, 58.1, 57.8, 55.8, 58.5, 58.6, 58.9, 57.4, 60.4, 61.3, 56.9, 60.1, 60.2, 60.8, 60.2, 60.8, 61.6, 61.5, 61.0, 62.5, 62.5, 64.4, 61.7, 62.6, 62.6, 63.1, 63.9, 65.4, 63.5, 65.0, 63.8, 64.1, 65.7, 66.4, 65.1, 63.0, 66.9, 65.3, 66.5, 68.2, 66.5, 65.4, 65.8, 64.3, 63.8, 64.5, 62.4, 61.7, 61.1, 60.5, 58.7, 57.8, 58.2, 58.3, 55.9, 54.1, 51.9, 52.1, 51.0, 53.7, 53.0, 52.1, 51.7, 52.5, 51.0, 50.5, 50.8, 50.9, 51.6, 47.8, 48.7, 48.5, 49.4, 48.5, 49.6, 48.7, 47.6, 46.9, 46.9, 47.3, 45.1, 43.4, 41.8, 41.6], 1: [10.2, 9.5, 11.1, 11.0, 9.3, 10.0, 10.6, 10.7, 11.2, 8.9, 9.1, 10.8, 10.8, 10.3, 9.9, 9.1, 11.7, 10.1, 10.2, 11.4, 8.8, 9.8, 10.9, 9.7, 9.2, 9.7, 10.1, 9.5, 9.9, 9.0, 9.4, 9.2, 9.6, 8.9, 9.1, 8.4, 8.4, 8.8, 10.2, 8.7, 8.9, 10.8, 8.1, 9.5, 9.5, 9.3, 10.3, 10.0, 9.3, 9.6, 49.7, 53.7, 57.3, 56.8, 58.2, 56.9, 59.3, 58.9, 59.6, 58.5, 59.5, 59.5, 60.8, 58.1, 58.5, 59.3, 59.4, 58.8, 60.4, 59.6, 56.2, 54.6, 52.9, 51.7, 52.2, 52.6, 50.7, 50.1, 51.0, 48.7, 49.4, 48.5, 47.1, 48.0, 47.2, 45.8, 47.7, 45.6, 44.9, 44.7, 48.4, 48.0, 48.2, 44.6, 45.6], 2: [10.3, 10.5, 9.7, 11.4, 11.1, 9.9, 8.6, 8.9, 9.1, 8.7, 9.4, 9.6, 7.7, 10.1, 10.4, 8.9, 9.1, 9.5, 10.8, 8.4, 8.5, 8.8, 9.1, 8.5, 9.7, 10.0, 9.4, 9.9, 9.9, 9.5, 8.9, 8.9, 9.1, 9.7, 9.7, 9.8, 9.4, 9.9, 9.1, 9.1, 9.2, 9.9, 9.7, 9.4, 8.0, 10.1, 10.6, 9.1, 9.6, 9.0, 9.4, 11.1, 11.1, 9.6, 9.4, 11.5, 10.8, 9.3, 10.8, 8.4, 9.6, 9.3, 9.7, 10.1, 10.9, 10.4, 9.9, 10.2, 9.5, 10.1, 56.7, 61.3, 62.3, 63.5, 63.5, 64.8, 64.3, 66.1, 66.1, 66.1, 67.2, 68.3, 66.5, 66.6, 67.0, 67.4, 67.4, 67.5, 66.0, 68.6, 64.4, 62.3, 62.1, 60.4, 60.1], 3: [10.3, 9.9, 8.6, 9.7, 9.2, 9.4, 9.3, 10.7, 11.6, 11.0, 11.6, 11.9, 11.3, 11.4, 12.4, 11.7, 11.1, 11.2, 11.9, 12.5, 13.1, 12.2, 13.1, 12.0, 12.6, 11.9, 12.0, 12.8, 13.5, 12.1, 12.1, 11.7, 11.8, 12.4, 12.6, 11.4, 12.7, 13.3, 13.2, 12.1, 12.3, 12.5, 13.4, 13.2, 13.5, 12.3, 11.5, 12.1, 12.0, 13.0, 10.4, 11.3, 11.9, 10.9, 10.6, 11.5, 10.8, 9.7, 12.1, 11.0, 11.6, 11.6, 11.3, 10.6, 10.6, 11.2, 10.5, 10.4, 10.5, 9.6, 8.5, 10.0, 10.2, 10.6, 10.2, 12.1, 11.2, 11.3, 10.1, 11.6, 11.4, 11.6, 9.8, 10.6, 12.1, 12.2, 11.2, 11.2, 11.1, 11.8, 49.8, 56.9, 57.6, 60.7, 59.8], 4: [11.0, 10.0, 10.7, 9.8, 10.8, 10.1, 10.0, 10.9, 10.2, 10.0, 10.2, 9.9, 9.6, 9.1, 8.8, 10.7, 9.8, 9.2, 9.6, 10.3, 8.5, 10.1, 9.6, 9.5, 9.6, 10.4, 10.6, 9.3, 8.9, 8.8, 9.3, 10.3, 10.1, 11.1, 9.8, 11.7, 9.9, 9.1, 10.5, 10.7, 10.0, 10.0, 9.9, 9.4, 9.2, 9.0, 10.6, 9.4, 10.1, 10.3, 12.5, 12.4, 12.1, 11.4, 11.1, 10.9, 10.9, 9.9, 10.6, 11.1, 11.0, 10.0, 10.2, 10.3, 11.0, 9.4, 10.2, 10.4, 9.5, 10.1, 9.2, 9.4, 9.2, 8.7, 9.8, 8.6, 8.3, 8.7, 8.9, 9.1, 8.8, 8.9, 7.0, 8.7, 8.6, 8.2, 9.0, 9.0, 8.7, 9.8, 9.4, 10.3, 9.6, 9.2, 9.6], 5: [9.1, 9.4, 10.6, 12.1, 10.5, 10.8, 11.3, 10.7, 10.6, 12.6, 12.5, 11.6, 11.5, 11.1, 10.8, 10.5, 11.1, 11.6, 10.7, 11.8, 10.6, 11.0, 10.2, 10.9, 9.6, 10.6, 9.6, 10.5, 9.3, 8.3, 9.5, 9.2, 9.6, 10.2, 9.2, 9.2, 10.1, 8.9, 9.3, 8.5, 8.8, 9.3, 9.1, 8.6, 9.9, 10.1, 9.0, 10.0, 8.2, 8.3, 8.9, 8.6, 8.5, 9.5, 9.6, 8.6, 9.0, 9.4, 9.4, 8.0, 8.3, 9.1, 9.0, 8.2, 8.7, 8.2, 8.2, 8.9, 8.9, 8.5, 9.6, 10.0, 8.8, 9.3, 9.3, 8.9, 9.5, 8.6, 10.5, 10.2, 9.8, 10.3, 9.1, 9.8, 9.7, 10.5, 10.7, 9.6, 9.9, 10.5, 11.2, 11.9, 10.8, 11.4, 11.4], 6: [10.1, 9.9, 12.1, 10.8, 10.4, 9.4, 9.2, 10.1, 11.1, 9.8, 10.4, 11.0, 10.9, 11.0, 13.0, 12.2, 10.5, 11.5, 10.0, 11.8, 9.6, 11.3, 10.6, 9.3, 9.4, 9.0, 10.5, 9.3, 10.4, 9.4, 9.4, 9.5, 10.3, 10.1, 8.4, 8.6, 10.3, 8.7, 9.1, 9.7, 8.6, 9.3, 9.1, 8.7, 8.4, 10.4, 8.9, 9.8, 10.6, 10.7, 9.3, 9.2, 7.6, 9.3, 8.3, 8.0, 8.5, 8.5, 8.1, 8.0, 7.5, 8.3, 8.6, 8.2, 9.4, 8.5, 8.9, 8.5, 8.0, 8.9, 8.5, 8.6, 8.0, 7.8, 7.3, 8.3, 7.3, 8.2, 8.9, 7.7, 8.7, 9.5, 9.5, 8.5, 8.8, 9.6, 9.4, 9.5, 9.0, 9.4, 11.2, 12.8, 12.4, 11.8, 12.1], 7: [9.2, 9.7, 10.3, 11.8, 11.8, 11.2, 12.2, 11.5, 10.8, 11.1, 12.2, 11.9, 11.9, 13.4, 12.9, 13.1, 14.1, 12.3, 12.7, 13.3, 11.4, 13.4, 12.8, 12.6, 12.6, 13.0, 13.0, 12.7, 13.0, 11.7, 11.9, 11.9, 12.3, 12.7, 13.8, 12.9, 13.4, 13.5, 12.5, 12.3, 12.5, 12.8, 11.2, 12.4, 13.8, 12.4, 10.7, 12.0, 11.9, 11.7, 14.4, 14.5, 12.1, 13.1, 13.4, 13.6, 12.6, 13.3, 13.3, 14.9, 13.1, 14.6, 15.2, 14.0, 13.9, 13.9, 14.3, 12.9, 13.0, 13.5, 15.0, 14.7, 15.4, 14.4, 14.2, 14.2, 14.5, 16.0, 15.5, 14.8, 14.5, 14.7, 15.6, 16.4, 16.5, 15.5, 15.5, 14.9, 14.8, 14.0, 16.8, 17.4, 16.9, 16.7, 16.0], 8: [7.8, 10.2, 9.5, 11.9, 11.6, 10.8, 9.4, 10.0, 9.6, 10.5, 9.9, 9.9, 10.2, 9.4, 9.8, 8.7, 9.4, 8.8, 9.6, 8.2, 8.0, 8.7, 9.1, 8.8, 8.9, 10.2, 8.3, 8.4, 7.6, 8.6, 8.3, 7.2, 8.5, 8.7, 7.7, 8.7, 8.3, 8.4, 8.6, 8.4, 8.8, 7.8, 8.8, 8.7, 8.0, 8.1, 7.1, 7.0, 6.9, 8.4, 6.1, 6.1, 5.5, 6.3, 6.4, 7.2, 7.2, 7.0, 7.3, 7.6, 7.0, 8.6, 7.6, 7.2, 7.2, 7.0, 7.3, 7.6, 7.2, 7.3, 7.3, 9.0, 9.0, 8.7, 10.5, 9.3, 8.6, 8.7, 8.4, 8.4, 8.8, 8.1, 8.4, 8.0, 8.6, 9.4, 9.1, 8.9, 8.3, 8.6, 9.7, 9.9, 10.5, 8.6, 8.5], 9: [10.4, 10.8, 9.5, 9.8, 8.9, 8.8, 8.5, 10.6, 9.6, 10.0, 6.8, 8.7, 10.7, 8.9, 9.7, 7.7, 9.0, 9.4, 10.0, 9.5, 9.7, 9.6, 9.4, 8.5, 7.3, 7.6, 9.7, 10.0, 8.1, 9.8, 11.0, 8.9, 10.3, 9.3, 10.3, 8.9, 9.3, 9.7, 10.8, 10.0, 9.6, 9.6, 10.1, 10.1, 9.2, 9.4, 11.1, 8.7, 10.7, 10.9, 9.8, 10.1, 10.9, 9.9, 10.9, 10.6, 9.7, 9.8, 9.9, 9.9, 9.6, 8.9, 9.8, 9.4, 10.4, 9.7, 10.2, 9.5, 9.9, 9.8, 8.4, 7.9, 8.4, 9.9, 8.1, 11.3, 9.7, 9.4, 9.3, 8.7, 9.6, 10.4, 10.4, 10.1, 8.8, 11.2, 9.7, 9.9, 10.8, 9.8, 9.7, 10.5, 10.2, 9.1, 10.4]}
----------------------------------------
Epoch   1 | Client   0 | Train: loss=0.066, acc= 99.6% | time=151.0ms | Valid: loss=1.408, acc= 52.0% |
Epoch   2 | Client   0 | Train: loss=0.089, acc= 98.3% | time=109.2ms | Valid: loss=1.315, acc= 56.0% |
Epoch   3 | Client   0 | Train: loss=0.054, acc= 99.2% | time=113.2ms | Valid: loss=1.082, acc= 64.0% |
Epoch   4 | Client   0 | Train: loss=0.029, acc= 99.8% | time= 80.0ms | Valid: loss=1.207, acc= 72.0% |
Epoch   5 | Client   0 | Train: loss=0.042, acc= 99.4% | time= 75.9ms | Valid: loss=1.439, acc= 60.0% |
----------------------------------------
Epoch   1 | Client   1 | Train: loss=0.101, acc= 97.3% | time=144.8ms | Valid: loss=1.920, acc= 36.0% |
Epoch   2 | Client   1 | Train: loss=0.042, acc= 99.6% | time= 90.2ms | Valid: loss=2.140, acc= 48.0% |
Epoch   3 | Client   1 | Train: loss=0.036, acc= 99.2% | time= 80.3ms | Valid: loss=2.035, acc= 44.0% |
Epoch   4 | Client   1 | Train: loss=0.026, acc= 99.8% | time= 76.1ms | Valid: loss=2.188, acc= 36.0% |
Epoch   5 | Client   1 | Train: loss=0.073, acc= 98.3% | time= 76.2ms | Valid: loss=2.349, acc= 32.0% |
Skip Updating GPM for layer: 1
----------------------------------------
Epoch   1 | Client   2 | Train: loss=0.075, acc= 98.7% | time=165.2ms | Valid: loss=1.896, acc= 44.0% |
Epoch   2 | Client   2 | Train: loss=0.088, acc= 97.5% | time= 91.4ms | Valid: loss=1.936, acc= 40.0% |
Epoch   3 | Client   2 | Train: loss=0.086, acc= 98.5% | time= 82.2ms | Valid: loss=2.017, acc= 44.0% |
Epoch   4 | Client   2 | Train: loss=0.037, acc= 99.8% | time= 80.6ms | Valid: loss=2.077, acc= 36.0% |
Epoch   5 | Client   2 | Train: loss=0.099, acc= 97.1% | time= 78.6ms | Valid: loss=2.373, acc= 40.0% |
----------------------------------------
Epoch   1 | Client   3 | Train: loss=0.092, acc= 97.5% | time=164.2ms | Valid: loss=1.038, acc= 72.0% |
Epoch   2 | Client   3 | Train: loss=0.068, acc= 98.5% | time=104.7ms | Valid: loss=1.163, acc= 68.0% |
Epoch   3 | Client   3 | Train: loss=0.041, acc= 99.6% | time=118.1ms | Valid: loss=1.033, acc= 72.0% |
Epoch   4 | Client   3 | Train: loss=0.032, acc= 99.8% | time= 82.0ms | Valid: loss=1.005, acc= 68.0% |
Epoch   5 | Client   3 | Train: loss=0.020, acc=100.0% | time= 79.2ms | Valid: loss=1.144, acc= 72.0% |
----------------------------------------
Epoch   1 | Client   4 | Train: loss=0.122, acc= 97.9% | time=142.5ms | Valid: loss=1.563, acc= 56.0% |
Epoch   2 | Client   4 | Train: loss=0.074, acc= 99.2% | time= 89.8ms | Valid: loss=1.527, acc= 52.0% |
Epoch   3 | Client   4 | Train: loss=0.088, acc= 98.3% | time= 89.4ms | Valid: loss=1.889, acc= 56.0% |
Epoch   4 | Client   4 | Train: loss=0.055, acc= 99.4% | time= 82.2ms | Valid: loss=1.651, acc= 60.0% |
Epoch   5 | Client   4 | Train: loss=0.051, acc= 99.6% | time= 80.7ms | Valid: loss=1.720, acc= 56.0% |
----------------------------------------
Epoch   1 | Client   5 | Train: loss=0.089, acc= 97.9% | time=169.0ms | Valid: loss=1.784, acc= 56.0% |
Epoch   2 | Client   5 | Train: loss=0.079, acc= 98.3% | time= 98.6ms | Valid: loss=1.418, acc= 68.0% |
Epoch   3 | Client   5 | Train: loss=0.059, acc= 98.3% | time= 93.5ms | Valid: loss=1.670, acc= 64.0% |
Epoch   4 | Client   5 | Train: loss=0.030, acc= 99.6% | time= 90.9ms | Valid: loss=1.433, acc= 72.0% |
Epoch   5 | Client   5 | Train: loss=0.039, acc= 99.4% | time= 86.9ms | Valid: loss=1.390, acc= 72.0% |
Skip Updating GPM for layer: 1
----------------------------------------
Epoch   1 | Client   6 | Train: loss=0.060, acc= 99.8% | time=163.6ms | Valid: loss=1.615, acc= 60.0% |
Epoch   2 | Client   6 | Train: loss=0.058, acc= 99.2% | time= 95.1ms | Valid: loss=1.771, acc= 56.0% |
Epoch   3 | Client   6 | Train: loss=0.094, acc= 97.7% | time= 90.8ms | Valid: loss=1.596, acc= 60.0% |
Epoch   4 | Client   6 | Train: loss=0.061, acc= 98.9% | time= 83.2ms | Valid: loss=1.874, acc= 52.0% |
Epoch   5 | Client   6 | Train: loss=0.024, acc=100.0% | time= 82.3ms | Valid: loss=1.741, acc= 52.0% |
Skip Updating GPM for layer: 1
----------------------------------------
Epoch   1 | Client   7 | Train: loss=0.164, acc= 95.6% | time=154.7ms | Valid: loss=1.465, acc= 60.0% |
Epoch   2 | Client   7 | Train: loss=0.120, acc= 97.3% | time= 95.3ms | Valid: loss=1.307, acc= 64.0% |
Epoch   3 | Client   7 | Train: loss=0.169, acc= 94.7% | time= 90.7ms | Valid: loss=1.512, acc= 52.0% |
Epoch   4 | Client   7 | Train: loss=0.082, acc= 98.1% | time= 81.8ms | Valid: loss=1.361, acc= 64.0% |
Epoch   5 | Client   7 | Train: loss=0.089, acc= 98.1% | time= 79.3ms | Valid: loss=0.971, acc= 68.0% |
----------------------------------------
Epoch   1 | Client   8 | Train: loss=0.067, acc= 98.5% | time=129.6ms | Valid: loss=1.337, acc= 60.0% |
Epoch   2 | Client   8 | Train: loss=0.042, acc= 99.6% | time= 98.5ms | Valid: loss=1.752, acc= 56.0% |
Epoch   3 | Client   8 | Train: loss=0.048, acc= 99.2% | time= 86.6ms | Valid: loss=1.527, acc= 60.0% |
Epoch   4 | Client   8 | Train: loss=0.023, acc= 99.8% | time= 82.7ms | Valid: loss=1.541, acc= 64.0% |
Epoch   5 | Client   8 | Train: loss=0.020, acc= 99.8% | time= 81.1ms | Valid: loss=1.663, acc= 56.0% |
Skip Updating GPM for layer: 1
----------------------------------------
Epoch   1 | Client   9 | Train: loss=0.084, acc= 98.3% | time=143.3ms | Valid: loss=1.465, acc= 44.0% |
Epoch   2 | Client   9 | Train: loss=0.094, acc= 97.7% | time=100.2ms | Valid: loss=1.504, acc= 44.0% |
Epoch   3 | Client   9 | Train: loss=0.080, acc= 98.1% | time= 95.2ms | Valid: loss=1.810, acc= 40.0% |
Epoch   4 | Client   9 | Train: loss=0.039, acc= 99.4% | time= 91.9ms | Valid: loss=1.687, acc= 44.0% |
Epoch   5 | Client   9 | Train: loss=0.019, acc=100.0% | time= 95.3ms | Valid: loss=1.536, acc= 44.0% |
Skip Updating GPM for layer: 1
----------------------------------------
G-Epoch:   5, Test: loss=1.515 , acc= 60.0%
****************************************
Task:   0, G-Epoch:   5, Test: loss=3.642 , acc= 40.2%
Task:   1, G-Epoch:   5, Test: loss=2.775 , acc= 43.6%
Task:   2, G-Epoch:   5, Test: loss=2.065 , acc= 57.7%
Task:   3, G-Epoch:   5, Test: loss=1.519 , acc= 59.9%
Task:   4, G-Epoch:   5, Test: loss=2.318 , acc=  8.8%
Task:   5, G-Epoch:   5, Test: loss=2.296 , acc= 10.5%
Task:   6, G-Epoch:   5, Test: loss=2.297 , acc= 13.3%
Task:   7, G-Epoch:   5, Test: loss=2.291 , acc= 16.2%
Task:   8, G-Epoch:   5, Test: loss=2.319 , acc=  9.6%
Task:   9, G-Epoch:   5, Test: loss=2.299 , acc= 10.1%
{0: [39.3, 45.7, 48.7, 48.8, 51.1, 52.3, 53.9, 51.6, 55.6, 54.8, 53.3, 54.9, 58.1, 57.8, 55.8, 58.5, 58.6, 58.9, 57.4, 60.4, 61.3, 56.9, 60.1, 60.2, 60.8, 60.2, 60.8, 61.6, 61.5, 61.0, 62.5, 62.5, 64.4, 61.7, 62.6, 62.6, 63.1, 63.9, 65.4, 63.5, 65.0, 63.8, 64.1, 65.7, 66.4, 65.1, 63.0, 66.9, 65.3, 66.5, 68.2, 66.5, 65.4, 65.8, 64.3, 63.8, 64.5, 62.4, 61.7, 61.1, 60.5, 58.7, 57.8, 58.2, 58.3, 55.9, 54.1, 51.9, 52.1, 51.0, 53.7, 53.0, 52.1, 51.7, 52.5, 51.0, 50.5, 50.8, 50.9, 51.6, 47.8, 48.7, 48.5, 49.4, 48.5, 49.6, 48.7, 47.6, 46.9, 46.9, 47.3, 45.1, 43.4, 41.8, 41.6, 40.2], 1: [10.2, 9.5, 11.1, 11.0, 9.3, 10.0, 10.6, 10.7, 11.2, 8.9, 9.1, 10.8, 10.8, 10.3, 9.9, 9.1, 11.7, 10.1, 10.2, 11.4, 8.8, 9.8, 10.9, 9.7, 9.2, 9.7, 10.1, 9.5, 9.9, 9.0, 9.4, 9.2, 9.6, 8.9, 9.1, 8.4, 8.4, 8.8, 10.2, 8.7, 8.9, 10.8, 8.1, 9.5, 9.5, 9.3, 10.3, 10.0, 9.3, 9.6, 49.7, 53.7, 57.3, 56.8, 58.2, 56.9, 59.3, 58.9, 59.6, 58.5, 59.5, 59.5, 60.8, 58.1, 58.5, 59.3, 59.4, 58.8, 60.4, 59.6, 56.2, 54.6, 52.9, 51.7, 52.2, 52.6, 50.7, 50.1, 51.0, 48.7, 49.4, 48.5, 47.1, 48.0, 47.2, 45.8, 47.7, 45.6, 44.9, 44.7, 48.4, 48.0, 48.2, 44.6, 45.6, 43.6], 2: [10.3, 10.5, 9.7, 11.4, 11.1, 9.9, 8.6, 8.9, 9.1, 8.7, 9.4, 9.6, 7.7, 10.1, 10.4, 8.9, 9.1, 9.5, 10.8, 8.4, 8.5, 8.8, 9.1, 8.5, 9.7, 10.0, 9.4, 9.9, 9.9, 9.5, 8.9, 8.9, 9.1, 9.7, 9.7, 9.8, 9.4, 9.9, 9.1, 9.1, 9.2, 9.9, 9.7, 9.4, 8.0, 10.1, 10.6, 9.1, 9.6, 9.0, 9.4, 11.1, 11.1, 9.6, 9.4, 11.5, 10.8, 9.3, 10.8, 8.4, 9.6, 9.3, 9.7, 10.1, 10.9, 10.4, 9.9, 10.2, 9.5, 10.1, 56.7, 61.3, 62.3, 63.5, 63.5, 64.8, 64.3, 66.1, 66.1, 66.1, 67.2, 68.3, 66.5, 66.6, 67.0, 67.4, 67.4, 67.5, 66.0, 68.6, 64.4, 62.3, 62.1, 60.4, 60.1, 57.7], 3: [10.3, 9.9, 8.6, 9.7, 9.2, 9.4, 9.3, 10.7, 11.6, 11.0, 11.6, 11.9, 11.3, 11.4, 12.4, 11.7, 11.1, 11.2, 11.9, 12.5, 13.1, 12.2, 13.1, 12.0, 12.6, 11.9, 12.0, 12.8, 13.5, 12.1, 12.1, 11.7, 11.8, 12.4, 12.6, 11.4, 12.7, 13.3, 13.2, 12.1, 12.3, 12.5, 13.4, 13.2, 13.5, 12.3, 11.5, 12.1, 12.0, 13.0, 10.4, 11.3, 11.9, 10.9, 10.6, 11.5, 10.8, 9.7, 12.1, 11.0, 11.6, 11.6, 11.3, 10.6, 10.6, 11.2, 10.5, 10.4, 10.5, 9.6, 8.5, 10.0, 10.2, 10.6, 10.2, 12.1, 11.2, 11.3, 10.1, 11.6, 11.4, 11.6, 9.8, 10.6, 12.1, 12.2, 11.2, 11.2, 11.1, 11.8, 49.8, 56.9, 57.6, 60.7, 59.8, 59.9], 4: [11.0, 10.0, 10.7, 9.8, 10.8, 10.1, 10.0, 10.9, 10.2, 10.0, 10.2, 9.9, 9.6, 9.1, 8.8, 10.7, 9.8, 9.2, 9.6, 10.3, 8.5, 10.1, 9.6, 9.5, 9.6, 10.4, 10.6, 9.3, 8.9, 8.8, 9.3, 10.3, 10.1, 11.1, 9.8, 11.7, 9.9, 9.1, 10.5, 10.7, 10.0, 10.0, 9.9, 9.4, 9.2, 9.0, 10.6, 9.4, 10.1, 10.3, 12.5, 12.4, 12.1, 11.4, 11.1, 10.9, 10.9, 9.9, 10.6, 11.1, 11.0, 10.0, 10.2, 10.3, 11.0, 9.4, 10.2, 10.4, 9.5, 10.1, 9.2, 9.4, 9.2, 8.7, 9.8, 8.6, 8.3, 8.7, 8.9, 9.1, 8.8, 8.9, 7.0, 8.7, 8.6, 8.2, 9.0, 9.0, 8.7, 9.8, 9.4, 10.3, 9.6, 9.2, 9.6, 8.8], 5: [9.1, 9.4, 10.6, 12.1, 10.5, 10.8, 11.3, 10.7, 10.6, 12.6, 12.5, 11.6, 11.5, 11.1, 10.8, 10.5, 11.1, 11.6, 10.7, 11.8, 10.6, 11.0, 10.2, 10.9, 9.6, 10.6, 9.6, 10.5, 9.3, 8.3, 9.5, 9.2, 9.6, 10.2, 9.2, 9.2, 10.1, 8.9, 9.3, 8.5, 8.8, 9.3, 9.1, 8.6, 9.9, 10.1, 9.0, 10.0, 8.2, 8.3, 8.9, 8.6, 8.5, 9.5, 9.6, 8.6, 9.0, 9.4, 9.4, 8.0, 8.3, 9.1, 9.0, 8.2, 8.7, 8.2, 8.2, 8.9, 8.9, 8.5, 9.6, 10.0, 8.8, 9.3, 9.3, 8.9, 9.5, 8.6, 10.5, 10.2, 9.8, 10.3, 9.1, 9.8, 9.7, 10.5, 10.7, 9.6, 9.9, 10.5, 11.2, 11.9, 10.8, 11.4, 11.4, 10.5], 6: [10.1, 9.9, 12.1, 10.8, 10.4, 9.4, 9.2, 10.1, 11.1, 9.8, 10.4, 11.0, 10.9, 11.0, 13.0, 12.2, 10.5, 11.5, 10.0, 11.8, 9.6, 11.3, 10.6, 9.3, 9.4, 9.0, 10.5, 9.3, 10.4, 9.4, 9.4, 9.5, 10.3, 10.1, 8.4, 8.6, 10.3, 8.7, 9.1, 9.7, 8.6, 9.3, 9.1, 8.7, 8.4, 10.4, 8.9, 9.8, 10.6, 10.7, 9.3, 9.2, 7.6, 9.3, 8.3, 8.0, 8.5, 8.5, 8.1, 8.0, 7.5, 8.3, 8.6, 8.2, 9.4, 8.5, 8.9, 8.5, 8.0, 8.9, 8.5, 8.6, 8.0, 7.8, 7.3, 8.3, 7.3, 8.2, 8.9, 7.7, 8.7, 9.5, 9.5, 8.5, 8.8, 9.6, 9.4, 9.5, 9.0, 9.4, 11.2, 12.8, 12.4, 11.8, 12.1, 13.3], 7: [9.2, 9.7, 10.3, 11.8, 11.8, 11.2, 12.2, 11.5, 10.8, 11.1, 12.2, 11.9, 11.9, 13.4, 12.9, 13.1, 14.1, 12.3, 12.7, 13.3, 11.4, 13.4, 12.8, 12.6, 12.6, 13.0, 13.0, 12.7, 13.0, 11.7, 11.9, 11.9, 12.3, 12.7, 13.8, 12.9, 13.4, 13.5, 12.5, 12.3, 12.5, 12.8, 11.2, 12.4, 13.8, 12.4, 10.7, 12.0, 11.9, 11.7, 14.4, 14.5, 12.1, 13.1, 13.4, 13.6, 12.6, 13.3, 13.3, 14.9, 13.1, 14.6, 15.2, 14.0, 13.9, 13.9, 14.3, 12.9, 13.0, 13.5, 15.0, 14.7, 15.4, 14.4, 14.2, 14.2, 14.5, 16.0, 15.5, 14.8, 14.5, 14.7, 15.6, 16.4, 16.5, 15.5, 15.5, 14.9, 14.8, 14.0, 16.8, 17.4, 16.9, 16.7, 16.0, 16.2], 8: [7.8, 10.2, 9.5, 11.9, 11.6, 10.8, 9.4, 10.0, 9.6, 10.5, 9.9, 9.9, 10.2, 9.4, 9.8, 8.7, 9.4, 8.8, 9.6, 8.2, 8.0, 8.7, 9.1, 8.8, 8.9, 10.2, 8.3, 8.4, 7.6, 8.6, 8.3, 7.2, 8.5, 8.7, 7.7, 8.7, 8.3, 8.4, 8.6, 8.4, 8.8, 7.8, 8.8, 8.7, 8.0, 8.1, 7.1, 7.0, 6.9, 8.4, 6.1, 6.1, 5.5, 6.3, 6.4, 7.2, 7.2, 7.0, 7.3, 7.6, 7.0, 8.6, 7.6, 7.2, 7.2, 7.0, 7.3, 7.6, 7.2, 7.3, 7.3, 9.0, 9.0, 8.7, 10.5, 9.3, 8.6, 8.7, 8.4, 8.4, 8.8, 8.1, 8.4, 8.0, 8.6, 9.4, 9.1, 8.9, 8.3, 8.6, 9.7, 9.9, 10.5, 8.6, 8.5, 9.6], 9: [10.4, 10.8, 9.5, 9.8, 8.9, 8.8, 8.5, 10.6, 9.6, 10.0, 6.8, 8.7, 10.7, 8.9, 9.7, 7.7, 9.0, 9.4, 10.0, 9.5, 9.7, 9.6, 9.4, 8.5, 7.3, 7.6, 9.7, 10.0, 8.1, 9.8, 11.0, 8.9, 10.3, 9.3, 10.3, 8.9, 9.3, 9.7, 10.8, 10.0, 9.6, 9.6, 10.1, 10.1, 9.2, 9.4, 11.1, 8.7, 10.7, 10.9, 9.8, 10.1, 10.9, 9.9, 10.9, 10.6, 9.7, 9.8, 9.9, 9.9, 9.6, 8.9, 9.8, 9.4, 10.4, 9.7, 10.2, 9.5, 9.9, 9.8, 8.4, 7.9, 8.4, 9.9, 8.1, 11.3, 9.7, 9.4, 9.3, 8.7, 9.6, 10.4, 10.4, 10.1, 8.8, 11.2, 9.7, 9.9, 10.8, 9.8, 9.7, 10.5, 10.2, 9.1, 10.4, 10.1]}
----------------------------------------
Epoch   1 | Client   0 | Train: loss=0.153, acc= 96.0% | time=153.5ms | Valid: loss=1.222, acc= 64.0% |
Epoch   2 | Client   0 | Train: loss=0.062, acc= 98.9% | time= 93.6ms | Valid: loss=1.312, acc= 64.0% |
Epoch   3 | Client   0 | Train: loss=0.040, acc= 99.4% | time= 92.2ms | Valid: loss=1.285, acc= 64.0% |
Epoch   4 | Client   0 | Train: loss=0.059, acc= 98.5% | time= 93.7ms | Valid: loss=1.467, acc= 60.0% |
Epoch   5 | Client   0 | Train: loss=0.072, acc= 98.1% | time= 79.5ms | Valid: loss=1.647, acc= 56.0% |
----------------------------------------
Epoch   1 | Client   1 | Train: loss=0.047, acc= 99.6% | time=138.0ms | Valid: loss=2.189, acc= 40.0% |
Epoch   2 | Client   1 | Train: loss=0.033, acc= 99.6% | time= 95.6ms | Valid: loss=2.025, acc= 44.0% |
Epoch   3 | Client   1 | Train: loss=0.033, acc= 99.4% | time= 82.6ms | Valid: loss=2.275, acc= 48.0% |
Epoch   4 | Client   1 | Train: loss=0.022, acc= 99.6% | time= 80.0ms | Valid: loss=2.188, acc= 44.0% |
Epoch   5 | Client   1 | Train: loss=0.025, acc= 99.8% | time= 78.8ms | Valid: loss=2.146, acc= 36.0% |
Skip Updating GPM for layer: 1
----------------------------------------
Epoch   1 | Client   2 | Train: loss=0.096, acc= 97.1% | time=167.3ms | Valid: loss=2.187, acc= 40.0% |
Epoch   2 | Client   2 | Train: loss=0.163, acc= 95.2% | time= 82.2ms | Valid: loss=2.540, acc= 32.0% |
Epoch   3 | Client   2 | Train: loss=0.047, acc= 99.4% | time= 82.2ms | Valid: loss=2.343, acc= 40.0% |
Epoch   4 | Client   2 | Train: loss=0.087, acc= 98.5% | time=101.1ms | Valid: loss=2.826, acc= 36.0% |
Epoch   5 | Client   2 | Train: loss=0.028, acc= 99.6% | time=111.4ms | Valid: loss=2.270, acc= 48.0% |
----------------------------------------
Epoch   1 | Client   3 | Train: loss=0.034, acc= 99.8% | time=152.1ms | Valid: loss=1.071, acc= 72.0% |
Epoch   2 | Client   3 | Train: loss=0.022, acc=100.0% | time= 94.7ms | Valid: loss=1.148, acc= 68.0% |
Epoch   3 | Client   3 | Train: loss=0.029, acc= 99.6% | time= 83.7ms | Valid: loss=1.256, acc= 72.0% |
Epoch   4 | Client   3 | Train: loss=0.030, acc= 99.4% | time= 77.9ms | Valid: loss=1.273, acc= 72.0% |
Epoch   5 | Client   3 | Train: loss=0.057, acc= 98.3% | time= 79.5ms | Valid: loss=1.448, acc= 76.0% |
Skip Updating GPM for layer: 1
----------------------------------------
Epoch   1 | Client   4 | Train: loss=0.399, acc= 88.2% | time=164.5ms | Valid: loss=1.945, acc= 60.0% |
Epoch   2 | Client   4 | Train: loss=0.068, acc= 98.5% | time= 85.7ms | Valid: loss=1.728, acc= 60.0% |
Epoch   3 | Client   4 | Train: loss=0.187, acc= 93.9% | time=107.3ms | Valid: loss=1.664, acc= 60.0% |
Epoch   4 | Client   4 | Train: loss=0.048, acc= 99.4% | time= 86.7ms | Valid: loss=1.585, acc= 52.0% |
Epoch   5 | Client   4 | Train: loss=0.035, acc= 99.6% | time= 82.6ms | Valid: loss=1.573, acc= 60.0% |
----------------------------------------
Epoch   1 | Client   5 | Train: loss=0.041, acc= 99.6% | time=175.7ms | Valid: loss=1.558, acc= 68.0% |
Epoch   2 | Client   5 | Train: loss=0.028, acc= 99.8% | time= 85.9ms | Valid: loss=1.497, acc= 76.0% |
Epoch   3 | Client   5 | Train: loss=0.016, acc=100.0% | time= 85.2ms | Valid: loss=1.587, acc= 64.0% |
Epoch   4 | Client   5 | Train: loss=0.016, acc=100.0% | time= 81.3ms | Valid: loss=1.467, acc= 76.0% |
Epoch   5 | Client   5 | Train: loss=0.017, acc=100.0% | time= 78.8ms | Valid: loss=1.611, acc= 72.0% |
Skip Updating GPM for layer: 1
----------------------------------------
Epoch   1 | Client   6 | Train: loss=0.061, acc= 99.4% | time=153.1ms | Valid: loss=2.001, acc= 52.0% |
Epoch   2 | Client   6 | Train: loss=0.038, acc= 99.6% | time= 90.7ms | Valid: loss=1.715, acc= 60.0% |
Epoch   3 | Client   6 | Train: loss=0.034, acc= 99.8% | time= 83.6ms | Valid: loss=1.966, acc= 48.0% |
Epoch   4 | Client   6 | Train: loss=0.024, acc=100.0% | time= 76.2ms | Valid: loss=1.860, acc= 60.0% |
Epoch   5 | Client   6 | Train: loss=0.018, acc= 99.8% | time= 76.0ms | Valid: loss=1.712, acc= 60.0% |
Skip Updating GPM for layer: 1
----------------------------------------
Epoch   1 | Client   7 | Train: loss=0.152, acc= 95.6% | time=181.4ms | Valid: loss=1.237, acc= 56.0% |
Epoch   2 | Client   7 | Train: loss=0.226, acc= 92.6% | time= 93.0ms | Valid: loss=1.452, acc= 52.0% |
Epoch   3 | Client   7 | Train: loss=0.139, acc= 96.8% | time= 90.2ms | Valid: loss=1.646, acc= 60.0% |
Epoch   4 | Client   7 | Train: loss=0.122, acc= 96.4% | time= 82.6ms | Valid: loss=0.989, acc= 64.0% |
Epoch   5 | Client   7 | Train: loss=0.057, acc= 99.2% | time= 79.6ms | Valid: loss=1.353, acc= 64.0% |
----------------------------------------
Epoch   1 | Client   8 | Train: loss=0.033, acc= 99.8% | time=163.4ms | Valid: loss=1.542, acc= 52.0% |
Epoch   2 | Client   8 | Train: loss=0.056, acc= 99.4% | time= 91.4ms | Valid: loss=1.794, acc= 48.0% |
Epoch   3 | Client   8 | Train: loss=0.035, acc= 99.4% | time= 81.0ms | Valid: loss=1.796, acc= 56.0% |
Epoch   4 | Client   8 | Train: loss=0.026, acc=100.0% | time= 77.0ms | Valid: loss=1.759, acc= 52.0% |
Epoch   5 | Client   8 | Train: loss=0.024, acc= 99.8% | time= 79.4ms | Valid: loss=1.909, acc= 52.0% |
Skip Updating GPM for layer: 1
----------------------------------------
Epoch   1 | Client   9 | Train: loss=0.052, acc= 99.4% | time=153.5ms | Valid: loss=1.786, acc= 48.0% |
Epoch   2 | Client   9 | Train: loss=0.031, acc= 99.6% | time= 89.3ms | Valid: loss=1.517, acc= 60.0% |
Epoch   3 | Client   9 | Train: loss=0.021, acc=100.0% | time= 90.9ms | Valid: loss=1.582, acc= 52.0% |
Epoch   4 | Client   9 | Train: loss=0.021, acc=100.0% | time= 81.0ms | Valid: loss=1.623, acc= 52.0% |
Epoch   5 | Client   9 | Train: loss=0.016, acc=100.0% | time= 78.8ms | Valid: loss=1.525, acc= 52.0% |
Skip Updating GPM for layer: 1
----------------------------------------
G-Epoch:   6, Test: loss=1.547 , acc= 59.2%
****************************************
Task:   0, G-Epoch:   6, Test: loss=3.690 , acc= 38.6%
Task:   1, G-Epoch:   6, Test: loss=2.832 , acc= 44.3%
Task:   2, G-Epoch:   6, Test: loss=2.076 , acc= 57.6%
Task:   3, G-Epoch:   6, Test: loss=1.518 , acc= 59.8%
Task:   4, G-Epoch:   6, Test: loss=2.317 , acc=  9.5%
Task:   5, G-Epoch:   6, Test: loss=2.297 , acc= 12.5%
Task:   6, G-Epoch:   6, Test: loss=2.296 , acc= 12.1%
Task:   7, G-Epoch:   6, Test: loss=2.290 , acc= 17.2%
Task:   8, G-Epoch:   6, Test: loss=2.321 , acc=  9.2%
Task:   9, G-Epoch:   6, Test: loss=2.302 , acc= 10.8%
{0: [39.3, 45.7, 48.7, 48.8, 51.1, 52.3, 53.9, 51.6, 55.6, 54.8, 53.3, 54.9, 58.1, 57.8, 55.8, 58.5, 58.6, 58.9, 57.4, 60.4, 61.3, 56.9, 60.1, 60.2, 60.8, 60.2, 60.8, 61.6, 61.5, 61.0, 62.5, 62.5, 64.4, 61.7, 62.6, 62.6, 63.1, 63.9, 65.4, 63.5, 65.0, 63.8, 64.1, 65.7, 66.4, 65.1, 63.0, 66.9, 65.3, 66.5, 68.2, 66.5, 65.4, 65.8, 64.3, 63.8, 64.5, 62.4, 61.7, 61.1, 60.5, 58.7, 57.8, 58.2, 58.3, 55.9, 54.1, 51.9, 52.1, 51.0, 53.7, 53.0, 52.1, 51.7, 52.5, 51.0, 50.5, 50.8, 50.9, 51.6, 47.8, 48.7, 48.5, 49.4, 48.5, 49.6, 48.7, 47.6, 46.9, 46.9, 47.3, 45.1, 43.4, 41.8, 41.6, 40.2, 38.6], 1: [10.2, 9.5, 11.1, 11.0, 9.3, 10.0, 10.6, 10.7, 11.2, 8.9, 9.1, 10.8, 10.8, 10.3, 9.9, 9.1, 11.7, 10.1, 10.2, 11.4, 8.8, 9.8, 10.9, 9.7, 9.2, 9.7, 10.1, 9.5, 9.9, 9.0, 9.4, 9.2, 9.6, 8.9, 9.1, 8.4, 8.4, 8.8, 10.2, 8.7, 8.9, 10.8, 8.1, 9.5, 9.5, 9.3, 10.3, 10.0, 9.3, 9.6, 49.7, 53.7, 57.3, 56.8, 58.2, 56.9, 59.3, 58.9, 59.6, 58.5, 59.5, 59.5, 60.8, 58.1, 58.5, 59.3, 59.4, 58.8, 60.4, 59.6, 56.2, 54.6, 52.9, 51.7, 52.2, 52.6, 50.7, 50.1, 51.0, 48.7, 49.4, 48.5, 47.1, 48.0, 47.2, 45.8, 47.7, 45.6, 44.9, 44.7, 48.4, 48.0, 48.2, 44.6, 45.6, 43.6, 44.3], 2: [10.3, 10.5, 9.7, 11.4, 11.1, 9.9, 8.6, 8.9, 9.1, 8.7, 9.4, 9.6, 7.7, 10.1, 10.4, 8.9, 9.1, 9.5, 10.8, 8.4, 8.5, 8.8, 9.1, 8.5, 9.7, 10.0, 9.4, 9.9, 9.9, 9.5, 8.9, 8.9, 9.1, 9.7, 9.7, 9.8, 9.4, 9.9, 9.1, 9.1, 9.2, 9.9, 9.7, 9.4, 8.0, 10.1, 10.6, 9.1, 9.6, 9.0, 9.4, 11.1, 11.1, 9.6, 9.4, 11.5, 10.8, 9.3, 10.8, 8.4, 9.6, 9.3, 9.7, 10.1, 10.9, 10.4, 9.9, 10.2, 9.5, 10.1, 56.7, 61.3, 62.3, 63.5, 63.5, 64.8, 64.3, 66.1, 66.1, 66.1, 67.2, 68.3, 66.5, 66.6, 67.0, 67.4, 67.4, 67.5, 66.0, 68.6, 64.4, 62.3, 62.1, 60.4, 60.1, 57.7, 57.6], 3: [10.3, 9.9, 8.6, 9.7, 9.2, 9.4, 9.3, 10.7, 11.6, 11.0, 11.6, 11.9, 11.3, 11.4, 12.4, 11.7, 11.1, 11.2, 11.9, 12.5, 13.1, 12.2, 13.1, 12.0, 12.6, 11.9, 12.0, 12.8, 13.5, 12.1, 12.1, 11.7, 11.8, 12.4, 12.6, 11.4, 12.7, 13.3, 13.2, 12.1, 12.3, 12.5, 13.4, 13.2, 13.5, 12.3, 11.5, 12.1, 12.0, 13.0, 10.4, 11.3, 11.9, 10.9, 10.6, 11.5, 10.8, 9.7, 12.1, 11.0, 11.6, 11.6, 11.3, 10.6, 10.6, 11.2, 10.5, 10.4, 10.5, 9.6, 8.5, 10.0, 10.2, 10.6, 10.2, 12.1, 11.2, 11.3, 10.1, 11.6, 11.4, 11.6, 9.8, 10.6, 12.1, 12.2, 11.2, 11.2, 11.1, 11.8, 49.8, 56.9, 57.6, 60.7, 59.8, 59.9, 59.8], 4: [11.0, 10.0, 10.7, 9.8, 10.8, 10.1, 10.0, 10.9, 10.2, 10.0, 10.2, 9.9, 9.6, 9.1, 8.8, 10.7, 9.8, 9.2, 9.6, 10.3, 8.5, 10.1, 9.6, 9.5, 9.6, 10.4, 10.6, 9.3, 8.9, 8.8, 9.3, 10.3, 10.1, 11.1, 9.8, 11.7, 9.9, 9.1, 10.5, 10.7, 10.0, 10.0, 9.9, 9.4, 9.2, 9.0, 10.6, 9.4, 10.1, 10.3, 12.5, 12.4, 12.1, 11.4, 11.1, 10.9, 10.9, 9.9, 10.6, 11.1, 11.0, 10.0, 10.2, 10.3, 11.0, 9.4, 10.2, 10.4, 9.5, 10.1, 9.2, 9.4, 9.2, 8.7, 9.8, 8.6, 8.3, 8.7, 8.9, 9.1, 8.8, 8.9, 7.0, 8.7, 8.6, 8.2, 9.0, 9.0, 8.7, 9.8, 9.4, 10.3, 9.6, 9.2, 9.6, 8.8, 9.5], 5: [9.1, 9.4, 10.6, 12.1, 10.5, 10.8, 11.3, 10.7, 10.6, 12.6, 12.5, 11.6, 11.5, 11.1, 10.8, 10.5, 11.1, 11.6, 10.7, 11.8, 10.6, 11.0, 10.2, 10.9, 9.6, 10.6, 9.6, 10.5, 9.3, 8.3, 9.5, 9.2, 9.6, 10.2, 9.2, 9.2, 10.1, 8.9, 9.3, 8.5, 8.8, 9.3, 9.1, 8.6, 9.9, 10.1, 9.0, 10.0, 8.2, 8.3, 8.9, 8.6, 8.5, 9.5, 9.6, 8.6, 9.0, 9.4, 9.4, 8.0, 8.3, 9.1, 9.0, 8.2, 8.7, 8.2, 8.2, 8.9, 8.9, 8.5, 9.6, 10.0, 8.8, 9.3, 9.3, 8.9, 9.5, 8.6, 10.5, 10.2, 9.8, 10.3, 9.1, 9.8, 9.7, 10.5, 10.7, 9.6, 9.9, 10.5, 11.2, 11.9, 10.8, 11.4, 11.4, 10.5, 12.5], 6: [10.1, 9.9, 12.1, 10.8, 10.4, 9.4, 9.2, 10.1, 11.1, 9.8, 10.4, 11.0, 10.9, 11.0, 13.0, 12.2, 10.5, 11.5, 10.0, 11.8, 9.6, 11.3, 10.6, 9.3, 9.4, 9.0, 10.5, 9.3, 10.4, 9.4, 9.4, 9.5, 10.3, 10.1, 8.4, 8.6, 10.3, 8.7, 9.1, 9.7, 8.6, 9.3, 9.1, 8.7, 8.4, 10.4, 8.9, 9.8, 10.6, 10.7, 9.3, 9.2, 7.6, 9.3, 8.3, 8.0, 8.5, 8.5, 8.1, 8.0, 7.5, 8.3, 8.6, 8.2, 9.4, 8.5, 8.9, 8.5, 8.0, 8.9, 8.5, 8.6, 8.0, 7.8, 7.3, 8.3, 7.3, 8.2, 8.9, 7.7, 8.7, 9.5, 9.5, 8.5, 8.8, 9.6, 9.4, 9.5, 9.0, 9.4, 11.2, 12.8, 12.4, 11.8, 12.1, 13.3, 12.1], 7: [9.2, 9.7, 10.3, 11.8, 11.8, 11.2, 12.2, 11.5, 10.8, 11.1, 12.2, 11.9, 11.9, 13.4, 12.9, 13.1, 14.1, 12.3, 12.7, 13.3, 11.4, 13.4, 12.8, 12.6, 12.6, 13.0, 13.0, 12.7, 13.0, 11.7, 11.9, 11.9, 12.3, 12.7, 13.8, 12.9, 13.4, 13.5, 12.5, 12.3, 12.5, 12.8, 11.2, 12.4, 13.8, 12.4, 10.7, 12.0, 11.9, 11.7, 14.4, 14.5, 12.1, 13.1, 13.4, 13.6, 12.6, 13.3, 13.3, 14.9, 13.1, 14.6, 15.2, 14.0, 13.9, 13.9, 14.3, 12.9, 13.0, 13.5, 15.0, 14.7, 15.4, 14.4, 14.2, 14.2, 14.5, 16.0, 15.5, 14.8, 14.5, 14.7, 15.6, 16.4, 16.5, 15.5, 15.5, 14.9, 14.8, 14.0, 16.8, 17.4, 16.9, 16.7, 16.0, 16.2, 17.2], 8: [7.8, 10.2, 9.5, 11.9, 11.6, 10.8, 9.4, 10.0, 9.6, 10.5, 9.9, 9.9, 10.2, 9.4, 9.8, 8.7, 9.4, 8.8, 9.6, 8.2, 8.0, 8.7, 9.1, 8.8, 8.9, 10.2, 8.3, 8.4, 7.6, 8.6, 8.3, 7.2, 8.5, 8.7, 7.7, 8.7, 8.3, 8.4, 8.6, 8.4, 8.8, 7.8, 8.8, 8.7, 8.0, 8.1, 7.1, 7.0, 6.9, 8.4, 6.1, 6.1, 5.5, 6.3, 6.4, 7.2, 7.2, 7.0, 7.3, 7.6, 7.0, 8.6, 7.6, 7.2, 7.2, 7.0, 7.3, 7.6, 7.2, 7.3, 7.3, 9.0, 9.0, 8.7, 10.5, 9.3, 8.6, 8.7, 8.4, 8.4, 8.8, 8.1, 8.4, 8.0, 8.6, 9.4, 9.1, 8.9, 8.3, 8.6, 9.7, 9.9, 10.5, 8.6, 8.5, 9.6, 9.2], 9: [10.4, 10.8, 9.5, 9.8, 8.9, 8.8, 8.5, 10.6, 9.6, 10.0, 6.8, 8.7, 10.7, 8.9, 9.7, 7.7, 9.0, 9.4, 10.0, 9.5, 9.7, 9.6, 9.4, 8.5, 7.3, 7.6, 9.7, 10.0, 8.1, 9.8, 11.0, 8.9, 10.3, 9.3, 10.3, 8.9, 9.3, 9.7, 10.8, 10.0, 9.6, 9.6, 10.1, 10.1, 9.2, 9.4, 11.1, 8.7, 10.7, 10.9, 9.8, 10.1, 10.9, 9.9, 10.9, 10.6, 9.7, 9.8, 9.9, 9.9, 9.6, 8.9, 9.8, 9.4, 10.4, 9.7, 10.2, 9.5, 9.9, 9.8, 8.4, 7.9, 8.4, 9.9, 8.1, 11.3, 9.7, 9.4, 9.3, 8.7, 9.6, 10.4, 10.4, 10.1, 8.8, 11.2, 9.7, 9.9, 10.8, 9.8, 9.7, 10.5, 10.2, 9.1, 10.4, 10.1, 10.8]}
----------------------------------------
Epoch   1 | Client   0 | Train: loss=0.040, acc= 99.4% | time=155.5ms | Valid: loss=1.314, acc= 52.0% |
Epoch   2 | Client   0 | Train: loss=0.109, acc= 96.2% | time= 91.8ms | Valid: loss=1.784, acc= 44.0% |
Epoch   3 | Client   0 | Train: loss=0.025, acc= 99.8% | time= 89.4ms | Valid: loss=1.494, acc= 56.0% |
Epoch   4 | Client   0 | Train: loss=0.057, acc= 98.3% | time= 88.3ms | Valid: loss=1.643, acc= 56.0% |
Epoch   5 | Client   0 | Train: loss=0.023, acc= 99.6% | time= 84.2ms | Valid: loss=1.602, acc= 52.0% |
----------------------------------------
Epoch   1 | Client   1 | Train: loss=0.140, acc= 95.4% | time=146.1ms | Valid: loss=2.308, acc= 40.0% |
Epoch   2 | Client   1 | Train: loss=0.205, acc= 92.4% | time= 89.5ms | Valid: loss=2.560, acc= 40.0% |
Epoch   3 | Client   1 | Train: loss=0.038, acc= 99.4% | time= 92.6ms | Valid: loss=1.972, acc= 48.0% |
Epoch   4 | Client   1 | Train: loss=0.016, acc= 99.8% | time= 79.9ms | Valid: loss=2.241, acc= 36.0% |
Epoch   5 | Client   1 | Train: loss=0.023, acc= 99.6% | time= 78.7ms | Valid: loss=2.301, acc= 44.0% |
Skip Updating GPM for layer: 1
----------------------------------------
Epoch   1 | Client   2 | Train: loss=0.067, acc= 98.5% | time=158.2ms | Valid: loss=2.566, acc= 44.0% |
Epoch   2 | Client   2 | Train: loss=0.033, acc= 99.4% | time= 91.0ms | Valid: loss=2.197, acc= 48.0% |
Epoch   3 | Client   2 | Train: loss=0.090, acc= 96.8% | time= 80.1ms | Valid: loss=2.792, acc= 32.0% |
Epoch   4 | Client   2 | Train: loss=0.054, acc= 98.5% | time= 79.1ms | Valid: loss=2.402, acc= 44.0% |
Epoch   5 | Client   2 | Train: loss=0.022, acc=100.0% | time= 78.8ms | Valid: loss=2.108, acc= 52.0% |
----------------------------------------
Epoch   1 | Client   3 | Train: loss=0.045, acc= 98.9% | time=136.1ms | Valid: loss=1.190, acc= 72.0% |
Epoch   2 | Client   3 | Train: loss=0.025, acc= 99.8% | time= 88.4ms | Valid: loss=1.190, acc= 64.0% |
Epoch   3 | Client   3 | Train: loss=0.030, acc= 99.6% | time= 90.4ms | Valid: loss=1.335, acc= 64.0% |
Epoch   4 | Client   3 | Train: loss=0.021, acc= 99.6% | time=103.0ms | Valid: loss=1.357, acc= 64.0% |
Epoch   5 | Client   3 | Train: loss=0.011, acc=100.0% | time= 88.4ms | Valid: loss=1.311, acc= 60.0% |
Skip Updating GPM for layer: 1
----------------------------------------
Epoch   1 | Client   4 | Train: loss=0.125, acc= 96.4% | time=164.6ms | Valid: loss=1.441, acc= 56.0% |
Epoch   2 | Client   4 | Train: loss=0.078, acc= 97.9% | time= 91.0ms | Valid: loss=1.371, acc= 60.0% |
Epoch   3 | Client   4 | Train: loss=0.062, acc= 99.2% | time= 85.8ms | Valid: loss=1.444, acc= 64.0% |
Epoch   4 | Client   4 | Train: loss=0.053, acc= 98.9% | time= 80.0ms | Valid: loss=1.834, acc= 56.0% |
Epoch   5 | Client   4 | Train: loss=0.095, acc= 97.1% | time= 80.3ms | Valid: loss=1.264, acc= 68.0% |
----------------------------------------
Epoch   1 | Client   5 | Train: loss=0.076, acc= 98.1% | time=155.0ms | Valid: loss=2.114, acc= 60.0% |
Epoch   2 | Client   5 | Train: loss=0.046, acc= 99.2% | time= 96.1ms | Valid: loss=1.611, acc= 72.0% |
Epoch   3 | Client   5 | Train: loss=0.013, acc=100.0% | time= 86.9ms | Valid: loss=1.412, acc= 76.0% |
Epoch   4 | Client   5 | Train: loss=0.024, acc= 99.4% | time= 83.8ms | Valid: loss=1.564, acc= 68.0% |
Epoch   5 | Client   5 | Train: loss=0.010, acc=100.0% | time= 83.4ms | Valid: loss=1.528, acc= 76.0% |
Skip Updating GPM for layer: 1
----------------------------------------
Epoch   1 | Client   6 | Train: loss=0.047, acc= 98.9% | time=174.0ms | Valid: loss=1.588, acc= 56.0% |
Epoch   2 | Client   6 | Train: loss=0.051, acc= 99.2% | time=102.3ms | Valid: loss=1.983, acc= 52.0% |
Epoch   3 | Client   6 | Train: loss=0.021, acc=100.0% | time= 83.1ms | Valid: loss=2.012, acc= 56.0% |
Epoch   4 | Client   6 | Train: loss=0.025, acc= 99.8% | time= 78.7ms | Valid: loss=1.743, acc= 60.0% |
Epoch   5 | Client   6 | Train: loss=0.051, acc= 98.1% | time= 77.4ms | Valid: loss=2.097, acc= 60.0% |
Skip Updating GPM for layer: 1
----------------------------------------
Epoch   1 | Client   7 | Train: loss=0.122, acc= 96.6% | time=147.2ms | Valid: loss=1.502, acc= 72.0% |
Epoch   2 | Client   7 | Train: loss=0.082, acc= 97.9% | time=119.1ms | Valid: loss=1.430, acc= 64.0% |
Epoch   3 | Client   7 | Train: loss=0.118, acc= 97.5% | time=115.1ms | Valid: loss=1.660, acc= 52.0% |
Epoch   4 | Client   7 | Train: loss=0.074, acc= 98.1% | time=117.0ms | Valid: loss=1.523, acc= 68.0% |
Epoch   5 | Client   7 | Train: loss=0.068, acc= 98.1% | time=117.2ms | Valid: loss=1.522, acc= 68.0% |
----------------------------------------
Epoch   1 | Client   8 | Train: loss=0.060, acc= 98.1% | time=161.6ms | Valid: loss=1.460, acc= 60.0% |
Epoch   2 | Client   8 | Train: loss=0.017, acc=100.0% | time= 89.4ms | Valid: loss=1.660, acc= 52.0% |
Epoch   3 | Client   8 | Train: loss=0.029, acc= 99.6% | time= 83.4ms | Valid: loss=1.418, acc= 60.0% |
Epoch   4 | Client   8 | Train: loss=0.016, acc= 99.8% | time= 78.9ms | Valid: loss=1.776, acc= 56.0% |
Epoch   5 | Client   8 | Train: loss=0.014, acc= 99.8% | time= 78.2ms | Valid: loss=1.617, acc= 60.0% |
Skip Updating GPM for layer: 1
----------------------------------------
Epoch   1 | Client   9 | Train: loss=0.101, acc= 97.1% | time=181.1ms | Valid: loss=1.958, acc= 44.0% |
Epoch   2 | Client   9 | Train: loss=0.021, acc= 99.8% | time= 89.4ms | Valid: loss=1.693, acc= 52.0% |
Epoch   3 | Client   9 | Train: loss=0.037, acc= 99.8% | time= 89.5ms | Valid: loss=1.625, acc= 52.0% |
Epoch   4 | Client   9 | Train: loss=0.015, acc=100.0% | time= 79.6ms | Valid: loss=1.744, acc= 44.0% |
Epoch   5 | Client   9 | Train: loss=0.013, acc=100.0% | time= 78.4ms | Valid: loss=1.543, acc= 52.0% |
Skip Updating GPM for layer: 1
----------------------------------------
G-Epoch:   7, Test: loss=1.606 , acc= 59.8%
****************************************
Task:   0, G-Epoch:   7, Test: loss=3.828 , acc= 40.3%
Task:   1, G-Epoch:   7, Test: loss=2.914 , acc= 42.4%
Task:   2, G-Epoch:   7, Test: loss=2.056 , acc= 56.8%
Task:   3, G-Epoch:   7, Test: loss=1.590 , acc= 60.2%
Task:   4, G-Epoch:   7, Test: loss=2.317 , acc=  9.2%
Task:   5, G-Epoch:   7, Test: loss=2.295 , acc= 11.8%
Task:   6, G-Epoch:   7, Test: loss=2.296 , acc= 13.0%
Task:   7, G-Epoch:   7, Test: loss=2.286 , acc= 17.5%
Task:   8, G-Epoch:   7, Test: loss=2.322 , acc=  8.6%
Task:   9, G-Epoch:   7, Test: loss=2.303 , acc= 10.8%
{0: [39.3, 45.7, 48.7, 48.8, 51.1, 52.3, 53.9, 51.6, 55.6, 54.8, 53.3, 54.9, 58.1, 57.8, 55.8, 58.5, 58.6, 58.9, 57.4, 60.4, 61.3, 56.9, 60.1, 60.2, 60.8, 60.2, 60.8, 61.6, 61.5, 61.0, 62.5, 62.5, 64.4, 61.7, 62.6, 62.6, 63.1, 63.9, 65.4, 63.5, 65.0, 63.8, 64.1, 65.7, 66.4, 65.1, 63.0, 66.9, 65.3, 66.5, 68.2, 66.5, 65.4, 65.8, 64.3, 63.8, 64.5, 62.4, 61.7, 61.1, 60.5, 58.7, 57.8, 58.2, 58.3, 55.9, 54.1, 51.9, 52.1, 51.0, 53.7, 53.0, 52.1, 51.7, 52.5, 51.0, 50.5, 50.8, 50.9, 51.6, 47.8, 48.7, 48.5, 49.4, 48.5, 49.6, 48.7, 47.6, 46.9, 46.9, 47.3, 45.1, 43.4, 41.8, 41.6, 40.2, 38.6, 40.3], 1: [10.2, 9.5, 11.1, 11.0, 9.3, 10.0, 10.6, 10.7, 11.2, 8.9, 9.1, 10.8, 10.8, 10.3, 9.9, 9.1, 11.7, 10.1, 10.2, 11.4, 8.8, 9.8, 10.9, 9.7, 9.2, 9.7, 10.1, 9.5, 9.9, 9.0, 9.4, 9.2, 9.6, 8.9, 9.1, 8.4, 8.4, 8.8, 10.2, 8.7, 8.9, 10.8, 8.1, 9.5, 9.5, 9.3, 10.3, 10.0, 9.3, 9.6, 49.7, 53.7, 57.3, 56.8, 58.2, 56.9, 59.3, 58.9, 59.6, 58.5, 59.5, 59.5, 60.8, 58.1, 58.5, 59.3, 59.4, 58.8, 60.4, 59.6, 56.2, 54.6, 52.9, 51.7, 52.2, 52.6, 50.7, 50.1, 51.0, 48.7, 49.4, 48.5, 47.1, 48.0, 47.2, 45.8, 47.7, 45.6, 44.9, 44.7, 48.4, 48.0, 48.2, 44.6, 45.6, 43.6, 44.3, 42.4], 2: [10.3, 10.5, 9.7, 11.4, 11.1, 9.9, 8.6, 8.9, 9.1, 8.7, 9.4, 9.6, 7.7, 10.1, 10.4, 8.9, 9.1, 9.5, 10.8, 8.4, 8.5, 8.8, 9.1, 8.5, 9.7, 10.0, 9.4, 9.9, 9.9, 9.5, 8.9, 8.9, 9.1, 9.7, 9.7, 9.8, 9.4, 9.9, 9.1, 9.1, 9.2, 9.9, 9.7, 9.4, 8.0, 10.1, 10.6, 9.1, 9.6, 9.0, 9.4, 11.1, 11.1, 9.6, 9.4, 11.5, 10.8, 9.3, 10.8, 8.4, 9.6, 9.3, 9.7, 10.1, 10.9, 10.4, 9.9, 10.2, 9.5, 10.1, 56.7, 61.3, 62.3, 63.5, 63.5, 64.8, 64.3, 66.1, 66.1, 66.1, 67.2, 68.3, 66.5, 66.6, 67.0, 67.4, 67.4, 67.5, 66.0, 68.6, 64.4, 62.3, 62.1, 60.4, 60.1, 57.7, 57.6, 56.8], 3: [10.3, 9.9, 8.6, 9.7, 9.2, 9.4, 9.3, 10.7, 11.6, 11.0, 11.6, 11.9, 11.3, 11.4, 12.4, 11.7, 11.1, 11.2, 11.9, 12.5, 13.1, 12.2, 13.1, 12.0, 12.6, 11.9, 12.0, 12.8, 13.5, 12.1, 12.1, 11.7, 11.8, 12.4, 12.6, 11.4, 12.7, 13.3, 13.2, 12.1, 12.3, 12.5, 13.4, 13.2, 13.5, 12.3, 11.5, 12.1, 12.0, 13.0, 10.4, 11.3, 11.9, 10.9, 10.6, 11.5, 10.8, 9.7, 12.1, 11.0, 11.6, 11.6, 11.3, 10.6, 10.6, 11.2, 10.5, 10.4, 10.5, 9.6, 8.5, 10.0, 10.2, 10.6, 10.2, 12.1, 11.2, 11.3, 10.1, 11.6, 11.4, 11.6, 9.8, 10.6, 12.1, 12.2, 11.2, 11.2, 11.1, 11.8, 49.8, 56.9, 57.6, 60.7, 59.8, 59.9, 59.8, 60.2], 4: [11.0, 10.0, 10.7, 9.8, 10.8, 10.1, 10.0, 10.9, 10.2, 10.0, 10.2, 9.9, 9.6, 9.1, 8.8, 10.7, 9.8, 9.2, 9.6, 10.3, 8.5, 10.1, 9.6, 9.5, 9.6, 10.4, 10.6, 9.3, 8.9, 8.8, 9.3, 10.3, 10.1, 11.1, 9.8, 11.7, 9.9, 9.1, 10.5, 10.7, 10.0, 10.0, 9.9, 9.4, 9.2, 9.0, 10.6, 9.4, 10.1, 10.3, 12.5, 12.4, 12.1, 11.4, 11.1, 10.9, 10.9, 9.9, 10.6, 11.1, 11.0, 10.0, 10.2, 10.3, 11.0, 9.4, 10.2, 10.4, 9.5, 10.1, 9.2, 9.4, 9.2, 8.7, 9.8, 8.6, 8.3, 8.7, 8.9, 9.1, 8.8, 8.9, 7.0, 8.7, 8.6, 8.2, 9.0, 9.0, 8.7, 9.8, 9.4, 10.3, 9.6, 9.2, 9.6, 8.8, 9.5, 9.2], 5: [9.1, 9.4, 10.6, 12.1, 10.5, 10.8, 11.3, 10.7, 10.6, 12.6, 12.5, 11.6, 11.5, 11.1, 10.8, 10.5, 11.1, 11.6, 10.7, 11.8, 10.6, 11.0, 10.2, 10.9, 9.6, 10.6, 9.6, 10.5, 9.3, 8.3, 9.5, 9.2, 9.6, 10.2, 9.2, 9.2, 10.1, 8.9, 9.3, 8.5, 8.8, 9.3, 9.1, 8.6, 9.9, 10.1, 9.0, 10.0, 8.2, 8.3, 8.9, 8.6, 8.5, 9.5, 9.6, 8.6, 9.0, 9.4, 9.4, 8.0, 8.3, 9.1, 9.0, 8.2, 8.7, 8.2, 8.2, 8.9, 8.9, 8.5, 9.6, 10.0, 8.8, 9.3, 9.3, 8.9, 9.5, 8.6, 10.5, 10.2, 9.8, 10.3, 9.1, 9.8, 9.7, 10.5, 10.7, 9.6, 9.9, 10.5, 11.2, 11.9, 10.8, 11.4, 11.4, 10.5, 12.5, 11.8], 6: [10.1, 9.9, 12.1, 10.8, 10.4, 9.4, 9.2, 10.1, 11.1, 9.8, 10.4, 11.0, 10.9, 11.0, 13.0, 12.2, 10.5, 11.5, 10.0, 11.8, 9.6, 11.3, 10.6, 9.3, 9.4, 9.0, 10.5, 9.3, 10.4, 9.4, 9.4, 9.5, 10.3, 10.1, 8.4, 8.6, 10.3, 8.7, 9.1, 9.7, 8.6, 9.3, 9.1, 8.7, 8.4, 10.4, 8.9, 9.8, 10.6, 10.7, 9.3, 9.2, 7.6, 9.3, 8.3, 8.0, 8.5, 8.5, 8.1, 8.0, 7.5, 8.3, 8.6, 8.2, 9.4, 8.5, 8.9, 8.5, 8.0, 8.9, 8.5, 8.6, 8.0, 7.8, 7.3, 8.3, 7.3, 8.2, 8.9, 7.7, 8.7, 9.5, 9.5, 8.5, 8.8, 9.6, 9.4, 9.5, 9.0, 9.4, 11.2, 12.8, 12.4, 11.8, 12.1, 13.3, 12.1, 13.0], 7: [9.2, 9.7, 10.3, 11.8, 11.8, 11.2, 12.2, 11.5, 10.8, 11.1, 12.2, 11.9, 11.9, 13.4, 12.9, 13.1, 14.1, 12.3, 12.7, 13.3, 11.4, 13.4, 12.8, 12.6, 12.6, 13.0, 13.0, 12.7, 13.0, 11.7, 11.9, 11.9, 12.3, 12.7, 13.8, 12.9, 13.4, 13.5, 12.5, 12.3, 12.5, 12.8, 11.2, 12.4, 13.8, 12.4, 10.7, 12.0, 11.9, 11.7, 14.4, 14.5, 12.1, 13.1, 13.4, 13.6, 12.6, 13.3, 13.3, 14.9, 13.1, 14.6, 15.2, 14.0, 13.9, 13.9, 14.3, 12.9, 13.0, 13.5, 15.0, 14.7, 15.4, 14.4, 14.2, 14.2, 14.5, 16.0, 15.5, 14.8, 14.5, 14.7, 15.6, 16.4, 16.5, 15.5, 15.5, 14.9, 14.8, 14.0, 16.8, 17.4, 16.9, 16.7, 16.0, 16.2, 17.2, 17.5], 8: [7.8, 10.2, 9.5, 11.9, 11.6, 10.8, 9.4, 10.0, 9.6, 10.5, 9.9, 9.9, 10.2, 9.4, 9.8, 8.7, 9.4, 8.8, 9.6, 8.2, 8.0, 8.7, 9.1, 8.8, 8.9, 10.2, 8.3, 8.4, 7.6, 8.6, 8.3, 7.2, 8.5, 8.7, 7.7, 8.7, 8.3, 8.4, 8.6, 8.4, 8.8, 7.8, 8.8, 8.7, 8.0, 8.1, 7.1, 7.0, 6.9, 8.4, 6.1, 6.1, 5.5, 6.3, 6.4, 7.2, 7.2, 7.0, 7.3, 7.6, 7.0, 8.6, 7.6, 7.2, 7.2, 7.0, 7.3, 7.6, 7.2, 7.3, 7.3, 9.0, 9.0, 8.7, 10.5, 9.3, 8.6, 8.7, 8.4, 8.4, 8.8, 8.1, 8.4, 8.0, 8.6, 9.4, 9.1, 8.9, 8.3, 8.6, 9.7, 9.9, 10.5, 8.6, 8.5, 9.6, 9.2, 8.6], 9: [10.4, 10.8, 9.5, 9.8, 8.9, 8.8, 8.5, 10.6, 9.6, 10.0, 6.8, 8.7, 10.7, 8.9, 9.7, 7.7, 9.0, 9.4, 10.0, 9.5, 9.7, 9.6, 9.4, 8.5, 7.3, 7.6, 9.7, 10.0, 8.1, 9.8, 11.0, 8.9, 10.3, 9.3, 10.3, 8.9, 9.3, 9.7, 10.8, 10.0, 9.6, 9.6, 10.1, 10.1, 9.2, 9.4, 11.1, 8.7, 10.7, 10.9, 9.8, 10.1, 10.9, 9.9, 10.9, 10.6, 9.7, 9.8, 9.9, 9.9, 9.6, 8.9, 9.8, 9.4, 10.4, 9.7, 10.2, 9.5, 9.9, 9.8, 8.4, 7.9, 8.4, 9.9, 8.1, 11.3, 9.7, 9.4, 9.3, 8.7, 9.6, 10.4, 10.4, 10.1, 8.8, 11.2, 9.7, 9.9, 10.8, 9.8, 9.7, 10.5, 10.2, 9.1, 10.4, 10.1, 10.8, 10.8]}
----------------------------------------
Epoch   1 | Client   0 | Train: loss=0.045, acc= 98.5% | time=141.8ms | Valid: loss=1.289, acc= 60.0% |
Epoch   2 | Client   0 | Train: loss=0.033, acc= 99.4% | time= 88.8ms | Valid: loss=1.187, acc= 64.0% |
Epoch   3 | Client   0 | Train: loss=0.059, acc= 98.3% | time= 81.6ms | Valid: loss=1.495, acc= 52.0% |
Epoch   4 | Client   0 | Train: loss=0.015, acc= 99.8% | time= 76.1ms | Valid: loss=1.293, acc= 56.0% |
Epoch   5 | Client   0 | Train: loss=0.017, acc=100.0% | time= 76.0ms | Valid: loss=1.662, acc= 60.0% |
----------------------------------------
Epoch   1 | Client   1 | Train: loss=0.050, acc= 98.7% | time=157.7ms | Valid: loss=2.381, acc= 36.0% |
Epoch   2 | Client   1 | Train: loss=0.070, acc= 97.7% | time= 89.1ms | Valid: loss=2.001, acc= 44.0% |
Epoch   3 | Client   1 | Train: loss=0.063, acc= 98.5% | time= 89.2ms | Valid: loss=2.188, acc= 44.0% |
Epoch   4 | Client   1 | Train: loss=0.015, acc= 99.8% | time= 80.8ms | Valid: loss=2.158, acc= 36.0% |
Epoch   5 | Client   1 | Train: loss=0.032, acc= 99.6% | time= 78.6ms | Valid: loss=2.288, acc= 44.0% |
Skip Updating GPM for layer: 1
----------------------------------------
Epoch   1 | Client   2 | Train: loss=0.046, acc= 98.9% | time=167.3ms | Valid: loss=2.387, acc= 48.0% |
Epoch   2 | Client   2 | Train: loss=0.024, acc= 99.6% | time= 91.2ms | Valid: loss=2.200, acc= 56.0% |
Epoch   3 | Client   2 | Train: loss=0.040, acc= 98.9% | time= 87.8ms | Valid: loss=2.162, acc= 48.0% |
Epoch   4 | Client   2 | Train: loss=0.035, acc= 99.2% | time= 79.6ms | Valid: loss=2.466, acc= 44.0% |
Epoch   5 | Client   2 | Train: loss=0.019, acc= 99.8% | time= 78.6ms | Valid: loss=2.236, acc= 48.0% |
----------------------------------------
Epoch   1 | Client   3 | Train: loss=0.084, acc= 97.3% | time=152.7ms | Valid: loss=1.225, acc= 72.0% |
Epoch   2 | Client   3 | Train: loss=0.046, acc= 99.4% | time= 87.6ms | Valid: loss=1.323, acc= 52.0% |
Epoch   3 | Client   3 | Train: loss=0.017, acc=100.0% | time= 87.4ms | Valid: loss=1.211, acc= 76.0% |
Epoch   4 | Client   3 | Train: loss=0.017, acc= 99.8% | time= 79.1ms | Valid: loss=1.107, acc= 64.0% |
Epoch   5 | Client   3 | Train: loss=0.012, acc=100.0% | time= 78.4ms | Valid: loss=1.435, acc= 60.0% |
Skip Updating GPM for layer: 1
----------------------------------------
Epoch   1 | Client   4 | Train: loss=0.071, acc= 97.9% | time=162.1ms | Valid: loss=1.579, acc= 60.0% |
Epoch   2 | Client   4 | Train: loss=0.091, acc= 97.3% | time= 86.8ms | Valid: loss=1.461, acc= 72.0% |
Epoch   3 | Client   4 | Train: loss=0.043, acc= 99.4% | time= 84.9ms | Valid: loss=1.443, acc= 68.0% |
Epoch   4 | Client   4 | Train: loss=0.036, acc= 99.6% | time= 75.6ms | Valid: loss=1.611, acc= 64.0% |
Epoch   5 | Client   4 | Train: loss=0.040, acc= 98.9% | time= 76.4ms | Valid: loss=1.841, acc= 60.0% |
----------------------------------------
Epoch   1 | Client   5 | Train: loss=0.012, acc=100.0% | time=151.7ms | Valid: loss=1.558, acc= 72.0% |
Epoch   2 | Client   5 | Train: loss=0.027, acc= 99.8% | time= 94.0ms | Valid: loss=1.559, acc= 76.0% |
Epoch   3 | Client   5 | Train: loss=0.052, acc= 98.7% | time= 85.2ms | Valid: loss=1.768, acc= 72.0% |
Epoch   4 | Client   5 | Train: loss=0.013, acc= 99.8% | time= 74.7ms | Valid: loss=1.516, acc= 76.0% |
Epoch   5 | Client   5 | Train: loss=0.022, acc=100.0% | time= 75.2ms | Valid: loss=1.788, acc= 68.0% |
Skip Updating GPM for layer: 1
----------------------------------------
Epoch   1 | Client   6 | Train: loss=0.048, acc= 99.4% | time=163.3ms | Valid: loss=2.179, acc= 52.0% |
Epoch   2 | Client   6 | Train: loss=0.058, acc= 98.3% | time= 86.9ms | Valid: loss=1.814, acc= 60.0% |
Epoch   3 | Client   6 | Train: loss=0.034, acc= 99.8% | time= 86.3ms | Valid: loss=2.132, acc= 48.0% |
Epoch   4 | Client   6 | Train: loss=0.028, acc= 99.8% | time= 79.0ms | Valid: loss=1.879, acc= 64.0% |
Epoch   5 | Client   6 | Train: loss=0.163, acc= 96.4% | time= 81.3ms | Valid: loss=2.404, acc= 44.0% |
Skip Updating GPM for layer: 1
----------------------------------------
Epoch   1 | Client   7 | Train: loss=0.354, acc= 90.1% | time=177.8ms | Valid: loss=1.861, acc= 56.0% |
Epoch   2 | Client   7 | Train: loss=0.252, acc= 90.7% | time= 90.7ms | Valid: loss=1.655, acc= 60.0% |
Epoch   3 | Client   7 | Train: loss=0.123, acc= 96.4% | time= 83.0ms | Valid: loss=1.478, acc= 60.0% |
Epoch   4 | Client   7 | Train: loss=0.253, acc= 91.8% | time= 81.9ms | Valid: loss=1.729, acc= 56.0% |
Epoch   5 | Client   7 | Train: loss=0.166, acc= 94.9% | time= 78.5ms | Valid: loss=1.300, acc= 60.0% |
----------------------------------------
Epoch   1 | Client   8 | Train: loss=0.028, acc= 99.4% | time=160.5ms | Valid: loss=1.620, acc= 52.0% |
Epoch   2 | Client   8 | Train: loss=0.032, acc= 99.4% | time= 86.5ms | Valid: loss=1.997, acc= 52.0% |
Epoch   3 | Client   8 | Train: loss=0.025, acc= 99.4% | time= 77.3ms | Valid: loss=1.771, acc= 52.0% |
Epoch   4 | Client   8 | Train: loss=0.010, acc=100.0% | time= 77.3ms | Valid: loss=1.610, acc= 56.0% |
Epoch   5 | Client   8 | Train: loss=0.011, acc= 99.8% | time= 76.5ms | Valid: loss=1.726, acc= 56.0% |
Skip Updating GPM for layer: 1
----------------------------------------
Epoch   1 | Client   9 | Train: loss=0.023, acc= 99.8% | time=163.0ms | Valid: loss=1.531, acc= 60.0% |
Epoch   2 | Client   9 | Train: loss=0.032, acc= 99.6% | time=120.5ms | Valid: loss=1.810, acc= 52.0% |
Epoch   3 | Client   9 | Train: loss=0.012, acc=100.0% | time=117.6ms | Valid: loss=1.782, acc= 52.0% |
Epoch   4 | Client   9 | Train: loss=0.018, acc= 99.6% | time=116.6ms | Valid: loss=1.506, acc= 52.0% |
Epoch   5 | Client   9 | Train: loss=0.072, acc= 97.7% | time=116.4ms | Valid: loss=1.442, acc= 52.0% |
Skip Updating GPM for layer: 1
----------------------------------------
G-Epoch:   8, Test: loss=1.609 , acc= 60.1%
****************************************
Task:   0, G-Epoch:   8, Test: loss=3.918 , acc= 39.1%
Task:   1, G-Epoch:   8, Test: loss=2.954 , acc= 42.1%
Task:   2, G-Epoch:   8, Test: loss=2.137 , acc= 56.5%
Task:   3, G-Epoch:   8, Test: loss=1.605 , acc= 60.9%
Task:   4, G-Epoch:   8, Test: loss=2.317 , acc=  9.3%
Task:   5, G-Epoch:   8, Test: loss=2.296 , acc= 12.2%
Task:   6, G-Epoch:   8, Test: loss=2.298 , acc= 12.5%
Task:   7, G-Epoch:   8, Test: loss=2.285 , acc= 18.6%
Task:   8, G-Epoch:   8, Test: loss=2.322 , acc=  8.3%
Task:   9, G-Epoch:   8, Test: loss=2.304 , acc= 10.1%
{0: [39.3, 45.7, 48.7, 48.8, 51.1, 52.3, 53.9, 51.6, 55.6, 54.8, 53.3, 54.9, 58.1, 57.8, 55.8, 58.5, 58.6, 58.9, 57.4, 60.4, 61.3, 56.9, 60.1, 60.2, 60.8, 60.2, 60.8, 61.6, 61.5, 61.0, 62.5, 62.5, 64.4, 61.7, 62.6, 62.6, 63.1, 63.9, 65.4, 63.5, 65.0, 63.8, 64.1, 65.7, 66.4, 65.1, 63.0, 66.9, 65.3, 66.5, 68.2, 66.5, 65.4, 65.8, 64.3, 63.8, 64.5, 62.4, 61.7, 61.1, 60.5, 58.7, 57.8, 58.2, 58.3, 55.9, 54.1, 51.9, 52.1, 51.0, 53.7, 53.0, 52.1, 51.7, 52.5, 51.0, 50.5, 50.8, 50.9, 51.6, 47.8, 48.7, 48.5, 49.4, 48.5, 49.6, 48.7, 47.6, 46.9, 46.9, 47.3, 45.1, 43.4, 41.8, 41.6, 40.2, 38.6, 40.3, 39.1], 1: [10.2, 9.5, 11.1, 11.0, 9.3, 10.0, 10.6, 10.7, 11.2, 8.9, 9.1, 10.8, 10.8, 10.3, 9.9, 9.1, 11.7, 10.1, 10.2, 11.4, 8.8, 9.8, 10.9, 9.7, 9.2, 9.7, 10.1, 9.5, 9.9, 9.0, 9.4, 9.2, 9.6, 8.9, 9.1, 8.4, 8.4, 8.8, 10.2, 8.7, 8.9, 10.8, 8.1, 9.5, 9.5, 9.3, 10.3, 10.0, 9.3, 9.6, 49.7, 53.7, 57.3, 56.8, 58.2, 56.9, 59.3, 58.9, 59.6, 58.5, 59.5, 59.5, 60.8, 58.1, 58.5, 59.3, 59.4, 58.8, 60.4, 59.6, 56.2, 54.6, 52.9, 51.7, 52.2, 52.6, 50.7, 50.1, 51.0, 48.7, 49.4, 48.5, 47.1, 48.0, 47.2, 45.8, 47.7, 45.6, 44.9, 44.7, 48.4, 48.0, 48.2, 44.6, 45.6, 43.6, 44.3, 42.4, 42.1], 2: [10.3, 10.5, 9.7, 11.4, 11.1, 9.9, 8.6, 8.9, 9.1, 8.7, 9.4, 9.6, 7.7, 10.1, 10.4, 8.9, 9.1, 9.5, 10.8, 8.4, 8.5, 8.8, 9.1, 8.5, 9.7, 10.0, 9.4, 9.9, 9.9, 9.5, 8.9, 8.9, 9.1, 9.7, 9.7, 9.8, 9.4, 9.9, 9.1, 9.1, 9.2, 9.9, 9.7, 9.4, 8.0, 10.1, 10.6, 9.1, 9.6, 9.0, 9.4, 11.1, 11.1, 9.6, 9.4, 11.5, 10.8, 9.3, 10.8, 8.4, 9.6, 9.3, 9.7, 10.1, 10.9, 10.4, 9.9, 10.2, 9.5, 10.1, 56.7, 61.3, 62.3, 63.5, 63.5, 64.8, 64.3, 66.1, 66.1, 66.1, 67.2, 68.3, 66.5, 66.6, 67.0, 67.4, 67.4, 67.5, 66.0, 68.6, 64.4, 62.3, 62.1, 60.4, 60.1, 57.7, 57.6, 56.8, 56.5], 3: [10.3, 9.9, 8.6, 9.7, 9.2, 9.4, 9.3, 10.7, 11.6, 11.0, 11.6, 11.9, 11.3, 11.4, 12.4, 11.7, 11.1, 11.2, 11.9, 12.5, 13.1, 12.2, 13.1, 12.0, 12.6, 11.9, 12.0, 12.8, 13.5, 12.1, 12.1, 11.7, 11.8, 12.4, 12.6, 11.4, 12.7, 13.3, 13.2, 12.1, 12.3, 12.5, 13.4, 13.2, 13.5, 12.3, 11.5, 12.1, 12.0, 13.0, 10.4, 11.3, 11.9, 10.9, 10.6, 11.5, 10.8, 9.7, 12.1, 11.0, 11.6, 11.6, 11.3, 10.6, 10.6, 11.2, 10.5, 10.4, 10.5, 9.6, 8.5, 10.0, 10.2, 10.6, 10.2, 12.1, 11.2, 11.3, 10.1, 11.6, 11.4, 11.6, 9.8, 10.6, 12.1, 12.2, 11.2, 11.2, 11.1, 11.8, 49.8, 56.9, 57.6, 60.7, 59.8, 59.9, 59.8, 60.2, 60.9], 4: [11.0, 10.0, 10.7, 9.8, 10.8, 10.1, 10.0, 10.9, 10.2, 10.0, 10.2, 9.9, 9.6, 9.1, 8.8, 10.7, 9.8, 9.2, 9.6, 10.3, 8.5, 10.1, 9.6, 9.5, 9.6, 10.4, 10.6, 9.3, 8.9, 8.8, 9.3, 10.3, 10.1, 11.1, 9.8, 11.7, 9.9, 9.1, 10.5, 10.7, 10.0, 10.0, 9.9, 9.4, 9.2, 9.0, 10.6, 9.4, 10.1, 10.3, 12.5, 12.4, 12.1, 11.4, 11.1, 10.9, 10.9, 9.9, 10.6, 11.1, 11.0, 10.0, 10.2, 10.3, 11.0, 9.4, 10.2, 10.4, 9.5, 10.1, 9.2, 9.4, 9.2, 8.7, 9.8, 8.6, 8.3, 8.7, 8.9, 9.1, 8.8, 8.9, 7.0, 8.7, 8.6, 8.2, 9.0, 9.0, 8.7, 9.8, 9.4, 10.3, 9.6, 9.2, 9.6, 8.8, 9.5, 9.2, 9.3], 5: [9.1, 9.4, 10.6, 12.1, 10.5, 10.8, 11.3, 10.7, 10.6, 12.6, 12.5, 11.6, 11.5, 11.1, 10.8, 10.5, 11.1, 11.6, 10.7, 11.8, 10.6, 11.0, 10.2, 10.9, 9.6, 10.6, 9.6, 10.5, 9.3, 8.3, 9.5, 9.2, 9.6, 10.2, 9.2, 9.2, 10.1, 8.9, 9.3, 8.5, 8.8, 9.3, 9.1, 8.6, 9.9, 10.1, 9.0, 10.0, 8.2, 8.3, 8.9, 8.6, 8.5, 9.5, 9.6, 8.6, 9.0, 9.4, 9.4, 8.0, 8.3, 9.1, 9.0, 8.2, 8.7, 8.2, 8.2, 8.9, 8.9, 8.5, 9.6, 10.0, 8.8, 9.3, 9.3, 8.9, 9.5, 8.6, 10.5, 10.2, 9.8, 10.3, 9.1, 9.8, 9.7, 10.5, 10.7, 9.6, 9.9, 10.5, 11.2, 11.9, 10.8, 11.4, 11.4, 10.5, 12.5, 11.8, 12.2], 6: [10.1, 9.9, 12.1, 10.8, 10.4, 9.4, 9.2, 10.1, 11.1, 9.8, 10.4, 11.0, 10.9, 11.0, 13.0, 12.2, 10.5, 11.5, 10.0, 11.8, 9.6, 11.3, 10.6, 9.3, 9.4, 9.0, 10.5, 9.3, 10.4, 9.4, 9.4, 9.5, 10.3, 10.1, 8.4, 8.6, 10.3, 8.7, 9.1, 9.7, 8.6, 9.3, 9.1, 8.7, 8.4, 10.4, 8.9, 9.8, 10.6, 10.7, 9.3, 9.2, 7.6, 9.3, 8.3, 8.0, 8.5, 8.5, 8.1, 8.0, 7.5, 8.3, 8.6, 8.2, 9.4, 8.5, 8.9, 8.5, 8.0, 8.9, 8.5, 8.6, 8.0, 7.8, 7.3, 8.3, 7.3, 8.2, 8.9, 7.7, 8.7, 9.5, 9.5, 8.5, 8.8, 9.6, 9.4, 9.5, 9.0, 9.4, 11.2, 12.8, 12.4, 11.8, 12.1, 13.3, 12.1, 13.0, 12.5], 7: [9.2, 9.7, 10.3, 11.8, 11.8, 11.2, 12.2, 11.5, 10.8, 11.1, 12.2, 11.9, 11.9, 13.4, 12.9, 13.1, 14.1, 12.3, 12.7, 13.3, 11.4, 13.4, 12.8, 12.6, 12.6, 13.0, 13.0, 12.7, 13.0, 11.7, 11.9, 11.9, 12.3, 12.7, 13.8, 12.9, 13.4, 13.5, 12.5, 12.3, 12.5, 12.8, 11.2, 12.4, 13.8, 12.4, 10.7, 12.0, 11.9, 11.7, 14.4, 14.5, 12.1, 13.1, 13.4, 13.6, 12.6, 13.3, 13.3, 14.9, 13.1, 14.6, 15.2, 14.0, 13.9, 13.9, 14.3, 12.9, 13.0, 13.5, 15.0, 14.7, 15.4, 14.4, 14.2, 14.2, 14.5, 16.0, 15.5, 14.8, 14.5, 14.7, 15.6, 16.4, 16.5, 15.5, 15.5, 14.9, 14.8, 14.0, 16.8, 17.4, 16.9, 16.7, 16.0, 16.2, 17.2, 17.5, 18.6], 8: [7.8, 10.2, 9.5, 11.9, 11.6, 10.8, 9.4, 10.0, 9.6, 10.5, 9.9, 9.9, 10.2, 9.4, 9.8, 8.7, 9.4, 8.8, 9.6, 8.2, 8.0, 8.7, 9.1, 8.8, 8.9, 10.2, 8.3, 8.4, 7.6, 8.6, 8.3, 7.2, 8.5, 8.7, 7.7, 8.7, 8.3, 8.4, 8.6, 8.4, 8.8, 7.8, 8.8, 8.7, 8.0, 8.1, 7.1, 7.0, 6.9, 8.4, 6.1, 6.1, 5.5, 6.3, 6.4, 7.2, 7.2, 7.0, 7.3, 7.6, 7.0, 8.6, 7.6, 7.2, 7.2, 7.0, 7.3, 7.6, 7.2, 7.3, 7.3, 9.0, 9.0, 8.7, 10.5, 9.3, 8.6, 8.7, 8.4, 8.4, 8.8, 8.1, 8.4, 8.0, 8.6, 9.4, 9.1, 8.9, 8.3, 8.6, 9.7, 9.9, 10.5, 8.6, 8.5, 9.6, 9.2, 8.6, 8.3], 9: [10.4, 10.8, 9.5, 9.8, 8.9, 8.8, 8.5, 10.6, 9.6, 10.0, 6.8, 8.7, 10.7, 8.9, 9.7, 7.7, 9.0, 9.4, 10.0, 9.5, 9.7, 9.6, 9.4, 8.5, 7.3, 7.6, 9.7, 10.0, 8.1, 9.8, 11.0, 8.9, 10.3, 9.3, 10.3, 8.9, 9.3, 9.7, 10.8, 10.0, 9.6, 9.6, 10.1, 10.1, 9.2, 9.4, 11.1, 8.7, 10.7, 10.9, 9.8, 10.1, 10.9, 9.9, 10.9, 10.6, 9.7, 9.8, 9.9, 9.9, 9.6, 8.9, 9.8, 9.4, 10.4, 9.7, 10.2, 9.5, 9.9, 9.8, 8.4, 7.9, 8.4, 9.9, 8.1, 11.3, 9.7, 9.4, 9.3, 8.7, 9.6, 10.4, 10.4, 10.1, 8.8, 11.2, 9.7, 9.9, 10.8, 9.8, 9.7, 10.5, 10.2, 9.1, 10.4, 10.1, 10.8, 10.8, 10.1]}
----------------------------------------
Epoch   1 | Client   0 | Train: loss=0.056, acc= 98.3% | time=125.5ms | Valid: loss=1.415, acc= 60.0% |
Epoch   2 | Client   0 | Train: loss=0.078, acc= 98.1% | time=117.2ms | Valid: loss=1.583, acc= 64.0% |
Epoch   3 | Client   0 | Train: loss=0.035, acc= 99.4% | time= 89.0ms | Valid: loss=1.347, acc= 56.0% |
Epoch   4 | Client   0 | Train: loss=0.031, acc= 99.4% | time= 82.6ms | Valid: loss=1.391, acc= 56.0% |
Epoch   5 | Client   0 | Train: loss=0.015, acc= 99.8% | time= 78.4ms | Valid: loss=1.245, acc= 64.0% |
----------------------------------------
Epoch   1 | Client   1 | Train: loss=0.030, acc= 99.8% | time=151.7ms | Valid: loss=1.845, acc= 52.0% |
Epoch   2 | Client   1 | Train: loss=0.027, acc= 98.9% | time= 86.8ms | Valid: loss=2.513, acc= 40.0% |
Epoch   3 | Client   1 | Train: loss=0.019, acc= 99.8% | time= 84.4ms | Valid: loss=2.154, acc= 44.0% |
Epoch   4 | Client   1 | Train: loss=0.012, acc= 99.8% | time= 76.8ms | Valid: loss=2.452, acc= 44.0% |
Epoch   5 | Client   1 | Train: loss=0.007, acc=100.0% | time= 76.2ms | Valid: loss=2.252, acc= 48.0% |
Skip Updating GPM for layer: 1
----------------------------------------
Epoch   1 | Client   2 | Train: loss=0.045, acc= 98.9% | time=158.2ms | Valid: loss=2.448, acc= 44.0% |
Epoch   2 | Client   2 | Train: loss=0.033, acc= 99.4% | time= 91.4ms | Valid: loss=2.303, acc= 48.0% |
Epoch   3 | Client   2 | Train: loss=0.034, acc= 99.4% | time= 80.5ms | Valid: loss=2.589, acc= 44.0% |
Epoch   4 | Client   2 | Train: loss=0.148, acc= 95.4% | time= 78.8ms | Valid: loss=3.435, acc= 44.0% |
Epoch   5 | Client   2 | Train: loss=0.018, acc= 99.8% | time= 78.3ms | Valid: loss=2.591, acc= 44.0% |
----------------------------------------
Epoch   1 | Client   3 | Train: loss=0.018, acc= 99.8% | time=161.1ms | Valid: loss=1.024, acc= 76.0% |
Epoch   2 | Client   3 | Train: loss=0.021, acc= 99.8% | time= 87.9ms | Valid: loss=1.479, acc= 64.0% |
Epoch   3 | Client   3 | Train: loss=0.020, acc= 99.6% | time= 87.1ms | Valid: loss=1.152, acc= 64.0% |
Epoch   4 | Client   3 | Train: loss=0.030, acc= 99.2% | time= 79.1ms | Valid: loss=1.320, acc= 68.0% |
Epoch   5 | Client   3 | Train: loss=0.013, acc=100.0% | time= 78.9ms | Valid: loss=1.140, acc= 68.0% |
Skip Updating GPM for layer: 1
----------------------------------------
Epoch   1 | Client   4 | Train: loss=0.054, acc= 98.9% | time=152.9ms | Valid: loss=1.512, acc= 60.0% |
Epoch   2 | Client   4 | Train: loss=0.033, acc= 99.4% | time= 89.1ms | Valid: loss=1.459, acc= 64.0% |
Epoch   3 | Client   4 | Train: loss=0.092, acc= 97.5% | time= 79.5ms | Valid: loss=1.580, acc= 64.0% |
Epoch   4 | Client   4 | Train: loss=0.088, acc= 96.8% | time= 78.9ms | Valid: loss=1.761, acc= 64.0% |
Epoch   5 | Client   4 | Train: loss=0.076, acc= 97.5% | time= 78.2ms | Valid: loss=1.613, acc= 56.0% |
----------------------------------------
Epoch   1 | Client   5 | Train: loss=0.057, acc= 98.3% | time=157.7ms | Valid: loss=1.521, acc= 68.0% |
Epoch   2 | Client   5 | Train: loss=0.028, acc= 99.6% | time= 94.0ms | Valid: loss=1.722, acc= 76.0% |
Epoch   3 | Client   5 | Train: loss=0.178, acc= 95.2% | time= 83.0ms | Valid: loss=1.749, acc= 64.0% |
Epoch   4 | Client   5 | Train: loss=0.022, acc= 99.6% | time= 80.3ms | Valid: loss=2.015, acc= 68.0% |
Epoch   5 | Client   5 | Train: loss=0.013, acc= 99.8% | time= 78.8ms | Valid: loss=1.641, acc= 80.0% |
Skip Updating GPM for layer: 1
----------------------------------------
Epoch   1 | Client   6 | Train: loss=0.032, acc= 99.4% | time=190.3ms | Valid: loss=2.143, acc= 56.0% |
Epoch   2 | Client   6 | Train: loss=0.111, acc= 97.1% | time= 91.8ms | Valid: loss=2.273, acc= 52.0% |
Epoch   3 | Client   6 | Train: loss=0.022, acc=100.0% | time= 83.0ms | Valid: loss=2.097, acc= 64.0% |
Epoch   4 | Client   6 | Train: loss=0.014, acc= 99.8% | time= 80.3ms | Valid: loss=2.520, acc= 52.0% |
Epoch   5 | Client   6 | Train: loss=0.010, acc=100.0% | time= 79.8ms | Valid: loss=2.406, acc= 48.0% |
Skip Updating GPM for layer: 1
----------------------------------------
Epoch   1 | Client   7 | Train: loss=0.151, acc= 95.4% | time=165.4ms | Valid: loss=1.538, acc= 64.0% |
Epoch   2 | Client   7 | Train: loss=0.064, acc= 98.5% | time= 86.6ms | Valid: loss=1.130, acc= 72.0% |
Epoch   3 | Client   7 | Train: loss=0.128, acc= 96.2% | time= 86.6ms | Valid: loss=1.704, acc= 56.0% |
Epoch   4 | Client   7 | Train: loss=0.085, acc= 98.3% | time= 77.3ms | Valid: loss=1.286, acc= 76.0% |
Epoch   5 | Client   7 | Train: loss=0.112, acc= 97.1% | time= 76.7ms | Valid: loss=1.811, acc= 56.0% |
----------------------------------------
Epoch   1 | Client   8 | Train: loss=0.099, acc= 96.8% | time=169.6ms | Valid: loss=1.784, acc= 64.0% |
Epoch   2 | Client   8 | Train: loss=0.012, acc=100.0% | time= 92.8ms | Valid: loss=1.567, acc= 60.0% |
Epoch   3 | Client   8 | Train: loss=0.051, acc= 98.3% | time= 82.3ms | Valid: loss=2.260, acc= 60.0% |
Epoch   4 | Client   8 | Train: loss=0.091, acc= 96.8% | time= 79.1ms | Valid: loss=2.029, acc= 52.0% |
Epoch   5 | Client   8 | Train: loss=0.007, acc=100.0% | time= 76.9ms | Valid: loss=1.635, acc= 60.0% |
Skip Updating GPM for layer: 1
----------------------------------------
Epoch   1 | Client   9 | Train: loss=0.041, acc= 99.4% | time=175.3ms | Valid: loss=1.483, acc= 56.0% |
Epoch   2 | Client   9 | Train: loss=0.032, acc= 99.4% | time= 89.2ms | Valid: loss=1.961, acc= 44.0% |
Epoch   3 | Client   9 | Train: loss=0.012, acc= 99.8% | time= 85.7ms | Valid: loss=1.891, acc= 48.0% |
Epoch   4 | Client   9 | Train: loss=0.007, acc=100.0% | time= 79.0ms | Valid: loss=1.946, acc= 44.0% |
Epoch   5 | Client   9 | Train: loss=0.016, acc= 99.8% | time= 78.6ms | Valid: loss=1.348, acc= 64.0% |
Skip Updating GPM for layer: 1
----------------------------------------
G-Epoch:   9, Test: loss=1.584 , acc= 61.6%
****************************************
Task:   0, G-Epoch:   9, Test: loss=3.970 , acc= 37.9%
Task:   1, G-Epoch:   9, Test: loss=2.982 , acc= 43.0%
Task:   2, G-Epoch:   9, Test: loss=2.133 , acc= 56.0%
Task:   3, G-Epoch:   9, Test: loss=1.587 , acc= 62.1%
Task:   4, G-Epoch:   9, Test: loss=2.316 , acc= 10.6%
Task:   5, G-Epoch:   9, Test: loss=2.295 , acc= 13.1%
Task:   6, G-Epoch:   9, Test: loss=2.296 , acc= 12.3%
Task:   7, G-Epoch:   9, Test: loss=2.285 , acc= 18.8%
Task:   8, G-Epoch:   9, Test: loss=2.323 , acc=  9.7%
Task:   9, G-Epoch:   9, Test: loss=2.303 , acc= 11.0%
{0: [39.3, 45.7, 48.7, 48.8, 51.1, 52.3, 53.9, 51.6, 55.6, 54.8, 53.3, 54.9, 58.1, 57.8, 55.8, 58.5, 58.6, 58.9, 57.4, 60.4, 61.3, 56.9, 60.1, 60.2, 60.8, 60.2, 60.8, 61.6, 61.5, 61.0, 62.5, 62.5, 64.4, 61.7, 62.6, 62.6, 63.1, 63.9, 65.4, 63.5, 65.0, 63.8, 64.1, 65.7, 66.4, 65.1, 63.0, 66.9, 65.3, 66.5, 68.2, 66.5, 65.4, 65.8, 64.3, 63.8, 64.5, 62.4, 61.7, 61.1, 60.5, 58.7, 57.8, 58.2, 58.3, 55.9, 54.1, 51.9, 52.1, 51.0, 53.7, 53.0, 52.1, 51.7, 52.5, 51.0, 50.5, 50.8, 50.9, 51.6, 47.8, 48.7, 48.5, 49.4, 48.5, 49.6, 48.7, 47.6, 46.9, 46.9, 47.3, 45.1, 43.4, 41.8, 41.6, 40.2, 38.6, 40.3, 39.1, 37.9], 1: [10.2, 9.5, 11.1, 11.0, 9.3, 10.0, 10.6, 10.7, 11.2, 8.9, 9.1, 10.8, 10.8, 10.3, 9.9, 9.1, 11.7, 10.1, 10.2, 11.4, 8.8, 9.8, 10.9, 9.7, 9.2, 9.7, 10.1, 9.5, 9.9, 9.0, 9.4, 9.2, 9.6, 8.9, 9.1, 8.4, 8.4, 8.8, 10.2, 8.7, 8.9, 10.8, 8.1, 9.5, 9.5, 9.3, 10.3, 10.0, 9.3, 9.6, 49.7, 53.7, 57.3, 56.8, 58.2, 56.9, 59.3, 58.9, 59.6, 58.5, 59.5, 59.5, 60.8, 58.1, 58.5, 59.3, 59.4, 58.8, 60.4, 59.6, 56.2, 54.6, 52.9, 51.7, 52.2, 52.6, 50.7, 50.1, 51.0, 48.7, 49.4, 48.5, 47.1, 48.0, 47.2, 45.8, 47.7, 45.6, 44.9, 44.7, 48.4, 48.0, 48.2, 44.6, 45.6, 43.6, 44.3, 42.4, 42.1, 43.0], 2: [10.3, 10.5, 9.7, 11.4, 11.1, 9.9, 8.6, 8.9, 9.1, 8.7, 9.4, 9.6, 7.7, 10.1, 10.4, 8.9, 9.1, 9.5, 10.8, 8.4, 8.5, 8.8, 9.1, 8.5, 9.7, 10.0, 9.4, 9.9, 9.9, 9.5, 8.9, 8.9, 9.1, 9.7, 9.7, 9.8, 9.4, 9.9, 9.1, 9.1, 9.2, 9.9, 9.7, 9.4, 8.0, 10.1, 10.6, 9.1, 9.6, 9.0, 9.4, 11.1, 11.1, 9.6, 9.4, 11.5, 10.8, 9.3, 10.8, 8.4, 9.6, 9.3, 9.7, 10.1, 10.9, 10.4, 9.9, 10.2, 9.5, 10.1, 56.7, 61.3, 62.3, 63.5, 63.5, 64.8, 64.3, 66.1, 66.1, 66.1, 67.2, 68.3, 66.5, 66.6, 67.0, 67.4, 67.4, 67.5, 66.0, 68.6, 64.4, 62.3, 62.1, 60.4, 60.1, 57.7, 57.6, 56.8, 56.5, 56.0], 3: [10.3, 9.9, 8.6, 9.7, 9.2, 9.4, 9.3, 10.7, 11.6, 11.0, 11.6, 11.9, 11.3, 11.4, 12.4, 11.7, 11.1, 11.2, 11.9, 12.5, 13.1, 12.2, 13.1, 12.0, 12.6, 11.9, 12.0, 12.8, 13.5, 12.1, 12.1, 11.7, 11.8, 12.4, 12.6, 11.4, 12.7, 13.3, 13.2, 12.1, 12.3, 12.5, 13.4, 13.2, 13.5, 12.3, 11.5, 12.1, 12.0, 13.0, 10.4, 11.3, 11.9, 10.9, 10.6, 11.5, 10.8, 9.7, 12.1, 11.0, 11.6, 11.6, 11.3, 10.6, 10.6, 11.2, 10.5, 10.4, 10.5, 9.6, 8.5, 10.0, 10.2, 10.6, 10.2, 12.1, 11.2, 11.3, 10.1, 11.6, 11.4, 11.6, 9.8, 10.6, 12.1, 12.2, 11.2, 11.2, 11.1, 11.8, 49.8, 56.9, 57.6, 60.7, 59.8, 59.9, 59.8, 60.2, 60.9, 62.1], 4: [11.0, 10.0, 10.7, 9.8, 10.8, 10.1, 10.0, 10.9, 10.2, 10.0, 10.2, 9.9, 9.6, 9.1, 8.8, 10.7, 9.8, 9.2, 9.6, 10.3, 8.5, 10.1, 9.6, 9.5, 9.6, 10.4, 10.6, 9.3, 8.9, 8.8, 9.3, 10.3, 10.1, 11.1, 9.8, 11.7, 9.9, 9.1, 10.5, 10.7, 10.0, 10.0, 9.9, 9.4, 9.2, 9.0, 10.6, 9.4, 10.1, 10.3, 12.5, 12.4, 12.1, 11.4, 11.1, 10.9, 10.9, 9.9, 10.6, 11.1, 11.0, 10.0, 10.2, 10.3, 11.0, 9.4, 10.2, 10.4, 9.5, 10.1, 9.2, 9.4, 9.2, 8.7, 9.8, 8.6, 8.3, 8.7, 8.9, 9.1, 8.8, 8.9, 7.0, 8.7, 8.6, 8.2, 9.0, 9.0, 8.7, 9.8, 9.4, 10.3, 9.6, 9.2, 9.6, 8.8, 9.5, 9.2, 9.3, 10.6], 5: [9.1, 9.4, 10.6, 12.1, 10.5, 10.8, 11.3, 10.7, 10.6, 12.6, 12.5, 11.6, 11.5, 11.1, 10.8, 10.5, 11.1, 11.6, 10.7, 11.8, 10.6, 11.0, 10.2, 10.9, 9.6, 10.6, 9.6, 10.5, 9.3, 8.3, 9.5, 9.2, 9.6, 10.2, 9.2, 9.2, 10.1, 8.9, 9.3, 8.5, 8.8, 9.3, 9.1, 8.6, 9.9, 10.1, 9.0, 10.0, 8.2, 8.3, 8.9, 8.6, 8.5, 9.5, 9.6, 8.6, 9.0, 9.4, 9.4, 8.0, 8.3, 9.1, 9.0, 8.2, 8.7, 8.2, 8.2, 8.9, 8.9, 8.5, 9.6, 10.0, 8.8, 9.3, 9.3, 8.9, 9.5, 8.6, 10.5, 10.2, 9.8, 10.3, 9.1, 9.8, 9.7, 10.5, 10.7, 9.6, 9.9, 10.5, 11.2, 11.9, 10.8, 11.4, 11.4, 10.5, 12.5, 11.8, 12.2, 13.1], 6: [10.1, 9.9, 12.1, 10.8, 10.4, 9.4, 9.2, 10.1, 11.1, 9.8, 10.4, 11.0, 10.9, 11.0, 13.0, 12.2, 10.5, 11.5, 10.0, 11.8, 9.6, 11.3, 10.6, 9.3, 9.4, 9.0, 10.5, 9.3, 10.4, 9.4, 9.4, 9.5, 10.3, 10.1, 8.4, 8.6, 10.3, 8.7, 9.1, 9.7, 8.6, 9.3, 9.1, 8.7, 8.4, 10.4, 8.9, 9.8, 10.6, 10.7, 9.3, 9.2, 7.6, 9.3, 8.3, 8.0, 8.5, 8.5, 8.1, 8.0, 7.5, 8.3, 8.6, 8.2, 9.4, 8.5, 8.9, 8.5, 8.0, 8.9, 8.5, 8.6, 8.0, 7.8, 7.3, 8.3, 7.3, 8.2, 8.9, 7.7, 8.7, 9.5, 9.5, 8.5, 8.8, 9.6, 9.4, 9.5, 9.0, 9.4, 11.2, 12.8, 12.4, 11.8, 12.1, 13.3, 12.1, 13.0, 12.5, 12.3], 7: [9.2, 9.7, 10.3, 11.8, 11.8, 11.2, 12.2, 11.5, 10.8, 11.1, 12.2, 11.9, 11.9, 13.4, 12.9, 13.1, 14.1, 12.3, 12.7, 13.3, 11.4, 13.4, 12.8, 12.6, 12.6, 13.0, 13.0, 12.7, 13.0, 11.7, 11.9, 11.9, 12.3, 12.7, 13.8, 12.9, 13.4, 13.5, 12.5, 12.3, 12.5, 12.8, 11.2, 12.4, 13.8, 12.4, 10.7, 12.0, 11.9, 11.7, 14.4, 14.5, 12.1, 13.1, 13.4, 13.6, 12.6, 13.3, 13.3, 14.9, 13.1, 14.6, 15.2, 14.0, 13.9, 13.9, 14.3, 12.9, 13.0, 13.5, 15.0, 14.7, 15.4, 14.4, 14.2, 14.2, 14.5, 16.0, 15.5, 14.8, 14.5, 14.7, 15.6, 16.4, 16.5, 15.5, 15.5, 14.9, 14.8, 14.0, 16.8, 17.4, 16.9, 16.7, 16.0, 16.2, 17.2, 17.5, 18.6, 18.8], 8: [7.8, 10.2, 9.5, 11.9, 11.6, 10.8, 9.4, 10.0, 9.6, 10.5, 9.9, 9.9, 10.2, 9.4, 9.8, 8.7, 9.4, 8.8, 9.6, 8.2, 8.0, 8.7, 9.1, 8.8, 8.9, 10.2, 8.3, 8.4, 7.6, 8.6, 8.3, 7.2, 8.5, 8.7, 7.7, 8.7, 8.3, 8.4, 8.6, 8.4, 8.8, 7.8, 8.8, 8.7, 8.0, 8.1, 7.1, 7.0, 6.9, 8.4, 6.1, 6.1, 5.5, 6.3, 6.4, 7.2, 7.2, 7.0, 7.3, 7.6, 7.0, 8.6, 7.6, 7.2, 7.2, 7.0, 7.3, 7.6, 7.2, 7.3, 7.3, 9.0, 9.0, 8.7, 10.5, 9.3, 8.6, 8.7, 8.4, 8.4, 8.8, 8.1, 8.4, 8.0, 8.6, 9.4, 9.1, 8.9, 8.3, 8.6, 9.7, 9.9, 10.5, 8.6, 8.5, 9.6, 9.2, 8.6, 8.3, 9.7], 9: [10.4, 10.8, 9.5, 9.8, 8.9, 8.8, 8.5, 10.6, 9.6, 10.0, 6.8, 8.7, 10.7, 8.9, 9.7, 7.7, 9.0, 9.4, 10.0, 9.5, 9.7, 9.6, 9.4, 8.5, 7.3, 7.6, 9.7, 10.0, 8.1, 9.8, 11.0, 8.9, 10.3, 9.3, 10.3, 8.9, 9.3, 9.7, 10.8, 10.0, 9.6, 9.6, 10.1, 10.1, 9.2, 9.4, 11.1, 8.7, 10.7, 10.9, 9.8, 10.1, 10.9, 9.9, 10.9, 10.6, 9.7, 9.8, 9.9, 9.9, 9.6, 8.9, 9.8, 9.4, 10.4, 9.7, 10.2, 9.5, 9.9, 9.8, 8.4, 7.9, 8.4, 9.9, 8.1, 11.3, 9.7, 9.4, 9.3, 8.7, 9.6, 10.4, 10.4, 10.1, 8.8, 11.2, 9.7, 9.9, 10.8, 9.8, 9.7, 10.5, 10.2, 9.1, 10.4, 10.1, 10.8, 10.8, 10.1, 11.0]}
----------------------------------------
Epoch   1 | Client   0 | Train: loss=0.037, acc= 99.4% | time=169.0ms | Valid: loss=1.430, acc= 56.0% |
Epoch   2 | Client   0 | Train: loss=0.073, acc= 97.5% | time= 84.1ms | Valid: loss=1.633, acc= 56.0% |
Epoch   3 | Client   0 | Train: loss=0.011, acc=100.0% | time= 87.2ms | Valid: loss=1.558, acc= 64.0% |
Epoch   4 | Client   0 | Train: loss=0.008, acc=100.0% | time= 77.6ms | Valid: loss=1.537, acc= 60.0% |
Epoch   5 | Client   0 | Train: loss=0.009, acc=100.0% | time= 76.3ms | Valid: loss=1.123, acc= 64.0% |
----------------------------------------
Epoch   1 | Client   1 | Train: loss=0.028, acc= 99.4% | time=151.4ms | Valid: loss=2.289, acc= 52.0% |
Epoch   2 | Client   1 | Train: loss=0.008, acc=100.0% | time= 90.4ms | Valid: loss=2.112, acc= 56.0% |
Epoch   3 | Client   1 | Train: loss=0.021, acc= 98.9% | time= 89.0ms | Valid: loss=2.364, acc= 52.0% |
Epoch   4 | Client   1 | Train: loss=0.026, acc= 99.4% | time= 79.6ms | Valid: loss=2.493, acc= 36.0% |
Epoch   5 | Client   1 | Train: loss=0.012, acc=100.0% | time= 78.7ms | Valid: loss=2.508, acc= 40.0% |
Skip Updating GPM for layer: 1
----------------------------------------
Epoch   1 | Client   2 | Train: loss=0.067, acc= 98.1% | time=162.6ms | Valid: loss=3.243, acc= 44.0% |
Epoch   2 | Client   2 | Train: loss=0.033, acc= 99.6% | time=115.6ms | Valid: loss=1.993, acc= 56.0% |
Epoch   3 | Client   2 | Train: loss=0.057, acc= 98.7% | time=117.8ms | Valid: loss=2.175, acc= 40.0% |
Epoch   4 | Client   2 | Train: loss=0.025, acc= 99.2% | time=115.1ms | Valid: loss=2.198, acc= 56.0% |
Epoch   5 | Client   2 | Train: loss=0.101, acc= 97.3% | time=101.4ms | Valid: loss=2.544, acc= 48.0% |
----------------------------------------
Epoch   1 | Client   3 | Train: loss=0.026, acc= 99.4% | time=169.7ms | Valid: loss=1.531, acc= 64.0% |
Epoch   2 | Client   3 | Train: loss=0.015, acc=100.0% | time= 86.9ms | Valid: loss=1.546, acc= 64.0% |
Epoch   3 | Client   3 | Train: loss=0.034, acc= 99.2% | time= 84.4ms | Valid: loss=1.480, acc= 56.0% |
Epoch   4 | Client   3 | Train: loss=0.009, acc=100.0% | time= 80.6ms | Valid: loss=1.352, acc= 64.0% |
Epoch   5 | Client   3 | Train: loss=0.014, acc= 99.6% | time= 78.3ms | Valid: loss=1.266, acc= 72.0% |
Skip Updating GPM for layer: 1
----------------------------------------
Epoch   1 | Client   4 | Train: loss=0.157, acc= 95.4% | time=167.3ms | Valid: loss=2.156, acc= 52.0% |
Epoch   2 | Client   4 | Train: loss=0.170, acc= 94.7% | time= 94.0ms | Valid: loss=1.496, acc= 68.0% |
Epoch   3 | Client   4 | Train: loss=0.073, acc= 97.9% | time= 80.6ms | Valid: loss=1.422, acc= 64.0% |
Epoch   4 | Client   4 | Train: loss=0.045, acc= 99.2% | time= 79.6ms | Valid: loss=1.416, acc= 68.0% |
Epoch   5 | Client   4 | Train: loss=0.125, acc= 96.8% | time= 78.5ms | Valid: loss=2.144, acc= 60.0% |
----------------------------------------
Epoch   1 | Client   5 | Train: loss=0.010, acc=100.0% | time=153.7ms | Valid: loss=1.606, acc= 76.0% |
Epoch   2 | Client   5 | Train: loss=0.038, acc= 98.9% | time= 95.4ms | Valid: loss=1.437, acc= 80.0% |
Epoch   3 | Client   5 | Train: loss=0.010, acc=100.0% | time= 82.1ms | Valid: loss=1.718, acc= 68.0% |
Epoch   4 | Client   5 | Train: loss=0.006, acc=100.0% | time= 79.9ms | Valid: loss=1.574, acc= 72.0% |
Epoch   5 | Client   5 | Train: loss=0.007, acc=100.0% | time= 78.8ms | Valid: loss=1.805, acc= 72.0% |
Skip Updating GPM for layer: 1
----------------------------------------
Epoch   1 | Client   6 | Train: loss=0.055, acc= 98.3% | time=159.1ms | Valid: loss=2.315, acc= 48.0% |
Epoch   2 | Client   6 | Train: loss=0.061, acc= 98.7% | time= 86.8ms | Valid: loss=2.371, acc= 52.0% |
Epoch   3 | Client   6 | Train: loss=0.017, acc= 99.6% | time= 75.5ms | Valid: loss=2.114, acc= 56.0% |
Epoch   4 | Client   6 | Train: loss=0.014, acc=100.0% | time= 76.1ms | Valid: loss=2.213, acc= 52.0% |
Epoch   5 | Client   6 | Train: loss=0.012, acc=100.0% | time= 76.1ms | Valid: loss=1.945, acc= 52.0% |
Skip Updating GPM for layer: 1
----------------------------------------
Epoch   1 | Client   7 | Train: loss=0.038, acc= 99.2% | time=165.0ms | Valid: loss=1.419, acc= 68.0% |
Epoch   2 | Client   7 | Train: loss=0.072, acc= 98.9% | time= 92.8ms | Valid: loss=1.495, acc= 64.0% |
Epoch   3 | Client   7 | Train: loss=0.134, acc= 94.7% | time= 88.8ms | Valid: loss=2.054, acc= 56.0% |
Epoch   4 | Client   7 | Train: loss=0.095, acc= 97.1% | time= 79.5ms | Valid: loss=1.398, acc= 60.0% |
Epoch   5 | Client   7 | Train: loss=0.081, acc= 97.1% | time= 78.3ms | Valid: loss=1.399, acc= 68.0% |
----------------------------------------
Epoch   1 | Client   8 | Train: loss=0.065, acc= 97.7% | time=157.3ms | Valid: loss=1.662, acc= 56.0% |
Epoch   2 | Client   8 | Train: loss=0.153, acc= 95.6% | time= 95.2ms | Valid: loss=2.139, acc= 48.0% |
Epoch   3 | Client   8 | Train: loss=0.019, acc= 99.6% | time= 81.8ms | Valid: loss=1.629, acc= 48.0% |
Epoch   4 | Client   8 | Train: loss=0.008, acc=100.0% | time= 79.5ms | Valid: loss=1.767, acc= 52.0% |
Epoch   5 | Client   8 | Train: loss=0.006, acc=100.0% | time= 78.5ms | Valid: loss=1.770, acc= 56.0% |
Skip Updating GPM for layer: 1
----------------------------------------
Epoch   1 | Client   9 | Train: loss=0.102, acc= 97.1% | time=164.1ms | Valid: loss=1.828, acc= 56.0% |
Epoch   2 | Client   9 | Train: loss=0.011, acc=100.0% | time= 86.8ms | Valid: loss=1.992, acc= 48.0% |
Epoch   3 | Client   9 | Train: loss=0.008, acc=100.0% | time= 81.6ms | Valid: loss=1.743, acc= 48.0% |
Epoch   4 | Client   9 | Train: loss=0.032, acc= 99.2% | time= 79.8ms | Valid: loss=1.583, acc= 44.0% |
Epoch   5 | Client   9 | Train: loss=0.007, acc=100.0% | time= 79.5ms | Valid: loss=1.816, acc= 52.0% |
----------------------------------------
G-Epoch:  10, Test: loss=1.624 , acc= 62.9%
****************************************
Task:   0, G-Epoch:  10, Test: loss=4.159 , acc= 37.1%
Task:   1, G-Epoch:  10, Test: loss=3.076 , acc= 40.8%
Task:   2, G-Epoch:  10, Test: loss=2.151 , acc= 55.2%
Task:   3, G-Epoch:  10, Test: loss=1.628 , acc= 62.2%
Task:   4, G-Epoch:  10, Test: loss=2.316 , acc= 10.5%
Task:   5, G-Epoch:  10, Test: loss=2.296 , acc= 11.7%
Task:   6, G-Epoch:  10, Test: loss=2.297 , acc= 11.9%
Task:   7, G-Epoch:  10, Test: loss=2.284 , acc= 17.7%
Task:   8, G-Epoch:  10, Test: loss=2.323 , acc=  8.5%
Task:   9, G-Epoch:  10, Test: loss=2.303 , acc= 10.5%
{0: [39.3, 45.7, 48.7, 48.8, 51.1, 52.3, 53.9, 51.6, 55.6, 54.8, 53.3, 54.9, 58.1, 57.8, 55.8, 58.5, 58.6, 58.9, 57.4, 60.4, 61.3, 56.9, 60.1, 60.2, 60.8, 60.2, 60.8, 61.6, 61.5, 61.0, 62.5, 62.5, 64.4, 61.7, 62.6, 62.6, 63.1, 63.9, 65.4, 63.5, 65.0, 63.8, 64.1, 65.7, 66.4, 65.1, 63.0, 66.9, 65.3, 66.5, 68.2, 66.5, 65.4, 65.8, 64.3, 63.8, 64.5, 62.4, 61.7, 61.1, 60.5, 58.7, 57.8, 58.2, 58.3, 55.9, 54.1, 51.9, 52.1, 51.0, 53.7, 53.0, 52.1, 51.7, 52.5, 51.0, 50.5, 50.8, 50.9, 51.6, 47.8, 48.7, 48.5, 49.4, 48.5, 49.6, 48.7, 47.6, 46.9, 46.9, 47.3, 45.1, 43.4, 41.8, 41.6, 40.2, 38.6, 40.3, 39.1, 37.9, 37.1], 1: [10.2, 9.5, 11.1, 11.0, 9.3, 10.0, 10.6, 10.7, 11.2, 8.9, 9.1, 10.8, 10.8, 10.3, 9.9, 9.1, 11.7, 10.1, 10.2, 11.4, 8.8, 9.8, 10.9, 9.7, 9.2, 9.7, 10.1, 9.5, 9.9, 9.0, 9.4, 9.2, 9.6, 8.9, 9.1, 8.4, 8.4, 8.8, 10.2, 8.7, 8.9, 10.8, 8.1, 9.5, 9.5, 9.3, 10.3, 10.0, 9.3, 9.6, 49.7, 53.7, 57.3, 56.8, 58.2, 56.9, 59.3, 58.9, 59.6, 58.5, 59.5, 59.5, 60.8, 58.1, 58.5, 59.3, 59.4, 58.8, 60.4, 59.6, 56.2, 54.6, 52.9, 51.7, 52.2, 52.6, 50.7, 50.1, 51.0, 48.7, 49.4, 48.5, 47.1, 48.0, 47.2, 45.8, 47.7, 45.6, 44.9, 44.7, 48.4, 48.0, 48.2, 44.6, 45.6, 43.6, 44.3, 42.4, 42.1, 43.0, 40.8], 2: [10.3, 10.5, 9.7, 11.4, 11.1, 9.9, 8.6, 8.9, 9.1, 8.7, 9.4, 9.6, 7.7, 10.1, 10.4, 8.9, 9.1, 9.5, 10.8, 8.4, 8.5, 8.8, 9.1, 8.5, 9.7, 10.0, 9.4, 9.9, 9.9, 9.5, 8.9, 8.9, 9.1, 9.7, 9.7, 9.8, 9.4, 9.9, 9.1, 9.1, 9.2, 9.9, 9.7, 9.4, 8.0, 10.1, 10.6, 9.1, 9.6, 9.0, 9.4, 11.1, 11.1, 9.6, 9.4, 11.5, 10.8, 9.3, 10.8, 8.4, 9.6, 9.3, 9.7, 10.1, 10.9, 10.4, 9.9, 10.2, 9.5, 10.1, 56.7, 61.3, 62.3, 63.5, 63.5, 64.8, 64.3, 66.1, 66.1, 66.1, 67.2, 68.3, 66.5, 66.6, 67.0, 67.4, 67.4, 67.5, 66.0, 68.6, 64.4, 62.3, 62.1, 60.4, 60.1, 57.7, 57.6, 56.8, 56.5, 56.0, 55.2], 3: [10.3, 9.9, 8.6, 9.7, 9.2, 9.4, 9.3, 10.7, 11.6, 11.0, 11.6, 11.9, 11.3, 11.4, 12.4, 11.7, 11.1, 11.2, 11.9, 12.5, 13.1, 12.2, 13.1, 12.0, 12.6, 11.9, 12.0, 12.8, 13.5, 12.1, 12.1, 11.7, 11.8, 12.4, 12.6, 11.4, 12.7, 13.3, 13.2, 12.1, 12.3, 12.5, 13.4, 13.2, 13.5, 12.3, 11.5, 12.1, 12.0, 13.0, 10.4, 11.3, 11.9, 10.9, 10.6, 11.5, 10.8, 9.7, 12.1, 11.0, 11.6, 11.6, 11.3, 10.6, 10.6, 11.2, 10.5, 10.4, 10.5, 9.6, 8.5, 10.0, 10.2, 10.6, 10.2, 12.1, 11.2, 11.3, 10.1, 11.6, 11.4, 11.6, 9.8, 10.6, 12.1, 12.2, 11.2, 11.2, 11.1, 11.8, 49.8, 56.9, 57.6, 60.7, 59.8, 59.9, 59.8, 60.2, 60.9, 62.1, 62.2], 4: [11.0, 10.0, 10.7, 9.8, 10.8, 10.1, 10.0, 10.9, 10.2, 10.0, 10.2, 9.9, 9.6, 9.1, 8.8, 10.7, 9.8, 9.2, 9.6, 10.3, 8.5, 10.1, 9.6, 9.5, 9.6, 10.4, 10.6, 9.3, 8.9, 8.8, 9.3, 10.3, 10.1, 11.1, 9.8, 11.7, 9.9, 9.1, 10.5, 10.7, 10.0, 10.0, 9.9, 9.4, 9.2, 9.0, 10.6, 9.4, 10.1, 10.3, 12.5, 12.4, 12.1, 11.4, 11.1, 10.9, 10.9, 9.9, 10.6, 11.1, 11.0, 10.0, 10.2, 10.3, 11.0, 9.4, 10.2, 10.4, 9.5, 10.1, 9.2, 9.4, 9.2, 8.7, 9.8, 8.6, 8.3, 8.7, 8.9, 9.1, 8.8, 8.9, 7.0, 8.7, 8.6, 8.2, 9.0, 9.0, 8.7, 9.8, 9.4, 10.3, 9.6, 9.2, 9.6, 8.8, 9.5, 9.2, 9.3, 10.6, 10.5], 5: [9.1, 9.4, 10.6, 12.1, 10.5, 10.8, 11.3, 10.7, 10.6, 12.6, 12.5, 11.6, 11.5, 11.1, 10.8, 10.5, 11.1, 11.6, 10.7, 11.8, 10.6, 11.0, 10.2, 10.9, 9.6, 10.6, 9.6, 10.5, 9.3, 8.3, 9.5, 9.2, 9.6, 10.2, 9.2, 9.2, 10.1, 8.9, 9.3, 8.5, 8.8, 9.3, 9.1, 8.6, 9.9, 10.1, 9.0, 10.0, 8.2, 8.3, 8.9, 8.6, 8.5, 9.5, 9.6, 8.6, 9.0, 9.4, 9.4, 8.0, 8.3, 9.1, 9.0, 8.2, 8.7, 8.2, 8.2, 8.9, 8.9, 8.5, 9.6, 10.0, 8.8, 9.3, 9.3, 8.9, 9.5, 8.6, 10.5, 10.2, 9.8, 10.3, 9.1, 9.8, 9.7, 10.5, 10.7, 9.6, 9.9, 10.5, 11.2, 11.9, 10.8, 11.4, 11.4, 10.5, 12.5, 11.8, 12.2, 13.1, 11.7], 6: [10.1, 9.9, 12.1, 10.8, 10.4, 9.4, 9.2, 10.1, 11.1, 9.8, 10.4, 11.0, 10.9, 11.0, 13.0, 12.2, 10.5, 11.5, 10.0, 11.8, 9.6, 11.3, 10.6, 9.3, 9.4, 9.0, 10.5, 9.3, 10.4, 9.4, 9.4, 9.5, 10.3, 10.1, 8.4, 8.6, 10.3, 8.7, 9.1, 9.7, 8.6, 9.3, 9.1, 8.7, 8.4, 10.4, 8.9, 9.8, 10.6, 10.7, 9.3, 9.2, 7.6, 9.3, 8.3, 8.0, 8.5, 8.5, 8.1, 8.0, 7.5, 8.3, 8.6, 8.2, 9.4, 8.5, 8.9, 8.5, 8.0, 8.9, 8.5, 8.6, 8.0, 7.8, 7.3, 8.3, 7.3, 8.2, 8.9, 7.7, 8.7, 9.5, 9.5, 8.5, 8.8, 9.6, 9.4, 9.5, 9.0, 9.4, 11.2, 12.8, 12.4, 11.8, 12.1, 13.3, 12.1, 13.0, 12.5, 12.3, 11.9], 7: [9.2, 9.7, 10.3, 11.8, 11.8, 11.2, 12.2, 11.5, 10.8, 11.1, 12.2, 11.9, 11.9, 13.4, 12.9, 13.1, 14.1, 12.3, 12.7, 13.3, 11.4, 13.4, 12.8, 12.6, 12.6, 13.0, 13.0, 12.7, 13.0, 11.7, 11.9, 11.9, 12.3, 12.7, 13.8, 12.9, 13.4, 13.5, 12.5, 12.3, 12.5, 12.8, 11.2, 12.4, 13.8, 12.4, 10.7, 12.0, 11.9, 11.7, 14.4, 14.5, 12.1, 13.1, 13.4, 13.6, 12.6, 13.3, 13.3, 14.9, 13.1, 14.6, 15.2, 14.0, 13.9, 13.9, 14.3, 12.9, 13.0, 13.5, 15.0, 14.7, 15.4, 14.4, 14.2, 14.2, 14.5, 16.0, 15.5, 14.8, 14.5, 14.7, 15.6, 16.4, 16.5, 15.5, 15.5, 14.9, 14.8, 14.0, 16.8, 17.4, 16.9, 16.7, 16.0, 16.2, 17.2, 17.5, 18.6, 18.8, 17.7], 8: [7.8, 10.2, 9.5, 11.9, 11.6, 10.8, 9.4, 10.0, 9.6, 10.5, 9.9, 9.9, 10.2, 9.4, 9.8, 8.7, 9.4, 8.8, 9.6, 8.2, 8.0, 8.7, 9.1, 8.8, 8.9, 10.2, 8.3, 8.4, 7.6, 8.6, 8.3, 7.2, 8.5, 8.7, 7.7, 8.7, 8.3, 8.4, 8.6, 8.4, 8.8, 7.8, 8.8, 8.7, 8.0, 8.1, 7.1, 7.0, 6.9, 8.4, 6.1, 6.1, 5.5, 6.3, 6.4, 7.2, 7.2, 7.0, 7.3, 7.6, 7.0, 8.6, 7.6, 7.2, 7.2, 7.0, 7.3, 7.6, 7.2, 7.3, 7.3, 9.0, 9.0, 8.7, 10.5, 9.3, 8.6, 8.7, 8.4, 8.4, 8.8, 8.1, 8.4, 8.0, 8.6, 9.4, 9.1, 8.9, 8.3, 8.6, 9.7, 9.9, 10.5, 8.6, 8.5, 9.6, 9.2, 8.6, 8.3, 9.7, 8.5], 9: [10.4, 10.8, 9.5, 9.8, 8.9, 8.8, 8.5, 10.6, 9.6, 10.0, 6.8, 8.7, 10.7, 8.9, 9.7, 7.7, 9.0, 9.4, 10.0, 9.5, 9.7, 9.6, 9.4, 8.5, 7.3, 7.6, 9.7, 10.0, 8.1, 9.8, 11.0, 8.9, 10.3, 9.3, 10.3, 8.9, 9.3, 9.7, 10.8, 10.0, 9.6, 9.6, 10.1, 10.1, 9.2, 9.4, 11.1, 8.7, 10.7, 10.9, 9.8, 10.1, 10.9, 9.9, 10.9, 10.6, 9.7, 9.8, 9.9, 9.9, 9.6, 8.9, 9.8, 9.4, 10.4, 9.7, 10.2, 9.5, 9.9, 9.8, 8.4, 7.9, 8.4, 9.9, 8.1, 11.3, 9.7, 9.4, 9.3, 8.7, 9.6, 10.4, 10.4, 10.1, 8.8, 11.2, 9.7, 9.9, 10.8, 9.8, 9.7, 10.5, 10.2, 9.1, 10.4, 10.1, 10.8, 10.8, 10.1, 11.0, 10.5]}
----------------------------------------
Epoch   1 | Client   0 | Train: loss=0.070, acc= 98.1% | time=147.2ms | Valid: loss=1.609, acc= 68.0% |
Epoch   2 | Client   0 | Train: loss=0.018, acc= 99.6% | time= 84.0ms | Valid: loss=1.293, acc= 64.0% |
Epoch   3 | Client   0 | Train: loss=0.044, acc= 98.9% | time= 83.0ms | Valid: loss=1.831, acc= 52.0% |
Epoch   4 | Client   0 | Train: loss=0.009, acc= 99.8% | time= 79.7ms | Valid: loss=1.424, acc= 64.0% |
Epoch   5 | Client   0 | Train: loss=0.010, acc= 99.6% | time= 79.1ms | Valid: loss=1.384, acc= 56.0% |
----------------------------------------
Epoch   1 | Client   1 | Train: loss=0.023, acc= 99.6% | time=167.7ms | Valid: loss=2.071, acc= 44.0% |
Epoch   2 | Client   1 | Train: loss=0.055, acc= 98.3% | time= 89.3ms | Valid: loss=2.647, acc= 44.0% |
Epoch   3 | Client   1 | Train: loss=0.046, acc= 98.5% | time= 85.1ms | Valid: loss=2.560, acc= 48.0% |
Epoch   4 | Client   1 | Train: loss=0.010, acc=100.0% | time= 79.7ms | Valid: loss=2.318, acc= 48.0% |
Epoch   5 | Client   1 | Train: loss=0.026, acc= 99.2% | time= 78.7ms | Valid: loss=2.645, acc= 32.0% |
Skip Updating GPM for layer: 1
----------------------------------------
Epoch   1 | Client   2 | Train: loss=0.082, acc= 97.3% | time=168.4ms | Valid: loss=2.245, acc= 48.0% |
Epoch   2 | Client   2 | Train: loss=0.027, acc= 99.2% | time= 87.0ms | Valid: loss=2.151, acc= 48.0% |
Epoch   3 | Client   2 | Train: loss=0.061, acc= 98.1% | time= 86.7ms | Valid: loss=2.761, acc= 44.0% |
Epoch   4 | Client   2 | Train: loss=0.017, acc= 99.6% | time= 76.7ms | Valid: loss=1.826, acc= 56.0% |
Epoch   5 | Client   2 | Train: loss=0.012, acc=100.0% | time= 76.6ms | Valid: loss=2.063, acc= 52.0% |
----------------------------------------
Epoch   1 | Client   3 | Train: loss=0.014, acc=100.0% | time=166.3ms | Valid: loss=1.482, acc= 72.0% |
Epoch   2 | Client   3 | Train: loss=0.023, acc= 99.6% | time= 91.2ms | Valid: loss=1.394, acc= 64.0% |
Epoch   3 | Client   3 | Train: loss=0.009, acc=100.0% | time= 87.1ms | Valid: loss=1.384, acc= 64.0% |
Epoch   4 | Client   3 | Train: loss=0.127, acc= 96.2% | time= 79.1ms | Valid: loss=1.338, acc= 76.0% |
Epoch   5 | Client   3 | Train: loss=0.007, acc=100.0% | time= 78.4ms | Valid: loss=1.444, acc= 68.0% |
Skip Updating GPM for layer: 1
----------------------------------------
Epoch   1 | Client   4 | Train: loss=0.094, acc= 96.6% | time=132.3ms | Valid: loss=1.575, acc= 64.0% |
Epoch   2 | Client   4 | Train: loss=0.127, acc= 95.6% | time=107.8ms | Valid: loss=1.830, acc= 68.0% |
Epoch   3 | Client   4 | Train: loss=0.678, acc= 82.3% | time=109.0ms | Valid: loss=3.542, acc= 40.0% |
Epoch   4 | Client   4 | Train: loss=0.091, acc= 97.3% | time=104.5ms | Valid: loss=1.874, acc= 60.0% |
Epoch   5 | Client   4 | Train: loss=0.049, acc= 97.9% | time= 83.7ms | Valid: loss=2.073, acc= 56.0% |
----------------------------------------
Epoch   1 | Client   5 | Train: loss=0.023, acc= 99.6% | time=160.2ms | Valid: loss=1.489, acc= 76.0% |
Epoch   2 | Client   5 | Train: loss=0.044, acc= 98.7% | time= 90.4ms | Valid: loss=1.664, acc= 68.0% |
Epoch   3 | Client   5 | Train: loss=0.025, acc= 99.6% | time= 88.0ms | Valid: loss=1.639, acc= 72.0% |
Epoch   4 | Client   5 | Train: loss=0.016, acc= 99.8% | time= 79.2ms | Valid: loss=1.433, acc= 76.0% |
Epoch   5 | Client   5 | Train: loss=0.016, acc= 99.6% | time= 78.2ms | Valid: loss=1.680, acc= 68.0% |
Skip Updating GPM for layer: 1
----------------------------------------
Epoch   1 | Client   6 | Train: loss=0.046, acc= 99.2% | time=162.2ms | Valid: loss=2.570, acc= 48.0% |
Epoch   2 | Client   6 | Train: loss=0.081, acc= 98.3% | time= 93.8ms | Valid: loss=1.959, acc= 60.0% |
Epoch   3 | Client   6 | Train: loss=0.081, acc= 97.5% | time= 80.9ms | Valid: loss=2.711, acc= 52.0% |
Epoch   4 | Client   6 | Train: loss=0.021, acc= 99.8% | time= 78.9ms | Valid: loss=2.297, acc= 52.0% |
Epoch   5 | Client   6 | Train: loss=0.056, acc= 98.1% | time= 78.4ms | Valid: loss=3.242, acc= 48.0% |
Skip Updating GPM for layer: 1
----------------------------------------
Epoch   1 | Client   7 | Train: loss=0.093, acc= 96.4% | time=150.6ms | Valid: loss=1.906, acc= 56.0% |
Epoch   2 | Client   7 | Train: loss=0.092, acc= 98.3% | time= 89.2ms | Valid: loss=1.904, acc= 60.0% |
Epoch   3 | Client   7 | Train: loss=0.047, acc= 99.2% | time= 81.9ms | Valid: loss=1.584, acc= 64.0% |
Epoch   4 | Client   7 | Train: loss=0.067, acc= 98.5% | time= 78.7ms | Valid: loss=1.133, acc= 72.0% |
Epoch   5 | Client   7 | Train: loss=0.138, acc= 95.6% | time= 78.4ms | Valid: loss=1.515, acc= 68.0% |
----------------------------------------
Epoch   1 | Client   8 | Train: loss=0.014, acc=100.0% | time=147.5ms | Valid: loss=1.842, acc= 56.0% |
Epoch   2 | Client   8 | Train: loss=0.149, acc= 95.6% | time= 90.0ms | Valid: loss=2.613, acc= 44.0% |
Epoch   3 | Client   8 | Train: loss=0.009, acc=100.0% | time= 79.1ms | Valid: loss=1.820, acc= 60.0% |
Epoch   4 | Client   8 | Train: loss=0.162, acc= 95.6% | time= 78.1ms | Valid: loss=2.563, acc= 56.0% |
Epoch   5 | Client   8 | Train: loss=0.008, acc=100.0% | time= 78.7ms | Valid: loss=2.223, acc= 56.0% |
----------------------------------------
Epoch   1 | Client   9 | Train: loss=0.102, acc= 97.1% | time=163.4ms | Valid: loss=2.082, acc= 32.0% |
Epoch   2 | Client   9 | Train: loss=0.158, acc= 94.9% | time= 89.8ms | Valid: loss=1.765, acc= 48.0% |
Epoch   3 | Client   9 | Train: loss=0.225, acc= 94.1% | time= 89.6ms | Valid: loss=1.361, acc= 56.0% |
Epoch   4 | Client   9 | Train: loss=0.020, acc= 99.6% | time= 79.0ms | Valid: loss=1.592, acc= 48.0% |
Epoch   5 | Client   9 | Train: loss=0.017, acc= 99.6% | time= 78.2ms | Valid: loss=1.194, acc= 56.0% |
----------------------------------------
G-Epoch:  11, Test: loss=1.630 , acc= 61.0%
****************************************
Task:   0, G-Epoch:  11, Test: loss=4.166 , acc= 36.2%
Task:   1, G-Epoch:  11, Test: loss=2.983 , acc= 40.9%
Task:   2, G-Epoch:  11, Test: loss=2.282 , acc= 53.9%
Task:   3, G-Epoch:  11, Test: loss=1.659 , acc= 61.1%
Task:   4, G-Epoch:  11, Test: loss=2.313 , acc=  9.6%
Task:   5, G-Epoch:  11, Test: loss=2.296 , acc= 10.8%
Task:   6, G-Epoch:  11, Test: loss=2.300 , acc= 12.1%
Task:   7, G-Epoch:  11, Test: loss=2.286 , acc= 17.4%
Task:   8, G-Epoch:  11, Test: loss=2.321 , acc=  8.5%
Task:   9, G-Epoch:  11, Test: loss=2.306 , acc=  9.3%
{0: [39.3, 45.7, 48.7, 48.8, 51.1, 52.3, 53.9, 51.6, 55.6, 54.8, 53.3, 54.9, 58.1, 57.8, 55.8, 58.5, 58.6, 58.9, 57.4, 60.4, 61.3, 56.9, 60.1, 60.2, 60.8, 60.2, 60.8, 61.6, 61.5, 61.0, 62.5, 62.5, 64.4, 61.7, 62.6, 62.6, 63.1, 63.9, 65.4, 63.5, 65.0, 63.8, 64.1, 65.7, 66.4, 65.1, 63.0, 66.9, 65.3, 66.5, 68.2, 66.5, 65.4, 65.8, 64.3, 63.8, 64.5, 62.4, 61.7, 61.1, 60.5, 58.7, 57.8, 58.2, 58.3, 55.9, 54.1, 51.9, 52.1, 51.0, 53.7, 53.0, 52.1, 51.7, 52.5, 51.0, 50.5, 50.8, 50.9, 51.6, 47.8, 48.7, 48.5, 49.4, 48.5, 49.6, 48.7, 47.6, 46.9, 46.9, 47.3, 45.1, 43.4, 41.8, 41.6, 40.2, 38.6, 40.3, 39.1, 37.9, 37.1, 36.2], 1: [10.2, 9.5, 11.1, 11.0, 9.3, 10.0, 10.6, 10.7, 11.2, 8.9, 9.1, 10.8, 10.8, 10.3, 9.9, 9.1, 11.7, 10.1, 10.2, 11.4, 8.8, 9.8, 10.9, 9.7, 9.2, 9.7, 10.1, 9.5, 9.9, 9.0, 9.4, 9.2, 9.6, 8.9, 9.1, 8.4, 8.4, 8.8, 10.2, 8.7, 8.9, 10.8, 8.1, 9.5, 9.5, 9.3, 10.3, 10.0, 9.3, 9.6, 49.7, 53.7, 57.3, 56.8, 58.2, 56.9, 59.3, 58.9, 59.6, 58.5, 59.5, 59.5, 60.8, 58.1, 58.5, 59.3, 59.4, 58.8, 60.4, 59.6, 56.2, 54.6, 52.9, 51.7, 52.2, 52.6, 50.7, 50.1, 51.0, 48.7, 49.4, 48.5, 47.1, 48.0, 47.2, 45.8, 47.7, 45.6, 44.9, 44.7, 48.4, 48.0, 48.2, 44.6, 45.6, 43.6, 44.3, 42.4, 42.1, 43.0, 40.8, 40.9], 2: [10.3, 10.5, 9.7, 11.4, 11.1, 9.9, 8.6, 8.9, 9.1, 8.7, 9.4, 9.6, 7.7, 10.1, 10.4, 8.9, 9.1, 9.5, 10.8, 8.4, 8.5, 8.8, 9.1, 8.5, 9.7, 10.0, 9.4, 9.9, 9.9, 9.5, 8.9, 8.9, 9.1, 9.7, 9.7, 9.8, 9.4, 9.9, 9.1, 9.1, 9.2, 9.9, 9.7, 9.4, 8.0, 10.1, 10.6, 9.1, 9.6, 9.0, 9.4, 11.1, 11.1, 9.6, 9.4, 11.5, 10.8, 9.3, 10.8, 8.4, 9.6, 9.3, 9.7, 10.1, 10.9, 10.4, 9.9, 10.2, 9.5, 10.1, 56.7, 61.3, 62.3, 63.5, 63.5, 64.8, 64.3, 66.1, 66.1, 66.1, 67.2, 68.3, 66.5, 66.6, 67.0, 67.4, 67.4, 67.5, 66.0, 68.6, 64.4, 62.3, 62.1, 60.4, 60.1, 57.7, 57.6, 56.8, 56.5, 56.0, 55.2, 53.9], 3: [10.3, 9.9, 8.6, 9.7, 9.2, 9.4, 9.3, 10.7, 11.6, 11.0, 11.6, 11.9, 11.3, 11.4, 12.4, 11.7, 11.1, 11.2, 11.9, 12.5, 13.1, 12.2, 13.1, 12.0, 12.6, 11.9, 12.0, 12.8, 13.5, 12.1, 12.1, 11.7, 11.8, 12.4, 12.6, 11.4, 12.7, 13.3, 13.2, 12.1, 12.3, 12.5, 13.4, 13.2, 13.5, 12.3, 11.5, 12.1, 12.0, 13.0, 10.4, 11.3, 11.9, 10.9, 10.6, 11.5, 10.8, 9.7, 12.1, 11.0, 11.6, 11.6, 11.3, 10.6, 10.6, 11.2, 10.5, 10.4, 10.5, 9.6, 8.5, 10.0, 10.2, 10.6, 10.2, 12.1, 11.2, 11.3, 10.1, 11.6, 11.4, 11.6, 9.8, 10.6, 12.1, 12.2, 11.2, 11.2, 11.1, 11.8, 49.8, 56.9, 57.6, 60.7, 59.8, 59.9, 59.8, 60.2, 60.9, 62.1, 62.2, 61.1], 4: [11.0, 10.0, 10.7, 9.8, 10.8, 10.1, 10.0, 10.9, 10.2, 10.0, 10.2, 9.9, 9.6, 9.1, 8.8, 10.7, 9.8, 9.2, 9.6, 10.3, 8.5, 10.1, 9.6, 9.5, 9.6, 10.4, 10.6, 9.3, 8.9, 8.8, 9.3, 10.3, 10.1, 11.1, 9.8, 11.7, 9.9, 9.1, 10.5, 10.7, 10.0, 10.0, 9.9, 9.4, 9.2, 9.0, 10.6, 9.4, 10.1, 10.3, 12.5, 12.4, 12.1, 11.4, 11.1, 10.9, 10.9, 9.9, 10.6, 11.1, 11.0, 10.0, 10.2, 10.3, 11.0, 9.4, 10.2, 10.4, 9.5, 10.1, 9.2, 9.4, 9.2, 8.7, 9.8, 8.6, 8.3, 8.7, 8.9, 9.1, 8.8, 8.9, 7.0, 8.7, 8.6, 8.2, 9.0, 9.0, 8.7, 9.8, 9.4, 10.3, 9.6, 9.2, 9.6, 8.8, 9.5, 9.2, 9.3, 10.6, 10.5, 9.6], 5: [9.1, 9.4, 10.6, 12.1, 10.5, 10.8, 11.3, 10.7, 10.6, 12.6, 12.5, 11.6, 11.5, 11.1, 10.8, 10.5, 11.1, 11.6, 10.7, 11.8, 10.6, 11.0, 10.2, 10.9, 9.6, 10.6, 9.6, 10.5, 9.3, 8.3, 9.5, 9.2, 9.6, 10.2, 9.2, 9.2, 10.1, 8.9, 9.3, 8.5, 8.8, 9.3, 9.1, 8.6, 9.9, 10.1, 9.0, 10.0, 8.2, 8.3, 8.9, 8.6, 8.5, 9.5, 9.6, 8.6, 9.0, 9.4, 9.4, 8.0, 8.3, 9.1, 9.0, 8.2, 8.7, 8.2, 8.2, 8.9, 8.9, 8.5, 9.6, 10.0, 8.8, 9.3, 9.3, 8.9, 9.5, 8.6, 10.5, 10.2, 9.8, 10.3, 9.1, 9.8, 9.7, 10.5, 10.7, 9.6, 9.9, 10.5, 11.2, 11.9, 10.8, 11.4, 11.4, 10.5, 12.5, 11.8, 12.2, 13.1, 11.7, 10.8], 6: [10.1, 9.9, 12.1, 10.8, 10.4, 9.4, 9.2, 10.1, 11.1, 9.8, 10.4, 11.0, 10.9, 11.0, 13.0, 12.2, 10.5, 11.5, 10.0, 11.8, 9.6, 11.3, 10.6, 9.3, 9.4, 9.0, 10.5, 9.3, 10.4, 9.4, 9.4, 9.5, 10.3, 10.1, 8.4, 8.6, 10.3, 8.7, 9.1, 9.7, 8.6, 9.3, 9.1, 8.7, 8.4, 10.4, 8.9, 9.8, 10.6, 10.7, 9.3, 9.2, 7.6, 9.3, 8.3, 8.0, 8.5, 8.5, 8.1, 8.0, 7.5, 8.3, 8.6, 8.2, 9.4, 8.5, 8.9, 8.5, 8.0, 8.9, 8.5, 8.6, 8.0, 7.8, 7.3, 8.3, 7.3, 8.2, 8.9, 7.7, 8.7, 9.5, 9.5, 8.5, 8.8, 9.6, 9.4, 9.5, 9.0, 9.4, 11.2, 12.8, 12.4, 11.8, 12.1, 13.3, 12.1, 13.0, 12.5, 12.3, 11.9, 12.1], 7: [9.2, 9.7, 10.3, 11.8, 11.8, 11.2, 12.2, 11.5, 10.8, 11.1, 12.2, 11.9, 11.9, 13.4, 12.9, 13.1, 14.1, 12.3, 12.7, 13.3, 11.4, 13.4, 12.8, 12.6, 12.6, 13.0, 13.0, 12.7, 13.0, 11.7, 11.9, 11.9, 12.3, 12.7, 13.8, 12.9, 13.4, 13.5, 12.5, 12.3, 12.5, 12.8, 11.2, 12.4, 13.8, 12.4, 10.7, 12.0, 11.9, 11.7, 14.4, 14.5, 12.1, 13.1, 13.4, 13.6, 12.6, 13.3, 13.3, 14.9, 13.1, 14.6, 15.2, 14.0, 13.9, 13.9, 14.3, 12.9, 13.0, 13.5, 15.0, 14.7, 15.4, 14.4, 14.2, 14.2, 14.5, 16.0, 15.5, 14.8, 14.5, 14.7, 15.6, 16.4, 16.5, 15.5, 15.5, 14.9, 14.8, 14.0, 16.8, 17.4, 16.9, 16.7, 16.0, 16.2, 17.2, 17.5, 18.6, 18.8, 17.7, 17.4], 8: [7.8, 10.2, 9.5, 11.9, 11.6, 10.8, 9.4, 10.0, 9.6, 10.5, 9.9, 9.9, 10.2, 9.4, 9.8, 8.7, 9.4, 8.8, 9.6, 8.2, 8.0, 8.7, 9.1, 8.8, 8.9, 10.2, 8.3, 8.4, 7.6, 8.6, 8.3, 7.2, 8.5, 8.7, 7.7, 8.7, 8.3, 8.4, 8.6, 8.4, 8.8, 7.8, 8.8, 8.7, 8.0, 8.1, 7.1, 7.0, 6.9, 8.4, 6.1, 6.1, 5.5, 6.3, 6.4, 7.2, 7.2, 7.0, 7.3, 7.6, 7.0, 8.6, 7.6, 7.2, 7.2, 7.0, 7.3, 7.6, 7.2, 7.3, 7.3, 9.0, 9.0, 8.7, 10.5, 9.3, 8.6, 8.7, 8.4, 8.4, 8.8, 8.1, 8.4, 8.0, 8.6, 9.4, 9.1, 8.9, 8.3, 8.6, 9.7, 9.9, 10.5, 8.6, 8.5, 9.6, 9.2, 8.6, 8.3, 9.7, 8.5, 8.5], 9: [10.4, 10.8, 9.5, 9.8, 8.9, 8.8, 8.5, 10.6, 9.6, 10.0, 6.8, 8.7, 10.7, 8.9, 9.7, 7.7, 9.0, 9.4, 10.0, 9.5, 9.7, 9.6, 9.4, 8.5, 7.3, 7.6, 9.7, 10.0, 8.1, 9.8, 11.0, 8.9, 10.3, 9.3, 10.3, 8.9, 9.3, 9.7, 10.8, 10.0, 9.6, 9.6, 10.1, 10.1, 9.2, 9.4, 11.1, 8.7, 10.7, 10.9, 9.8, 10.1, 10.9, 9.9, 10.9, 10.6, 9.7, 9.8, 9.9, 9.9, 9.6, 8.9, 9.8, 9.4, 10.4, 9.7, 10.2, 9.5, 9.9, 9.8, 8.4, 7.9, 8.4, 9.9, 8.1, 11.3, 9.7, 9.4, 9.3, 8.7, 9.6, 10.4, 10.4, 10.1, 8.8, 11.2, 9.7, 9.9, 10.8, 9.8, 9.7, 10.5, 10.2, 9.1, 10.4, 10.1, 10.8, 10.8, 10.1, 11.0, 10.5, 9.3]}
----------------------------------------
Epoch   1 | Client   0 | Train: loss=0.071, acc= 97.3% | time=146.3ms | Valid: loss=1.953, acc= 40.0% |
Epoch   2 | Client   0 | Train: loss=0.039, acc= 99.4% | time= 90.7ms | Valid: loss=1.539, acc= 52.0% |
Epoch   3 | Client   0 | Train: loss=0.028, acc= 99.2% | time= 80.3ms | Valid: loss=1.511, acc= 60.0% |
Epoch   4 | Client   0 | Train: loss=0.026, acc= 99.2% | time= 78.6ms | Valid: loss=1.707, acc= 52.0% |
Epoch   5 | Client   0 | Train: loss=0.011, acc=100.0% | time= 78.1ms | Valid: loss=1.611, acc= 52.0% |
----------------------------------------
Epoch   1 | Client   1 | Train: loss=0.031, acc= 99.2% | time=149.5ms | Valid: loss=2.279, acc= 52.0% |
Epoch   2 | Client   1 | Train: loss=0.015, acc= 99.6% | time= 89.6ms | Valid: loss=2.507, acc= 52.0% |
Epoch   3 | Client   1 | Train: loss=0.018, acc=100.0% | time= 84.7ms | Valid: loss=2.121, acc= 44.0% |
Epoch   4 | Client   1 | Train: loss=0.042, acc= 98.9% | time= 80.4ms | Valid: loss=2.332, acc= 48.0% |
Epoch   5 | Client   1 | Train: loss=0.009, acc=100.0% | time= 78.3ms | Valid: loss=2.123, acc= 44.0% |
Skip Updating GPM for layer: 1
----------------------------------------
Epoch   1 | Client   2 | Train: loss=0.044, acc= 99.2% | time=142.3ms | Valid: loss=2.666, acc= 44.0% |
Epoch   2 | Client   2 | Train: loss=0.013, acc=100.0% | time=103.2ms | Valid: loss=2.341, acc= 52.0% |
Epoch   3 | Client   2 | Train: loss=0.025, acc= 98.9% | time=117.5ms | Valid: loss=2.011, acc= 52.0% |
Epoch   4 | Client   2 | Train: loss=0.015, acc= 99.6% | time=115.1ms | Valid: loss=2.274, acc= 56.0% |
Epoch   5 | Client   2 | Train: loss=0.012, acc=100.0% | time=115.8ms | Valid: loss=2.520, acc= 44.0% |
----------------------------------------
Epoch   1 | Client   3 | Train: loss=0.030, acc= 99.2% | time=155.7ms | Valid: loss=1.380, acc= 68.0% |
Epoch   2 | Client   3 | Train: loss=0.081, acc= 96.8% | time= 86.3ms | Valid: loss=1.488, acc= 60.0% |
Epoch   3 | Client   3 | Train: loss=0.054, acc= 99.2% | time= 87.8ms | Valid: loss=1.922, acc= 68.0% |
Epoch   4 | Client   3 | Train: loss=0.023, acc= 99.6% | time= 79.1ms | Valid: loss=1.363, acc= 64.0% |
Epoch   5 | Client   3 | Train: loss=0.022, acc= 99.6% | time= 78.4ms | Valid: loss=0.908, acc= 72.0% |
Skip Updating GPM for layer: 1
----------------------------------------
Epoch   1 | Client   4 | Train: loss=0.055, acc= 98.3% | time=159.8ms | Valid: loss=1.885, acc= 64.0% |
Epoch   2 | Client   4 | Train: loss=0.134, acc= 96.8% | time= 91.8ms | Valid: loss=2.324, acc= 52.0% |
Epoch   3 | Client   4 | Train: loss=0.030, acc= 99.6% | time= 82.1ms | Valid: loss=2.046, acc= 48.0% |
Epoch   4 | Client   4 | Train: loss=0.022, acc= 99.2% | time= 79.1ms | Valid: loss=1.547, acc= 64.0% |
Epoch   5 | Client   4 | Train: loss=0.014, acc= 99.8% | time= 78.9ms | Valid: loss=1.907, acc= 52.0% |
----------------------------------------
Epoch   1 | Client   5 | Train: loss=0.014, acc= 99.8% | time=162.6ms | Valid: loss=1.347, acc= 84.0% |
Epoch   2 | Client   5 | Train: loss=0.040, acc= 98.9% | time= 92.1ms | Valid: loss=1.168, acc= 72.0% |
Epoch   3 | Client   5 | Train: loss=0.092, acc= 97.7% | time= 86.5ms | Valid: loss=1.548, acc= 76.0% |
Epoch   4 | Client   5 | Train: loss=0.008, acc= 99.8% | time= 80.2ms | Valid: loss=1.605, acc= 76.0% |
Epoch   5 | Client   5 | Train: loss=0.015, acc= 99.8% | time= 77.9ms | Valid: loss=1.926, acc= 68.0% |
Skip Updating GPM for layer: 1
----------------------------------------
Epoch   1 | Client   6 | Train: loss=0.027, acc= 99.6% | time=157.3ms | Valid: loss=2.644, acc= 44.0% |
Epoch   2 | Client   6 | Train: loss=0.014, acc= 99.8% | time= 91.6ms | Valid: loss=2.291, acc= 48.0% |
Epoch   3 | Client   6 | Train: loss=0.013, acc= 99.8% | time= 81.1ms | Valid: loss=2.177, acc= 48.0% |
Epoch   4 | Client   6 | Train: loss=0.035, acc= 99.6% | time= 77.0ms | Valid: loss=2.706, acc= 44.0% |
Epoch   5 | Client   6 | Train: loss=0.019, acc= 99.6% | time= 76.5ms | Valid: loss=2.165, acc= 48.0% |
Skip Updating GPM for layer: 1
----------------------------------------
Epoch   1 | Client   7 | Train: loss=0.140, acc= 95.6% | time=164.9ms | Valid: loss=1.772, acc= 56.0% |
Epoch   2 | Client   7 | Train: loss=0.049, acc= 99.4% | time= 93.8ms | Valid: loss=1.469, acc= 68.0% |
Epoch   3 | Client   7 | Train: loss=0.033, acc= 98.9% | time= 88.0ms | Valid: loss=1.771, acc= 60.0% |
Epoch   4 | Client   7 | Train: loss=0.039, acc= 99.6% | time= 81.9ms | Valid: loss=1.730, acc= 64.0% |
Epoch   5 | Client   7 | Train: loss=0.094, acc= 98.3% | time= 78.1ms | Valid: loss=1.376, acc= 68.0% |
----------------------------------------
Epoch   1 | Client   8 | Train: loss=0.006, acc=100.0% | time=161.2ms | Valid: loss=2.046, acc= 56.0% |
Epoch   2 | Client   8 | Train: loss=0.012, acc=100.0% | time= 90.1ms | Valid: loss=1.924, acc= 56.0% |
Epoch   3 | Client   8 | Train: loss=0.028, acc= 99.4% | time= 81.6ms | Valid: loss=2.045, acc= 52.0% |
Epoch   4 | Client   8 | Train: loss=0.020, acc= 99.4% | time= 79.8ms | Valid: loss=2.206, acc= 56.0% |
Epoch   5 | Client   8 | Train: loss=0.038, acc= 99.4% | time= 78.4ms | Valid: loss=1.908, acc= 48.0% |
Skip Updating GPM for layer: 1
----------------------------------------
Epoch   1 | Client   9 | Train: loss=0.039, acc= 99.2% | time=157.0ms | Valid: loss=2.120, acc= 44.0% |
Epoch   2 | Client   9 | Train: loss=0.009, acc=100.0% | time= 87.7ms | Valid: loss=1.388, acc= 48.0% |
Epoch   3 | Client   9 | Train: loss=0.021, acc= 99.6% | time= 81.1ms | Valid: loss=1.531, acc= 56.0% |
Epoch   4 | Client   9 | Train: loss=0.005, acc=100.0% | time= 79.9ms | Valid: loss=1.306, acc= 48.0% |
Epoch   5 | Client   9 | Train: loss=0.004, acc=100.0% | time= 78.1ms | Valid: loss=1.745, acc= 52.0% |
----------------------------------------
G-Epoch:  12, Test: loss=1.569 , acc= 64.0%
****************************************
Task:   0, G-Epoch:  12, Test: loss=4.064 , acc= 38.2%
Task:   1, G-Epoch:  12, Test: loss=3.038 , acc= 40.8%
Task:   2, G-Epoch:  12, Test: loss=2.272 , acc= 53.6%
Task:   3, G-Epoch:  12, Test: loss=1.563 , acc= 62.9%
Task:   4, G-Epoch:  12, Test: loss=2.315 , acc=  9.3%
Task:   5, G-Epoch:  12, Test: loss=2.297 , acc= 10.8%
Task:   6, G-Epoch:  12, Test: loss=2.297 , acc= 11.6%
Task:   7, G-Epoch:  12, Test: loss=2.285 , acc= 17.7%
Task:   8, G-Epoch:  12, Test: loss=2.322 , acc=  9.2%
Task:   9, G-Epoch:  12, Test: loss=2.305 , acc=  9.8%
{0: [39.3, 45.7, 48.7, 48.8, 51.1, 52.3, 53.9, 51.6, 55.6, 54.8, 53.3, 54.9, 58.1, 57.8, 55.8, 58.5, 58.6, 58.9, 57.4, 60.4, 61.3, 56.9, 60.1, 60.2, 60.8, 60.2, 60.8, 61.6, 61.5, 61.0, 62.5, 62.5, 64.4, 61.7, 62.6, 62.6, 63.1, 63.9, 65.4, 63.5, 65.0, 63.8, 64.1, 65.7, 66.4, 65.1, 63.0, 66.9, 65.3, 66.5, 68.2, 66.5, 65.4, 65.8, 64.3, 63.8, 64.5, 62.4, 61.7, 61.1, 60.5, 58.7, 57.8, 58.2, 58.3, 55.9, 54.1, 51.9, 52.1, 51.0, 53.7, 53.0, 52.1, 51.7, 52.5, 51.0, 50.5, 50.8, 50.9, 51.6, 47.8, 48.7, 48.5, 49.4, 48.5, 49.6, 48.7, 47.6, 46.9, 46.9, 47.3, 45.1, 43.4, 41.8, 41.6, 40.2, 38.6, 40.3, 39.1, 37.9, 37.1, 36.2, 38.2], 1: [10.2, 9.5, 11.1, 11.0, 9.3, 10.0, 10.6, 10.7, 11.2, 8.9, 9.1, 10.8, 10.8, 10.3, 9.9, 9.1, 11.7, 10.1, 10.2, 11.4, 8.8, 9.8, 10.9, 9.7, 9.2, 9.7, 10.1, 9.5, 9.9, 9.0, 9.4, 9.2, 9.6, 8.9, 9.1, 8.4, 8.4, 8.8, 10.2, 8.7, 8.9, 10.8, 8.1, 9.5, 9.5, 9.3, 10.3, 10.0, 9.3, 9.6, 49.7, 53.7, 57.3, 56.8, 58.2, 56.9, 59.3, 58.9, 59.6, 58.5, 59.5, 59.5, 60.8, 58.1, 58.5, 59.3, 59.4, 58.8, 60.4, 59.6, 56.2, 54.6, 52.9, 51.7, 52.2, 52.6, 50.7, 50.1, 51.0, 48.7, 49.4, 48.5, 47.1, 48.0, 47.2, 45.8, 47.7, 45.6, 44.9, 44.7, 48.4, 48.0, 48.2, 44.6, 45.6, 43.6, 44.3, 42.4, 42.1, 43.0, 40.8, 40.9, 40.8], 2: [10.3, 10.5, 9.7, 11.4, 11.1, 9.9, 8.6, 8.9, 9.1, 8.7, 9.4, 9.6, 7.7, 10.1, 10.4, 8.9, 9.1, 9.5, 10.8, 8.4, 8.5, 8.8, 9.1, 8.5, 9.7, 10.0, 9.4, 9.9, 9.9, 9.5, 8.9, 8.9, 9.1, 9.7, 9.7, 9.8, 9.4, 9.9, 9.1, 9.1, 9.2, 9.9, 9.7, 9.4, 8.0, 10.1, 10.6, 9.1, 9.6, 9.0, 9.4, 11.1, 11.1, 9.6, 9.4, 11.5, 10.8, 9.3, 10.8, 8.4, 9.6, 9.3, 9.7, 10.1, 10.9, 10.4, 9.9, 10.2, 9.5, 10.1, 56.7, 61.3, 62.3, 63.5, 63.5, 64.8, 64.3, 66.1, 66.1, 66.1, 67.2, 68.3, 66.5, 66.6, 67.0, 67.4, 67.4, 67.5, 66.0, 68.6, 64.4, 62.3, 62.1, 60.4, 60.1, 57.7, 57.6, 56.8, 56.5, 56.0, 55.2, 53.9, 53.6], 3: [10.3, 9.9, 8.6, 9.7, 9.2, 9.4, 9.3, 10.7, 11.6, 11.0, 11.6, 11.9, 11.3, 11.4, 12.4, 11.7, 11.1, 11.2, 11.9, 12.5, 13.1, 12.2, 13.1, 12.0, 12.6, 11.9, 12.0, 12.8, 13.5, 12.1, 12.1, 11.7, 11.8, 12.4, 12.6, 11.4, 12.7, 13.3, 13.2, 12.1, 12.3, 12.5, 13.4, 13.2, 13.5, 12.3, 11.5, 12.1, 12.0, 13.0, 10.4, 11.3, 11.9, 10.9, 10.6, 11.5, 10.8, 9.7, 12.1, 11.0, 11.6, 11.6, 11.3, 10.6, 10.6, 11.2, 10.5, 10.4, 10.5, 9.6, 8.5, 10.0, 10.2, 10.6, 10.2, 12.1, 11.2, 11.3, 10.1, 11.6, 11.4, 11.6, 9.8, 10.6, 12.1, 12.2, 11.2, 11.2, 11.1, 11.8, 49.8, 56.9, 57.6, 60.7, 59.8, 59.9, 59.8, 60.2, 60.9, 62.1, 62.2, 61.1, 62.9], 4: [11.0, 10.0, 10.7, 9.8, 10.8, 10.1, 10.0, 10.9, 10.2, 10.0, 10.2, 9.9, 9.6, 9.1, 8.8, 10.7, 9.8, 9.2, 9.6, 10.3, 8.5, 10.1, 9.6, 9.5, 9.6, 10.4, 10.6, 9.3, 8.9, 8.8, 9.3, 10.3, 10.1, 11.1, 9.8, 11.7, 9.9, 9.1, 10.5, 10.7, 10.0, 10.0, 9.9, 9.4, 9.2, 9.0, 10.6, 9.4, 10.1, 10.3, 12.5, 12.4, 12.1, 11.4, 11.1, 10.9, 10.9, 9.9, 10.6, 11.1, 11.0, 10.0, 10.2, 10.3, 11.0, 9.4, 10.2, 10.4, 9.5, 10.1, 9.2, 9.4, 9.2, 8.7, 9.8, 8.6, 8.3, 8.7, 8.9, 9.1, 8.8, 8.9, 7.0, 8.7, 8.6, 8.2, 9.0, 9.0, 8.7, 9.8, 9.4, 10.3, 9.6, 9.2, 9.6, 8.8, 9.5, 9.2, 9.3, 10.6, 10.5, 9.6, 9.3], 5: [9.1, 9.4, 10.6, 12.1, 10.5, 10.8, 11.3, 10.7, 10.6, 12.6, 12.5, 11.6, 11.5, 11.1, 10.8, 10.5, 11.1, 11.6, 10.7, 11.8, 10.6, 11.0, 10.2, 10.9, 9.6, 10.6, 9.6, 10.5, 9.3, 8.3, 9.5, 9.2, 9.6, 10.2, 9.2, 9.2, 10.1, 8.9, 9.3, 8.5, 8.8, 9.3, 9.1, 8.6, 9.9, 10.1, 9.0, 10.0, 8.2, 8.3, 8.9, 8.6, 8.5, 9.5, 9.6, 8.6, 9.0, 9.4, 9.4, 8.0, 8.3, 9.1, 9.0, 8.2, 8.7, 8.2, 8.2, 8.9, 8.9, 8.5, 9.6, 10.0, 8.8, 9.3, 9.3, 8.9, 9.5, 8.6, 10.5, 10.2, 9.8, 10.3, 9.1, 9.8, 9.7, 10.5, 10.7, 9.6, 9.9, 10.5, 11.2, 11.9, 10.8, 11.4, 11.4, 10.5, 12.5, 11.8, 12.2, 13.1, 11.7, 10.8, 10.8], 6: [10.1, 9.9, 12.1, 10.8, 10.4, 9.4, 9.2, 10.1, 11.1, 9.8, 10.4, 11.0, 10.9, 11.0, 13.0, 12.2, 10.5, 11.5, 10.0, 11.8, 9.6, 11.3, 10.6, 9.3, 9.4, 9.0, 10.5, 9.3, 10.4, 9.4, 9.4, 9.5, 10.3, 10.1, 8.4, 8.6, 10.3, 8.7, 9.1, 9.7, 8.6, 9.3, 9.1, 8.7, 8.4, 10.4, 8.9, 9.8, 10.6, 10.7, 9.3, 9.2, 7.6, 9.3, 8.3, 8.0, 8.5, 8.5, 8.1, 8.0, 7.5, 8.3, 8.6, 8.2, 9.4, 8.5, 8.9, 8.5, 8.0, 8.9, 8.5, 8.6, 8.0, 7.8, 7.3, 8.3, 7.3, 8.2, 8.9, 7.7, 8.7, 9.5, 9.5, 8.5, 8.8, 9.6, 9.4, 9.5, 9.0, 9.4, 11.2, 12.8, 12.4, 11.8, 12.1, 13.3, 12.1, 13.0, 12.5, 12.3, 11.9, 12.1, 11.6], 7: [9.2, 9.7, 10.3, 11.8, 11.8, 11.2, 12.2, 11.5, 10.8, 11.1, 12.2, 11.9, 11.9, 13.4, 12.9, 13.1, 14.1, 12.3, 12.7, 13.3, 11.4, 13.4, 12.8, 12.6, 12.6, 13.0, 13.0, 12.7, 13.0, 11.7, 11.9, 11.9, 12.3, 12.7, 13.8, 12.9, 13.4, 13.5, 12.5, 12.3, 12.5, 12.8, 11.2, 12.4, 13.8, 12.4, 10.7, 12.0, 11.9, 11.7, 14.4, 14.5, 12.1, 13.1, 13.4, 13.6, 12.6, 13.3, 13.3, 14.9, 13.1, 14.6, 15.2, 14.0, 13.9, 13.9, 14.3, 12.9, 13.0, 13.5, 15.0, 14.7, 15.4, 14.4, 14.2, 14.2, 14.5, 16.0, 15.5, 14.8, 14.5, 14.7, 15.6, 16.4, 16.5, 15.5, 15.5, 14.9, 14.8, 14.0, 16.8, 17.4, 16.9, 16.7, 16.0, 16.2, 17.2, 17.5, 18.6, 18.8, 17.7, 17.4, 17.7], 8: [7.8, 10.2, 9.5, 11.9, 11.6, 10.8, 9.4, 10.0, 9.6, 10.5, 9.9, 9.9, 10.2, 9.4, 9.8, 8.7, 9.4, 8.8, 9.6, 8.2, 8.0, 8.7, 9.1, 8.8, 8.9, 10.2, 8.3, 8.4, 7.6, 8.6, 8.3, 7.2, 8.5, 8.7, 7.7, 8.7, 8.3, 8.4, 8.6, 8.4, 8.8, 7.8, 8.8, 8.7, 8.0, 8.1, 7.1, 7.0, 6.9, 8.4, 6.1, 6.1, 5.5, 6.3, 6.4, 7.2, 7.2, 7.0, 7.3, 7.6, 7.0, 8.6, 7.6, 7.2, 7.2, 7.0, 7.3, 7.6, 7.2, 7.3, 7.3, 9.0, 9.0, 8.7, 10.5, 9.3, 8.6, 8.7, 8.4, 8.4, 8.8, 8.1, 8.4, 8.0, 8.6, 9.4, 9.1, 8.9, 8.3, 8.6, 9.7, 9.9, 10.5, 8.6, 8.5, 9.6, 9.2, 8.6, 8.3, 9.7, 8.5, 8.5, 9.2], 9: [10.4, 10.8, 9.5, 9.8, 8.9, 8.8, 8.5, 10.6, 9.6, 10.0, 6.8, 8.7, 10.7, 8.9, 9.7, 7.7, 9.0, 9.4, 10.0, 9.5, 9.7, 9.6, 9.4, 8.5, 7.3, 7.6, 9.7, 10.0, 8.1, 9.8, 11.0, 8.9, 10.3, 9.3, 10.3, 8.9, 9.3, 9.7, 10.8, 10.0, 9.6, 9.6, 10.1, 10.1, 9.2, 9.4, 11.1, 8.7, 10.7, 10.9, 9.8, 10.1, 10.9, 9.9, 10.9, 10.6, 9.7, 9.8, 9.9, 9.9, 9.6, 8.9, 9.8, 9.4, 10.4, 9.7, 10.2, 9.5, 9.9, 9.8, 8.4, 7.9, 8.4, 9.9, 8.1, 11.3, 9.7, 9.4, 9.3, 8.7, 9.6, 10.4, 10.4, 10.1, 8.8, 11.2, 9.7, 9.9, 10.8, 9.8, 9.7, 10.5, 10.2, 9.1, 10.4, 10.1, 10.8, 10.8, 10.1, 11.0, 10.5, 9.3, 9.8]}
----------------------------------------
Epoch   1 | Client   0 | Train: loss=0.046, acc= 98.9% | time=153.4ms | Valid: loss=1.643, acc= 56.0% |
Epoch   2 | Client   0 | Train: loss=0.034, acc= 99.2% | time= 89.9ms | Valid: loss=1.646, acc= 60.0% |
Epoch   3 | Client   0 | Train: loss=0.021, acc= 99.6% | time= 82.8ms | Valid: loss=1.626, acc= 52.0% |
Epoch   4 | Client   0 | Train: loss=0.008, acc= 99.8% | time= 79.0ms | Valid: loss=1.299, acc= 60.0% |
Epoch   5 | Client   0 | Train: loss=0.039, acc= 98.7% | time= 78.7ms | Valid: loss=1.642, acc= 64.0% |
----------------------------------------
Epoch   1 | Client   1 | Train: loss=0.016, acc= 99.8% | time=156.1ms | Valid: loss=2.559, acc= 44.0% |
Epoch   2 | Client   1 | Train: loss=0.016, acc= 99.6% | time= 87.7ms | Valid: loss=2.431, acc= 44.0% |
Epoch   3 | Client   1 | Train: loss=0.016, acc= 99.8% | time= 77.3ms | Valid: loss=2.556, acc= 52.0% |
Epoch   4 | Client   1 | Train: loss=0.033, acc= 98.7% | time= 76.7ms | Valid: loss=2.296, acc= 56.0% |
Epoch   5 | Client   1 | Train: loss=0.112, acc= 97.1% | time= 76.3ms | Valid: loss=2.875, acc= 44.0% |
Skip Updating GPM for layer: 1
----------------------------------------
Epoch   1 | Client   2 | Train: loss=0.052, acc= 98.5% | time=163.3ms | Valid: loss=2.433, acc= 48.0% |
Epoch   2 | Client   2 | Train: loss=0.041, acc= 99.2% | time= 87.8ms | Valid: loss=2.580, acc= 44.0% |
Epoch   3 | Client   2 | Train: loss=0.079, acc= 97.5% | time= 82.5ms | Valid: loss=2.509, acc= 52.0% |
Epoch   4 | Client   2 | Train: loss=0.012, acc=100.0% | time= 80.7ms | Valid: loss=2.215, acc= 48.0% |
Epoch   5 | Client   2 | Train: loss=0.094, acc= 97.1% | time= 79.4ms | Valid: loss=2.882, acc= 40.0% |
----------------------------------------
Epoch   1 | Client   3 | Train: loss=0.035, acc= 98.9% | time=156.4ms | Valid: loss=1.172, acc= 72.0% |
Epoch   2 | Client   3 | Train: loss=0.020, acc= 99.4% | time= 91.9ms | Valid: loss=0.963, acc= 80.0% |
Epoch   3 | Client   3 | Train: loss=0.044, acc= 98.7% | time= 90.0ms | Valid: loss=1.076, acc= 76.0% |
Epoch   4 | Client   3 | Train: loss=0.005, acc=100.0% | time= 79.7ms | Valid: loss=1.158, acc= 72.0% |
Epoch   5 | Client   3 | Train: loss=0.019, acc= 99.8% | time= 78.6ms | Valid: loss=1.306, acc= 64.0% |
Skip Updating GPM for layer: 1
----------------------------------------
Epoch   1 | Client   4 | Train: loss=0.030, acc= 99.4% | time=158.4ms | Valid: loss=1.656, acc= 60.0% |
Epoch   2 | Client   4 | Train: loss=0.128, acc= 96.2% | time= 87.2ms | Valid: loss=2.893, acc= 44.0% |
Epoch   3 | Client   4 | Train: loss=0.009, acc=100.0% | time= 85.6ms | Valid: loss=2.204, acc= 60.0% |
Epoch   4 | Client   4 | Train: loss=0.008, acc=100.0% | time= 75.5ms | Valid: loss=1.886, acc= 64.0% |
Epoch   5 | Client   4 | Train: loss=0.012, acc= 99.6% | time= 75.5ms | Valid: loss=2.000, acc= 60.0% |
----------------------------------------
Epoch   1 | Client   5 | Train: loss=0.007, acc=100.0% | time=174.0ms | Valid: loss=1.753, acc= 80.0% |
Epoch   2 | Client   5 | Train: loss=0.007, acc=100.0% | time= 88.7ms | Valid: loss=1.613, acc= 76.0% |
Epoch   3 | Client   5 | Train: loss=0.008, acc= 99.8% | time= 78.5ms | Valid: loss=1.513, acc= 64.0% |
Epoch   4 | Client   5 | Train: loss=0.009, acc=100.0% | time= 78.3ms | Valid: loss=1.650, acc= 80.0% |
Epoch   5 | Client   5 | Train: loss=0.062, acc= 98.3% | time= 78.1ms | Valid: loss=1.657, acc= 72.0% |
Skip Updating GPM for layer: 1
----------------------------------------
Epoch   1 | Client   6 | Train: loss=0.029, acc= 99.4% | time=167.3ms | Valid: loss=2.698, acc= 56.0% |
Epoch   2 | Client   6 | Train: loss=0.047, acc= 98.7% | time= 90.8ms | Valid: loss=2.646, acc= 52.0% |
Epoch   3 | Client   6 | Train: loss=0.015, acc= 99.8% | time= 90.4ms | Valid: loss=2.532, acc= 60.0% |
Epoch   4 | Client   6 | Train: loss=0.019, acc= 99.4% | time= 79.3ms | Valid: loss=2.795, acc= 56.0% |
Epoch   5 | Client   6 | Train: loss=0.007, acc=100.0% | time= 78.3ms | Valid: loss=2.693, acc= 44.0% |
Skip Updating GPM for layer: 1
----------------------------------------
Epoch   1 | Client   7 | Train: loss=0.077, acc= 97.3% | time=160.6ms | Valid: loss=1.445, acc= 72.0% |
Epoch   2 | Client   7 | Train: loss=0.025, acc= 99.6% | time= 89.6ms | Valid: loss=1.424, acc= 64.0% |
Epoch   3 | Client   7 | Train: loss=0.305, acc= 91.2% | time= 78.9ms | Valid: loss=2.262, acc= 52.0% |
Epoch   4 | Client   7 | Train: loss=0.045, acc= 98.7% | time= 76.1ms | Valid: loss=1.478, acc= 64.0% |
Epoch   5 | Client   7 | Train: loss=0.027, acc= 99.2% | time= 76.4ms | Valid: loss=1.304, acc= 68.0% |
----------------------------------------
Epoch   1 | Client   8 | Train: loss=0.026, acc= 99.4% | time=168.1ms | Valid: loss=1.818, acc= 56.0% |
Epoch   2 | Client   8 | Train: loss=0.011, acc=100.0% | time= 96.4ms | Valid: loss=2.067, acc= 56.0% |
Epoch   3 | Client   8 | Train: loss=0.050, acc= 98.5% | time= 85.1ms | Valid: loss=2.168, acc= 52.0% |
Epoch   4 | Client   8 | Train: loss=0.047, acc= 98.5% | time= 79.6ms | Valid: loss=2.504, acc= 52.0% |
Epoch   5 | Client   8 | Train: loss=0.015, acc= 99.8% | time= 78.5ms | Valid: loss=2.079, acc= 52.0% |
Skip Updating GPM for layer: 1
----------------------------------------
Epoch   1 | Client   9 | Train: loss=0.031, acc= 99.4% | time=159.6ms | Valid: loss=2.400, acc= 44.0% |
Epoch   2 | Client   9 | Train: loss=0.014, acc= 99.8% | time= 94.2ms | Valid: loss=1.506, acc= 44.0% |
Epoch   3 | Client   9 | Train: loss=0.116, acc= 96.4% | time= 90.7ms | Valid: loss=2.403, acc= 52.0% |
Epoch   4 | Client   9 | Train: loss=0.033, acc= 98.9% | time= 79.8ms | Valid: loss=1.774, acc= 48.0% |
Epoch   5 | Client   9 | Train: loss=0.007, acc=100.0% | time= 78.8ms | Valid: loss=1.357, acc= 64.0% |
----------------------------------------
G-Epoch:  13, Test: loss=1.725 , acc= 61.7%
****************************************
Task:   0, G-Epoch:  13, Test: loss=4.226 , acc= 36.0%
Task:   1, G-Epoch:  13, Test: loss=3.093 , acc= 39.8%
Task:   2, G-Epoch:  13, Test: loss=2.384 , acc= 51.4%
Task:   3, G-Epoch:  13, Test: loss=1.751 , acc= 61.6%
Task:   4, G-Epoch:  13, Test: loss=2.318 , acc=  8.5%
Task:   5, G-Epoch:  13, Test: loss=2.298 , acc= 11.7%
Task:   6, G-Epoch:  13, Test: loss=2.295 , acc= 12.3%
Task:   7, G-Epoch:  13, Test: loss=2.286 , acc= 17.4%
Task:   8, G-Epoch:  13, Test: loss=2.322 , acc=  8.8%
Task:   9, G-Epoch:  13, Test: loss=2.303 , acc=  9.8%
{0: [39.3, 45.7, 48.7, 48.8, 51.1, 52.3, 53.9, 51.6, 55.6, 54.8, 53.3, 54.9, 58.1, 57.8, 55.8, 58.5, 58.6, 58.9, 57.4, 60.4, 61.3, 56.9, 60.1, 60.2, 60.8, 60.2, 60.8, 61.6, 61.5, 61.0, 62.5, 62.5, 64.4, 61.7, 62.6, 62.6, 63.1, 63.9, 65.4, 63.5, 65.0, 63.8, 64.1, 65.7, 66.4, 65.1, 63.0, 66.9, 65.3, 66.5, 68.2, 66.5, 65.4, 65.8, 64.3, 63.8, 64.5, 62.4, 61.7, 61.1, 60.5, 58.7, 57.8, 58.2, 58.3, 55.9, 54.1, 51.9, 52.1, 51.0, 53.7, 53.0, 52.1, 51.7, 52.5, 51.0, 50.5, 50.8, 50.9, 51.6, 47.8, 48.7, 48.5, 49.4, 48.5, 49.6, 48.7, 47.6, 46.9, 46.9, 47.3, 45.1, 43.4, 41.8, 41.6, 40.2, 38.6, 40.3, 39.1, 37.9, 37.1, 36.2, 38.2, 36.0], 1: [10.2, 9.5, 11.1, 11.0, 9.3, 10.0, 10.6, 10.7, 11.2, 8.9, 9.1, 10.8, 10.8, 10.3, 9.9, 9.1, 11.7, 10.1, 10.2, 11.4, 8.8, 9.8, 10.9, 9.7, 9.2, 9.7, 10.1, 9.5, 9.9, 9.0, 9.4, 9.2, 9.6, 8.9, 9.1, 8.4, 8.4, 8.8, 10.2, 8.7, 8.9, 10.8, 8.1, 9.5, 9.5, 9.3, 10.3, 10.0, 9.3, 9.6, 49.7, 53.7, 57.3, 56.8, 58.2, 56.9, 59.3, 58.9, 59.6, 58.5, 59.5, 59.5, 60.8, 58.1, 58.5, 59.3, 59.4, 58.8, 60.4, 59.6, 56.2, 54.6, 52.9, 51.7, 52.2, 52.6, 50.7, 50.1, 51.0, 48.7, 49.4, 48.5, 47.1, 48.0, 47.2, 45.8, 47.7, 45.6, 44.9, 44.7, 48.4, 48.0, 48.2, 44.6, 45.6, 43.6, 44.3, 42.4, 42.1, 43.0, 40.8, 40.9, 40.8, 39.8], 2: [10.3, 10.5, 9.7, 11.4, 11.1, 9.9, 8.6, 8.9, 9.1, 8.7, 9.4, 9.6, 7.7, 10.1, 10.4, 8.9, 9.1, 9.5, 10.8, 8.4, 8.5, 8.8, 9.1, 8.5, 9.7, 10.0, 9.4, 9.9, 9.9, 9.5, 8.9, 8.9, 9.1, 9.7, 9.7, 9.8, 9.4, 9.9, 9.1, 9.1, 9.2, 9.9, 9.7, 9.4, 8.0, 10.1, 10.6, 9.1, 9.6, 9.0, 9.4, 11.1, 11.1, 9.6, 9.4, 11.5, 10.8, 9.3, 10.8, 8.4, 9.6, 9.3, 9.7, 10.1, 10.9, 10.4, 9.9, 10.2, 9.5, 10.1, 56.7, 61.3, 62.3, 63.5, 63.5, 64.8, 64.3, 66.1, 66.1, 66.1, 67.2, 68.3, 66.5, 66.6, 67.0, 67.4, 67.4, 67.5, 66.0, 68.6, 64.4, 62.3, 62.1, 60.4, 60.1, 57.7, 57.6, 56.8, 56.5, 56.0, 55.2, 53.9, 53.6, 51.4], 3: [10.3, 9.9, 8.6, 9.7, 9.2, 9.4, 9.3, 10.7, 11.6, 11.0, 11.6, 11.9, 11.3, 11.4, 12.4, 11.7, 11.1, 11.2, 11.9, 12.5, 13.1, 12.2, 13.1, 12.0, 12.6, 11.9, 12.0, 12.8, 13.5, 12.1, 12.1, 11.7, 11.8, 12.4, 12.6, 11.4, 12.7, 13.3, 13.2, 12.1, 12.3, 12.5, 13.4, 13.2, 13.5, 12.3, 11.5, 12.1, 12.0, 13.0, 10.4, 11.3, 11.9, 10.9, 10.6, 11.5, 10.8, 9.7, 12.1, 11.0, 11.6, 11.6, 11.3, 10.6, 10.6, 11.2, 10.5, 10.4, 10.5, 9.6, 8.5, 10.0, 10.2, 10.6, 10.2, 12.1, 11.2, 11.3, 10.1, 11.6, 11.4, 11.6, 9.8, 10.6, 12.1, 12.2, 11.2, 11.2, 11.1, 11.8, 49.8, 56.9, 57.6, 60.7, 59.8, 59.9, 59.8, 60.2, 60.9, 62.1, 62.2, 61.1, 62.9, 61.6], 4: [11.0, 10.0, 10.7, 9.8, 10.8, 10.1, 10.0, 10.9, 10.2, 10.0, 10.2, 9.9, 9.6, 9.1, 8.8, 10.7, 9.8, 9.2, 9.6, 10.3, 8.5, 10.1, 9.6, 9.5, 9.6, 10.4, 10.6, 9.3, 8.9, 8.8, 9.3, 10.3, 10.1, 11.1, 9.8, 11.7, 9.9, 9.1, 10.5, 10.7, 10.0, 10.0, 9.9, 9.4, 9.2, 9.0, 10.6, 9.4, 10.1, 10.3, 12.5, 12.4, 12.1, 11.4, 11.1, 10.9, 10.9, 9.9, 10.6, 11.1, 11.0, 10.0, 10.2, 10.3, 11.0, 9.4, 10.2, 10.4, 9.5, 10.1, 9.2, 9.4, 9.2, 8.7, 9.8, 8.6, 8.3, 8.7, 8.9, 9.1, 8.8, 8.9, 7.0, 8.7, 8.6, 8.2, 9.0, 9.0, 8.7, 9.8, 9.4, 10.3, 9.6, 9.2, 9.6, 8.8, 9.5, 9.2, 9.3, 10.6, 10.5, 9.6, 9.3, 8.5], 5: [9.1, 9.4, 10.6, 12.1, 10.5, 10.8, 11.3, 10.7, 10.6, 12.6, 12.5, 11.6, 11.5, 11.1, 10.8, 10.5, 11.1, 11.6, 10.7, 11.8, 10.6, 11.0, 10.2, 10.9, 9.6, 10.6, 9.6, 10.5, 9.3, 8.3, 9.5, 9.2, 9.6, 10.2, 9.2, 9.2, 10.1, 8.9, 9.3, 8.5, 8.8, 9.3, 9.1, 8.6, 9.9, 10.1, 9.0, 10.0, 8.2, 8.3, 8.9, 8.6, 8.5, 9.5, 9.6, 8.6, 9.0, 9.4, 9.4, 8.0, 8.3, 9.1, 9.0, 8.2, 8.7, 8.2, 8.2, 8.9, 8.9, 8.5, 9.6, 10.0, 8.8, 9.3, 9.3, 8.9, 9.5, 8.6, 10.5, 10.2, 9.8, 10.3, 9.1, 9.8, 9.7, 10.5, 10.7, 9.6, 9.9, 10.5, 11.2, 11.9, 10.8, 11.4, 11.4, 10.5, 12.5, 11.8, 12.2, 13.1, 11.7, 10.8, 10.8, 11.7], 6: [10.1, 9.9, 12.1, 10.8, 10.4, 9.4, 9.2, 10.1, 11.1, 9.8, 10.4, 11.0, 10.9, 11.0, 13.0, 12.2, 10.5, 11.5, 10.0, 11.8, 9.6, 11.3, 10.6, 9.3, 9.4, 9.0, 10.5, 9.3, 10.4, 9.4, 9.4, 9.5, 10.3, 10.1, 8.4, 8.6, 10.3, 8.7, 9.1, 9.7, 8.6, 9.3, 9.1, 8.7, 8.4, 10.4, 8.9, 9.8, 10.6, 10.7, 9.3, 9.2, 7.6, 9.3, 8.3, 8.0, 8.5, 8.5, 8.1, 8.0, 7.5, 8.3, 8.6, 8.2, 9.4, 8.5, 8.9, 8.5, 8.0, 8.9, 8.5, 8.6, 8.0, 7.8, 7.3, 8.3, 7.3, 8.2, 8.9, 7.7, 8.7, 9.5, 9.5, 8.5, 8.8, 9.6, 9.4, 9.5, 9.0, 9.4, 11.2, 12.8, 12.4, 11.8, 12.1, 13.3, 12.1, 13.0, 12.5, 12.3, 11.9, 12.1, 11.6, 12.3], 7: [9.2, 9.7, 10.3, 11.8, 11.8, 11.2, 12.2, 11.5, 10.8, 11.1, 12.2, 11.9, 11.9, 13.4, 12.9, 13.1, 14.1, 12.3, 12.7, 13.3, 11.4, 13.4, 12.8, 12.6, 12.6, 13.0, 13.0, 12.7, 13.0, 11.7, 11.9, 11.9, 12.3, 12.7, 13.8, 12.9, 13.4, 13.5, 12.5, 12.3, 12.5, 12.8, 11.2, 12.4, 13.8, 12.4, 10.7, 12.0, 11.9, 11.7, 14.4, 14.5, 12.1, 13.1, 13.4, 13.6, 12.6, 13.3, 13.3, 14.9, 13.1, 14.6, 15.2, 14.0, 13.9, 13.9, 14.3, 12.9, 13.0, 13.5, 15.0, 14.7, 15.4, 14.4, 14.2, 14.2, 14.5, 16.0, 15.5, 14.8, 14.5, 14.7, 15.6, 16.4, 16.5, 15.5, 15.5, 14.9, 14.8, 14.0, 16.8, 17.4, 16.9, 16.7, 16.0, 16.2, 17.2, 17.5, 18.6, 18.8, 17.7, 17.4, 17.7, 17.4], 8: [7.8, 10.2, 9.5, 11.9, 11.6, 10.8, 9.4, 10.0, 9.6, 10.5, 9.9, 9.9, 10.2, 9.4, 9.8, 8.7, 9.4, 8.8, 9.6, 8.2, 8.0, 8.7, 9.1, 8.8, 8.9, 10.2, 8.3, 8.4, 7.6, 8.6, 8.3, 7.2, 8.5, 8.7, 7.7, 8.7, 8.3, 8.4, 8.6, 8.4, 8.8, 7.8, 8.8, 8.7, 8.0, 8.1, 7.1, 7.0, 6.9, 8.4, 6.1, 6.1, 5.5, 6.3, 6.4, 7.2, 7.2, 7.0, 7.3, 7.6, 7.0, 8.6, 7.6, 7.2, 7.2, 7.0, 7.3, 7.6, 7.2, 7.3, 7.3, 9.0, 9.0, 8.7, 10.5, 9.3, 8.6, 8.7, 8.4, 8.4, 8.8, 8.1, 8.4, 8.0, 8.6, 9.4, 9.1, 8.9, 8.3, 8.6, 9.7, 9.9, 10.5, 8.6, 8.5, 9.6, 9.2, 8.6, 8.3, 9.7, 8.5, 8.5, 9.2, 8.8], 9: [10.4, 10.8, 9.5, 9.8, 8.9, 8.8, 8.5, 10.6, 9.6, 10.0, 6.8, 8.7, 10.7, 8.9, 9.7, 7.7, 9.0, 9.4, 10.0, 9.5, 9.7, 9.6, 9.4, 8.5, 7.3, 7.6, 9.7, 10.0, 8.1, 9.8, 11.0, 8.9, 10.3, 9.3, 10.3, 8.9, 9.3, 9.7, 10.8, 10.0, 9.6, 9.6, 10.1, 10.1, 9.2, 9.4, 11.1, 8.7, 10.7, 10.9, 9.8, 10.1, 10.9, 9.9, 10.9, 10.6, 9.7, 9.8, 9.9, 9.9, 9.6, 8.9, 9.8, 9.4, 10.4, 9.7, 10.2, 9.5, 9.9, 9.8, 8.4, 7.9, 8.4, 9.9, 8.1, 11.3, 9.7, 9.4, 9.3, 8.7, 9.6, 10.4, 10.4, 10.1, 8.8, 11.2, 9.7, 9.9, 10.8, 9.8, 9.7, 10.5, 10.2, 9.1, 10.4, 10.1, 10.8, 10.8, 10.1, 11.0, 10.5, 9.3, 9.8, 9.8]}
----------------------------------------
Epoch   1 | Client   0 | Train: loss=0.124, acc= 96.0% | time=141.2ms | Valid: loss=1.734, acc= 56.0% |
Epoch   2 | Client   0 | Train: loss=0.046, acc= 99.2% | time= 85.8ms | Valid: loss=1.504, acc= 60.0% |
Epoch   3 | Client   0 | Train: loss=0.032, acc= 99.2% | time= 79.3ms | Valid: loss=1.566, acc= 60.0% |
Epoch   4 | Client   0 | Train: loss=0.024, acc= 99.6% | time= 76.0ms | Valid: loss=1.379, acc= 56.0% |
Epoch   5 | Client   0 | Train: loss=0.011, acc= 99.6% | time= 76.0ms | Valid: loss=1.484, acc= 64.0% |
----------------------------------------
Epoch   1 | Client   1 | Train: loss=0.026, acc= 99.2% | time=158.0ms | Valid: loss=2.266, acc= 52.0% |
Epoch   2 | Client   1 | Train: loss=0.016, acc= 99.8% | time=112.4ms | Valid: loss=2.325, acc= 52.0% |
Epoch   3 | Client   1 | Train: loss=0.013, acc=100.0% | time= 88.9ms | Valid: loss=2.330, acc= 48.0% |
Epoch   4 | Client   1 | Train: loss=0.005, acc=100.0% | time= 82.0ms | Valid: loss=2.352, acc= 52.0% |
Epoch   5 | Client   1 | Train: loss=0.007, acc=100.0% | time= 78.7ms | Valid: loss=2.299, acc= 52.0% |
Skip Updating GPM for layer: 1
----------------------------------------
Epoch   1 | Client   2 | Train: loss=0.040, acc= 98.9% | time=164.7ms | Valid: loss=2.514, acc= 48.0% |
Epoch   2 | Client   2 | Train: loss=0.097, acc= 96.6% | time= 89.0ms | Valid: loss=2.596, acc= 48.0% |
Epoch   3 | Client   2 | Train: loss=0.060, acc= 97.7% | time= 85.2ms | Valid: loss=3.430, acc= 40.0% |
Epoch   4 | Client   2 | Train: loss=0.014, acc= 99.8% | time= 79.4ms | Valid: loss=2.127, acc= 52.0% |
Epoch   5 | Client   2 | Train: loss=0.041, acc= 98.9% | time= 78.6ms | Valid: loss=3.035, acc= 40.0% |
----------------------------------------
Epoch   1 | Client   3 | Train: loss=0.020, acc= 99.4% | time=151.3ms | Valid: loss=1.357, acc= 68.0% |
Epoch   2 | Client   3 | Train: loss=0.013, acc= 99.8% | time= 91.5ms | Valid: loss=1.320, acc= 64.0% |
Epoch   3 | Client   3 | Train: loss=0.012, acc=100.0% | time= 84.0ms | Valid: loss=1.456, acc= 68.0% |
Epoch   4 | Client   3 | Train: loss=0.019, acc= 99.6% | time= 77.1ms | Valid: loss=1.421, acc= 64.0% |
Epoch   5 | Client   3 | Train: loss=0.004, acc=100.0% | time= 76.0ms | Valid: loss=1.515, acc= 68.0% |
Skip Updating GPM for layer: 1
----------------------------------------
Epoch   1 | Client   4 | Train: loss=0.050, acc= 97.7% | time=164.7ms | Valid: loss=1.966, acc= 64.0% |
Epoch   2 | Client   4 | Train: loss=0.021, acc= 99.4% | time= 89.3ms | Valid: loss=2.005, acc= 60.0% |
Epoch   3 | Client   4 | Train: loss=0.021, acc= 99.2% | time= 86.8ms | Valid: loss=1.926, acc= 56.0% |
Epoch   4 | Client   4 | Train: loss=0.016, acc=100.0% | time= 78.8ms | Valid: loss=1.985, acc= 64.0% |
Epoch   5 | Client   4 | Train: loss=0.034, acc= 98.9% | time= 78.3ms | Valid: loss=2.001, acc= 56.0% |
----------------------------------------
Epoch   1 | Client   5 | Train: loss=0.018, acc= 99.6% | time=147.9ms | Valid: loss=1.534, acc= 80.0% |
Epoch   2 | Client   5 | Train: loss=0.018, acc= 99.6% | time= 86.3ms | Valid: loss=1.614, acc= 72.0% |
Epoch   3 | Client   5 | Train: loss=0.281, acc= 94.1% | time= 84.3ms | Valid: loss=2.204, acc= 68.0% |
Epoch   4 | Client   5 | Train: loss=0.013, acc= 99.8% | time= 76.1ms | Valid: loss=1.651, acc= 76.0% |
Epoch   5 | Client   5 | Train: loss=0.006, acc= 99.8% | time= 75.7ms | Valid: loss=1.907, acc= 72.0% |
Skip Updating GPM for layer: 1
----------------------------------------
Epoch   1 | Client   6 | Train: loss=0.207, acc= 94.3% | time=178.0ms | Valid: loss=2.716, acc= 48.0% |
Epoch   2 | Client   6 | Train: loss=0.024, acc= 99.8% | time=121.8ms | Valid: loss=2.400, acc= 52.0% |
Epoch   3 | Client   6 | Train: loss=0.020, acc= 99.8% | time=103.5ms | Valid: loss=2.211, acc= 56.0% |
Epoch   4 | Client   6 | Train: loss=0.016, acc=100.0% | time= 97.4ms | Valid: loss=2.894, acc= 48.0% |
Epoch   5 | Client   6 | Train: loss=0.035, acc= 99.4% | time=114.6ms | Valid: loss=2.798, acc= 48.0% |
Skip Updating GPM for layer: 1
----------------------------------------
Epoch   1 | Client   7 | Train: loss=0.029, acc= 99.2% | time=167.0ms | Valid: loss=1.606, acc= 60.0% |
Epoch   2 | Client   7 | Train: loss=0.092, acc= 97.3% | time= 87.0ms | Valid: loss=1.965, acc= 64.0% |
Epoch   3 | Client   7 | Train: loss=0.083, acc= 98.3% | time= 86.7ms | Valid: loss=1.589, acc= 68.0% |
Epoch   4 | Client   7 | Train: loss=0.063, acc= 97.9% | time= 77.6ms | Valid: loss=1.415, acc= 68.0% |
Epoch   5 | Client   7 | Train: loss=0.019, acc= 99.8% | time= 76.2ms | Valid: loss=1.422, acc= 56.0% |
----------------------------------------
Epoch   1 | Client   8 | Train: loss=0.012, acc= 99.8% | time=173.0ms | Valid: loss=1.886, acc= 56.0% |
Epoch   2 | Client   8 | Train: loss=0.019, acc= 99.4% | time= 89.4ms | Valid: loss=1.744, acc= 56.0% |
Epoch   3 | Client   8 | Train: loss=0.061, acc= 98.7% | time= 89.3ms | Valid: loss=2.099, acc= 52.0% |
Epoch   4 | Client   8 | Train: loss=0.004, acc=100.0% | time= 79.8ms | Valid: loss=1.801, acc= 60.0% |
Epoch   5 | Client   8 | Train: loss=0.004, acc=100.0% | time= 78.7ms | Valid: loss=1.947, acc= 60.0% |
Skip Updating GPM for layer: 1
----------------------------------------
Epoch   1 | Client   9 | Train: loss=0.021, acc= 99.8% | time=163.4ms | Valid: loss=1.520, acc= 60.0% |
Epoch   2 | Client   9 | Train: loss=0.016, acc= 99.8% | time= 92.9ms | Valid: loss=1.103, acc= 64.0% |
Epoch   3 | Client   9 | Train: loss=0.041, acc= 98.5% | time= 80.9ms | Valid: loss=1.478, acc= 60.0% |
Epoch   4 | Client   9 | Train: loss=0.008, acc= 99.8% | time= 78.9ms | Valid: loss=1.630, acc= 52.0% |
Epoch   5 | Client   9 | Train: loss=0.018, acc= 99.2% | time= 78.7ms | Valid: loss=1.325, acc= 56.0% |
----------------------------------------
G-Epoch:  14, Test: loss=1.645 , acc= 64.3%
****************************************
Task:   0, G-Epoch:  14, Test: loss=4.032 , acc= 36.8%
Task:   1, G-Epoch:  14, Test: loss=3.084 , acc= 40.7%
Task:   2, G-Epoch:  14, Test: loss=2.333 , acc= 53.0%
Task:   3, G-Epoch:  14, Test: loss=1.636 , acc= 64.5%
Task:   4, G-Epoch:  14, Test: loss=2.316 , acc=  8.0%
Task:   5, G-Epoch:  14, Test: loss=2.299 , acc= 11.4%
Task:   6, G-Epoch:  14, Test: loss=2.295 , acc= 12.4%
Task:   7, G-Epoch:  14, Test: loss=2.284 , acc= 18.6%
Task:   8, G-Epoch:  14, Test: loss=2.321 , acc=  9.5%
Task:   9, G-Epoch:  14, Test: loss=2.306 , acc=  9.4%
{0: [39.3, 45.7, 48.7, 48.8, 51.1, 52.3, 53.9, 51.6, 55.6, 54.8, 53.3, 54.9, 58.1, 57.8, 55.8, 58.5, 58.6, 58.9, 57.4, 60.4, 61.3, 56.9, 60.1, 60.2, 60.8, 60.2, 60.8, 61.6, 61.5, 61.0, 62.5, 62.5, 64.4, 61.7, 62.6, 62.6, 63.1, 63.9, 65.4, 63.5, 65.0, 63.8, 64.1, 65.7, 66.4, 65.1, 63.0, 66.9, 65.3, 66.5, 68.2, 66.5, 65.4, 65.8, 64.3, 63.8, 64.5, 62.4, 61.7, 61.1, 60.5, 58.7, 57.8, 58.2, 58.3, 55.9, 54.1, 51.9, 52.1, 51.0, 53.7, 53.0, 52.1, 51.7, 52.5, 51.0, 50.5, 50.8, 50.9, 51.6, 47.8, 48.7, 48.5, 49.4, 48.5, 49.6, 48.7, 47.6, 46.9, 46.9, 47.3, 45.1, 43.4, 41.8, 41.6, 40.2, 38.6, 40.3, 39.1, 37.9, 37.1, 36.2, 38.2, 36.0, 36.8], 1: [10.2, 9.5, 11.1, 11.0, 9.3, 10.0, 10.6, 10.7, 11.2, 8.9, 9.1, 10.8, 10.8, 10.3, 9.9, 9.1, 11.7, 10.1, 10.2, 11.4, 8.8, 9.8, 10.9, 9.7, 9.2, 9.7, 10.1, 9.5, 9.9, 9.0, 9.4, 9.2, 9.6, 8.9, 9.1, 8.4, 8.4, 8.8, 10.2, 8.7, 8.9, 10.8, 8.1, 9.5, 9.5, 9.3, 10.3, 10.0, 9.3, 9.6, 49.7, 53.7, 57.3, 56.8, 58.2, 56.9, 59.3, 58.9, 59.6, 58.5, 59.5, 59.5, 60.8, 58.1, 58.5, 59.3, 59.4, 58.8, 60.4, 59.6, 56.2, 54.6, 52.9, 51.7, 52.2, 52.6, 50.7, 50.1, 51.0, 48.7, 49.4, 48.5, 47.1, 48.0, 47.2, 45.8, 47.7, 45.6, 44.9, 44.7, 48.4, 48.0, 48.2, 44.6, 45.6, 43.6, 44.3, 42.4, 42.1, 43.0, 40.8, 40.9, 40.8, 39.8, 40.7], 2: [10.3, 10.5, 9.7, 11.4, 11.1, 9.9, 8.6, 8.9, 9.1, 8.7, 9.4, 9.6, 7.7, 10.1, 10.4, 8.9, 9.1, 9.5, 10.8, 8.4, 8.5, 8.8, 9.1, 8.5, 9.7, 10.0, 9.4, 9.9, 9.9, 9.5, 8.9, 8.9, 9.1, 9.7, 9.7, 9.8, 9.4, 9.9, 9.1, 9.1, 9.2, 9.9, 9.7, 9.4, 8.0, 10.1, 10.6, 9.1, 9.6, 9.0, 9.4, 11.1, 11.1, 9.6, 9.4, 11.5, 10.8, 9.3, 10.8, 8.4, 9.6, 9.3, 9.7, 10.1, 10.9, 10.4, 9.9, 10.2, 9.5, 10.1, 56.7, 61.3, 62.3, 63.5, 63.5, 64.8, 64.3, 66.1, 66.1, 66.1, 67.2, 68.3, 66.5, 66.6, 67.0, 67.4, 67.4, 67.5, 66.0, 68.6, 64.4, 62.3, 62.1, 60.4, 60.1, 57.7, 57.6, 56.8, 56.5, 56.0, 55.2, 53.9, 53.6, 51.4, 53.0], 3: [10.3, 9.9, 8.6, 9.7, 9.2, 9.4, 9.3, 10.7, 11.6, 11.0, 11.6, 11.9, 11.3, 11.4, 12.4, 11.7, 11.1, 11.2, 11.9, 12.5, 13.1, 12.2, 13.1, 12.0, 12.6, 11.9, 12.0, 12.8, 13.5, 12.1, 12.1, 11.7, 11.8, 12.4, 12.6, 11.4, 12.7, 13.3, 13.2, 12.1, 12.3, 12.5, 13.4, 13.2, 13.5, 12.3, 11.5, 12.1, 12.0, 13.0, 10.4, 11.3, 11.9, 10.9, 10.6, 11.5, 10.8, 9.7, 12.1, 11.0, 11.6, 11.6, 11.3, 10.6, 10.6, 11.2, 10.5, 10.4, 10.5, 9.6, 8.5, 10.0, 10.2, 10.6, 10.2, 12.1, 11.2, 11.3, 10.1, 11.6, 11.4, 11.6, 9.8, 10.6, 12.1, 12.2, 11.2, 11.2, 11.1, 11.8, 49.8, 56.9, 57.6, 60.7, 59.8, 59.9, 59.8, 60.2, 60.9, 62.1, 62.2, 61.1, 62.9, 61.6, 64.5], 4: [11.0, 10.0, 10.7, 9.8, 10.8, 10.1, 10.0, 10.9, 10.2, 10.0, 10.2, 9.9, 9.6, 9.1, 8.8, 10.7, 9.8, 9.2, 9.6, 10.3, 8.5, 10.1, 9.6, 9.5, 9.6, 10.4, 10.6, 9.3, 8.9, 8.8, 9.3, 10.3, 10.1, 11.1, 9.8, 11.7, 9.9, 9.1, 10.5, 10.7, 10.0, 10.0, 9.9, 9.4, 9.2, 9.0, 10.6, 9.4, 10.1, 10.3, 12.5, 12.4, 12.1, 11.4, 11.1, 10.9, 10.9, 9.9, 10.6, 11.1, 11.0, 10.0, 10.2, 10.3, 11.0, 9.4, 10.2, 10.4, 9.5, 10.1, 9.2, 9.4, 9.2, 8.7, 9.8, 8.6, 8.3, 8.7, 8.9, 9.1, 8.8, 8.9, 7.0, 8.7, 8.6, 8.2, 9.0, 9.0, 8.7, 9.8, 9.4, 10.3, 9.6, 9.2, 9.6, 8.8, 9.5, 9.2, 9.3, 10.6, 10.5, 9.6, 9.3, 8.5, 8.0], 5: [9.1, 9.4, 10.6, 12.1, 10.5, 10.8, 11.3, 10.7, 10.6, 12.6, 12.5, 11.6, 11.5, 11.1, 10.8, 10.5, 11.1, 11.6, 10.7, 11.8, 10.6, 11.0, 10.2, 10.9, 9.6, 10.6, 9.6, 10.5, 9.3, 8.3, 9.5, 9.2, 9.6, 10.2, 9.2, 9.2, 10.1, 8.9, 9.3, 8.5, 8.8, 9.3, 9.1, 8.6, 9.9, 10.1, 9.0, 10.0, 8.2, 8.3, 8.9, 8.6, 8.5, 9.5, 9.6, 8.6, 9.0, 9.4, 9.4, 8.0, 8.3, 9.1, 9.0, 8.2, 8.7, 8.2, 8.2, 8.9, 8.9, 8.5, 9.6, 10.0, 8.8, 9.3, 9.3, 8.9, 9.5, 8.6, 10.5, 10.2, 9.8, 10.3, 9.1, 9.8, 9.7, 10.5, 10.7, 9.6, 9.9, 10.5, 11.2, 11.9, 10.8, 11.4, 11.4, 10.5, 12.5, 11.8, 12.2, 13.1, 11.7, 10.8, 10.8, 11.7, 11.4], 6: [10.1, 9.9, 12.1, 10.8, 10.4, 9.4, 9.2, 10.1, 11.1, 9.8, 10.4, 11.0, 10.9, 11.0, 13.0, 12.2, 10.5, 11.5, 10.0, 11.8, 9.6, 11.3, 10.6, 9.3, 9.4, 9.0, 10.5, 9.3, 10.4, 9.4, 9.4, 9.5, 10.3, 10.1, 8.4, 8.6, 10.3, 8.7, 9.1, 9.7, 8.6, 9.3, 9.1, 8.7, 8.4, 10.4, 8.9, 9.8, 10.6, 10.7, 9.3, 9.2, 7.6, 9.3, 8.3, 8.0, 8.5, 8.5, 8.1, 8.0, 7.5, 8.3, 8.6, 8.2, 9.4, 8.5, 8.9, 8.5, 8.0, 8.9, 8.5, 8.6, 8.0, 7.8, 7.3, 8.3, 7.3, 8.2, 8.9, 7.7, 8.7, 9.5, 9.5, 8.5, 8.8, 9.6, 9.4, 9.5, 9.0, 9.4, 11.2, 12.8, 12.4, 11.8, 12.1, 13.3, 12.1, 13.0, 12.5, 12.3, 11.9, 12.1, 11.6, 12.3, 12.4], 7: [9.2, 9.7, 10.3, 11.8, 11.8, 11.2, 12.2, 11.5, 10.8, 11.1, 12.2, 11.9, 11.9, 13.4, 12.9, 13.1, 14.1, 12.3, 12.7, 13.3, 11.4, 13.4, 12.8, 12.6, 12.6, 13.0, 13.0, 12.7, 13.0, 11.7, 11.9, 11.9, 12.3, 12.7, 13.8, 12.9, 13.4, 13.5, 12.5, 12.3, 12.5, 12.8, 11.2, 12.4, 13.8, 12.4, 10.7, 12.0, 11.9, 11.7, 14.4, 14.5, 12.1, 13.1, 13.4, 13.6, 12.6, 13.3, 13.3, 14.9, 13.1, 14.6, 15.2, 14.0, 13.9, 13.9, 14.3, 12.9, 13.0, 13.5, 15.0, 14.7, 15.4, 14.4, 14.2, 14.2, 14.5, 16.0, 15.5, 14.8, 14.5, 14.7, 15.6, 16.4, 16.5, 15.5, 15.5, 14.9, 14.8, 14.0, 16.8, 17.4, 16.9, 16.7, 16.0, 16.2, 17.2, 17.5, 18.6, 18.8, 17.7, 17.4, 17.7, 17.4, 18.6], 8: [7.8, 10.2, 9.5, 11.9, 11.6, 10.8, 9.4, 10.0, 9.6, 10.5, 9.9, 9.9, 10.2, 9.4, 9.8, 8.7, 9.4, 8.8, 9.6, 8.2, 8.0, 8.7, 9.1, 8.8, 8.9, 10.2, 8.3, 8.4, 7.6, 8.6, 8.3, 7.2, 8.5, 8.7, 7.7, 8.7, 8.3, 8.4, 8.6, 8.4, 8.8, 7.8, 8.8, 8.7, 8.0, 8.1, 7.1, 7.0, 6.9, 8.4, 6.1, 6.1, 5.5, 6.3, 6.4, 7.2, 7.2, 7.0, 7.3, 7.6, 7.0, 8.6, 7.6, 7.2, 7.2, 7.0, 7.3, 7.6, 7.2, 7.3, 7.3, 9.0, 9.0, 8.7, 10.5, 9.3, 8.6, 8.7, 8.4, 8.4, 8.8, 8.1, 8.4, 8.0, 8.6, 9.4, 9.1, 8.9, 8.3, 8.6, 9.7, 9.9, 10.5, 8.6, 8.5, 9.6, 9.2, 8.6, 8.3, 9.7, 8.5, 8.5, 9.2, 8.8, 9.5], 9: [10.4, 10.8, 9.5, 9.8, 8.9, 8.8, 8.5, 10.6, 9.6, 10.0, 6.8, 8.7, 10.7, 8.9, 9.7, 7.7, 9.0, 9.4, 10.0, 9.5, 9.7, 9.6, 9.4, 8.5, 7.3, 7.6, 9.7, 10.0, 8.1, 9.8, 11.0, 8.9, 10.3, 9.3, 10.3, 8.9, 9.3, 9.7, 10.8, 10.0, 9.6, 9.6, 10.1, 10.1, 9.2, 9.4, 11.1, 8.7, 10.7, 10.9, 9.8, 10.1, 10.9, 9.9, 10.9, 10.6, 9.7, 9.8, 9.9, 9.9, 9.6, 8.9, 9.8, 9.4, 10.4, 9.7, 10.2, 9.5, 9.9, 9.8, 8.4, 7.9, 8.4, 9.9, 8.1, 11.3, 9.7, 9.4, 9.3, 8.7, 9.6, 10.4, 10.4, 10.1, 8.8, 11.2, 9.7, 9.9, 10.8, 9.8, 9.7, 10.5, 10.2, 9.1, 10.4, 10.1, 10.8, 10.8, 10.1, 11.0, 10.5, 9.3, 9.8, 9.8, 9.4]}
----------------------------------------
Epoch   1 | Client   0 | Train: loss=0.054, acc= 98.5% | time=173.0ms | Valid: loss=1.513, acc= 52.0% |
Epoch   2 | Client   0 | Train: loss=0.090, acc= 97.7% | time= 98.7ms | Valid: loss=1.392, acc= 56.0% |
Epoch   3 | Client   0 | Train: loss=0.067, acc= 97.3% | time=109.1ms | Valid: loss=1.786, acc= 52.0% |
Epoch   4 | Client   0 | Train: loss=0.025, acc= 99.4% | time= 99.0ms | Valid: loss=1.641, acc= 52.0% |
Epoch   5 | Client   0 | Train: loss=0.004, acc=100.0% | time= 78.8ms | Valid: loss=1.761, acc= 52.0% |
----------------------------------------
Epoch   1 | Client   1 | Train: loss=0.021, acc= 99.2% | time=151.4ms | Valid: loss=2.566, acc= 48.0% |
Epoch   2 | Client   1 | Train: loss=0.012, acc=100.0% | time= 89.3ms | Valid: loss=2.649, acc= 40.0% |
Epoch   3 | Client   1 | Train: loss=0.013, acc=100.0% | time= 79.4ms | Valid: loss=2.432, acc= 52.0% |
Epoch   4 | Client   1 | Train: loss=0.005, acc=100.0% | time= 79.0ms | Valid: loss=2.574, acc= 48.0% |
Epoch   5 | Client   1 | Train: loss=0.006, acc=100.0% | time= 78.1ms | Valid: loss=2.739, acc= 40.0% |
Skip Updating GPM for layer: 1
----------------------------------------
Epoch   1 | Client   2 | Train: loss=0.090, acc= 96.2% | time=137.7ms | Valid: loss=2.831, acc= 36.0% |
Epoch   2 | Client   2 | Train: loss=0.043, acc= 99.2% | time= 83.5ms | Valid: loss=3.168, acc= 44.0% |
Epoch   3 | Client   2 | Train: loss=0.049, acc= 98.7% | time= 79.0ms | Valid: loss=3.015, acc= 40.0% |
Epoch   4 | Client   2 | Train: loss=0.013, acc= 99.8% | time= 77.1ms | Valid: loss=3.039, acc= 40.0% |
Epoch   5 | Client   2 | Train: loss=0.012, acc= 99.8% | time= 75.8ms | Valid: loss=2.763, acc= 40.0% |
----------------------------------------
Epoch   1 | Client   3 | Train: loss=0.015, acc= 99.4% | time=166.9ms | Valid: loss=1.836, acc= 56.0% |
Epoch   2 | Client   3 | Train: loss=0.007, acc=100.0% | time= 92.8ms | Valid: loss=1.664, acc= 56.0% |
Epoch   3 | Client   3 | Train: loss=0.008, acc= 99.8% | time= 84.4ms | Valid: loss=1.560, acc= 60.0% |
Epoch   4 | Client   3 | Train: loss=0.011, acc= 99.8% | time= 77.5ms | Valid: loss=1.711, acc= 68.0% |
Epoch   5 | Client   3 | Train: loss=0.024, acc= 99.6% | time= 76.2ms | Valid: loss=1.694, acc= 64.0% |
Skip Updating GPM for layer: 1
----------------------------------------
Epoch   1 | Client   4 | Train: loss=0.062, acc= 97.7% | time=179.8ms | Valid: loss=1.606, acc= 68.0% |
Epoch   2 | Client   4 | Train: loss=0.020, acc= 99.2% | time= 97.4ms | Valid: loss=1.495, acc= 64.0% |
Epoch   3 | Client   4 | Train: loss=0.161, acc= 94.7% | time= 78.3ms | Valid: loss=2.147, acc= 56.0% |
Epoch   4 | Client   4 | Train: loss=0.097, acc= 97.1% | time= 77.6ms | Valid: loss=1.477, acc= 68.0% |
Epoch   5 | Client   4 | Train: loss=0.076, acc= 97.9% | time= 76.5ms | Valid: loss=1.536, acc= 60.0% |
----------------------------------------
Epoch   1 | Client   5 | Train: loss=0.013, acc=100.0% | time=154.7ms | Valid: loss=1.902, acc= 68.0% |
Epoch   2 | Client   5 | Train: loss=0.007, acc=100.0% | time=108.7ms | Valid: loss=1.951, acc= 64.0% |
Epoch   3 | Client   5 | Train: loss=0.016, acc= 99.8% | time=106.4ms | Valid: loss=1.697, acc= 64.0% |
Epoch   4 | Client   5 | Train: loss=0.014, acc= 99.6% | time= 80.6ms | Valid: loss=1.857, acc= 72.0% |
Epoch   5 | Client   5 | Train: loss=0.008, acc= 99.8% | time= 78.7ms | Valid: loss=1.683, acc= 72.0% |
Skip Updating GPM for layer: 1
----------------------------------------
Epoch   1 | Client   6 | Train: loss=0.007, acc=100.0% | time=167.5ms | Valid: loss=2.531, acc= 40.0% |
Epoch   2 | Client   6 | Train: loss=0.006, acc=100.0% | time= 91.5ms | Valid: loss=2.739, acc= 40.0% |
Epoch   3 | Client   6 | Train: loss=0.011, acc= 99.8% | time= 82.9ms | Valid: loss=2.731, acc= 44.0% |
Epoch   4 | Client   6 | Train: loss=0.008, acc= 99.8% | time= 79.7ms | Valid: loss=2.364, acc= 48.0% |
Epoch   5 | Client   6 | Train: loss=0.006, acc=100.0% | time= 78.4ms | Valid: loss=2.538, acc= 52.0% |
Skip Updating GPM for layer: 1
----------------------------------------
Epoch   1 | Client   7 | Train: loss=0.033, acc= 98.9% | time=157.9ms | Valid: loss=1.803, acc= 64.0% |
Epoch   2 | Client   7 | Train: loss=0.025, acc= 99.6% | time= 89.9ms | Valid: loss=1.260, acc= 76.0% |
Epoch   3 | Client   7 | Train: loss=0.047, acc= 98.9% | time= 87.8ms | Valid: loss=1.315, acc= 76.0% |
Epoch   4 | Client   7 | Train: loss=0.014, acc=100.0% | time= 79.5ms | Valid: loss=1.896, acc= 68.0% |
Epoch   5 | Client   7 | Train: loss=0.026, acc= 99.2% | time= 78.4ms | Valid: loss=1.445, acc= 68.0% |
----------------------------------------
Epoch   1 | Client   8 | Train: loss=0.400, acc= 91.4% | time=166.3ms | Valid: loss=2.766, acc= 44.0% |
Epoch   2 | Client   8 | Train: loss=0.051, acc= 98.5% | time=102.1ms | Valid: loss=2.171, acc= 64.0% |
Epoch   3 | Client   8 | Train: loss=0.017, acc= 99.8% | time=106.1ms | Valid: loss=2.056, acc= 52.0% |
Epoch   4 | Client   8 | Train: loss=0.013, acc= 99.6% | time= 83.6ms | Valid: loss=1.719, acc= 64.0% |
Epoch   5 | Client   8 | Train: loss=0.015, acc= 99.8% | time= 77.3ms | Valid: loss=1.682, acc= 60.0% |
Skip Updating GPM for layer: 1
----------------------------------------
Epoch   1 | Client   9 | Train: loss=0.043, acc= 98.5% | time=157.4ms | Valid: loss=1.400, acc= 60.0% |
Epoch   2 | Client   9 | Train: loss=0.017, acc= 99.8% | time= 89.5ms | Valid: loss=1.295, acc= 56.0% |
Epoch   3 | Client   9 | Train: loss=0.037, acc= 98.5% | time= 87.0ms | Valid: loss=1.416, acc= 52.0% |
Epoch   4 | Client   9 | Train: loss=0.020, acc= 99.8% | time= 79.2ms | Valid: loss=2.212, acc= 44.0% |
Epoch   5 | Client   9 | Train: loss=0.011, acc= 99.6% | time= 78.6ms | Valid: loss=1.683, acc= 52.0% |
----------------------------------------
G-Epoch:  15, Test: loss=1.696 , acc= 64.3%
****************************************
Task:   0, G-Epoch:  15, Test: loss=4.178 , acc= 35.3%
Task:   1, G-Epoch:  15, Test: loss=3.101 , acc= 41.5%
Task:   2, G-Epoch:  15, Test: loss=2.380 , acc= 53.1%
Task:   3, G-Epoch:  15, Test: loss=1.714 , acc= 63.1%
Task:   4, G-Epoch:  15, Test: loss=2.315 , acc=  9.3%
Task:   5, G-Epoch:  15, Test: loss=2.298 , acc= 10.6%
Task:   6, G-Epoch:  15, Test: loss=2.297 , acc= 13.2%
Task:   7, G-Epoch:  15, Test: loss=2.283 , acc= 17.9%
Task:   8, G-Epoch:  15, Test: loss=2.324 , acc=  8.7%
Task:   9, G-Epoch:  15, Test: loss=2.306 , acc=  8.9%
{0: [39.3, 45.7, 48.7, 48.8, 51.1, 52.3, 53.9, 51.6, 55.6, 54.8, 53.3, 54.9, 58.1, 57.8, 55.8, 58.5, 58.6, 58.9, 57.4, 60.4, 61.3, 56.9, 60.1, 60.2, 60.8, 60.2, 60.8, 61.6, 61.5, 61.0, 62.5, 62.5, 64.4, 61.7, 62.6, 62.6, 63.1, 63.9, 65.4, 63.5, 65.0, 63.8, 64.1, 65.7, 66.4, 65.1, 63.0, 66.9, 65.3, 66.5, 68.2, 66.5, 65.4, 65.8, 64.3, 63.8, 64.5, 62.4, 61.7, 61.1, 60.5, 58.7, 57.8, 58.2, 58.3, 55.9, 54.1, 51.9, 52.1, 51.0, 53.7, 53.0, 52.1, 51.7, 52.5, 51.0, 50.5, 50.8, 50.9, 51.6, 47.8, 48.7, 48.5, 49.4, 48.5, 49.6, 48.7, 47.6, 46.9, 46.9, 47.3, 45.1, 43.4, 41.8, 41.6, 40.2, 38.6, 40.3, 39.1, 37.9, 37.1, 36.2, 38.2, 36.0, 36.8, 35.3], 1: [10.2, 9.5, 11.1, 11.0, 9.3, 10.0, 10.6, 10.7, 11.2, 8.9, 9.1, 10.8, 10.8, 10.3, 9.9, 9.1, 11.7, 10.1, 10.2, 11.4, 8.8, 9.8, 10.9, 9.7, 9.2, 9.7, 10.1, 9.5, 9.9, 9.0, 9.4, 9.2, 9.6, 8.9, 9.1, 8.4, 8.4, 8.8, 10.2, 8.7, 8.9, 10.8, 8.1, 9.5, 9.5, 9.3, 10.3, 10.0, 9.3, 9.6, 49.7, 53.7, 57.3, 56.8, 58.2, 56.9, 59.3, 58.9, 59.6, 58.5, 59.5, 59.5, 60.8, 58.1, 58.5, 59.3, 59.4, 58.8, 60.4, 59.6, 56.2, 54.6, 52.9, 51.7, 52.2, 52.6, 50.7, 50.1, 51.0, 48.7, 49.4, 48.5, 47.1, 48.0, 47.2, 45.8, 47.7, 45.6, 44.9, 44.7, 48.4, 48.0, 48.2, 44.6, 45.6, 43.6, 44.3, 42.4, 42.1, 43.0, 40.8, 40.9, 40.8, 39.8, 40.7, 41.5], 2: [10.3, 10.5, 9.7, 11.4, 11.1, 9.9, 8.6, 8.9, 9.1, 8.7, 9.4, 9.6, 7.7, 10.1, 10.4, 8.9, 9.1, 9.5, 10.8, 8.4, 8.5, 8.8, 9.1, 8.5, 9.7, 10.0, 9.4, 9.9, 9.9, 9.5, 8.9, 8.9, 9.1, 9.7, 9.7, 9.8, 9.4, 9.9, 9.1, 9.1, 9.2, 9.9, 9.7, 9.4, 8.0, 10.1, 10.6, 9.1, 9.6, 9.0, 9.4, 11.1, 11.1, 9.6, 9.4, 11.5, 10.8, 9.3, 10.8, 8.4, 9.6, 9.3, 9.7, 10.1, 10.9, 10.4, 9.9, 10.2, 9.5, 10.1, 56.7, 61.3, 62.3, 63.5, 63.5, 64.8, 64.3, 66.1, 66.1, 66.1, 67.2, 68.3, 66.5, 66.6, 67.0, 67.4, 67.4, 67.5, 66.0, 68.6, 64.4, 62.3, 62.1, 60.4, 60.1, 57.7, 57.6, 56.8, 56.5, 56.0, 55.2, 53.9, 53.6, 51.4, 53.0, 53.1], 3: [10.3, 9.9, 8.6, 9.7, 9.2, 9.4, 9.3, 10.7, 11.6, 11.0, 11.6, 11.9, 11.3, 11.4, 12.4, 11.7, 11.1, 11.2, 11.9, 12.5, 13.1, 12.2, 13.1, 12.0, 12.6, 11.9, 12.0, 12.8, 13.5, 12.1, 12.1, 11.7, 11.8, 12.4, 12.6, 11.4, 12.7, 13.3, 13.2, 12.1, 12.3, 12.5, 13.4, 13.2, 13.5, 12.3, 11.5, 12.1, 12.0, 13.0, 10.4, 11.3, 11.9, 10.9, 10.6, 11.5, 10.8, 9.7, 12.1, 11.0, 11.6, 11.6, 11.3, 10.6, 10.6, 11.2, 10.5, 10.4, 10.5, 9.6, 8.5, 10.0, 10.2, 10.6, 10.2, 12.1, 11.2, 11.3, 10.1, 11.6, 11.4, 11.6, 9.8, 10.6, 12.1, 12.2, 11.2, 11.2, 11.1, 11.8, 49.8, 56.9, 57.6, 60.7, 59.8, 59.9, 59.8, 60.2, 60.9, 62.1, 62.2, 61.1, 62.9, 61.6, 64.5, 63.1], 4: [11.0, 10.0, 10.7, 9.8, 10.8, 10.1, 10.0, 10.9, 10.2, 10.0, 10.2, 9.9, 9.6, 9.1, 8.8, 10.7, 9.8, 9.2, 9.6, 10.3, 8.5, 10.1, 9.6, 9.5, 9.6, 10.4, 10.6, 9.3, 8.9, 8.8, 9.3, 10.3, 10.1, 11.1, 9.8, 11.7, 9.9, 9.1, 10.5, 10.7, 10.0, 10.0, 9.9, 9.4, 9.2, 9.0, 10.6, 9.4, 10.1, 10.3, 12.5, 12.4, 12.1, 11.4, 11.1, 10.9, 10.9, 9.9, 10.6, 11.1, 11.0, 10.0, 10.2, 10.3, 11.0, 9.4, 10.2, 10.4, 9.5, 10.1, 9.2, 9.4, 9.2, 8.7, 9.8, 8.6, 8.3, 8.7, 8.9, 9.1, 8.8, 8.9, 7.0, 8.7, 8.6, 8.2, 9.0, 9.0, 8.7, 9.8, 9.4, 10.3, 9.6, 9.2, 9.6, 8.8, 9.5, 9.2, 9.3, 10.6, 10.5, 9.6, 9.3, 8.5, 8.0, 9.3], 5: [9.1, 9.4, 10.6, 12.1, 10.5, 10.8, 11.3, 10.7, 10.6, 12.6, 12.5, 11.6, 11.5, 11.1, 10.8, 10.5, 11.1, 11.6, 10.7, 11.8, 10.6, 11.0, 10.2, 10.9, 9.6, 10.6, 9.6, 10.5, 9.3, 8.3, 9.5, 9.2, 9.6, 10.2, 9.2, 9.2, 10.1, 8.9, 9.3, 8.5, 8.8, 9.3, 9.1, 8.6, 9.9, 10.1, 9.0, 10.0, 8.2, 8.3, 8.9, 8.6, 8.5, 9.5, 9.6, 8.6, 9.0, 9.4, 9.4, 8.0, 8.3, 9.1, 9.0, 8.2, 8.7, 8.2, 8.2, 8.9, 8.9, 8.5, 9.6, 10.0, 8.8, 9.3, 9.3, 8.9, 9.5, 8.6, 10.5, 10.2, 9.8, 10.3, 9.1, 9.8, 9.7, 10.5, 10.7, 9.6, 9.9, 10.5, 11.2, 11.9, 10.8, 11.4, 11.4, 10.5, 12.5, 11.8, 12.2, 13.1, 11.7, 10.8, 10.8, 11.7, 11.4, 10.6], 6: [10.1, 9.9, 12.1, 10.8, 10.4, 9.4, 9.2, 10.1, 11.1, 9.8, 10.4, 11.0, 10.9, 11.0, 13.0, 12.2, 10.5, 11.5, 10.0, 11.8, 9.6, 11.3, 10.6, 9.3, 9.4, 9.0, 10.5, 9.3, 10.4, 9.4, 9.4, 9.5, 10.3, 10.1, 8.4, 8.6, 10.3, 8.7, 9.1, 9.7, 8.6, 9.3, 9.1, 8.7, 8.4, 10.4, 8.9, 9.8, 10.6, 10.7, 9.3, 9.2, 7.6, 9.3, 8.3, 8.0, 8.5, 8.5, 8.1, 8.0, 7.5, 8.3, 8.6, 8.2, 9.4, 8.5, 8.9, 8.5, 8.0, 8.9, 8.5, 8.6, 8.0, 7.8, 7.3, 8.3, 7.3, 8.2, 8.9, 7.7, 8.7, 9.5, 9.5, 8.5, 8.8, 9.6, 9.4, 9.5, 9.0, 9.4, 11.2, 12.8, 12.4, 11.8, 12.1, 13.3, 12.1, 13.0, 12.5, 12.3, 11.9, 12.1, 11.6, 12.3, 12.4, 13.2], 7: [9.2, 9.7, 10.3, 11.8, 11.8, 11.2, 12.2, 11.5, 10.8, 11.1, 12.2, 11.9, 11.9, 13.4, 12.9, 13.1, 14.1, 12.3, 12.7, 13.3, 11.4, 13.4, 12.8, 12.6, 12.6, 13.0, 13.0, 12.7, 13.0, 11.7, 11.9, 11.9, 12.3, 12.7, 13.8, 12.9, 13.4, 13.5, 12.5, 12.3, 12.5, 12.8, 11.2, 12.4, 13.8, 12.4, 10.7, 12.0, 11.9, 11.7, 14.4, 14.5, 12.1, 13.1, 13.4, 13.6, 12.6, 13.3, 13.3, 14.9, 13.1, 14.6, 15.2, 14.0, 13.9, 13.9, 14.3, 12.9, 13.0, 13.5, 15.0, 14.7, 15.4, 14.4, 14.2, 14.2, 14.5, 16.0, 15.5, 14.8, 14.5, 14.7, 15.6, 16.4, 16.5, 15.5, 15.5, 14.9, 14.8, 14.0, 16.8, 17.4, 16.9, 16.7, 16.0, 16.2, 17.2, 17.5, 18.6, 18.8, 17.7, 17.4, 17.7, 17.4, 18.6, 17.9], 8: [7.8, 10.2, 9.5, 11.9, 11.6, 10.8, 9.4, 10.0, 9.6, 10.5, 9.9, 9.9, 10.2, 9.4, 9.8, 8.7, 9.4, 8.8, 9.6, 8.2, 8.0, 8.7, 9.1, 8.8, 8.9, 10.2, 8.3, 8.4, 7.6, 8.6, 8.3, 7.2, 8.5, 8.7, 7.7, 8.7, 8.3, 8.4, 8.6, 8.4, 8.8, 7.8, 8.8, 8.7, 8.0, 8.1, 7.1, 7.0, 6.9, 8.4, 6.1, 6.1, 5.5, 6.3, 6.4, 7.2, 7.2, 7.0, 7.3, 7.6, 7.0, 8.6, 7.6, 7.2, 7.2, 7.0, 7.3, 7.6, 7.2, 7.3, 7.3, 9.0, 9.0, 8.7, 10.5, 9.3, 8.6, 8.7, 8.4, 8.4, 8.8, 8.1, 8.4, 8.0, 8.6, 9.4, 9.1, 8.9, 8.3, 8.6, 9.7, 9.9, 10.5, 8.6, 8.5, 9.6, 9.2, 8.6, 8.3, 9.7, 8.5, 8.5, 9.2, 8.8, 9.5, 8.7], 9: [10.4, 10.8, 9.5, 9.8, 8.9, 8.8, 8.5, 10.6, 9.6, 10.0, 6.8, 8.7, 10.7, 8.9, 9.7, 7.7, 9.0, 9.4, 10.0, 9.5, 9.7, 9.6, 9.4, 8.5, 7.3, 7.6, 9.7, 10.0, 8.1, 9.8, 11.0, 8.9, 10.3, 9.3, 10.3, 8.9, 9.3, 9.7, 10.8, 10.0, 9.6, 9.6, 10.1, 10.1, 9.2, 9.4, 11.1, 8.7, 10.7, 10.9, 9.8, 10.1, 10.9, 9.9, 10.9, 10.6, 9.7, 9.8, 9.9, 9.9, 9.6, 8.9, 9.8, 9.4, 10.4, 9.7, 10.2, 9.5, 9.9, 9.8, 8.4, 7.9, 8.4, 9.9, 8.1, 11.3, 9.7, 9.4, 9.3, 8.7, 9.6, 10.4, 10.4, 10.1, 8.8, 11.2, 9.7, 9.9, 10.8, 9.8, 9.7, 10.5, 10.2, 9.1, 10.4, 10.1, 10.8, 10.8, 10.1, 11.0, 10.5, 9.3, 9.8, 9.8, 9.4, 8.9]}
----------------------------------------
Epoch   1 | Client   0 | Train: loss=0.174, acc= 93.9% | time=168.0ms | Valid: loss=1.756, acc= 64.0% |
Epoch   2 | Client   0 | Train: loss=0.020, acc= 99.8% | time= 92.6ms | Valid: loss=1.543, acc= 64.0% |
Epoch   3 | Client   0 | Train: loss=0.011, acc=100.0% | time= 81.5ms | Valid: loss=1.427, acc= 68.0% |
Epoch   4 | Client   0 | Train: loss=0.005, acc=100.0% | time= 79.3ms | Valid: loss=1.494, acc= 64.0% |
Epoch   5 | Client   0 | Train: loss=0.004, acc=100.0% | time= 78.6ms | Valid: loss=1.473, acc= 56.0% |
----------------------------------------
Epoch   1 | Client   1 | Train: loss=0.309, acc= 90.7% | time=149.0ms | Valid: loss=3.097, acc= 36.0% |
Epoch   2 | Client   1 | Train: loss=0.059, acc= 98.3% | time= 87.2ms | Valid: loss=2.353, acc= 48.0% |
Epoch   3 | Client   1 | Train: loss=0.069, acc= 97.7% | time= 79.0ms | Valid: loss=2.603, acc= 48.0% |
Epoch   4 | Client   1 | Train: loss=0.040, acc= 98.9% | time= 77.4ms | Valid: loss=2.918, acc= 40.0% |
Epoch   5 | Client   1 | Train: loss=0.009, acc=100.0% | time= 78.4ms | Valid: loss=2.821, acc= 36.0% |
Skip Updating GPM for layer: 1
----------------------------------------
Epoch   1 | Client   2 | Train: loss=0.022, acc= 99.2% | time=165.4ms | Valid: loss=2.984, acc= 40.0% |
Epoch   2 | Client   2 | Train: loss=0.032, acc= 98.9% | time= 92.8ms | Valid: loss=2.639, acc= 40.0% |
Epoch   3 | Client   2 | Train: loss=0.021, acc= 99.4% | time= 81.1ms | Valid: loss=2.500, acc= 44.0% |
Epoch   4 | Client   2 | Train: loss=0.007, acc=100.0% | time= 79.1ms | Valid: loss=2.355, acc= 44.0% |
Epoch   5 | Client   2 | Train: loss=0.012, acc=100.0% | time= 78.6ms | Valid: loss=2.580, acc= 36.0% |
----------------------------------------
Epoch   1 | Client   3 | Train: loss=0.029, acc= 99.4% | time=162.8ms | Valid: loss=1.927, acc= 64.0% |
Epoch   2 | Client   3 | Train: loss=0.015, acc= 99.8% | time= 96.7ms | Valid: loss=1.449, acc= 64.0% |
Epoch   3 | Client   3 | Train: loss=0.014, acc= 99.6% | time= 81.0ms | Valid: loss=1.507, acc= 68.0% |
Epoch   4 | Client   3 | Train: loss=0.014, acc= 99.8% | time= 79.6ms | Valid: loss=1.487, acc= 68.0% |
Epoch   5 | Client   3 | Train: loss=0.005, acc=100.0% | time= 79.5ms | Valid: loss=1.537, acc= 72.0% |
Skip Updating GPM for layer: 1
----------------------------------------
Epoch   1 | Client   4 | Train: loss=0.103, acc= 96.6% | time=174.6ms | Valid: loss=1.946, acc= 52.0% |
Epoch   2 | Client   4 | Train: loss=0.249, acc= 93.7% | time=118.3ms | Valid: loss=1.707, acc= 56.0% |
Epoch   3 | Client   4 | Train: loss=0.134, acc= 96.4% | time=119.6ms | Valid: loss=1.945, acc= 64.0% |
Epoch   4 | Client   4 | Train: loss=0.041, acc= 98.5% | time=119.8ms | Valid: loss=1.707, acc= 60.0% |
Epoch   5 | Client   4 | Train: loss=0.051, acc= 98.3% | time=109.8ms | Valid: loss=1.758, acc= 60.0% |
----------------------------------------
Epoch   1 | Client   5 | Train: loss=0.010, acc= 99.8% | time=165.1ms | Valid: loss=1.749, acc= 76.0% |
Epoch   2 | Client   5 | Train: loss=0.007, acc=100.0% | time=101.2ms | Valid: loss=1.748, acc= 68.0% |
Epoch   3 | Client   5 | Train: loss=0.008, acc=100.0% | time= 92.4ms | Valid: loss=1.600, acc= 76.0% |
Epoch   4 | Client   5 | Train: loss=0.003, acc=100.0% | time= 83.3ms | Valid: loss=1.651, acc= 80.0% |
Epoch   5 | Client   5 | Train: loss=0.003, acc=100.0% | time= 76.4ms | Valid: loss=1.549, acc= 80.0% |
Skip Updating GPM for layer: 1
----------------------------------------
Epoch   1 | Client   6 | Train: loss=0.024, acc= 99.6% | time=154.9ms | Valid: loss=2.345, acc= 52.0% |
Epoch   2 | Client   6 | Train: loss=0.007, acc=100.0% | time= 87.8ms | Valid: loss=2.515, acc= 52.0% |
Epoch   3 | Client   6 | Train: loss=0.101, acc= 97.3% | time= 80.5ms | Valid: loss=3.071, acc= 48.0% |
Epoch   4 | Client   6 | Train: loss=0.005, acc=100.0% | time= 79.9ms | Valid: loss=2.117, acc= 56.0% |
Epoch   5 | Client   6 | Train: loss=0.009, acc= 99.8% | time= 79.8ms | Valid: loss=2.156, acc= 56.0% |
----------------------------------------
Epoch   1 | Client   7 | Train: loss=0.110, acc= 97.3% | time=166.2ms | Valid: loss=1.984, acc= 48.0% |
Epoch   2 | Client   7 | Train: loss=0.384, acc= 88.4% | time= 89.4ms | Valid: loss=2.869, acc= 48.0% |
Epoch   3 | Client   7 | Train: loss=0.145, acc= 95.8% | time= 78.9ms | Valid: loss=2.030, acc= 60.0% |
Epoch   4 | Client   7 | Train: loss=0.181, acc= 95.4% | time= 77.2ms | Valid: loss=1.479, acc= 52.0% |
Epoch   5 | Client   7 | Train: loss=0.073, acc= 97.5% | time= 76.3ms | Valid: loss=1.658, acc= 64.0% |
----------------------------------------
Epoch   1 | Client   8 | Train: loss=0.099, acc= 97.7% | time=162.6ms | Valid: loss=2.047, acc= 60.0% |
Epoch   2 | Client   8 | Train: loss=0.042, acc= 98.5% | time= 89.0ms | Valid: loss=2.023, acc= 64.0% |
Epoch   3 | Client   8 | Train: loss=0.011, acc= 99.8% | time= 83.9ms | Valid: loss=1.759, acc= 64.0% |
Epoch   4 | Client   8 | Train: loss=0.010, acc= 99.8% | time= 80.7ms | Valid: loss=2.269, acc= 52.0% |
Epoch   5 | Client   8 | Train: loss=0.006, acc=100.0% | time= 78.8ms | Valid: loss=1.993, acc= 60.0% |
Skip Updating GPM for layer: 1
----------------------------------------
Epoch   1 | Client   9 | Train: loss=0.056, acc= 98.3% | time=130.0ms | Valid: loss=2.288, acc= 36.0% |
Epoch   2 | Client   9 | Train: loss=0.025, acc= 99.2% | time= 95.0ms | Valid: loss=1.801, acc= 44.0% |
Epoch   3 | Client   9 | Train: loss=0.019, acc= 99.6% | time= 81.8ms | Valid: loss=1.575, acc= 56.0% |
Epoch   4 | Client   9 | Train: loss=0.013, acc= 99.6% | time= 79.0ms | Valid: loss=1.665, acc= 64.0% |
Epoch   5 | Client   9 | Train: loss=0.006, acc=100.0% | time= 78.3ms | Valid: loss=1.793, acc= 56.0% |
----------------------------------------
G-Epoch:  16, Test: loss=1.770 , acc= 64.0%
****************************************
Task:   0, G-Epoch:  16, Test: loss=4.099 , acc= 35.2%
Task:   1, G-Epoch:  16, Test: loss=3.110 , acc= 39.9%
Task:   2, G-Epoch:  16, Test: loss=2.390 , acc= 51.8%
Task:   3, G-Epoch:  16, Test: loss=1.713 , acc= 62.9%
Task:   4, G-Epoch:  16, Test: loss=2.314 , acc=  9.3%
Task:   5, G-Epoch:  16, Test: loss=2.295 , acc= 10.5%
Task:   6, G-Epoch:  16, Test: loss=2.298 , acc= 12.7%
Task:   7, G-Epoch:  16, Test: loss=2.284 , acc= 17.7%
Task:   8, G-Epoch:  16, Test: loss=2.321 , acc=  8.1%
Task:   9, G-Epoch:  16, Test: loss=2.303 , acc=  9.4%
{0: [39.3, 45.7, 48.7, 48.8, 51.1, 52.3, 53.9, 51.6, 55.6, 54.8, 53.3, 54.9, 58.1, 57.8, 55.8, 58.5, 58.6, 58.9, 57.4, 60.4, 61.3, 56.9, 60.1, 60.2, 60.8, 60.2, 60.8, 61.6, 61.5, 61.0, 62.5, 62.5, 64.4, 61.7, 62.6, 62.6, 63.1, 63.9, 65.4, 63.5, 65.0, 63.8, 64.1, 65.7, 66.4, 65.1, 63.0, 66.9, 65.3, 66.5, 68.2, 66.5, 65.4, 65.8, 64.3, 63.8, 64.5, 62.4, 61.7, 61.1, 60.5, 58.7, 57.8, 58.2, 58.3, 55.9, 54.1, 51.9, 52.1, 51.0, 53.7, 53.0, 52.1, 51.7, 52.5, 51.0, 50.5, 50.8, 50.9, 51.6, 47.8, 48.7, 48.5, 49.4, 48.5, 49.6, 48.7, 47.6, 46.9, 46.9, 47.3, 45.1, 43.4, 41.8, 41.6, 40.2, 38.6, 40.3, 39.1, 37.9, 37.1, 36.2, 38.2, 36.0, 36.8, 35.3, 35.2], 1: [10.2, 9.5, 11.1, 11.0, 9.3, 10.0, 10.6, 10.7, 11.2, 8.9, 9.1, 10.8, 10.8, 10.3, 9.9, 9.1, 11.7, 10.1, 10.2, 11.4, 8.8, 9.8, 10.9, 9.7, 9.2, 9.7, 10.1, 9.5, 9.9, 9.0, 9.4, 9.2, 9.6, 8.9, 9.1, 8.4, 8.4, 8.8, 10.2, 8.7, 8.9, 10.8, 8.1, 9.5, 9.5, 9.3, 10.3, 10.0, 9.3, 9.6, 49.7, 53.7, 57.3, 56.8, 58.2, 56.9, 59.3, 58.9, 59.6, 58.5, 59.5, 59.5, 60.8, 58.1, 58.5, 59.3, 59.4, 58.8, 60.4, 59.6, 56.2, 54.6, 52.9, 51.7, 52.2, 52.6, 50.7, 50.1, 51.0, 48.7, 49.4, 48.5, 47.1, 48.0, 47.2, 45.8, 47.7, 45.6, 44.9, 44.7, 48.4, 48.0, 48.2, 44.6, 45.6, 43.6, 44.3, 42.4, 42.1, 43.0, 40.8, 40.9, 40.8, 39.8, 40.7, 41.5, 39.9], 2: [10.3, 10.5, 9.7, 11.4, 11.1, 9.9, 8.6, 8.9, 9.1, 8.7, 9.4, 9.6, 7.7, 10.1, 10.4, 8.9, 9.1, 9.5, 10.8, 8.4, 8.5, 8.8, 9.1, 8.5, 9.7, 10.0, 9.4, 9.9, 9.9, 9.5, 8.9, 8.9, 9.1, 9.7, 9.7, 9.8, 9.4, 9.9, 9.1, 9.1, 9.2, 9.9, 9.7, 9.4, 8.0, 10.1, 10.6, 9.1, 9.6, 9.0, 9.4, 11.1, 11.1, 9.6, 9.4, 11.5, 10.8, 9.3, 10.8, 8.4, 9.6, 9.3, 9.7, 10.1, 10.9, 10.4, 9.9, 10.2, 9.5, 10.1, 56.7, 61.3, 62.3, 63.5, 63.5, 64.8, 64.3, 66.1, 66.1, 66.1, 67.2, 68.3, 66.5, 66.6, 67.0, 67.4, 67.4, 67.5, 66.0, 68.6, 64.4, 62.3, 62.1, 60.4, 60.1, 57.7, 57.6, 56.8, 56.5, 56.0, 55.2, 53.9, 53.6, 51.4, 53.0, 53.1, 51.8], 3: [10.3, 9.9, 8.6, 9.7, 9.2, 9.4, 9.3, 10.7, 11.6, 11.0, 11.6, 11.9, 11.3, 11.4, 12.4, 11.7, 11.1, 11.2, 11.9, 12.5, 13.1, 12.2, 13.1, 12.0, 12.6, 11.9, 12.0, 12.8, 13.5, 12.1, 12.1, 11.7, 11.8, 12.4, 12.6, 11.4, 12.7, 13.3, 13.2, 12.1, 12.3, 12.5, 13.4, 13.2, 13.5, 12.3, 11.5, 12.1, 12.0, 13.0, 10.4, 11.3, 11.9, 10.9, 10.6, 11.5, 10.8, 9.7, 12.1, 11.0, 11.6, 11.6, 11.3, 10.6, 10.6, 11.2, 10.5, 10.4, 10.5, 9.6, 8.5, 10.0, 10.2, 10.6, 10.2, 12.1, 11.2, 11.3, 10.1, 11.6, 11.4, 11.6, 9.8, 10.6, 12.1, 12.2, 11.2, 11.2, 11.1, 11.8, 49.8, 56.9, 57.6, 60.7, 59.8, 59.9, 59.8, 60.2, 60.9, 62.1, 62.2, 61.1, 62.9, 61.6, 64.5, 63.1, 62.9], 4: [11.0, 10.0, 10.7, 9.8, 10.8, 10.1, 10.0, 10.9, 10.2, 10.0, 10.2, 9.9, 9.6, 9.1, 8.8, 10.7, 9.8, 9.2, 9.6, 10.3, 8.5, 10.1, 9.6, 9.5, 9.6, 10.4, 10.6, 9.3, 8.9, 8.8, 9.3, 10.3, 10.1, 11.1, 9.8, 11.7, 9.9, 9.1, 10.5, 10.7, 10.0, 10.0, 9.9, 9.4, 9.2, 9.0, 10.6, 9.4, 10.1, 10.3, 12.5, 12.4, 12.1, 11.4, 11.1, 10.9, 10.9, 9.9, 10.6, 11.1, 11.0, 10.0, 10.2, 10.3, 11.0, 9.4, 10.2, 10.4, 9.5, 10.1, 9.2, 9.4, 9.2, 8.7, 9.8, 8.6, 8.3, 8.7, 8.9, 9.1, 8.8, 8.9, 7.0, 8.7, 8.6, 8.2, 9.0, 9.0, 8.7, 9.8, 9.4, 10.3, 9.6, 9.2, 9.6, 8.8, 9.5, 9.2, 9.3, 10.6, 10.5, 9.6, 9.3, 8.5, 8.0, 9.3, 9.3], 5: [9.1, 9.4, 10.6, 12.1, 10.5, 10.8, 11.3, 10.7, 10.6, 12.6, 12.5, 11.6, 11.5, 11.1, 10.8, 10.5, 11.1, 11.6, 10.7, 11.8, 10.6, 11.0, 10.2, 10.9, 9.6, 10.6, 9.6, 10.5, 9.3, 8.3, 9.5, 9.2, 9.6, 10.2, 9.2, 9.2, 10.1, 8.9, 9.3, 8.5, 8.8, 9.3, 9.1, 8.6, 9.9, 10.1, 9.0, 10.0, 8.2, 8.3, 8.9, 8.6, 8.5, 9.5, 9.6, 8.6, 9.0, 9.4, 9.4, 8.0, 8.3, 9.1, 9.0, 8.2, 8.7, 8.2, 8.2, 8.9, 8.9, 8.5, 9.6, 10.0, 8.8, 9.3, 9.3, 8.9, 9.5, 8.6, 10.5, 10.2, 9.8, 10.3, 9.1, 9.8, 9.7, 10.5, 10.7, 9.6, 9.9, 10.5, 11.2, 11.9, 10.8, 11.4, 11.4, 10.5, 12.5, 11.8, 12.2, 13.1, 11.7, 10.8, 10.8, 11.7, 11.4, 10.6, 10.5], 6: [10.1, 9.9, 12.1, 10.8, 10.4, 9.4, 9.2, 10.1, 11.1, 9.8, 10.4, 11.0, 10.9, 11.0, 13.0, 12.2, 10.5, 11.5, 10.0, 11.8, 9.6, 11.3, 10.6, 9.3, 9.4, 9.0, 10.5, 9.3, 10.4, 9.4, 9.4, 9.5, 10.3, 10.1, 8.4, 8.6, 10.3, 8.7, 9.1, 9.7, 8.6, 9.3, 9.1, 8.7, 8.4, 10.4, 8.9, 9.8, 10.6, 10.7, 9.3, 9.2, 7.6, 9.3, 8.3, 8.0, 8.5, 8.5, 8.1, 8.0, 7.5, 8.3, 8.6, 8.2, 9.4, 8.5, 8.9, 8.5, 8.0, 8.9, 8.5, 8.6, 8.0, 7.8, 7.3, 8.3, 7.3, 8.2, 8.9, 7.7, 8.7, 9.5, 9.5, 8.5, 8.8, 9.6, 9.4, 9.5, 9.0, 9.4, 11.2, 12.8, 12.4, 11.8, 12.1, 13.3, 12.1, 13.0, 12.5, 12.3, 11.9, 12.1, 11.6, 12.3, 12.4, 13.2, 12.7], 7: [9.2, 9.7, 10.3, 11.8, 11.8, 11.2, 12.2, 11.5, 10.8, 11.1, 12.2, 11.9, 11.9, 13.4, 12.9, 13.1, 14.1, 12.3, 12.7, 13.3, 11.4, 13.4, 12.8, 12.6, 12.6, 13.0, 13.0, 12.7, 13.0, 11.7, 11.9, 11.9, 12.3, 12.7, 13.8, 12.9, 13.4, 13.5, 12.5, 12.3, 12.5, 12.8, 11.2, 12.4, 13.8, 12.4, 10.7, 12.0, 11.9, 11.7, 14.4, 14.5, 12.1, 13.1, 13.4, 13.6, 12.6, 13.3, 13.3, 14.9, 13.1, 14.6, 15.2, 14.0, 13.9, 13.9, 14.3, 12.9, 13.0, 13.5, 15.0, 14.7, 15.4, 14.4, 14.2, 14.2, 14.5, 16.0, 15.5, 14.8, 14.5, 14.7, 15.6, 16.4, 16.5, 15.5, 15.5, 14.9, 14.8, 14.0, 16.8, 17.4, 16.9, 16.7, 16.0, 16.2, 17.2, 17.5, 18.6, 18.8, 17.7, 17.4, 17.7, 17.4, 18.6, 17.9, 17.7], 8: [7.8, 10.2, 9.5, 11.9, 11.6, 10.8, 9.4, 10.0, 9.6, 10.5, 9.9, 9.9, 10.2, 9.4, 9.8, 8.7, 9.4, 8.8, 9.6, 8.2, 8.0, 8.7, 9.1, 8.8, 8.9, 10.2, 8.3, 8.4, 7.6, 8.6, 8.3, 7.2, 8.5, 8.7, 7.7, 8.7, 8.3, 8.4, 8.6, 8.4, 8.8, 7.8, 8.8, 8.7, 8.0, 8.1, 7.1, 7.0, 6.9, 8.4, 6.1, 6.1, 5.5, 6.3, 6.4, 7.2, 7.2, 7.0, 7.3, 7.6, 7.0, 8.6, 7.6, 7.2, 7.2, 7.0, 7.3, 7.6, 7.2, 7.3, 7.3, 9.0, 9.0, 8.7, 10.5, 9.3, 8.6, 8.7, 8.4, 8.4, 8.8, 8.1, 8.4, 8.0, 8.6, 9.4, 9.1, 8.9, 8.3, 8.6, 9.7, 9.9, 10.5, 8.6, 8.5, 9.6, 9.2, 8.6, 8.3, 9.7, 8.5, 8.5, 9.2, 8.8, 9.5, 8.7, 8.1], 9: [10.4, 10.8, 9.5, 9.8, 8.9, 8.8, 8.5, 10.6, 9.6, 10.0, 6.8, 8.7, 10.7, 8.9, 9.7, 7.7, 9.0, 9.4, 10.0, 9.5, 9.7, 9.6, 9.4, 8.5, 7.3, 7.6, 9.7, 10.0, 8.1, 9.8, 11.0, 8.9, 10.3, 9.3, 10.3, 8.9, 9.3, 9.7, 10.8, 10.0, 9.6, 9.6, 10.1, 10.1, 9.2, 9.4, 11.1, 8.7, 10.7, 10.9, 9.8, 10.1, 10.9, 9.9, 10.9, 10.6, 9.7, 9.8, 9.9, 9.9, 9.6, 8.9, 9.8, 9.4, 10.4, 9.7, 10.2, 9.5, 9.9, 9.8, 8.4, 7.9, 8.4, 9.9, 8.1, 11.3, 9.7, 9.4, 9.3, 8.7, 9.6, 10.4, 10.4, 10.1, 8.8, 11.2, 9.7, 9.9, 10.8, 9.8, 9.7, 10.5, 10.2, 9.1, 10.4, 10.1, 10.8, 10.8, 10.1, 11.0, 10.5, 9.3, 9.8, 9.8, 9.4, 8.9, 9.4]}
----------------------------------------
Epoch   1 | Client   0 | Train: loss=0.025, acc= 99.6% | time=148.6ms | Valid: loss=1.412, acc= 64.0% |
Epoch   2 | Client   0 | Train: loss=0.006, acc=100.0% | time= 87.4ms | Valid: loss=1.647, acc= 64.0% |
Epoch   3 | Client   0 | Train: loss=0.034, acc= 99.2% | time= 85.3ms | Valid: loss=1.943, acc= 60.0% |
Epoch   4 | Client   0 | Train: loss=0.008, acc= 99.8% | time= 77.4ms | Valid: loss=1.793, acc= 60.0% |
Epoch   5 | Client   0 | Train: loss=0.030, acc= 98.9% | time= 76.9ms | Valid: loss=2.194, acc= 52.0% |
----------------------------------------
Epoch   1 | Client   1 | Train: loss=0.010, acc= 99.8% | time=145.9ms | Valid: loss=2.281, acc= 48.0% |
Epoch   2 | Client   1 | Train: loss=0.015, acc= 99.8% | time=104.2ms | Valid: loss=2.713, acc= 44.0% |
Epoch   3 | Client   1 | Train: loss=0.014, acc=100.0% | time=114.1ms | Valid: loss=2.632, acc= 44.0% |
Epoch   4 | Client   1 | Train: loss=0.009, acc=100.0% | time=110.6ms | Valid: loss=2.507, acc= 52.0% |
Epoch   5 | Client   1 | Train: loss=0.087, acc= 97.5% | time= 95.3ms | Valid: loss=2.365, acc= 60.0% |
Skip Updating GPM for layer: 1
